2025-12-05T15:10:22.2350555Z Current runner version: '2.329.0'
2025-12-05T15:10:22.2372408Z ##[group]Runner Image Provisioner
2025-12-05T15:10:22.2373218Z Hosted Compute Agent
2025-12-05T15:10:22.2373833Z Version: 20251124.448
2025-12-05T15:10:22.2374472Z Commit: fda5086b43ec66ade217e5fcd18146c879571177
2025-12-05T15:10:22.2375134Z Build Date: 2025-11-24T21:16:26Z
2025-12-05T15:10:22.2375781Z ##[endgroup]
2025-12-05T15:10:22.2376379Z ##[group]Operating System
2025-12-05T15:10:22.2376916Z Ubuntu
2025-12-05T15:10:22.2377459Z 24.04.3
2025-12-05T15:10:22.2377928Z LTS
2025-12-05T15:10:22.2378408Z ##[endgroup]
2025-12-05T15:10:22.2378876Z ##[group]Runner Image
2025-12-05T15:10:22.2379522Z Image: ubuntu-24.04
2025-12-05T15:10:22.2380011Z Version: 20251126.144.1
2025-12-05T15:10:22.2381102Z Included Software: https://github.com/actions/runner-images/blob/ubuntu24/20251126.144/images/ubuntu/Ubuntu2404-Readme.md
2025-12-05T15:10:22.2382830Z Image Release: https://github.com/actions/runner-images/releases/tag/ubuntu24%2F20251126.144
2025-12-05T15:10:22.2383866Z ##[endgroup]
2025-12-05T15:10:22.2384947Z ##[group]GITHUB_TOKEN Permissions
2025-12-05T15:10:22.2386667Z Contents: read
2025-12-05T15:10:22.2387328Z Metadata: read
2025-12-05T15:10:22.2387853Z Packages: read
2025-12-05T15:10:22.2388335Z ##[endgroup]
2025-12-05T15:10:22.2390397Z Secret source: Actions
2025-12-05T15:10:22.2391063Z Prepare workflow directory
2025-12-05T15:10:22.2704381Z Prepare all required actions
2025-12-05T15:10:22.2740909Z Getting action download info
2025-12-05T15:10:22.7649472Z Download action repository 'actions/checkout@v4' (SHA:34e114876b0b11c390a56381ad16ebd13914f8d5)
2025-12-05T15:10:23.3272660Z Download action repository 'vmactions/dragonflybsd-vm@v1' (SHA:4ffb90652b45abc8156f89ede453c85f7ea257bb)
2025-12-05T15:10:23.9955070Z Complete job name: DragonFlyBSD 6.4.2 x64
2025-12-05T15:10:24.0631219Z ##[group]Run actions/checkout@v4
2025-12-05T15:10:24.0632313Z with:
2025-12-05T15:10:24.0632792Z   repository: tidesdb/tidesdb
2025-12-05T15:10:24.0633504Z   token: ***
2025-12-05T15:10:24.0633972Z   ssh-strict: true
2025-12-05T15:10:24.0634426Z   ssh-user: git
2025-12-05T15:10:24.0634896Z   persist-credentials: true
2025-12-05T15:10:24.0635404Z   clean: true
2025-12-05T15:10:24.0635861Z   sparse-checkout-cone-mode: true
2025-12-05T15:10:24.0636406Z   fetch-depth: 1
2025-12-05T15:10:24.0636860Z   fetch-tags: false
2025-12-05T15:10:24.0637324Z   show-progress: true
2025-12-05T15:10:24.0637803Z   lfs: false
2025-12-05T15:10:24.0638234Z   submodules: false
2025-12-05T15:10:24.0638717Z   set-safe-directory: true
2025-12-05T15:10:24.0639445Z ##[endgroup]
2025-12-05T15:10:24.1715917Z Syncing repository: tidesdb/tidesdb
2025-12-05T15:10:24.1717705Z ##[group]Getting Git version info
2025-12-05T15:10:24.1718466Z Working directory is '/home/runner/work/tidesdb/tidesdb'
2025-12-05T15:10:24.1719553Z [command]/usr/bin/git version
2025-12-05T15:10:24.1795763Z git version 2.52.0
2025-12-05T15:10:24.1821044Z ##[endgroup]
2025-12-05T15:10:24.1834358Z Temporarily overriding HOME='/home/runner/work/_temp/3a295544-b018-451c-afe1-74c5884b9c82' before making global git config changes
2025-12-05T15:10:24.1835888Z Adding repository directory to the temporary git global config as a safe directory
2025-12-05T15:10:24.1839062Z [command]/usr/bin/git config --global --add safe.directory /home/runner/work/tidesdb/tidesdb
2025-12-05T15:10:24.1876741Z Deleting the contents of '/home/runner/work/tidesdb/tidesdb'
2025-12-05T15:10:24.1880333Z ##[group]Initializing the repository
2025-12-05T15:10:24.1884213Z [command]/usr/bin/git init /home/runner/work/tidesdb/tidesdb
2025-12-05T15:10:24.1985174Z hint: Using 'master' as the name for the initial branch. This default branch name
2025-12-05T15:10:24.1986506Z hint: will change to "main" in Git 3.0. To configure the initial branch name
2025-12-05T15:10:24.1987564Z hint: to use in all of your new repositories, which will suppress this warning,
2025-12-05T15:10:24.1988414Z hint: call:
2025-12-05T15:10:24.1989164Z hint:
2025-12-05T15:10:24.1989977Z hint: 	git config --global init.defaultBranch <name>
2025-12-05T15:10:24.1990986Z hint:
2025-12-05T15:10:24.1991639Z hint: Names commonly chosen instead of 'master' are 'main', 'trunk' and
2025-12-05T15:10:24.1992847Z hint: 'development'. The just-created branch can be renamed via this command:
2025-12-05T15:10:24.1993680Z hint:
2025-12-05T15:10:24.1994273Z hint: 	git branch -m <name>
2025-12-05T15:10:24.1994949Z hint:
2025-12-05T15:10:24.1995633Z hint: Disable this message with "git config set advice.defaultBranchName false"
2025-12-05T15:10:24.1996674Z Initialized empty Git repository in /home/runner/work/tidesdb/tidesdb/.git/
2025-12-05T15:10:24.2000348Z [command]/usr/bin/git remote add origin https://github.com/tidesdb/tidesdb
2025-12-05T15:10:24.2031776Z ##[endgroup]
2025-12-05T15:10:24.2032755Z ##[group]Disabling automatic garbage collection
2025-12-05T15:10:24.2035915Z [command]/usr/bin/git config --local gc.auto 0
2025-12-05T15:10:24.2064744Z ##[endgroup]
2025-12-05T15:10:24.2066269Z ##[group]Setting up auth
2025-12-05T15:10:24.2072610Z [command]/usr/bin/git config --local --name-only --get-regexp core\.sshCommand
2025-12-05T15:10:24.2104777Z [command]/usr/bin/git submodule foreach --recursive sh -c "git config --local --name-only --get-regexp 'core\.sshCommand' && git config --local --unset-all 'core.sshCommand' || :"
2025-12-05T15:10:24.2449715Z [command]/usr/bin/git config --local --name-only --get-regexp http\.https\:\/\/github\.com\/\.extraheader
2025-12-05T15:10:24.2479497Z [command]/usr/bin/git submodule foreach --recursive sh -c "git config --local --name-only --get-regexp 'http\.https\:\/\/github\.com\/\.extraheader' && git config --local --unset-all 'http.https://github.com/.extraheader' || :"
2025-12-05T15:10:24.2696517Z [command]/usr/bin/git config --local --name-only --get-regexp ^includeIf\.gitdir:
2025-12-05T15:10:24.2726547Z [command]/usr/bin/git submodule foreach --recursive git config --local --show-origin --name-only --get-regexp remote.origin.url
2025-12-05T15:10:24.2951293Z [command]/usr/bin/git config --local http.https://github.com/.extraheader AUTHORIZATION: basic ***
2025-12-05T15:10:24.2989063Z ##[endgroup]
2025-12-05T15:10:24.3001058Z ##[group]Fetching the repository
2025-12-05T15:10:24.3002879Z [command]/usr/bin/git -c protocol.version=2 fetch --no-tags --prune --no-recurse-submodules --depth=1 origin +4205fe68e4e37b6b6033925b9462050ca98de64f:refs/remotes/pull/469/merge
2025-12-05T15:10:24.7720579Z From https://github.com/tidesdb/tidesdb
2025-12-05T15:10:24.7722388Z  * [new ref]         4205fe68e4e37b6b6033925b9462050ca98de64f -> pull/469/merge
2025-12-05T15:10:24.7753876Z ##[endgroup]
2025-12-05T15:10:24.7755148Z ##[group]Determining the checkout info
2025-12-05T15:10:24.7756563Z ##[endgroup]
2025-12-05T15:10:24.7760644Z [command]/usr/bin/git sparse-checkout disable
2025-12-05T15:10:24.7800317Z [command]/usr/bin/git config --local --unset-all extensions.worktreeConfig
2025-12-05T15:10:24.7824868Z ##[group]Checking out the ref
2025-12-05T15:10:24.7827940Z [command]/usr/bin/git checkout --progress --force refs/remotes/pull/469/merge
2025-12-05T15:10:24.7967839Z Note: switching to 'refs/remotes/pull/469/merge'.
2025-12-05T15:10:24.7968757Z 
2025-12-05T15:10:24.7969468Z You are in 'detached HEAD' state. You can look around, make experimental
2025-12-05T15:10:24.7971134Z changes and commit them, and you can discard any commits you make in this
2025-12-05T15:10:24.7972951Z state without impacting any branches by switching back to a branch.
2025-12-05T15:10:24.7973533Z 
2025-12-05T15:10:24.7973908Z If you want to create a new branch to retain commits you create, you may
2025-12-05T15:10:24.7974752Z do so (now or later) by using -c with the switch command. Example:
2025-12-05T15:10:24.7975239Z 
2025-12-05T15:10:24.7975468Z   git switch -c <new-branch-name>
2025-12-05T15:10:24.7976048Z 
2025-12-05T15:10:24.7976452Z Or undo this operation with:
2025-12-05T15:10:24.7976971Z 
2025-12-05T15:10:24.7977183Z   git switch -
2025-12-05T15:10:24.7977443Z 
2025-12-05T15:10:24.7977844Z Turn off this advice by setting config variable advice.detachedHead to false
2025-12-05T15:10:24.7978639Z 
2025-12-05T15:10:24.7979306Z HEAD is now at 4205fe6 Merge 83d38cfefddb2cc70778da794b68337e866e4382 into db9aad3cb83797fc5d06ec2d7182ef1afea85d4f
2025-12-05T15:10:24.7981476Z ##[endgroup]
2025-12-05T15:10:24.8009402Z [command]/usr/bin/git log -1 --format=%H
2025-12-05T15:10:24.8030691Z 4205fe68e4e37b6b6033925b9462050ca98de64f
2025-12-05T15:10:24.8238739Z ##[group]Run vmactions/dragonflybsd-vm@v1
2025-12-05T15:10:24.8239391Z with:
2025-12-05T15:10:24.8239801Z   usesh: false
2025-12-05T15:10:24.8240228Z   sync: rsync
2025-12-05T15:10:24.8240636Z   copyback: false
2025-12-05T15:10:24.8242809Z   prepare: mkdir -p /usr/local/etc/pkg/repos
echo 'Avalon: { enabled: no }' > /usr/local/etc/pkg/repos/df-latest.conf
echo 'AUTO: { url: "https://pkg.dragonflybsd.org/pkg/$''{ABI}/LATEST", mirror_type: HTTP, enabled: yes }' >> /usr/local/etc/pkg/repos/df-latest.conf
pkg install -y cmake pkgconf liblz4 zstd snappy

2025-12-05T15:10:24.8248263Z   run: echo "====================================="
echo "System Information"
echo "====================================="
uname -a

echo ""
echo "====================================="
echo "Portability Check"
echo "====================================="
if [ -f /usr/include/sys/sysinfo.h ]; then
  echo "✓ sys/sysinfo.h exists (Linux compatibility)"
else
  echo "✓ Using BSD sysctl() for memory info"
fi

echo ""
echo "====================================="
echo "Configure CMake"
echo "====================================="
export PKG_CONFIG_PATH=/usr/local/lib/pkgconfig:/usr/local/libdata/pkgconfig
cmake -S . -B build \
  -DTIDESDB_BUILD_TESTS=ON \
  -DTIDESDB_WITH_SANITIZER=OFF

echo ""
echo "====================================="
echo "Build"
echo "====================================="
cmake --build build --config Release

echo ""
echo "====================================="
echo "Run Tests"
echo "====================================="
cd build
ctest -V --output-on-failure --timeout 1800 --build-config Release
2025-12-05T15:10:24.8252547Z ##[endgroup]
2025-12-05T15:10:24.8698421Z release: 
2025-12-05T15:10:24.8699924Z arch: 
2025-12-05T15:10:24.8700624Z nat: 
2025-12-05T15:10:24.8701155Z mem: 
2025-12-05T15:10:24.8701555Z cpu: 
2025-12-05T15:10:24.8704443Z ##[group]Importing VM
2025-12-05T15:10:24.8706475Z Use cpu: 4
2025-12-05T15:10:24.8707260Z exec shell: bash run.sh importVM  ''  '4'
2025-12-05T15:10:24.8738784Z [command]/usr/bin/bash
2025-12-05T15:10:24.8808806Z VM_RELEASE=6.4.2
2025-12-05T15:10:24.8812183Z VM_ARCH=
2025-12-05T15:10:24.8812990Z VM conf=6.4.2
2025-12-05T15:10:24.8814649Z CONF_LINK=https://raw.githubusercontent.com/anyvm-org/dragonflybsd-builder/v2.0.0/conf/dragonflybsd-6.4.2.conf
2025-12-05T15:10:24.8836185Z Builder conf: dragonflybsd-6.4.2.conf
2025-12-05T15:10:25.0211650Z Downloading vbox https://raw.githubusercontent.com/vmactions/vbox/v1.1.5/vbox.sh to: /home/runner/work/_actions/vmactions/dragonflybsd-vm/v1
2025-12-05T15:10:25.0234005Z --2025-12-05 15:10:25--  https://raw.githubusercontent.com/vmactions/vbox/v1.1.5/vbox.sh
2025-12-05T15:10:25.0467395Z Resolving raw.githubusercontent.com (raw.githubusercontent.com)... 185.199.109.133, 185.199.108.133, 185.199.111.133, ...
2025-12-05T15:10:25.0479673Z Connecting to raw.githubusercontent.com (raw.githubusercontent.com)|185.199.109.133|:443... connected.
2025-12-05T15:10:25.1554243Z HTTP request sent, awaiting response... 200 OK
2025-12-05T15:10:25.1556613Z Length: 22137 (22K) [text/plain]
2025-12-05T15:10:25.1558997Z Saving to: ‘./vbox.sh’
2025-12-05T15:10:25.1560059Z 
2025-12-05T15:10:25.1560774Z      0K .......... .......... .                               100% 57.2M=0s
2025-12-05T15:10:25.1562091Z 
2025-12-05T15:10:25.1562940Z 2025-12-05 15:10:25 (57.2 MB/s) - ‘./vbox.sh’ saved [22137/22137]
2025-12-05T15:10:25.1563966Z 
2025-12-05T15:10:25.2386617Z Get:1 file:/etc/apt/apt-mirrors.txt Mirrorlist [144 B]
2025-12-05T15:10:25.2691406Z Get:6 https://packages.microsoft.com/repos/azure-cli noble InRelease [3564 B]
2025-12-05T15:10:25.2805453Z Get:7 https://packages.microsoft.com/ubuntu/24.04/prod noble InRelease [3600 B]
2025-12-05T15:10:25.3521285Z Get:8 https://packages.microsoft.com/repos/azure-cli noble/main amd64 Packages [1822 B]
2025-12-05T15:10:25.3968143Z Get:9 https://packages.microsoft.com/ubuntu/24.04/prod noble/main amd64 Packages [73.8 kB]
2025-12-05T15:10:25.4011105Z Hit:2 http://azure.archive.ubuntu.com/ubuntu noble InRelease
2025-12-05T15:10:25.4023688Z Get:3 http://azure.archive.ubuntu.com/ubuntu noble-updates InRelease [126 kB]
2025-12-05T15:10:25.4029545Z Get:10 https://packages.microsoft.com/ubuntu/24.04/prod noble/main arm64 Packages [55.5 kB]
2025-12-05T15:10:25.4062918Z Get:4 http://azure.archive.ubuntu.com/ubuntu noble-backports InRelease [126 kB]
2025-12-05T15:10:25.4067228Z Get:11 https://packages.microsoft.com/ubuntu/24.04/prod noble/main armhf Packages [11.2 kB]
2025-12-05T15:10:25.4084176Z Get:5 http://azure.archive.ubuntu.com/ubuntu noble-security InRelease [126 kB]
2025-12-05T15:10:25.5044567Z Get:12 http://azure.archive.ubuntu.com/ubuntu noble-updates/main amd64 Packages [1627 kB]
2025-12-05T15:10:25.5154424Z Get:13 http://azure.archive.ubuntu.com/ubuntu noble-updates/main Translation-en [305 kB]
2025-12-05T15:10:25.5164653Z Get:14 http://azure.archive.ubuntu.com/ubuntu noble-updates/main amd64 Components [175 kB]
2025-12-05T15:10:25.5184864Z Get:15 http://azure.archive.ubuntu.com/ubuntu noble-updates/main amd64 c-n-f Metadata [15.7 kB]
2025-12-05T15:10:25.5195912Z Get:16 http://azure.archive.ubuntu.com/ubuntu noble-updates/universe amd64 Packages [1501 kB]
2025-12-05T15:10:25.5273536Z Get:17 http://azure.archive.ubuntu.com/ubuntu noble-updates/universe Translation-en [304 kB]
2025-12-05T15:10:25.5298810Z Get:18 http://azure.archive.ubuntu.com/ubuntu noble-updates/universe amd64 Components [378 kB]
2025-12-05T15:10:25.5326051Z Get:19 http://azure.archive.ubuntu.com/ubuntu noble-updates/universe amd64 c-n-f Metadata [31.4 kB]
2025-12-05T15:10:25.5338913Z Get:20 http://azure.archive.ubuntu.com/ubuntu noble-updates/restricted amd64 Packages [2309 kB]
2025-12-05T15:10:25.5477036Z Get:21 http://azure.archive.ubuntu.com/ubuntu noble-updates/restricted Translation-en [526 kB]
2025-12-05T15:10:25.5914992Z Get:22 http://azure.archive.ubuntu.com/ubuntu noble-updates/restricted amd64 Components [212 B]
2025-12-05T15:10:25.5926775Z Get:23 http://azure.archive.ubuntu.com/ubuntu noble-updates/multiverse amd64 Components [940 B]
2025-12-05T15:10:25.5939501Z Get:24 http://azure.archive.ubuntu.com/ubuntu noble-backports/main amd64 Components [7140 B]
2025-12-05T15:10:25.5953449Z Get:25 http://azure.archive.ubuntu.com/ubuntu noble-backports/universe amd64 Packages [29.2 kB]
2025-12-05T15:10:25.5963395Z Get:26 http://azure.archive.ubuntu.com/ubuntu noble-backports/universe Translation-en [17.6 kB]
2025-12-05T15:10:25.5976569Z Get:27 http://azure.archive.ubuntu.com/ubuntu noble-backports/universe amd64 Components [11.0 kB]
2025-12-05T15:10:25.5995241Z Get:28 http://azure.archive.ubuntu.com/ubuntu noble-backports/restricted amd64 Components [216 B]
2025-12-05T15:10:25.6008368Z Get:29 http://azure.archive.ubuntu.com/ubuntu noble-backports/multiverse amd64 Components [212 B]
2025-12-05T15:10:25.6189237Z Get:30 http://azure.archive.ubuntu.com/ubuntu noble-security/main amd64 Packages [1349 kB]
2025-12-05T15:10:25.6258284Z Get:31 http://azure.archive.ubuntu.com/ubuntu noble-security/main Translation-en [221 kB]
2025-12-05T15:10:25.6275634Z Get:32 http://azure.archive.ubuntu.com/ubuntu noble-security/main amd64 Components [21.5 kB]
2025-12-05T15:10:25.6285280Z Get:33 http://azure.archive.ubuntu.com/ubuntu noble-security/main amd64 c-n-f Metadata [9448 B]
2025-12-05T15:10:25.6296100Z Get:34 http://azure.archive.ubuntu.com/ubuntu noble-security/universe amd64 Packages [915 kB]
2025-12-05T15:10:25.6343067Z Get:35 http://azure.archive.ubuntu.com/ubuntu noble-security/universe Translation-en [206 kB]
2025-12-05T15:10:25.6873398Z Get:36 http://azure.archive.ubuntu.com/ubuntu noble-security/universe amd64 Components [71.4 kB]
2025-12-05T15:10:25.6885116Z Get:37 http://azure.archive.ubuntu.com/ubuntu noble-security/universe amd64 c-n-f Metadata [19.4 kB]
2025-12-05T15:10:25.6901440Z Get:38 http://azure.archive.ubuntu.com/ubuntu noble-security/restricted amd64 Packages [2205 kB]
2025-12-05T15:10:25.6997577Z Get:39 http://azure.archive.ubuntu.com/ubuntu noble-security/restricted Translation-en [503 kB]
2025-12-05T15:10:25.7030713Z Get:40 http://azure.archive.ubuntu.com/ubuntu noble-security/restricted amd64 Components [208 B]
2025-12-05T15:10:25.7039472Z Get:41 http://azure.archive.ubuntu.com/ubuntu noble-security/multiverse amd64 Components [208 B]
2025-12-05T15:10:34.2697307Z Fetched 13.3 MB in 2s (8380 kB/s)
2025-12-05T15:10:34.9841369Z Reading package lists...
2025-12-05T15:10:35.0172234Z Reading package lists...
2025-12-05T15:10:35.1798356Z Building dependency tree...
2025-12-05T15:10:35.1805142Z Reading state information...
2025-12-05T15:10:35.3357386Z zstd is already the newest version (1.5.5+dfsg2-2build1.1).
2025-12-05T15:10:35.3358902Z zstd set to manually installed.
2025-12-05T15:10:35.3359611Z screen is already the newest version (4.9.1-1build1).
2025-12-05T15:10:35.3360343Z screen set to manually installed.
2025-12-05T15:10:35.3360986Z sshpass is already the newest version (1.09-1).
2025-12-05T15:10:35.3361675Z The following additional packages will be installed:
2025-12-05T15:10:35.3369847Z   cpu-checker dns-root-data dnsmasq-base gir1.2-atk-1.0
2025-12-05T15:10:35.3370572Z   gir1.2-ayatanaappindicator3-0.1 gir1.2-freedesktop gir1.2-gdkpixbuf-2.0
2025-12-05T15:10:35.3371313Z   gir1.2-gstreamer-1.0 gir1.2-gtk-3.0 gir1.2-gtk-vnc-2.0 gir1.2-gtksource-4
2025-12-05T15:10:35.3372278Z   gir1.2-harfbuzz-0.0 gir1.2-libosinfo-1.0 gir1.2-libvirt-glib-1.0
2025-12-05T15:10:35.3373096Z   gir1.2-pango-1.0 gir1.2-spiceclientglib-2.0 gir1.2-spiceclientgtk-3.0
2025-12-05T15:10:35.3374162Z   gir1.2-vte-2.91 glib-networking glib-networking-common
2025-12-05T15:10:35.3375306Z   glib-networking-services gsettings-desktop-schemas gstreamer1.0-plugins-base
2025-12-05T15:10:35.3376242Z   gstreamer1.0-plugins-good gstreamer1.0-x i965-va-driver
2025-12-05T15:10:35.3377021Z   intel-media-va-driver ipxe-qemu ipxe-qemu-256k-compat-efi-roms libaa1
2025-12-05T15:10:35.3378080Z   libasyncns0 libavc1394-0 libayatana-appindicator3-1 libayatana-ido3-0.4-0
2025-12-05T15:10:35.3378663Z   libayatana-indicator3-7 libboost-iostreams1.83.0 libboost-thread1.83.0
2025-12-05T15:10:35.3379192Z   libbrlapi0.8 libburn4t64 libcaca0 libcacard0 libcdparanoia0 libdaxctl1
2025-12-05T15:10:35.3379672Z   libdecor-0-0 libdecor-0-plugin-1-gtk libdv4t64 libfdt1 libflac12t64
2025-12-05T15:10:35.3380151Z   libgstreamer-plugins-base1.0-0 libgstreamer-plugins-good1.0-0
2025-12-05T15:10:35.3380727Z   libgtk-vnc-2.0-0 libgtksourceview-4-0 libgtksourceview-4-common
2025-12-05T15:10:35.3381191Z   libgvnc-1.0-0 libharfbuzz-gobject0 libiec61883-0 libigdgmm12 libiscsi7
2025-12-05T15:10:35.3381682Z   libisoburn1t64 libisofs6t64 libjack-jackd2-0 libmp3lame0 libmpg123-0t64
2025-12-05T15:10:35.3382445Z   libndctl6 libnfs14 libnss-mymachines libopus0 liborc-0.4-0t64
2025-12-05T15:10:35.3383064Z   libosinfo-1.0-0 libosinfo-l10n libpangoxft-1.0-0 libpcsclite1
2025-12-05T15:10:35.3383586Z   libphodav-3.0-0 libphodav-3.0-common libpipewire-0.3-0t64
2025-12-05T15:10:35.3384071Z   libpipewire-0.3-common libpmem1 libpmemobj1 libproxy1v5 libpulse0 librados2
2025-12-05T15:10:35.3384597Z   libraw1394-11 librbd1 librdmacm1t64 libsamplerate0 libsdl2-2.0-0 libshout3
2025-12-05T15:10:35.3385120Z   libsndfile1 libsoup-3.0-0 libsoup-3.0-common libspa-0.2-modules libspeex1
2025-12-05T15:10:35.3385625Z   libspice-client-glib-2.0-8 libspice-client-gtk-3.0-5 libspice-server1
2025-12-05T15:10:35.3386111Z   libtag1v5 libtag1v5-vanilla libtheora0 libtpms0 libtwolame0 liburing2
2025-12-05T15:10:35.3386602Z   libusbredirhost1t64 libusbredirparser1t64 libv4l-0t64 libv4lconvert0t64
2025-12-05T15:10:35.3387076Z   libva-x11-2 libva2 libvirglrenderer1 libvirt-clients libvirt-daemon
2025-12-05T15:10:35.3387529Z   libvirt-daemon-config-network libvirt-daemon-config-nwfilter
2025-12-05T15:10:35.3388388Z   libvirt-daemon-driver-qemu libvirt-daemon-system-systemd libvirt-glib-1.0-0
2025-12-05T15:10:35.3388912Z   libvirt-glib-1.0-data libvirt-l10n libvirt0 libvisual-0.4-0 libvorbisenc2
2025-12-05T15:10:35.3389333Z   libvpx9 libvte-2.91-0 libvte-2.91-common libwavpack1
2025-12-05T15:10:35.3389775Z   libwebrtc-audio-processing1 libxml2-utils libxv1 mdevctl mesa-va-drivers
2025-12-05T15:10:35.3390428Z   msr-tools osinfo-db ovmf python3-cairo python3-gi-cairo python3-libvirt
2025-12-05T15:10:35.3390919Z   python3-libxml2 qemu-block-extra qemu-system-common qemu-system-data
2025-12-05T15:10:35.3391406Z   qemu-system-gui qemu-system-modules-opengl qemu-system-modules-spice
2025-12-05T15:10:35.3392102Z   qemu-utils seabios session-migration spice-client-glib-usb-acl-helper swtpm
2025-12-05T15:10:35.3392638Z   swtpm-tools systemd-container tcl-expect va-driver-all virt-viewer virtinst
2025-12-05T15:10:35.3393015Z   xorriso
2025-12-05T15:10:35.3393256Z Suggested packages:
2025-12-05T15:10:35.3393718Z   gvfs i965-va-driver-shaders libdv-bin oss-compat libvisual-0.4-plugins
2025-12-05T15:10:35.3394204Z   jackd2 opus-tools pcscd pipewire pulseaudio libraw1394-doc speex
2025-12-05T15:10:35.3394686Z   gstreamer1.0-libav gstreamer1.0-plugins-bad gstreamer1.0-plugins-ugly
2025-12-05T15:10:35.3395091Z   libvirt-clients-qemu libvirt-login-shell
2025-12-05T15:10:35.3395421Z   libvirt-daemon-driver-storage-gluster
2025-12-05T15:10:35.3395863Z   libvirt-daemon-driver-storage-iscsi-direct libvirt-daemon-driver-storage-rbd
2025-12-05T15:10:35.3396387Z   libvirt-daemon-driver-storage-zfs libvirt-daemon-driver-lxc
2025-12-05T15:10:35.3396886Z   libvirt-daemon-driver-vbox libvirt-daemon-driver-xen numad auditd nfs-common
2025-12-05T15:10:35.3397376Z   pm-utils systemtap zfsutils samba vde2 trousers gir1.2-secret-1
2025-12-05T15:10:35.3397864Z   gnome-keyring python3-guestfs ssh-askpass python3-argcomplete xorriso-tcltk
2025-12-05T15:10:35.3398254Z   jigit cdck
2025-12-05T15:10:35.4257269Z The following NEW packages will be installed:
2025-12-05T15:10:35.4258384Z   axel cpu-checker dns-root-data dnsmasq-base expect gir1.2-atk-1.0
2025-12-05T15:10:35.4259336Z   gir1.2-ayatanaappindicator3-0.1 gir1.2-freedesktop gir1.2-gdkpixbuf-2.0
2025-12-05T15:10:35.4260301Z   gir1.2-gstreamer-1.0 gir1.2-gtk-3.0 gir1.2-gtk-vnc-2.0 gir1.2-gtksource-4
2025-12-05T15:10:35.4261192Z   gir1.2-harfbuzz-0.0 gir1.2-libosinfo-1.0 gir1.2-libvirt-glib-1.0
2025-12-05T15:10:35.4262280Z   gir1.2-pango-1.0 gir1.2-spiceclientglib-2.0 gir1.2-spiceclientgtk-3.0
2025-12-05T15:10:35.4262842Z   gir1.2-vte-2.91 glib-networking glib-networking-common
2025-12-05T15:10:35.4263779Z   glib-networking-services gsettings-desktop-schemas gstreamer1.0-plugins-base
2025-12-05T15:10:35.4264698Z   gstreamer1.0-plugins-good gstreamer1.0-x i965-va-driver
2025-12-05T15:10:35.4265532Z   intel-media-va-driver ipxe-qemu ipxe-qemu-256k-compat-efi-roms libaa1
2025-12-05T15:10:35.4266178Z   libasyncns0 libavc1394-0 libayatana-appindicator3-1 libayatana-ido3-0.4-0
2025-12-05T15:10:35.4267139Z   libayatana-indicator3-7 libboost-iostreams1.83.0 libboost-thread1.83.0
2025-12-05T15:10:35.4267984Z   libbrlapi0.8 libburn4t64 libcaca0 libcacard0 libcdparanoia0 libdaxctl1
2025-12-05T15:10:35.4268734Z   libdecor-0-0 libdecor-0-plugin-1-gtk libdv4t64 libfdt1 libflac12t64
2025-12-05T15:10:35.4269436Z   libgstreamer-plugins-base1.0-0 libgstreamer-plugins-good1.0-0
2025-12-05T15:10:35.4269951Z   libgtk-vnc-2.0-0 libgtksourceview-4-0 libgtksourceview-4-common
2025-12-05T15:10:35.4270448Z   libgvnc-1.0-0 libharfbuzz-gobject0 libiec61883-0 libigdgmm12 libiscsi7
2025-12-05T15:10:35.4270979Z   libisoburn1t64 libisofs6t64 libjack-jackd2-0 libmp3lame0 libmpg123-0t64
2025-12-05T15:10:35.4271477Z   libndctl6 libnfs14 libnss-mymachines libopus0 liborc-0.4-0t64
2025-12-05T15:10:35.4272146Z   libosinfo-1.0-0 libosinfo-bin libosinfo-l10n libpangoxft-1.0-0 libpcsclite1
2025-12-05T15:10:35.4272645Z   libphodav-3.0-0 libphodav-3.0-common libpipewire-0.3-0t64
2025-12-05T15:10:35.4273142Z   libpipewire-0.3-common libpmem1 libpmemobj1 libproxy1v5 libpulse0 librados2
2025-12-05T15:10:35.4273963Z   libraw1394-11 librbd1 librdmacm1t64 libsamplerate0 libsdl2-2.0-0 libshout3
2025-12-05T15:10:35.4274507Z   libsndfile1 libsoup-3.0-0 libsoup-3.0-common libspa-0.2-modules libspeex1
2025-12-05T15:10:35.4275044Z   libspice-client-glib-2.0-8 libspice-client-gtk-3.0-5 libspice-server1
2025-12-05T15:10:35.4275710Z   libtag1v5 libtag1v5-vanilla libtheora0 libtpms0 libtwolame0 liburing2
2025-12-05T15:10:35.4276251Z   libusbredirhost1t64 libusbredirparser1t64 libv4l-0t64 libv4lconvert0t64
2025-12-05T15:10:35.4276780Z   libva-x11-2 libva2 libvirglrenderer1 libvirt-clients libvirt-daemon
2025-12-05T15:10:35.4277269Z   libvirt-daemon-config-network libvirt-daemon-config-nwfilter
2025-12-05T15:10:35.4277679Z   libvirt-daemon-driver-qemu libvirt-daemon-system
2025-12-05T15:10:35.4278060Z   libvirt-daemon-system-systemd libvirt-glib-1.0-0 libvirt-glib-1.0-data
2025-12-05T15:10:35.4278514Z   libvirt-l10n libvirt0 libvisual-0.4-0 libvorbisenc2 libvpx9 libvte-2.91-0
2025-12-05T15:10:35.4278960Z   libvte-2.91-common libwavpack1 libwebrtc-audio-processing1 libxml2-utils
2025-12-05T15:10:35.4279389Z   libxv1 mdevctl mesa-va-drivers msr-tools osinfo-db ovmf python3-cairo
2025-12-05T15:10:35.4279798Z   python3-gi-cairo python3-libvirt python3-libxml2 qemu-block-extra
2025-12-05T15:10:35.4280163Z   qemu-system-common qemu-system-data qemu-system-gui
2025-12-05T15:10:35.4280548Z   qemu-system-modules-opengl qemu-system-modules-spice qemu-system-x86
2025-12-05T15:10:35.4281021Z   qemu-utils seabios session-migration spice-client-glib-usb-acl-helper swtpm
2025-12-05T15:10:35.4343856Z   swtpm-tools systemd-container tcl-expect va-driver-all virt-manager
2025-12-05T15:10:35.4344423Z   virt-viewer virtinst xorriso
2025-12-05T15:10:35.4493093Z 0 upgraded, 160 newly installed, 0 to remove and 53 not upgraded.
2025-12-05T15:10:35.4493655Z Need to get 61.9 MB of archives.
2025-12-05T15:10:35.4494180Z After this operation, 260 MB of additional disk space will be used.
2025-12-05T15:10:35.4494825Z Get:1 file:/etc/apt/apt-mirrors.txt Mirrorlist [144 B]
2025-12-05T15:10:35.5427395Z Get:2 http://azure.archive.ubuntu.com/ubuntu noble/universe amd64 axel amd64 2.17.13-1build2 [61.1 kB]
2025-12-05T15:10:35.6156536Z Get:3 http://azure.archive.ubuntu.com/ubuntu noble/main amd64 msr-tools amd64 1.3-5build1 [9610 B]
2025-12-05T15:10:35.6878186Z Get:4 http://azure.archive.ubuntu.com/ubuntu noble/main amd64 cpu-checker amd64 0.7-1.3build2 [6148 B]
2025-12-05T15:10:35.7595197Z Get:5 http://azure.archive.ubuntu.com/ubuntu noble-updates/main amd64 dns-root-data all 2024071801~ubuntu0.24.04.1 [5918 B]
2025-12-05T15:10:35.8318748Z Get:6 http://azure.archive.ubuntu.com/ubuntu noble-updates/main amd64 dnsmasq-base amd64 2.90-2ubuntu0.1 [376 kB]
2025-12-05T15:10:35.9057331Z Get:7 http://azure.archive.ubuntu.com/ubuntu noble/universe amd64 tcl-expect amd64 5.45.4-3 [110 kB]
2025-12-05T15:10:35.9770151Z Get:8 http://azure.archive.ubuntu.com/ubuntu noble/universe amd64 expect amd64 5.45.4-3 [137 kB]
2025-12-05T15:10:36.0429165Z Get:9 http://azure.archive.ubuntu.com/ubuntu noble/main amd64 gir1.2-atk-1.0 amd64 2.52.0-1build1 [23.1 kB]
2025-12-05T15:10:36.1075369Z Get:10 http://azure.archive.ubuntu.com/ubuntu noble/main amd64 gir1.2-freedesktop amd64 1.80.1-1 [49.7 kB]
2025-12-05T15:10:36.1767369Z Get:11 http://azure.archive.ubuntu.com/ubuntu noble-updates/main amd64 gir1.2-gdkpixbuf-2.0 amd64 2.42.10+dfsg-3ubuntu3.2 [9488 B]
2025-12-05T15:10:36.2456090Z Get:12 http://azure.archive.ubuntu.com/ubuntu noble/main amd64 libharfbuzz-gobject0 amd64 8.3.0-2build2 [34.3 kB]
2025-12-05T15:10:36.3160079Z Get:13 http://azure.archive.ubuntu.com/ubuntu noble/main amd64 gir1.2-harfbuzz-0.0 amd64 8.3.0-2build2 [44.5 kB]
2025-12-05T15:10:36.3848567Z Get:14 http://azure.archive.ubuntu.com/ubuntu noble/main amd64 libpangoxft-1.0-0 amd64 1.52.1+ds-1build1 [20.3 kB]
2025-12-05T15:10:36.4536666Z Get:15 http://azure.archive.ubuntu.com/ubuntu noble/main amd64 gir1.2-pango-1.0 amd64 1.52.1+ds-1build1 [34.8 kB]
2025-12-05T15:10:36.5229014Z Get:16 http://azure.archive.ubuntu.com/ubuntu noble-updates/main amd64 gir1.2-gtk-3.0 amd64 3.24.41-4ubuntu1.3 [245 kB]
2025-12-05T15:10:36.5950409Z Get:17 http://azure.archive.ubuntu.com/ubuntu noble/main amd64 libayatana-ido3-0.4-0 amd64 0.10.1-1build2 [56.6 kB]
2025-12-05T15:10:36.6637476Z Get:18 http://azure.archive.ubuntu.com/ubuntu noble/main amd64 libayatana-indicator3-7 amd64 0.9.4-1build1 [31.7 kB]
2025-12-05T15:10:36.7326761Z Get:19 http://azure.archive.ubuntu.com/ubuntu noble/main amd64 libayatana-appindicator3-1 amd64 0.5.93-1build3 [24.7 kB]
2025-12-05T15:10:36.8019978Z Get:20 http://azure.archive.ubuntu.com/ubuntu noble/main amd64 gir1.2-ayatanaappindicator3-0.1 amd64 0.5.93-1build3 [5838 B]
2025-12-05T15:10:36.8747616Z Get:21 http://azure.archive.ubuntu.com/ubuntu noble-updates/main amd64 gir1.2-gstreamer-1.0 amd64 1.24.2-1ubuntu0.1 [88.4 kB]
2025-12-05T15:10:36.9530568Z Get:22 http://azure.archive.ubuntu.com/ubuntu noble/main amd64 libasyncns0 amd64 0.8-6build4 [11.3 kB]
2025-12-05T15:10:37.0258381Z Get:23 http://azure.archive.ubuntu.com/ubuntu noble/main amd64 libflac12t64 amd64 1.4.3+ds-2.1ubuntu2 [197 kB]
2025-12-05T15:10:37.1027688Z Get:24 http://azure.archive.ubuntu.com/ubuntu noble/main amd64 libmp3lame0 amd64 3.100-6build1 [142 kB]
2025-12-05T15:10:37.1745203Z Get:25 http://azure.archive.ubuntu.com/ubuntu noble-updates/main amd64 libmpg123-0t64 amd64 1.32.5-1ubuntu1.1 [169 kB]
2025-12-05T15:10:37.2506055Z Get:26 http://azure.archive.ubuntu.com/ubuntu noble/main amd64 libopus0 amd64 1.4-1build1 [208 kB]
2025-12-05T15:10:37.3247605Z Get:27 http://azure.archive.ubuntu.com/ubuntu noble/main amd64 libvorbisenc2 amd64 1.3.7-1build3 [80.8 kB]
2025-12-05T15:10:37.3962506Z Get:28 http://azure.archive.ubuntu.com/ubuntu noble-updates/main amd64 libsndfile1 amd64 1.2.2-1ubuntu5.24.04.1 [209 kB]
2025-12-05T15:10:37.4688167Z Get:29 http://azure.archive.ubuntu.com/ubuntu noble-updates/main amd64 libpulse0 amd64 1:16.1+dfsg1-2ubuntu10.1 [292 kB]
2025-12-05T15:10:37.5424842Z Get:30 http://azure.archive.ubuntu.com/ubuntu noble/universe amd64 libgvnc-1.0-0 amd64 1.3.1-1build2 [67.1 kB]
2025-12-05T15:10:37.6119137Z Get:31 http://azure.archive.ubuntu.com/ubuntu noble/universe amd64 libgtk-vnc-2.0-0 amd64 1.3.1-1build2 [28.9 kB]
2025-12-05T15:10:37.6822886Z Get:32 http://azure.archive.ubuntu.com/ubuntu noble/universe amd64 gir1.2-gtk-vnc-2.0 amd64 1.3.1-1build2 [12.1 kB]
2025-12-05T15:10:37.7480134Z Get:33 http://azure.archive.ubuntu.com/ubuntu noble/universe amd64 libgtksourceview-4-common all 4.8.4-5build4 [590 kB]
2025-12-05T15:10:37.8281787Z Get:34 http://azure.archive.ubuntu.com/ubuntu noble/universe amd64 libgtksourceview-4-0 amd64 4.8.4-5build4 [233 kB]
2025-12-05T15:10:37.8965230Z Get:35 http://azure.archive.ubuntu.com/ubuntu noble/universe amd64 gir1.2-gtksource-4 amd64 4.8.4-5build4 [20.3 kB]
2025-12-05T15:10:37.9612541Z Get:36 http://azure.archive.ubuntu.com/ubuntu noble/universe amd64 spice-client-glib-usb-acl-helper amd64 0.42-2ubuntu2 [12.5 kB]
2025-12-05T15:10:38.0259532Z Get:37 http://azure.archive.ubuntu.com/ubuntu noble/main amd64 libpcsclite1 amd64 2.0.3-1build1 [21.4 kB]
2025-12-05T15:10:38.1775038Z Get:38 http://azure.archive.ubuntu.com/ubuntu noble/main amd64 libcacard0 amd64 1:2.8.0-3build4 [36.5 kB]
2025-12-05T15:10:38.2424537Z Get:39 http://azure.archive.ubuntu.com/ubuntu noble-updates/main amd64 liborc-0.4-0t64 amd64 1:0.4.38-1ubuntu0.1 [207 kB]
2025-12-05T15:10:38.3105576Z Get:40 http://azure.archive.ubuntu.com/ubuntu noble-updates/main amd64 libgstreamer-plugins-base1.0-0 amd64 1.24.2-1ubuntu0.3 [862 kB]
2025-12-05T15:10:38.3907869Z Get:41 http://azure.archive.ubuntu.com/ubuntu noble/universe amd64 libphodav-3.0-common all 3.0-8build3 [14.9 kB]
2025-12-05T15:10:38.4561329Z Get:42 http://azure.archive.ubuntu.com/ubuntu noble/main amd64 libproxy1v5 amd64 0.5.4-4build1 [26.5 kB]
2025-12-05T15:10:38.5212404Z Get:43 http://azure.archive.ubuntu.com/ubuntu noble/main amd64 glib-networking-common all 2.80.0-1build1 [6702 B]
2025-12-05T15:10:38.5865065Z Get:44 http://azure.archive.ubuntu.com/ubuntu noble/main amd64 glib-networking-services amd64 2.80.0-1build1 [12.8 kB]
2025-12-05T15:10:38.6524776Z Get:45 http://azure.archive.ubuntu.com/ubuntu noble/main amd64 session-migration amd64 0.3.9build1 [9034 B]
2025-12-05T15:10:38.7178551Z Get:46 http://azure.archive.ubuntu.com/ubuntu noble-updates/main amd64 gsettings-desktop-schemas all 46.1-0ubuntu1 [35.6 kB]
2025-12-05T15:10:38.7834490Z Get:47 http://azure.archive.ubuntu.com/ubuntu noble/main amd64 glib-networking amd64 2.80.0-1build1 [64.1 kB]
2025-12-05T15:10:38.8512662Z Get:48 http://azure.archive.ubuntu.com/ubuntu noble-updates/main amd64 libsoup-3.0-common all 3.4.4-5ubuntu0.5 [11.3 kB]
2025-12-05T15:10:38.9167022Z Get:49 http://azure.archive.ubuntu.com/ubuntu noble-updates/main amd64 libsoup-3.0-0 amd64 3.4.4-5ubuntu0.5 [291 kB]
2025-12-05T15:10:38.9899976Z Get:50 http://azure.archive.ubuntu.com/ubuntu noble/universe amd64 libphodav-3.0-0 amd64 3.0-8build3 [29.9 kB]
2025-12-05T15:10:39.0598023Z Get:51 http://azure.archive.ubuntu.com/ubuntu noble/main amd64 libusbredirparser1t64 amd64 0.13.0-2.1build1 [16.5 kB]
2025-12-05T15:10:39.1287621Z Get:52 http://azure.archive.ubuntu.com/ubuntu noble/main amd64 libusbredirhost1t64 amd64 0.13.0-2.1build1 [20.0 kB]
2025-12-05T15:10:39.1978187Z Get:53 http://azure.archive.ubuntu.com/ubuntu noble/universe amd64 libspice-client-glib-2.0-8 amd64 0.42-2ubuntu2 [314 kB]
2025-12-05T15:10:39.2720381Z Get:54 http://azure.archive.ubuntu.com/ubuntu noble/universe amd64 gir1.2-spiceclientglib-2.0 amd64 0.42-2ubuntu2 [14.4 kB]
2025-12-05T15:10:39.3419266Z Get:55 http://azure.archive.ubuntu.com/ubuntu noble/universe amd64 libva2 amd64 2.20.0-2build1 [66.2 kB]
2025-12-05T15:10:39.4129803Z Get:56 http://azure.archive.ubuntu.com/ubuntu noble/universe amd64 libva-x11-2 amd64 2.20.0-2build1 [12.0 kB]
2025-12-05T15:10:39.4817872Z Get:57 http://azure.archive.ubuntu.com/ubuntu noble/universe amd64 libspice-client-gtk-3.0-5 amd64 0.42-2ubuntu2 [56.6 kB]
2025-12-05T15:10:39.5528057Z Get:58 http://azure.archive.ubuntu.com/ubuntu noble/universe amd64 gir1.2-spiceclientgtk-3.0 amd64 0.42-2ubuntu2 [5610 B]
2025-12-05T15:10:39.6632569Z Get:59 http://azure.archive.ubuntu.com/ubuntu noble-updates/main amd64 libvte-2.91-common amd64 0.76.0-1ubuntu0.1 [13.5 kB]
2025-12-05T15:10:39.7286740Z Get:60 http://azure.archive.ubuntu.com/ubuntu noble-updates/main amd64 libvte-2.91-0 amd64 0.76.0-1ubuntu0.1 [230 kB]
2025-12-05T15:10:39.7973084Z Get:61 http://azure.archive.ubuntu.com/ubuntu noble-updates/main amd64 gir1.2-vte-2.91 amd64 0.76.0-1ubuntu0.1 [11.5 kB]
2025-12-05T15:10:39.8616682Z Get:62 http://azure.archive.ubuntu.com/ubuntu noble/main amd64 libcdparanoia0 amd64 3.10.2+debian-14build3 [48.5 kB]
2025-12-05T15:10:39.9292908Z Get:63 http://azure.archive.ubuntu.com/ubuntu noble/main amd64 libtheora0 amd64 1.1.1+dfsg.1-16.1build3 [211 kB]
2025-12-05T15:10:40.0136953Z Get:64 http://azure.archive.ubuntu.com/ubuntu noble/main amd64 libvisual-0.4-0 amd64 0.4.2-2build1 [115 kB]
2025-12-05T15:10:40.1019101Z Get:65 http://azure.archive.ubuntu.com/ubuntu noble-updates/main amd64 gstreamer1.0-plugins-base amd64 1.24.2-1ubuntu0.3 [721 kB]
2025-12-05T15:10:40.2232889Z Get:66 http://azure.archive.ubuntu.com/ubuntu noble/main amd64 libaa1 amd64 1.4p5-51.1 [49.9 kB]
2025-12-05T15:10:40.2880890Z Get:67 http://azure.archive.ubuntu.com/ubuntu noble/main amd64 libraw1394-11 amd64 2.1.2-2build3 [26.2 kB]
2025-12-05T15:10:40.3530091Z Get:68 http://azure.archive.ubuntu.com/ubuntu noble/main amd64 libavc1394-0 amd64 0.5.4-5build3 [15.4 kB]
2025-12-05T15:10:40.4181333Z Get:69 http://azure.archive.ubuntu.com/ubuntu noble/main amd64 libcaca0 amd64 0.99.beta20-4build2 [208 kB]
2025-12-05T15:10:40.4927129Z Get:70 http://azure.archive.ubuntu.com/ubuntu noble/main amd64 libdv4t64 amd64 1.0.0-17.1build1 [63.2 kB]
2025-12-05T15:10:40.5628416Z Get:71 http://azure.archive.ubuntu.com/ubuntu noble-updates/main amd64 libgstreamer-plugins-good1.0-0 amd64 1.24.2-1ubuntu1.2 [33.0 kB]
2025-12-05T15:10:40.6320310Z Get:72 http://azure.archive.ubuntu.com/ubuntu noble/main amd64 libiec61883-0 amd64 1.2.0-6build1 [24.5 kB]
2025-12-05T15:10:40.7008505Z Get:73 http://azure.archive.ubuntu.com/ubuntu noble-updates/main amd64 libspeex1 amd64 1.2.1-2ubuntu2.24.04.1 [59.6 kB]
2025-12-05T15:10:40.7711141Z Get:74 http://azure.archive.ubuntu.com/ubuntu noble/main amd64 libshout3 amd64 2.4.6-1build2 [50.3 kB]
2025-12-05T15:10:40.8446097Z Get:75 http://azure.archive.ubuntu.com/ubuntu noble/main amd64 libtag1v5-vanilla amd64 1.13.1-1build1 [326 kB]
2025-12-05T15:10:40.9189099Z Get:76 http://azure.archive.ubuntu.com/ubuntu noble/main amd64 libtag1v5 amd64 1.13.1-1build1 [11.7 kB]
2025-12-05T15:10:40.9876877Z Get:77 http://azure.archive.ubuntu.com/ubuntu noble/main amd64 libtwolame0 amd64 0.4.0-2build3 [52.3 kB]
2025-12-05T15:10:41.0580320Z Get:78 http://azure.archive.ubuntu.com/ubuntu noble/main amd64 libv4lconvert0t64 amd64 1.26.1-4build3 [87.6 kB]
2025-12-05T15:10:41.1272668Z Get:79 http://azure.archive.ubuntu.com/ubuntu noble/main amd64 libv4l-0t64 amd64 1.26.1-4build3 [46.9 kB]
2025-12-05T15:10:41.1980152Z Get:80 http://azure.archive.ubuntu.com/ubuntu noble-updates/main amd64 libvpx9 amd64 1.14.0-1ubuntu2.2 [1143 kB]
2025-12-05T15:10:41.2937175Z Get:81 http://azure.archive.ubuntu.com/ubuntu noble/main amd64 libwavpack1 amd64 5.6.0-1build1 [84.6 kB]
2025-12-05T15:10:41.3646911Z Get:82 http://azure.archive.ubuntu.com/ubuntu noble-updates/main amd64 gstreamer1.0-plugins-good amd64 1.24.2-1ubuntu1.2 [2238 kB]
2025-12-05T15:10:41.4899269Z Get:83 http://azure.archive.ubuntu.com/ubuntu noble/main amd64 libxv1 amd64 2:1.0.11-1.1build1 [10.7 kB]
2025-12-05T15:10:41.5614832Z Get:84 http://azure.archive.ubuntu.com/ubuntu noble-updates/main amd64 gstreamer1.0-x amd64 1.24.2-1ubuntu0.3 [85.1 kB]
2025-12-05T15:10:41.6318289Z Get:85 http://azure.archive.ubuntu.com/ubuntu noble/universe amd64 libigdgmm12 amd64 22.3.17+ds1-1 [145 kB]
2025-12-05T15:10:41.7099130Z Get:86 http://azure.archive.ubuntu.com/ubuntu noble-updates/universe amd64 intel-media-va-driver amd64 24.1.0+dfsg1-1ubuntu0.1 [3163 kB]
2025-12-05T15:10:41.8974818Z Get:87 http://azure.archive.ubuntu.com/ubuntu noble/main amd64 ipxe-qemu all 1.21.1+git-20220113.fbbdc3926-0ubuntu2 [1565 kB]
2025-12-05T15:10:42.0014480Z Get:88 http://azure.archive.ubuntu.com/ubuntu noble/main amd64 ipxe-qemu-256k-compat-efi-roms all 1.0.0+git-20150424.a25a16d-0ubuntu5 [548 kB]
2025-12-05T15:10:42.1423467Z Get:89 http://azure.archive.ubuntu.com/ubuntu noble-updates/main amd64 libboost-iostreams1.83.0 amd64 1.83.0-2.1ubuntu3.1 [259 kB]
2025-12-05T15:10:42.2256323Z Get:90 http://azure.archive.ubuntu.com/ubuntu noble-updates/main amd64 libboost-thread1.83.0 amd64 1.83.0-2.1ubuntu3.1 [276 kB]
2025-12-05T15:10:42.3013893Z Get:91 http://azure.archive.ubuntu.com/ubuntu noble/main amd64 libbrlapi0.8 amd64 6.6-4ubuntu5 [31.4 kB]
2025-12-05T15:10:42.3732653Z Get:92 http://azure.archive.ubuntu.com/ubuntu noble/main amd64 libburn4t64 amd64 1.5.6-1.1build1 [158 kB]
2025-12-05T15:10:42.4485360Z Get:93 http://azure.archive.ubuntu.com/ubuntu noble/main amd64 libdaxctl1 amd64 77-2ubuntu2 [21.4 kB]
2025-12-05T15:10:42.5207815Z Get:94 http://azure.archive.ubuntu.com/ubuntu noble/main amd64 libdecor-0-0 amd64 0.2.2-1build2 [16.5 kB]
2025-12-05T15:10:42.5930825Z Get:95 http://azure.archive.ubuntu.com/ubuntu noble/main amd64 libdecor-0-plugin-1-gtk amd64 0.2.2-1build2 [22.2 kB]
2025-12-05T15:10:42.6700062Z Get:96 http://azure.archive.ubuntu.com/ubuntu noble-updates/main amd64 librdmacm1t64 amd64 50.0-2ubuntu0.2 [70.7 kB]
2025-12-05T15:10:42.7419182Z Get:97 http://azure.archive.ubuntu.com/ubuntu noble/main amd64 libiscsi7 amd64 1.19.0-3build4 [68.7 kB]
2025-12-05T15:10:42.8147739Z Get:98 http://azure.archive.ubuntu.com/ubuntu noble/main amd64 libisofs6t64 amd64 1.5.6.pl01-1.1ubuntu2 [220 kB]
2025-12-05T15:10:42.9153327Z Get:99 http://azure.archive.ubuntu.com/ubuntu noble/main amd64 libisoburn1t64 amd64 1:1.5.6-1.1ubuntu3 [405 kB]
2025-12-05T15:10:42.9899743Z Get:100 http://azure.archive.ubuntu.com/ubuntu noble/main amd64 libsamplerate0 amd64 0.2.2-4build1 [1344 kB]
2025-12-05T15:10:43.0969259Z Get:101 http://azure.archive.ubuntu.com/ubuntu noble/main amd64 libjack-jackd2-0 amd64 1.9.21~dfsg-3ubuntu3 [289 kB]
2025-12-05T15:10:43.1740834Z Get:102 http://azure.archive.ubuntu.com/ubuntu noble/main amd64 libndctl6 amd64 77-2ubuntu2 [62.8 kB]
2025-12-05T15:10:43.3135272Z Get:103 http://azure.archive.ubuntu.com/ubuntu noble/main amd64 libnfs14 amd64 5.0.2-1build1 [109 kB]
2025-12-05T15:10:43.5980065Z Get:104 http://azure.archive.ubuntu.com/ubuntu noble/main amd64 libwebrtc-audio-processing1 amd64 0.3.1-0ubuntu6 [290 kB]
2025-12-05T15:10:43.7983243Z Get:105 http://azure.archive.ubuntu.com/ubuntu noble-updates/main amd64 libspa-0.2-modules amd64 1.0.5-1ubuntu3.1 [626 kB]
2025-12-05T15:10:43.9750560Z Get:106 http://azure.archive.ubuntu.com/ubuntu noble-updates/main amd64 libpipewire-0.3-0t64 amd64 1.0.5-1ubuntu3.1 [252 kB]
2025-12-05T15:10:44.0646133Z Get:107 http://azure.archive.ubuntu.com/ubuntu noble-updates/main amd64 libpipewire-0.3-common all 1.0.5-1ubuntu3.1 [18.9 kB]
2025-12-05T15:10:44.1361106Z Get:108 http://azure.archive.ubuntu.com/ubuntu noble/main amd64 libpmem1 amd64 1.13.1-1.1ubuntu2 [84.8 kB]
2025-12-05T15:10:44.2039780Z Get:109 http://azure.archive.ubuntu.com/ubuntu noble/main amd64 libpmemobj1 amd64 1.13.1-1.1ubuntu2 [116 kB]
2025-12-05T15:10:44.2705799Z Get:110 http://azure.archive.ubuntu.com/ubuntu noble-updates/main amd64 librados2 amd64 19.2.1-0ubuntu0.24.04.2 [4042 kB]
2025-12-05T15:10:44.4399690Z Get:111 http://azure.archive.ubuntu.com/ubuntu noble-updates/main amd64 librbd1 amd64 19.2.1-0ubuntu0.24.04.2 [3511 kB]
2025-12-05T15:10:44.5698452Z Get:112 http://azure.archive.ubuntu.com/ubuntu noble-updates/main amd64 libsdl2-2.0-0 amd64 2.30.0+dfsg-1ubuntu3.1 [686 kB]
2025-12-05T15:10:44.6535576Z Get:113 http://azure.archive.ubuntu.com/ubuntu noble/main amd64 libspice-server1 amd64 0.15.1-1build2 [349 kB]
2025-12-05T15:10:44.7343915Z Get:114 http://azure.archive.ubuntu.com/ubuntu noble-updates/main amd64 libtpms0 amd64 0.9.3-0ubuntu4.24.04.1 [373 kB]
2025-12-05T15:10:44.8112405Z Get:115 http://azure.archive.ubuntu.com/ubuntu noble/main amd64 liburing2 amd64 2.5-1build1 [21.1 kB]
2025-12-05T15:10:44.8832646Z Get:116 http://azure.archive.ubuntu.com/ubuntu noble/main amd64 libvirglrenderer1 amd64 1.0.0-1ubuntu2 [226 kB]
2025-12-05T15:10:44.9600851Z Get:117 http://azure.archive.ubuntu.com/ubuntu noble-updates/main amd64 libvirt0 amd64 10.0.0-2ubuntu8.9 [1829 kB]
2025-12-05T15:10:45.0812493Z Get:118 http://azure.archive.ubuntu.com/ubuntu noble-updates/main amd64 libvirt-clients amd64 10.0.0-2ubuntu8.9 [438 kB]
2025-12-05T15:10:45.1586954Z Get:119 http://azure.archive.ubuntu.com/ubuntu noble-updates/main amd64 libvirt-daemon-driver-qemu amd64 10.0.0-2ubuntu8.9 [740 kB]
2025-12-05T15:10:45.2427799Z Get:120 http://azure.archive.ubuntu.com/ubuntu noble-updates/main amd64 libvirt-daemon amd64 10.0.0-2ubuntu8.9 [431 kB]
2025-12-05T15:10:45.3234452Z Get:121 http://azure.archive.ubuntu.com/ubuntu noble-updates/main amd64 libvirt-daemon-config-network all 10.0.0-2ubuntu8.9 [3120 B]
2025-12-05T15:10:45.3885102Z Get:122 http://azure.archive.ubuntu.com/ubuntu noble-updates/main amd64 libvirt-daemon-config-nwfilter all 10.0.0-2ubuntu8.9 [6038 B]
2025-12-05T15:10:45.4541643Z Get:123 http://azure.archive.ubuntu.com/ubuntu noble-updates/main amd64 systemd-container amd64 255.4-1ubuntu8.11 [417 kB]
2025-12-05T15:10:45.5288181Z Get:124 http://azure.archive.ubuntu.com/ubuntu noble-updates/main amd64 libvirt-daemon-system-systemd all 10.0.0-2ubuntu8.9 [1372 B]
2025-12-05T15:10:45.5945710Z Get:125 http://azure.archive.ubuntu.com/ubuntu noble-updates/main amd64 libvirt-daemon-system amd64 10.0.0-2ubuntu8.9 [49.5 kB]
2025-12-05T15:10:45.6604807Z Get:126 http://azure.archive.ubuntu.com/ubuntu noble/universe amd64 libvirt-glib-1.0-data all 5.0.0-2build3 [17.3 kB]
2025-12-05T15:10:45.7332140Z Get:127 http://azure.archive.ubuntu.com/ubuntu noble-updates/main amd64 libvirt-l10n all 10.0.0-2ubuntu8.9 [1148 B]
2025-12-05T15:10:45.7994134Z Get:128 http://azure.archive.ubuntu.com/ubuntu noble-updates/main amd64 libxml2-utils amd64 2.9.14+dfsg-1.3ubuntu3.6 [39.4 kB]
2025-12-05T15:10:45.8655829Z Get:129 http://azure.archive.ubuntu.com/ubuntu noble-updates/main amd64 mdevctl amd64 1.3.0-1ubuntu2.1 [959 kB]
2025-12-05T15:10:45.9514209Z Get:130 http://azure.archive.ubuntu.com/ubuntu noble-updates/universe amd64 mesa-va-drivers amd64 25.0.7-0ubuntu0.24.04.2 [5934 B]
2025-12-05T15:10:46.0162825Z Get:131 http://azure.archive.ubuntu.com/ubuntu noble-updates/universe amd64 osinfo-db all 0.20250606-0ubuntu0.24.04.1 [178 kB]
2025-12-05T15:10:46.0883523Z Get:132 http://azure.archive.ubuntu.com/ubuntu noble/main amd64 python3-cairo amd64 1.25.1-2build2 [119 kB]
2025-12-05T15:10:46.1601056Z Get:133 http://azure.archive.ubuntu.com/ubuntu noble/main amd64 python3-gi-cairo amd64 3.48.2-1 [8132 B]
2025-12-05T15:10:46.2296785Z Get:134 http://azure.archive.ubuntu.com/ubuntu noble/main amd64 python3-libvirt amd64 10.0.0-1build1 [164 kB]
2025-12-05T15:10:46.3004699Z Get:135 http://azure.archive.ubuntu.com/ubuntu noble-updates/universe amd64 python3-libxml2 amd64 2.9.14+dfsg-1.3ubuntu3.6 [140 kB]
2025-12-05T15:10:46.3714618Z Get:136 http://azure.archive.ubuntu.com/ubuntu noble/main amd64 libfdt1 amd64 1.7.0-2build1 [20.1 kB]
2025-12-05T15:10:46.4442665Z Get:137 http://azure.archive.ubuntu.com/ubuntu noble-updates/main amd64 qemu-system-common amd64 1:8.2.2+ds-0ubuntu1.10 [1254 kB]
2025-12-05T15:10:46.5411296Z Get:138 http://azure.archive.ubuntu.com/ubuntu noble-updates/main amd64 qemu-system-data all 1:8.2.2+ds-0ubuntu1.10 [1794 kB]
2025-12-05T15:10:46.6702138Z Get:139 http://azure.archive.ubuntu.com/ubuntu noble/main amd64 seabios all 1.16.3-2 [175 kB]
2025-12-05T15:10:46.7379395Z Get:140 http://azure.archive.ubuntu.com/ubuntu noble-updates/main amd64 qemu-system-x86 amd64 1:8.2.2+ds-0ubuntu1.10 [11.2 MB]
2025-12-05T15:10:47.0407499Z Get:141 http://azure.archive.ubuntu.com/ubuntu noble-updates/main amd64 qemu-utils amd64 1:8.2.2+ds-0ubuntu1.10 [2219 kB]
2025-12-05T15:10:47.1527445Z Get:142 http://azure.archive.ubuntu.com/ubuntu noble-updates/main amd64 qemu-block-extra amd64 1:8.2.2+ds-0ubuntu1.10 [112 kB]
2025-12-05T15:10:47.2249124Z Get:143 http://azure.archive.ubuntu.com/ubuntu noble-updates/main amd64 qemu-system-modules-opengl amd64 1:8.2.2+ds-0ubuntu1.10 [185 kB]
2025-12-05T15:10:47.2968350Z Get:144 http://azure.archive.ubuntu.com/ubuntu noble-updates/main amd64 qemu-system-gui amd64 1:8.2.2+ds-0ubuntu1.10 [312 kB]
2025-12-05T15:10:47.3724688Z Get:145 http://azure.archive.ubuntu.com/ubuntu noble-updates/main amd64 qemu-system-modules-spice amd64 1:8.2.2+ds-0ubuntu1.10 [70.2 kB]
2025-12-05T15:10:47.4426389Z Get:146 http://azure.archive.ubuntu.com/ubuntu noble-updates/main amd64 swtpm amd64 0.7.3-0ubuntu5.24.04.1 [53.1 kB]
2025-12-05T15:10:47.5132700Z Get:147 http://azure.archive.ubuntu.com/ubuntu noble-updates/main amd64 swtpm-tools amd64 0.7.3-0ubuntu5.24.04.1 [92.9 kB]
2025-12-05T15:10:47.5830508Z Get:148 http://azure.archive.ubuntu.com/ubuntu noble/universe amd64 i965-va-driver amd64 2.4.1+dfsg1-1build2 [332 kB]
2025-12-05T15:10:47.6598893Z Get:149 http://azure.archive.ubuntu.com/ubuntu noble/universe amd64 va-driver-all amd64 2.20.0-2build1 [4844 B]
2025-12-05T15:10:47.7291275Z Get:150 http://azure.archive.ubuntu.com/ubuntu noble/universe amd64 libosinfo-l10n all 1.11.0-2build3 [50.6 kB]
2025-12-05T15:10:47.8002707Z Get:151 http://azure.archive.ubuntu.com/ubuntu noble/universe amd64 libosinfo-1.0-0 amd64 1.11.0-2build3 [91.5 kB]
2025-12-05T15:10:47.8736418Z Get:152 http://azure.archive.ubuntu.com/ubuntu noble/universe amd64 gir1.2-libosinfo-1.0 amd64 1.11.0-2build3 [18.6 kB]
2025-12-05T15:10:47.9440622Z Get:153 http://azure.archive.ubuntu.com/ubuntu noble/universe amd64 libvirt-glib-1.0-0 amd64 5.0.0-2build3 [121 kB]
2025-12-05T15:10:48.0148780Z Get:154 http://azure.archive.ubuntu.com/ubuntu noble/universe amd64 gir1.2-libvirt-glib-1.0 amd64 5.0.0-2build3 [32.6 kB]
2025-12-05T15:10:48.0841787Z Get:155 http://azure.archive.ubuntu.com/ubuntu noble/main amd64 xorriso amd64 1:1.5.6-1.1ubuntu3 [297 kB]
2025-12-05T15:10:48.1649458Z Get:156 http://azure.archive.ubuntu.com/ubuntu noble-updates/universe amd64 virtinst all 1:4.1.0-3ubuntu0.1 [891 kB]
2025-12-05T15:10:48.2496277Z Get:157 http://azure.archive.ubuntu.com/ubuntu noble-updates/universe amd64 virt-manager all 1:4.1.0-3ubuntu0.1 [263 kB]
2025-12-05T15:10:48.3243138Z Get:158 http://azure.archive.ubuntu.com/ubuntu noble/universe amd64 virt-viewer amd64 11.0-3build2 [285 kB]
2025-12-05T15:10:48.4013009Z Get:159 http://azure.archive.ubuntu.com/ubuntu noble-updates/main amd64 libnss-mymachines amd64 255.4-1ubuntu8.11 [153 kB]
2025-12-05T15:10:48.4768963Z Get:160 http://azure.archive.ubuntu.com/ubuntu noble/universe amd64 libosinfo-bin amd64 1.11.0-2build3 [21.8 kB]
2025-12-05T15:10:48.5512029Z Get:161 http://azure.archive.ubuntu.com/ubuntu noble-updates/main amd64 ovmf all 2024.02-2ubuntu0.7 [5176 kB]
2025-12-05T15:10:49.0188278Z Preconfiguring packages ...
2025-12-05T15:10:49.0817485Z Fetched 61.9 MB in 13s (4684 kB/s)
2025-12-05T15:10:49.1062084Z Selecting previously unselected package axel.
2025-12-05T15:10:49.1372973Z (Reading database ... 
2025-12-05T15:10:49.1373359Z (Reading database ... 5%
2025-12-05T15:10:49.1373711Z (Reading database ... 10%
2025-12-05T15:10:49.1373949Z (Reading database ... 15%
2025-12-05T15:10:49.1374138Z (Reading database ... 20%
2025-12-05T15:10:49.1374328Z (Reading database ... 25%
2025-12-05T15:10:49.1374531Z (Reading database ... 30%
2025-12-05T15:10:49.1374728Z (Reading database ... 35%
2025-12-05T15:10:49.1374928Z (Reading database ... 40%
2025-12-05T15:10:49.1375115Z (Reading database ... 45%
2025-12-05T15:10:49.1375306Z (Reading database ... 50%
2025-12-05T15:10:49.1480875Z (Reading database ... 55%
2025-12-05T15:10:49.2918116Z (Reading database ... 60%
2025-12-05T15:10:49.4064240Z (Reading database ... 65%
2025-12-05T15:10:49.4682886Z (Reading database ... 70%
2025-12-05T15:10:49.5608762Z (Reading database ... 75%
2025-12-05T15:10:49.7292368Z (Reading database ... 80%
2025-12-05T15:10:49.9297092Z (Reading database ... 85%
2025-12-05T15:10:50.0913835Z (Reading database ... 90%
2025-12-05T15:10:50.2787504Z (Reading database ... 95%
2025-12-05T15:10:50.2787993Z (Reading database ... 100%
2025-12-05T15:10:50.2788623Z (Reading database ... 217049 files and directories currently installed.)
2025-12-05T15:10:50.2829539Z Preparing to unpack .../000-axel_2.17.13-1build2_amd64.deb ...
2025-12-05T15:10:50.2858718Z Unpacking axel (2.17.13-1build2) ...
2025-12-05T15:10:50.3401449Z Selecting previously unselected package msr-tools.
2025-12-05T15:10:50.3530608Z Preparing to unpack .../001-msr-tools_1.3-5build1_amd64.deb ...
2025-12-05T15:10:50.3539993Z Unpacking msr-tools (1.3-5build1) ...
2025-12-05T15:10:50.3766649Z Selecting previously unselected package cpu-checker.
2025-12-05T15:10:50.3892033Z Preparing to unpack .../002-cpu-checker_0.7-1.3build2_amd64.deb ...
2025-12-05T15:10:50.3901003Z Unpacking cpu-checker (0.7-1.3build2) ...
2025-12-05T15:10:50.4215178Z Selecting previously unselected package dns-root-data.
2025-12-05T15:10:50.4339326Z Preparing to unpack .../003-dns-root-data_2024071801~ubuntu0.24.04.1_all.deb ...
2025-12-05T15:10:50.4352900Z Unpacking dns-root-data (2024071801~ubuntu0.24.04.1) ...
2025-12-05T15:10:50.4569927Z Selecting previously unselected package dnsmasq-base.
2025-12-05T15:10:50.4693946Z Preparing to unpack .../004-dnsmasq-base_2.90-2ubuntu0.1_amd64.deb ...
2025-12-05T15:10:50.4761509Z Unpacking dnsmasq-base (2.90-2ubuntu0.1) ...
2025-12-05T15:10:50.5116849Z Selecting previously unselected package tcl-expect:amd64.
2025-12-05T15:10:50.5245885Z Preparing to unpack .../005-tcl-expect_5.45.4-3_amd64.deb ...
2025-12-05T15:10:50.5268267Z Unpacking tcl-expect:amd64 (5.45.4-3) ...
2025-12-05T15:10:50.5524863Z Selecting previously unselected package expect.
2025-12-05T15:10:50.5649430Z Preparing to unpack .../006-expect_5.45.4-3_amd64.deb ...
2025-12-05T15:10:50.5660393Z Unpacking expect (5.45.4-3) ...
2025-12-05T15:10:50.6328370Z Selecting previously unselected package gir1.2-atk-1.0:amd64.
2025-12-05T15:10:50.6454943Z Preparing to unpack .../007-gir1.2-atk-1.0_2.52.0-1build1_amd64.deb ...
2025-12-05T15:10:50.6465707Z Unpacking gir1.2-atk-1.0:amd64 (2.52.0-1build1) ...
2025-12-05T15:10:50.6673241Z Selecting previously unselected package gir1.2-freedesktop:amd64.
2025-12-05T15:10:50.6798312Z Preparing to unpack .../008-gir1.2-freedesktop_1.80.1-1_amd64.deb ...
2025-12-05T15:10:50.6807563Z Unpacking gir1.2-freedesktop:amd64 (1.80.1-1) ...
2025-12-05T15:10:50.7037352Z Selecting previously unselected package gir1.2-gdkpixbuf-2.0:amd64.
2025-12-05T15:10:50.7162755Z Preparing to unpack .../009-gir1.2-gdkpixbuf-2.0_2.42.10+dfsg-3ubuntu3.2_amd64.deb ...
2025-12-05T15:10:50.7172520Z Unpacking gir1.2-gdkpixbuf-2.0:amd64 (2.42.10+dfsg-3ubuntu3.2) ...
2025-12-05T15:10:50.7425593Z Selecting previously unselected package libharfbuzz-gobject0:amd64.
2025-12-05T15:10:50.7551006Z Preparing to unpack .../010-libharfbuzz-gobject0_8.3.0-2build2_amd64.deb ...
2025-12-05T15:10:50.7560999Z Unpacking libharfbuzz-gobject0:amd64 (8.3.0-2build2) ...
2025-12-05T15:10:50.7770227Z Selecting previously unselected package gir1.2-harfbuzz-0.0:amd64.
2025-12-05T15:10:50.7894376Z Preparing to unpack .../011-gir1.2-harfbuzz-0.0_8.3.0-2build2_amd64.deb ...
2025-12-05T15:10:50.7905529Z Unpacking gir1.2-harfbuzz-0.0:amd64 (8.3.0-2build2) ...
2025-12-05T15:10:50.8120829Z Selecting previously unselected package libpangoxft-1.0-0:amd64.
2025-12-05T15:10:50.8245293Z Preparing to unpack .../012-libpangoxft-1.0-0_1.52.1+ds-1build1_amd64.deb ...
2025-12-05T15:10:50.8256451Z Unpacking libpangoxft-1.0-0:amd64 (1.52.1+ds-1build1) ...
2025-12-05T15:10:50.8454742Z Selecting previously unselected package gir1.2-pango-1.0:amd64.
2025-12-05T15:10:50.8581131Z Preparing to unpack .../013-gir1.2-pango-1.0_1.52.1+ds-1build1_amd64.deb ...
2025-12-05T15:10:50.8593244Z Unpacking gir1.2-pango-1.0:amd64 (1.52.1+ds-1build1) ...
2025-12-05T15:10:50.8804178Z Selecting previously unselected package gir1.2-gtk-3.0:amd64.
2025-12-05T15:10:50.8927780Z Preparing to unpack .../014-gir1.2-gtk-3.0_3.24.41-4ubuntu1.3_amd64.deb ...
2025-12-05T15:10:50.8938709Z Unpacking gir1.2-gtk-3.0:amd64 (3.24.41-4ubuntu1.3) ...
2025-12-05T15:10:50.9189353Z Selecting previously unselected package libayatana-ido3-0.4-0:amd64.
2025-12-05T15:10:50.9314532Z Preparing to unpack .../015-libayatana-ido3-0.4-0_0.10.1-1build2_amd64.deb ...
2025-12-05T15:10:50.9326155Z Unpacking libayatana-ido3-0.4-0:amd64 (0.10.1-1build2) ...
2025-12-05T15:10:50.9546272Z Selecting previously unselected package libayatana-indicator3-7:amd64.
2025-12-05T15:10:50.9670690Z Preparing to unpack .../016-libayatana-indicator3-7_0.9.4-1build1_amd64.deb ...
2025-12-05T15:10:50.9682666Z Unpacking libayatana-indicator3-7:amd64 (0.9.4-1build1) ...
2025-12-05T15:10:50.9900276Z Selecting previously unselected package libayatana-appindicator3-1.
2025-12-05T15:10:51.0025196Z Preparing to unpack .../017-libayatana-appindicator3-1_0.5.93-1build3_amd64.deb ...
2025-12-05T15:10:51.0038478Z Unpacking libayatana-appindicator3-1 (0.5.93-1build3) ...
2025-12-05T15:10:51.0243103Z Selecting previously unselected package gir1.2-ayatanaappindicator3-0.1.
2025-12-05T15:10:51.0367080Z Preparing to unpack .../018-gir1.2-ayatanaappindicator3-0.1_0.5.93-1build3_amd64.deb ...
2025-12-05T15:10:51.0377119Z Unpacking gir1.2-ayatanaappindicator3-0.1 (0.5.93-1build3) ...
2025-12-05T15:10:51.0572802Z Selecting previously unselected package gir1.2-gstreamer-1.0:amd64.
2025-12-05T15:10:51.0696646Z Preparing to unpack .../019-gir1.2-gstreamer-1.0_1.24.2-1ubuntu0.1_amd64.deb ...
2025-12-05T15:10:51.0708357Z Unpacking gir1.2-gstreamer-1.0:amd64 (1.24.2-1ubuntu0.1) ...
2025-12-05T15:10:51.0947191Z Selecting previously unselected package libasyncns0:amd64.
2025-12-05T15:10:51.1075278Z Preparing to unpack .../020-libasyncns0_0.8-6build4_amd64.deb ...
2025-12-05T15:10:51.1085395Z Unpacking libasyncns0:amd64 (0.8-6build4) ...
2025-12-05T15:10:51.1312693Z Selecting previously unselected package libflac12t64:amd64.
2025-12-05T15:10:51.1438600Z Preparing to unpack .../021-libflac12t64_1.4.3+ds-2.1ubuntu2_amd64.deb ...
2025-12-05T15:10:51.1448853Z Unpacking libflac12t64:amd64 (1.4.3+ds-2.1ubuntu2) ...
2025-12-05T15:10:51.1690489Z Selecting previously unselected package libmp3lame0:amd64.
2025-12-05T15:10:51.1817743Z Preparing to unpack .../022-libmp3lame0_3.100-6build1_amd64.deb ...
2025-12-05T15:10:51.1828038Z Unpacking libmp3lame0:amd64 (3.100-6build1) ...
2025-12-05T15:10:51.2061312Z Selecting previously unselected package libmpg123-0t64:amd64.
2025-12-05T15:10:51.2187509Z Preparing to unpack .../023-libmpg123-0t64_1.32.5-1ubuntu1.1_amd64.deb ...
2025-12-05T15:10:51.2199127Z Unpacking libmpg123-0t64:amd64 (1.32.5-1ubuntu1.1) ...
2025-12-05T15:10:51.2441347Z Selecting previously unselected package libopus0:amd64.
2025-12-05T15:10:51.2566969Z Preparing to unpack .../024-libopus0_1.4-1build1_amd64.deb ...
2025-12-05T15:10:51.2577418Z Unpacking libopus0:amd64 (1.4-1build1) ...
2025-12-05T15:10:51.2814359Z Selecting previously unselected package libvorbisenc2:amd64.
2025-12-05T15:10:51.2938339Z Preparing to unpack .../025-libvorbisenc2_1.3.7-1build3_amd64.deb ...
2025-12-05T15:10:51.2949879Z Unpacking libvorbisenc2:amd64 (1.3.7-1build3) ...
2025-12-05T15:10:51.3187588Z Selecting previously unselected package libsndfile1:amd64.
2025-12-05T15:10:51.3312056Z Preparing to unpack .../026-libsndfile1_1.2.2-1ubuntu5.24.04.1_amd64.deb ...
2025-12-05T15:10:51.3322376Z Unpacking libsndfile1:amd64 (1.2.2-1ubuntu5.24.04.1) ...
2025-12-05T15:10:51.3587491Z Selecting previously unselected package libpulse0:amd64.
2025-12-05T15:10:51.3711698Z Preparing to unpack .../027-libpulse0_1%3a16.1+dfsg1-2ubuntu10.1_amd64.deb ...
2025-12-05T15:10:51.3775304Z Unpacking libpulse0:amd64 (1:16.1+dfsg1-2ubuntu10.1) ...
2025-12-05T15:10:51.4039645Z Selecting previously unselected package libgvnc-1.0-0:amd64.
2025-12-05T15:10:51.4166153Z Preparing to unpack .../028-libgvnc-1.0-0_1.3.1-1build2_amd64.deb ...
2025-12-05T15:10:51.4176559Z Unpacking libgvnc-1.0-0:amd64 (1.3.1-1build2) ...
2025-12-05T15:10:51.4398417Z Selecting previously unselected package libgtk-vnc-2.0-0:amd64.
2025-12-05T15:10:51.4524166Z Preparing to unpack .../029-libgtk-vnc-2.0-0_1.3.1-1build2_amd64.deb ...
2025-12-05T15:10:51.4533926Z Unpacking libgtk-vnc-2.0-0:amd64 (1.3.1-1build2) ...
2025-12-05T15:10:51.4743728Z Selecting previously unselected package gir1.2-gtk-vnc-2.0:amd64.
2025-12-05T15:10:51.4864960Z Preparing to unpack .../030-gir1.2-gtk-vnc-2.0_1.3.1-1build2_amd64.deb ...
2025-12-05T15:10:51.4877625Z Unpacking gir1.2-gtk-vnc-2.0:amd64 (1.3.1-1build2) ...
2025-12-05T15:10:51.5075458Z Selecting previously unselected package libgtksourceview-4-common.
2025-12-05T15:10:51.5197718Z Preparing to unpack .../031-libgtksourceview-4-common_4.8.4-5build4_all.deb ...
2025-12-05T15:10:51.5208022Z Unpacking libgtksourceview-4-common (4.8.4-5build4) ...
2025-12-05T15:10:51.7032066Z Selecting previously unselected package libgtksourceview-4-0:amd64.
2025-12-05T15:10:51.7163530Z Preparing to unpack .../032-libgtksourceview-4-0_4.8.4-5build4_amd64.deb ...
2025-12-05T15:10:51.7173441Z Unpacking libgtksourceview-4-0:amd64 (4.8.4-5build4) ...
2025-12-05T15:10:51.7433672Z Selecting previously unselected package gir1.2-gtksource-4:amd64.
2025-12-05T15:10:51.7563927Z Preparing to unpack .../033-gir1.2-gtksource-4_4.8.4-5build4_amd64.deb ...
2025-12-05T15:10:51.7573227Z Unpacking gir1.2-gtksource-4:amd64 (4.8.4-5build4) ...
2025-12-05T15:10:51.7773343Z Selecting previously unselected package spice-client-glib-usb-acl-helper.
2025-12-05T15:10:51.7898317Z Preparing to unpack .../034-spice-client-glib-usb-acl-helper_0.42-2ubuntu2_amd64.deb ...
2025-12-05T15:10:51.7907633Z Unpacking spice-client-glib-usb-acl-helper (0.42-2ubuntu2) ...
2025-12-05T15:10:51.8128855Z Selecting previously unselected package libpcsclite1:amd64.
2025-12-05T15:10:51.8254023Z Preparing to unpack .../035-libpcsclite1_2.0.3-1build1_amd64.deb ...
2025-12-05T15:10:51.8266033Z Unpacking libpcsclite1:amd64 (2.0.3-1build1) ...
2025-12-05T15:10:51.8481259Z Selecting previously unselected package libcacard0:amd64.
2025-12-05T15:10:51.8604245Z Preparing to unpack .../036-libcacard0_1%3a2.8.0-3build4_amd64.deb ...
2025-12-05T15:10:51.8614288Z Unpacking libcacard0:amd64 (1:2.8.0-3build4) ...
2025-12-05T15:10:51.8829395Z Selecting previously unselected package liborc-0.4-0t64:amd64.
2025-12-05T15:10:51.8953221Z Preparing to unpack .../037-liborc-0.4-0t64_1%3a0.4.38-1ubuntu0.1_amd64.deb ...
2025-12-05T15:10:51.8964033Z Unpacking liborc-0.4-0t64:amd64 (1:0.4.38-1ubuntu0.1) ...
2025-12-05T15:10:51.9230152Z Selecting previously unselected package libgstreamer-plugins-base1.0-0:amd64.
2025-12-05T15:10:51.9354700Z Preparing to unpack .../038-libgstreamer-plugins-base1.0-0_1.24.2-1ubuntu0.3_amd64.deb ...
2025-12-05T15:10:51.9371322Z Unpacking libgstreamer-plugins-base1.0-0:amd64 (1.24.2-1ubuntu0.3) ...
2025-12-05T15:10:51.9724212Z Selecting previously unselected package libphodav-3.0-common.
2025-12-05T15:10:51.9853924Z Preparing to unpack .../039-libphodav-3.0-common_3.0-8build3_all.deb ...
2025-12-05T15:10:51.9864765Z Unpacking libphodav-3.0-common (3.0-8build3) ...
2025-12-05T15:10:52.0128560Z Selecting previously unselected package libproxy1v5:amd64.
2025-12-05T15:10:52.0258614Z Preparing to unpack .../040-libproxy1v5_0.5.4-4build1_amd64.deb ...
2025-12-05T15:10:52.0268476Z Unpacking libproxy1v5:amd64 (0.5.4-4build1) ...
2025-12-05T15:10:52.0483899Z Selecting previously unselected package glib-networking-common.
2025-12-05T15:10:52.0612399Z Preparing to unpack .../041-glib-networking-common_2.80.0-1build1_all.deb ...
2025-12-05T15:10:52.0621319Z Unpacking glib-networking-common (2.80.0-1build1) ...
2025-12-05T15:10:52.0824812Z Selecting previously unselected package glib-networking-services.
2025-12-05T15:10:52.0947070Z Preparing to unpack .../042-glib-networking-services_2.80.0-1build1_amd64.deb ...
2025-12-05T15:10:52.0958288Z Unpacking glib-networking-services (2.80.0-1build1) ...
2025-12-05T15:10:52.1173841Z Selecting previously unselected package session-migration.
2025-12-05T15:10:52.1297193Z Preparing to unpack .../043-session-migration_0.3.9build1_amd64.deb ...
2025-12-05T15:10:52.1306402Z Unpacking session-migration (0.3.9build1) ...
2025-12-05T15:10:52.1523821Z Selecting previously unselected package gsettings-desktop-schemas.
2025-12-05T15:10:52.1647427Z Preparing to unpack .../044-gsettings-desktop-schemas_46.1-0ubuntu1_all.deb ...
2025-12-05T15:10:52.1656999Z Unpacking gsettings-desktop-schemas (46.1-0ubuntu1) ...
2025-12-05T15:10:52.1934947Z Selecting previously unselected package glib-networking:amd64.
2025-12-05T15:10:52.2061089Z Preparing to unpack .../045-glib-networking_2.80.0-1build1_amd64.deb ...
2025-12-05T15:10:52.2071532Z Unpacking glib-networking:amd64 (2.80.0-1build1) ...
2025-12-05T15:10:52.2287070Z Selecting previously unselected package libsoup-3.0-common.
2025-12-05T15:10:52.2410154Z Preparing to unpack .../046-libsoup-3.0-common_3.4.4-5ubuntu0.5_all.deb ...
2025-12-05T15:10:52.2420462Z Unpacking libsoup-3.0-common (3.4.4-5ubuntu0.5) ...
2025-12-05T15:10:52.2628373Z Selecting previously unselected package libsoup-3.0-0:amd64.
2025-12-05T15:10:52.2749927Z Preparing to unpack .../047-libsoup-3.0-0_3.4.4-5ubuntu0.5_amd64.deb ...
2025-12-05T15:10:52.2759476Z Unpacking libsoup-3.0-0:amd64 (3.4.4-5ubuntu0.5) ...
2025-12-05T15:10:52.3037320Z Selecting previously unselected package libphodav-3.0-0:amd64.
2025-12-05T15:10:52.3161324Z Preparing to unpack .../048-libphodav-3.0-0_3.0-8build3_amd64.deb ...
2025-12-05T15:10:52.3172154Z Unpacking libphodav-3.0-0:amd64 (3.0-8build3) ...
2025-12-05T15:10:52.3389247Z Selecting previously unselected package libusbredirparser1t64:amd64.
2025-12-05T15:10:52.3513211Z Preparing to unpack .../049-libusbredirparser1t64_0.13.0-2.1build1_amd64.deb ...
2025-12-05T15:10:52.3523637Z Unpacking libusbredirparser1t64:amd64 (0.13.0-2.1build1) ...
2025-12-05T15:10:52.3736323Z Selecting previously unselected package libusbredirhost1t64:amd64.
2025-12-05T15:10:52.3860379Z Preparing to unpack .../050-libusbredirhost1t64_0.13.0-2.1build1_amd64.deb ...
2025-12-05T15:10:52.3870029Z Unpacking libusbredirhost1t64:amd64 (0.13.0-2.1build1) ...
2025-12-05T15:10:52.4097769Z Selecting previously unselected package libspice-client-glib-2.0-8:amd64.
2025-12-05T15:10:52.4221670Z Preparing to unpack .../051-libspice-client-glib-2.0-8_0.42-2ubuntu2_amd64.deb ...
2025-12-05T15:10:52.4231474Z Unpacking libspice-client-glib-2.0-8:amd64 (0.42-2ubuntu2) ...
2025-12-05T15:10:52.4472375Z Selecting previously unselected package gir1.2-spiceclientglib-2.0:amd64.
2025-12-05T15:10:52.4598659Z Preparing to unpack .../052-gir1.2-spiceclientglib-2.0_0.42-2ubuntu2_amd64.deb ...
2025-12-05T15:10:52.4607962Z Unpacking gir1.2-spiceclientglib-2.0:amd64 (0.42-2ubuntu2) ...
2025-12-05T15:10:52.4822180Z Selecting previously unselected package libva2:amd64.
2025-12-05T15:10:52.4947724Z Preparing to unpack .../053-libva2_2.20.0-2build1_amd64.deb ...
2025-12-05T15:10:52.4957440Z Unpacking libva2:amd64 (2.20.0-2build1) ...
2025-12-05T15:10:52.5198294Z Selecting previously unselected package libva-x11-2:amd64.
2025-12-05T15:10:52.5323622Z Preparing to unpack .../054-libva-x11-2_2.20.0-2build1_amd64.deb ...
2025-12-05T15:10:52.5333647Z Unpacking libva-x11-2:amd64 (2.20.0-2build1) ...
2025-12-05T15:10:52.5553369Z Selecting previously unselected package libspice-client-gtk-3.0-5:amd64.
2025-12-05T15:10:52.5677251Z Preparing to unpack .../055-libspice-client-gtk-3.0-5_0.42-2ubuntu2_amd64.deb ...
2025-12-05T15:10:52.5688480Z Unpacking libspice-client-gtk-3.0-5:amd64 (0.42-2ubuntu2) ...
2025-12-05T15:10:52.5895872Z Selecting previously unselected package gir1.2-spiceclientgtk-3.0:amd64.
2025-12-05T15:10:52.6021988Z Preparing to unpack .../056-gir1.2-spiceclientgtk-3.0_0.42-2ubuntu2_amd64.deb ...
2025-12-05T15:10:52.6031322Z Unpacking gir1.2-spiceclientgtk-3.0:amd64 (0.42-2ubuntu2) ...
2025-12-05T15:10:52.6238174Z Selecting previously unselected package libvte-2.91-common.
2025-12-05T15:10:52.6364033Z Preparing to unpack .../057-libvte-2.91-common_0.76.0-1ubuntu0.1_amd64.deb ...
2025-12-05T15:10:52.6374645Z Unpacking libvte-2.91-common (0.76.0-1ubuntu0.1) ...
2025-12-05T15:10:52.6609915Z Selecting previously unselected package libvte-2.91-0:amd64.
2025-12-05T15:10:52.6733293Z Preparing to unpack .../058-libvte-2.91-0_0.76.0-1ubuntu0.1_amd64.deb ...
2025-12-05T15:10:52.6743445Z Unpacking libvte-2.91-0:amd64 (0.76.0-1ubuntu0.1) ...
2025-12-05T15:10:52.6974380Z Selecting previously unselected package gir1.2-vte-2.91:amd64.
2025-12-05T15:10:52.7100172Z Preparing to unpack .../059-gir1.2-vte-2.91_0.76.0-1ubuntu0.1_amd64.deb ...
2025-12-05T15:10:52.7112597Z Unpacking gir1.2-vte-2.91:amd64 (0.76.0-1ubuntu0.1) ...
2025-12-05T15:10:52.7320480Z Selecting previously unselected package libcdparanoia0:amd64.
2025-12-05T15:10:52.7442652Z Preparing to unpack .../060-libcdparanoia0_3.10.2+debian-14build3_amd64.deb ...
2025-12-05T15:10:52.7453622Z Unpacking libcdparanoia0:amd64 (3.10.2+debian-14build3) ...
2025-12-05T15:10:52.7683451Z Selecting previously unselected package libtheora0:amd64.
2025-12-05T15:10:52.7805594Z Preparing to unpack .../061-libtheora0_1.1.1+dfsg.1-16.1build3_amd64.deb ...
2025-12-05T15:10:52.7817467Z Unpacking libtheora0:amd64 (1.1.1+dfsg.1-16.1build3) ...
2025-12-05T15:10:52.8083230Z Selecting previously unselected package libvisual-0.4-0:amd64.
2025-12-05T15:10:52.8209762Z Preparing to unpack .../062-libvisual-0.4-0_0.4.2-2build1_amd64.deb ...
2025-12-05T15:10:52.8222350Z Unpacking libvisual-0.4-0:amd64 (0.4.2-2build1) ...
2025-12-05T15:10:52.8449564Z Selecting previously unselected package gstreamer1.0-plugins-base:amd64.
2025-12-05T15:10:52.8575414Z Preparing to unpack .../063-gstreamer1.0-plugins-base_1.24.2-1ubuntu0.3_amd64.deb ...
2025-12-05T15:10:52.8585606Z Unpacking gstreamer1.0-plugins-base:amd64 (1.24.2-1ubuntu0.3) ...
2025-12-05T15:10:52.8922189Z Selecting previously unselected package libaa1:amd64.
2025-12-05T15:10:52.9049571Z Preparing to unpack .../064-libaa1_1.4p5-51.1_amd64.deb ...
2025-12-05T15:10:52.9057696Z Unpacking libaa1:amd64 (1.4p5-51.1) ...
2025-12-05T15:10:52.9267825Z Selecting previously unselected package libraw1394-11:amd64.
2025-12-05T15:10:52.9391356Z Preparing to unpack .../065-libraw1394-11_2.1.2-2build3_amd64.deb ...
2025-12-05T15:10:52.9399213Z Unpacking libraw1394-11:amd64 (2.1.2-2build3) ...
2025-12-05T15:10:52.9618771Z Selecting previously unselected package libavc1394-0:amd64.
2025-12-05T15:10:52.9740837Z Preparing to unpack .../066-libavc1394-0_0.5.4-5build3_amd64.deb ...
2025-12-05T15:10:52.9748587Z Unpacking libavc1394-0:amd64 (0.5.4-5build3) ...
2025-12-05T15:10:52.9953033Z Selecting previously unselected package libcaca0:amd64.
2025-12-05T15:10:53.0075447Z Preparing to unpack .../067-libcaca0_0.99.beta20-4build2_amd64.deb ...
2025-12-05T15:10:53.0084011Z Unpacking libcaca0:amd64 (0.99.beta20-4build2) ...
2025-12-05T15:10:53.0363525Z Selecting previously unselected package libdv4t64:amd64.
2025-12-05T15:10:53.0488041Z Preparing to unpack .../068-libdv4t64_1.0.0-17.1build1_amd64.deb ...
2025-12-05T15:10:53.0496935Z Unpacking libdv4t64:amd64 (1.0.0-17.1build1) ...
2025-12-05T15:10:53.0730970Z Selecting previously unselected package libgstreamer-plugins-good1.0-0:amd64.
2025-12-05T15:10:53.0854321Z Preparing to unpack .../069-libgstreamer-plugins-good1.0-0_1.24.2-1ubuntu1.2_amd64.deb ...
2025-12-05T15:10:53.0863291Z Unpacking libgstreamer-plugins-good1.0-0:amd64 (1.24.2-1ubuntu1.2) ...
2025-12-05T15:10:53.1076615Z Selecting previously unselected package libiec61883-0:amd64.
2025-12-05T15:10:53.1198910Z Preparing to unpack .../070-libiec61883-0_1.2.0-6build1_amd64.deb ...
2025-12-05T15:10:53.1206759Z Unpacking libiec61883-0:amd64 (1.2.0-6build1) ...
2025-12-05T15:10:53.1412256Z Selecting previously unselected package libspeex1:amd64.
2025-12-05T15:10:53.1536068Z Preparing to unpack .../071-libspeex1_1.2.1-2ubuntu2.24.04.1_amd64.deb ...
2025-12-05T15:10:53.1543974Z Unpacking libspeex1:amd64 (1.2.1-2ubuntu2.24.04.1) ...
2025-12-05T15:10:53.1759589Z Selecting previously unselected package libshout3:amd64.
2025-12-05T15:10:53.1883150Z Preparing to unpack .../072-libshout3_2.4.6-1build2_amd64.deb ...
2025-12-05T15:10:53.1891297Z Unpacking libshout3:amd64 (2.4.6-1build2) ...
2025-12-05T15:10:53.2116091Z Selecting previously unselected package libtag1v5-vanilla:amd64.
2025-12-05T15:10:53.2243339Z Preparing to unpack .../073-libtag1v5-vanilla_1.13.1-1build1_amd64.deb ...
2025-12-05T15:10:53.2252093Z Unpacking libtag1v5-vanilla:amd64 (1.13.1-1build1) ...
2025-12-05T15:10:53.2486137Z Selecting previously unselected package libtag1v5:amd64.
2025-12-05T15:10:53.2610988Z Preparing to unpack .../074-libtag1v5_1.13.1-1build1_amd64.deb ...
2025-12-05T15:10:53.2618692Z Unpacking libtag1v5:amd64 (1.13.1-1build1) ...
2025-12-05T15:10:53.2830175Z Selecting previously unselected package libtwolame0:amd64.
2025-12-05T15:10:53.2954728Z Preparing to unpack .../075-libtwolame0_0.4.0-2build3_amd64.deb ...
2025-12-05T15:10:53.2962445Z Unpacking libtwolame0:amd64 (0.4.0-2build3) ...
2025-12-05T15:10:53.3166128Z Selecting previously unselected package libv4lconvert0t64:amd64.
2025-12-05T15:10:53.3290084Z Preparing to unpack .../076-libv4lconvert0t64_1.26.1-4build3_amd64.deb ...
2025-12-05T15:10:53.3301121Z Unpacking libv4lconvert0t64:amd64 (1.26.1-4build3) ...
2025-12-05T15:10:53.3522202Z Selecting previously unselected package libv4l-0t64:amd64.
2025-12-05T15:10:53.3645489Z Preparing to unpack .../077-libv4l-0t64_1.26.1-4build3_amd64.deb ...
2025-12-05T15:10:53.3654043Z Unpacking libv4l-0t64:amd64 (1.26.1-4build3) ...
2025-12-05T15:10:53.3900550Z Selecting previously unselected package libvpx9:amd64.
2025-12-05T15:10:53.4025151Z Preparing to unpack .../078-libvpx9_1.14.0-1ubuntu2.2_amd64.deb ...
2025-12-05T15:10:53.4032785Z Unpacking libvpx9:amd64 (1.14.0-1ubuntu2.2) ...
2025-12-05T15:10:53.4391514Z Selecting previously unselected package libwavpack1:amd64.
2025-12-05T15:10:53.4522434Z Preparing to unpack .../079-libwavpack1_5.6.0-1build1_amd64.deb ...
2025-12-05T15:10:53.4529475Z Unpacking libwavpack1:amd64 (5.6.0-1build1) ...
2025-12-05T15:10:53.4730670Z Selecting previously unselected package gstreamer1.0-plugins-good:amd64.
2025-12-05T15:10:53.4856716Z Preparing to unpack .../080-gstreamer1.0-plugins-good_1.24.2-1ubuntu1.2_amd64.deb ...
2025-12-05T15:10:53.4866862Z Unpacking gstreamer1.0-plugins-good:amd64 (1.24.2-1ubuntu1.2) ...
2025-12-05T15:10:53.5477284Z Selecting previously unselected package libxv1:amd64.
2025-12-05T15:10:53.5612880Z Preparing to unpack .../081-libxv1_2%3a1.0.11-1.1build1_amd64.deb ...
2025-12-05T15:10:53.5620734Z Unpacking libxv1:amd64 (2:1.0.11-1.1build1) ...
2025-12-05T15:10:53.5961468Z Selecting previously unselected package gstreamer1.0-x:amd64.
2025-12-05T15:10:53.6094458Z Preparing to unpack .../082-gstreamer1.0-x_1.24.2-1ubuntu0.3_amd64.deb ...
2025-12-05T15:10:53.6119343Z Unpacking gstreamer1.0-x:amd64 (1.24.2-1ubuntu0.3) ...
2025-12-05T15:10:53.6330526Z Selecting previously unselected package libigdgmm12:amd64.
2025-12-05T15:10:53.6458559Z Preparing to unpack .../083-libigdgmm12_22.3.17+ds1-1_amd64.deb ...
2025-12-05T15:10:53.6466629Z Unpacking libigdgmm12:amd64 (22.3.17+ds1-1) ...
2025-12-05T15:10:53.6682619Z Selecting previously unselected package intel-media-va-driver:amd64.
2025-12-05T15:10:53.6811537Z Preparing to unpack .../084-intel-media-va-driver_24.1.0+dfsg1-1ubuntu0.1_amd64.deb ...
2025-12-05T15:10:53.6818883Z Unpacking intel-media-va-driver:amd64 (24.1.0+dfsg1-1ubuntu0.1) ...
2025-12-05T15:10:53.7587658Z Selecting previously unselected package ipxe-qemu.
2025-12-05T15:10:53.7723542Z Preparing to unpack .../085-ipxe-qemu_1.21.1+git-20220113.fbbdc3926-0ubuntu2_all.deb ...
2025-12-05T15:10:53.7730957Z Unpacking ipxe-qemu (1.21.1+git-20220113.fbbdc3926-0ubuntu2) ...
2025-12-05T15:10:53.8102017Z Selecting previously unselected package ipxe-qemu-256k-compat-efi-roms.
2025-12-05T15:10:53.8236169Z Preparing to unpack .../086-ipxe-qemu-256k-compat-efi-roms_1.0.0+git-20150424.a25a16d-0ubuntu5_all.deb ...
2025-12-05T15:10:53.8245160Z Unpacking ipxe-qemu-256k-compat-efi-roms (1.0.0+git-20150424.a25a16d-0ubuntu5) ...
2025-12-05T15:10:53.8494312Z Selecting previously unselected package libboost-iostreams1.83.0:amd64.
2025-12-05T15:10:53.8626925Z Preparing to unpack .../087-libboost-iostreams1.83.0_1.83.0-2.1ubuntu3.1_amd64.deb ...
2025-12-05T15:10:53.8635758Z Unpacking libboost-iostreams1.83.0:amd64 (1.83.0-2.1ubuntu3.1) ...
2025-12-05T15:10:53.8922350Z Selecting previously unselected package libboost-thread1.83.0:amd64.
2025-12-05T15:10:53.9054201Z Preparing to unpack .../088-libboost-thread1.83.0_1.83.0-2.1ubuntu3.1_amd64.deb ...
2025-12-05T15:10:53.9063075Z Unpacking libboost-thread1.83.0:amd64 (1.83.0-2.1ubuntu3.1) ...
2025-12-05T15:10:53.9349524Z Selecting previously unselected package libbrlapi0.8:amd64.
2025-12-05T15:10:53.9479525Z Preparing to unpack .../089-libbrlapi0.8_6.6-4ubuntu5_amd64.deb ...
2025-12-05T15:10:53.9489668Z Unpacking libbrlapi0.8:amd64 (6.6-4ubuntu5) ...
2025-12-05T15:10:53.9696198Z Selecting previously unselected package libburn4t64:amd64.
2025-12-05T15:10:53.9825989Z Preparing to unpack .../090-libburn4t64_1.5.6-1.1build1_amd64.deb ...
2025-12-05T15:10:53.9835498Z Unpacking libburn4t64:amd64 (1.5.6-1.1build1) ...
2025-12-05T15:10:54.0065413Z Selecting previously unselected package libdaxctl1:amd64.
2025-12-05T15:10:54.0196062Z Preparing to unpack .../091-libdaxctl1_77-2ubuntu2_amd64.deb ...
2025-12-05T15:10:54.0206454Z Unpacking libdaxctl1:amd64 (77-2ubuntu2) ...
2025-12-05T15:10:54.0405307Z Selecting previously unselected package libdecor-0-0:amd64.
2025-12-05T15:10:54.0534501Z Preparing to unpack .../092-libdecor-0-0_0.2.2-1build2_amd64.deb ...
2025-12-05T15:10:54.0553339Z Unpacking libdecor-0-0:amd64 (0.2.2-1build2) ...
2025-12-05T15:10:54.0740359Z Selecting previously unselected package libdecor-0-plugin-1-gtk:amd64.
2025-12-05T15:10:54.0866670Z Preparing to unpack .../093-libdecor-0-plugin-1-gtk_0.2.2-1build2_amd64.deb ...
2025-12-05T15:10:54.0877669Z Unpacking libdecor-0-plugin-1-gtk:amd64 (0.2.2-1build2) ...
2025-12-05T15:10:54.1084610Z Selecting previously unselected package librdmacm1t64:amd64.
2025-12-05T15:10:54.1209067Z Preparing to unpack .../094-librdmacm1t64_50.0-2ubuntu0.2_amd64.deb ...
2025-12-05T15:10:54.1216371Z Unpacking librdmacm1t64:amd64 (50.0-2ubuntu0.2) ...
2025-12-05T15:10:54.1436637Z Selecting previously unselected package libiscsi7:amd64.
2025-12-05T15:10:54.1567579Z Preparing to unpack .../095-libiscsi7_1.19.0-3build4_amd64.deb ...
2025-12-05T15:10:54.1577868Z Unpacking libiscsi7:amd64 (1.19.0-3build4) ...
2025-12-05T15:10:54.1816554Z Selecting previously unselected package libisofs6t64:amd64.
2025-12-05T15:10:54.1941307Z Preparing to unpack .../096-libisofs6t64_1.5.6.pl01-1.1ubuntu2_amd64.deb ...
2025-12-05T15:10:54.1950305Z Unpacking libisofs6t64:amd64 (1.5.6.pl01-1.1ubuntu2) ...
2025-12-05T15:10:54.2186420Z Selecting previously unselected package libisoburn1t64:amd64.
2025-12-05T15:10:54.2310109Z Preparing to unpack .../097-libisoburn1t64_1%3a1.5.6-1.1ubuntu3_amd64.deb ...
2025-12-05T15:10:54.2317238Z Unpacking libisoburn1t64:amd64 (1:1.5.6-1.1ubuntu3) ...
2025-12-05T15:10:54.2572491Z Selecting previously unselected package libsamplerate0:amd64.
2025-12-05T15:10:54.2696844Z Preparing to unpack .../098-libsamplerate0_0.2.2-4build1_amd64.deb ...
2025-12-05T15:10:54.2704595Z Unpacking libsamplerate0:amd64 (0.2.2-4build1) ...
2025-12-05T15:10:54.2970397Z Selecting previously unselected package libjack-jackd2-0:amd64.
2025-12-05T15:10:54.3097004Z Preparing to unpack .../099-libjack-jackd2-0_1.9.21~dfsg-3ubuntu3_amd64.deb ...
2025-12-05T15:10:54.3105038Z Unpacking libjack-jackd2-0:amd64 (1.9.21~dfsg-3ubuntu3) ...
2025-12-05T15:10:54.3361619Z Selecting previously unselected package libndctl6:amd64.
2025-12-05T15:10:54.3488477Z Preparing to unpack .../100-libndctl6_77-2ubuntu2_amd64.deb ...
2025-12-05T15:10:54.3496538Z Unpacking libndctl6:amd64 (77-2ubuntu2) ...
2025-12-05T15:10:54.3704086Z Selecting previously unselected package libnfs14:amd64.
2025-12-05T15:10:54.3829528Z Preparing to unpack .../101-libnfs14_5.0.2-1build1_amd64.deb ...
2025-12-05T15:10:54.3837641Z Unpacking libnfs14:amd64 (5.0.2-1build1) ...
2025-12-05T15:10:54.4053566Z Selecting previously unselected package libwebrtc-audio-processing1:amd64.
2025-12-05T15:10:54.4181398Z Preparing to unpack .../102-libwebrtc-audio-processing1_0.3.1-0ubuntu6_amd64.deb ...
2025-12-05T15:10:54.4188803Z Unpacking libwebrtc-audio-processing1:amd64 (0.3.1-0ubuntu6) ...
2025-12-05T15:10:54.4417730Z Selecting previously unselected package libspa-0.2-modules:amd64.
2025-12-05T15:10:54.4541768Z Preparing to unpack .../103-libspa-0.2-modules_1.0.5-1ubuntu3.1_amd64.deb ...
2025-12-05T15:10:54.4549517Z Unpacking libspa-0.2-modules:amd64 (1.0.5-1ubuntu3.1) ...
2025-12-05T15:10:54.4874229Z Selecting previously unselected package libpipewire-0.3-0t64:amd64.
2025-12-05T15:10:54.5003962Z Preparing to unpack .../104-libpipewire-0.3-0t64_1.0.5-1ubuntu3.1_amd64.deb ...
2025-12-05T15:10:54.5012906Z Unpacking libpipewire-0.3-0t64:amd64 (1.0.5-1ubuntu3.1) ...
2025-12-05T15:10:54.5246431Z Selecting previously unselected package libpipewire-0.3-common.
2025-12-05T15:10:54.5374006Z Preparing to unpack .../105-libpipewire-0.3-common_1.0.5-1ubuntu3.1_all.deb ...
2025-12-05T15:10:54.5380774Z Unpacking libpipewire-0.3-common (1.0.5-1ubuntu3.1) ...
2025-12-05T15:10:54.5582619Z Selecting previously unselected package libpmem1:amd64.
2025-12-05T15:10:54.5707383Z Preparing to unpack .../106-libpmem1_1.13.1-1.1ubuntu2_amd64.deb ...
2025-12-05T15:10:54.5714707Z Unpacking libpmem1:amd64 (1.13.1-1.1ubuntu2) ...
2025-12-05T15:10:54.5943582Z Selecting previously unselected package libpmemobj1:amd64.
2025-12-05T15:10:54.6070888Z Preparing to unpack .../107-libpmemobj1_1.13.1-1.1ubuntu2_amd64.deb ...
2025-12-05T15:10:54.6079576Z Unpacking libpmemobj1:amd64 (1.13.1-1.1ubuntu2) ...
2025-12-05T15:10:54.6336315Z Selecting previously unselected package librados2.
2025-12-05T15:10:54.6463624Z Preparing to unpack .../108-librados2_19.2.1-0ubuntu0.24.04.2_amd64.deb ...
2025-12-05T15:10:54.6471079Z Unpacking librados2 (19.2.1-0ubuntu0.24.04.2) ...
2025-12-05T15:10:54.7240055Z Selecting previously unselected package librbd1.
2025-12-05T15:10:54.7374519Z Preparing to unpack .../109-librbd1_19.2.1-0ubuntu0.24.04.2_amd64.deb ...
2025-12-05T15:10:54.7382256Z Unpacking librbd1 (19.2.1-0ubuntu0.24.04.2) ...
2025-12-05T15:10:54.8089688Z Selecting previously unselected package libsdl2-2.0-0:amd64.
2025-12-05T15:10:54.8224787Z Preparing to unpack .../110-libsdl2-2.0-0_2.30.0+dfsg-1ubuntu3.1_amd64.deb ...
2025-12-05T15:10:54.8232137Z Unpacking libsdl2-2.0-0:amd64 (2.30.0+dfsg-1ubuntu3.1) ...
2025-12-05T15:10:54.8514835Z Selecting previously unselected package libspice-server1:amd64.
2025-12-05T15:10:54.8648685Z Preparing to unpack .../111-libspice-server1_0.15.1-1build2_amd64.deb ...
2025-12-05T15:10:54.8656177Z Unpacking libspice-server1:amd64 (0.15.1-1build2) ...
2025-12-05T15:10:54.8916129Z Selecting previously unselected package libtpms0:amd64.
2025-12-05T15:10:54.9048581Z Preparing to unpack .../112-libtpms0_0.9.3-0ubuntu4.24.04.1_amd64.deb ...
2025-12-05T15:10:54.9059242Z Unpacking libtpms0:amd64 (0.9.3-0ubuntu4.24.04.1) ...
2025-12-05T15:10:54.9301261Z Selecting previously unselected package liburing2:amd64.
2025-12-05T15:10:54.9435966Z Preparing to unpack .../113-liburing2_2.5-1build1_amd64.deb ...
2025-12-05T15:10:54.9443692Z Unpacking liburing2:amd64 (2.5-1build1) ...
2025-12-05T15:10:54.9648478Z Selecting previously unselected package libvirglrenderer1:amd64.
2025-12-05T15:10:54.9780372Z Preparing to unpack .../114-libvirglrenderer1_1.0.0-1ubuntu2_amd64.deb ...
2025-12-05T15:10:54.9788133Z Unpacking libvirglrenderer1:amd64 (1.0.0-1ubuntu2) ...
2025-12-05T15:10:55.0027634Z Selecting previously unselected package libvirt0:amd64.
2025-12-05T15:10:55.0158358Z Preparing to unpack .../115-libvirt0_10.0.0-2ubuntu8.9_amd64.deb ...
2025-12-05T15:10:55.0166247Z Unpacking libvirt0:amd64 (10.0.0-2ubuntu8.9) ...
2025-12-05T15:10:55.0777558Z Selecting previously unselected package libvirt-clients.
2025-12-05T15:10:55.0911510Z Preparing to unpack .../116-libvirt-clients_10.0.0-2ubuntu8.9_amd64.deb ...
2025-12-05T15:10:55.1091652Z Unpacking libvirt-clients (10.0.0-2ubuntu8.9) ...
2025-12-05T15:10:55.1467904Z Selecting previously unselected package libvirt-daemon-driver-qemu.
2025-12-05T15:10:55.1602064Z Preparing to unpack .../117-libvirt-daemon-driver-qemu_10.0.0-2ubuntu8.9_amd64.deb ...
2025-12-05T15:10:55.1665202Z Unpacking libvirt-daemon-driver-qemu (10.0.0-2ubuntu8.9) ...
2025-12-05T15:10:55.1988453Z Selecting previously unselected package libvirt-daemon.
2025-12-05T15:10:55.2121435Z Preparing to unpack .../118-libvirt-daemon_10.0.0-2ubuntu8.9_amd64.deb ...
2025-12-05T15:10:55.2182394Z Unpacking libvirt-daemon (10.0.0-2ubuntu8.9) ...
2025-12-05T15:10:55.2549921Z Selecting previously unselected package libvirt-daemon-config-network.
2025-12-05T15:10:55.2680314Z Preparing to unpack .../119-libvirt-daemon-config-network_10.0.0-2ubuntu8.9_all.deb ...
2025-12-05T15:10:55.2765797Z Unpacking libvirt-daemon-config-network (10.0.0-2ubuntu8.9) ...
2025-12-05T15:10:55.2984322Z Selecting previously unselected package libvirt-daemon-config-nwfilter.
2025-12-05T15:10:55.3111788Z Preparing to unpack .../120-libvirt-daemon-config-nwfilter_10.0.0-2ubuntu8.9_all.deb ...
2025-12-05T15:10:55.3173513Z Unpacking libvirt-daemon-config-nwfilter (10.0.0-2ubuntu8.9) ...
2025-12-05T15:10:55.3409528Z Selecting previously unselected package systemd-container.
2025-12-05T15:10:55.3535619Z Preparing to unpack .../121-systemd-container_255.4-1ubuntu8.11_amd64.deb ...
2025-12-05T15:10:55.3543960Z Unpacking systemd-container (255.4-1ubuntu8.11) ...
2025-12-05T15:10:55.4012375Z Selecting previously unselected package libvirt-daemon-system-systemd.
2025-12-05T15:10:55.4143103Z Preparing to unpack .../122-libvirt-daemon-system-systemd_10.0.0-2ubuntu8.9_all.deb ...
2025-12-05T15:10:55.4205023Z Unpacking libvirt-daemon-system-systemd (10.0.0-2ubuntu8.9) ...
2025-12-05T15:10:55.4416901Z Selecting previously unselected package libvirt-daemon-system.
2025-12-05T15:10:55.4546660Z Preparing to unpack .../123-libvirt-daemon-system_10.0.0-2ubuntu8.9_amd64.deb ...
2025-12-05T15:10:55.4775432Z Unpacking libvirt-daemon-system (10.0.0-2ubuntu8.9) ...
2025-12-05T15:10:55.5186608Z Selecting previously unselected package libvirt-glib-1.0-data.
2025-12-05T15:10:55.5317350Z Preparing to unpack .../124-libvirt-glib-1.0-data_5.0.0-2build3_all.deb ...
2025-12-05T15:10:55.5324450Z Unpacking libvirt-glib-1.0-data (5.0.0-2build3) ...
2025-12-05T15:10:55.5575518Z Selecting previously unselected package libvirt-l10n.
2025-12-05T15:10:55.5706237Z Preparing to unpack .../125-libvirt-l10n_10.0.0-2ubuntu8.9_all.deb ...
2025-12-05T15:10:55.5766596Z Unpacking libvirt-l10n (10.0.0-2ubuntu8.9) ...
2025-12-05T15:10:55.5956747Z Selecting previously unselected package libxml2-utils.
2025-12-05T15:10:55.6085721Z Preparing to unpack .../126-libxml2-utils_2.9.14+dfsg-1.3ubuntu3.6_amd64.deb ...
2025-12-05T15:10:55.6095177Z Unpacking libxml2-utils (2.9.14+dfsg-1.3ubuntu3.6) ...
2025-12-05T15:10:55.6312958Z Selecting previously unselected package mdevctl.
2025-12-05T15:10:55.6442010Z Preparing to unpack .../127-mdevctl_1.3.0-1ubuntu2.1_amd64.deb ...
2025-12-05T15:10:55.6449802Z Unpacking mdevctl (1.3.0-1ubuntu2.1) ...
2025-12-05T15:10:55.6775294Z Selecting previously unselected package mesa-va-drivers:amd64.
2025-12-05T15:10:55.6904760Z Preparing to unpack .../128-mesa-va-drivers_25.0.7-0ubuntu0.24.04.2_amd64.deb ...
2025-12-05T15:10:55.6912683Z Unpacking mesa-va-drivers:amd64 (25.0.7-0ubuntu0.24.04.2) ...
2025-12-05T15:10:55.7110338Z Selecting previously unselected package osinfo-db.
2025-12-05T15:10:55.7238570Z Preparing to unpack .../129-osinfo-db_0.20250606-0ubuntu0.24.04.1_all.deb ...
2025-12-05T15:10:55.7246432Z Unpacking osinfo-db (0.20250606-0ubuntu0.24.04.1) ...
2025-12-05T15:10:55.9277110Z Selecting previously unselected package python3-cairo.
2025-12-05T15:10:55.9414993Z Preparing to unpack .../130-python3-cairo_1.25.1-2build2_amd64.deb ...
2025-12-05T15:10:55.9423109Z Unpacking python3-cairo (1.25.1-2build2) ...
2025-12-05T15:10:55.9644579Z Selecting previously unselected package python3-gi-cairo.
2025-12-05T15:10:55.9777467Z Preparing to unpack .../131-python3-gi-cairo_3.48.2-1_amd64.deb ...
2025-12-05T15:10:55.9785154Z Unpacking python3-gi-cairo (3.48.2-1) ...
2025-12-05T15:10:55.9978827Z Selecting previously unselected package python3-libvirt.
2025-12-05T15:10:56.0113074Z Preparing to unpack .../132-python3-libvirt_10.0.0-1build1_amd64.deb ...
2025-12-05T15:10:56.0120177Z Unpacking python3-libvirt (10.0.0-1build1) ...
2025-12-05T15:10:56.0393868Z Selecting previously unselected package python3-libxml2:amd64.
2025-12-05T15:10:56.0524803Z Preparing to unpack .../133-python3-libxml2_2.9.14+dfsg-1.3ubuntu3.6_amd64.deb ...
2025-12-05T15:10:56.0532696Z Unpacking python3-libxml2:amd64 (2.9.14+dfsg-1.3ubuntu3.6) ...
2025-12-05T15:10:56.0763694Z Selecting previously unselected package libfdt1:amd64.
2025-12-05T15:10:56.0892327Z Preparing to unpack .../134-libfdt1_1.7.0-2build1_amd64.deb ...
2025-12-05T15:10:56.0899827Z Unpacking libfdt1:amd64 (1.7.0-2build1) ...
2025-12-05T15:10:56.1105284Z Selecting previously unselected package qemu-system-common.
2025-12-05T15:10:56.1233891Z Preparing to unpack .../135-qemu-system-common_1%3a8.2.2+ds-0ubuntu1.10_amd64.deb ...
2025-12-05T15:10:56.1241576Z Unpacking qemu-system-common (1:8.2.2+ds-0ubuntu1.10) ...
2025-12-05T15:10:56.1931484Z Selecting previously unselected package qemu-system-data.
2025-12-05T15:10:56.2066185Z Preparing to unpack .../136-qemu-system-data_1%3a8.2.2+ds-0ubuntu1.10_all.deb ...
2025-12-05T15:10:56.2073911Z Unpacking qemu-system-data (1:8.2.2+ds-0ubuntu1.10) ...
2025-12-05T15:10:56.2772663Z Selecting previously unselected package seabios.
2025-12-05T15:10:56.2908876Z Preparing to unpack .../137-seabios_1.16.3-2_all.deb ...
2025-12-05T15:10:56.2916258Z Unpacking seabios (1.16.3-2) ...
2025-12-05T15:10:56.3168383Z Selecting previously unselected package qemu-system-x86.
2025-12-05T15:10:56.3303963Z Preparing to unpack .../138-qemu-system-x86_1%3a8.2.2+ds-0ubuntu1.10_amd64.deb ...
2025-12-05T15:10:56.3366140Z Unpacking qemu-system-x86 (1:8.2.2+ds-0ubuntu1.10) ...
2025-12-05T15:10:56.5568226Z Selecting previously unselected package qemu-utils.
2025-12-05T15:10:56.5704130Z Preparing to unpack .../139-qemu-utils_1%3a8.2.2+ds-0ubuntu1.10_amd64.deb ...
2025-12-05T15:10:56.5712076Z Unpacking qemu-utils (1:8.2.2+ds-0ubuntu1.10) ...
2025-12-05T15:10:56.6312695Z Selecting previously unselected package qemu-block-extra.
2025-12-05T15:10:56.6447652Z Preparing to unpack .../140-qemu-block-extra_1%3a8.2.2+ds-0ubuntu1.10_amd64.deb ...
2025-12-05T15:10:56.6455104Z Unpacking qemu-block-extra (1:8.2.2+ds-0ubuntu1.10) ...
2025-12-05T15:10:56.6675944Z Selecting previously unselected package qemu-system-modules-opengl.
2025-12-05T15:10:56.6809827Z Preparing to unpack .../141-qemu-system-modules-opengl_1%3a8.2.2+ds-0ubuntu1.10_amd64.deb ...
2025-12-05T15:10:56.6817690Z Unpacking qemu-system-modules-opengl (1:8.2.2+ds-0ubuntu1.10) ...
2025-12-05T15:10:56.7068026Z Selecting previously unselected package qemu-system-gui.
2025-12-05T15:10:56.7202507Z Preparing to unpack .../142-qemu-system-gui_1%3a8.2.2+ds-0ubuntu1.10_amd64.deb ...
2025-12-05T15:10:56.7209509Z Unpacking qemu-system-gui (1:8.2.2+ds-0ubuntu1.10) ...
2025-12-05T15:10:56.7461289Z Selecting previously unselected package qemu-system-modules-spice.
2025-12-05T15:10:56.7595003Z Preparing to unpack .../143-qemu-system-modules-spice_1%3a8.2.2+ds-0ubuntu1.10_amd64.deb ...
2025-12-05T15:10:56.7602527Z Unpacking qemu-system-modules-spice (1:8.2.2+ds-0ubuntu1.10) ...
2025-12-05T15:10:56.7827884Z Selecting previously unselected package swtpm.
2025-12-05T15:10:56.7961423Z Preparing to unpack .../144-swtpm_0.7.3-0ubuntu5.24.04.1_amd64.deb ...
2025-12-05T15:10:56.7968451Z Unpacking swtpm (0.7.3-0ubuntu5.24.04.1) ...
2025-12-05T15:10:56.8181659Z Selecting previously unselected package swtpm-tools.
2025-12-05T15:10:56.8313306Z Preparing to unpack .../145-swtpm-tools_0.7.3-0ubuntu5.24.04.1_amd64.deb ...
2025-12-05T15:10:56.8321628Z Unpacking swtpm-tools (0.7.3-0ubuntu5.24.04.1) ...
2025-12-05T15:10:56.8565047Z Selecting previously unselected package i965-va-driver:amd64.
2025-12-05T15:10:56.8694202Z Preparing to unpack .../146-i965-va-driver_2.4.1+dfsg1-1build2_amd64.deb ...
2025-12-05T15:10:56.8700974Z Unpacking i965-va-driver:amd64 (2.4.1+dfsg1-1build2) ...
2025-12-05T15:10:56.8959360Z Selecting previously unselected package va-driver-all:amd64.
2025-12-05T15:10:56.9088527Z Preparing to unpack .../147-va-driver-all_2.20.0-2build1_amd64.deb ...
2025-12-05T15:10:56.9097609Z Unpacking va-driver-all:amd64 (2.20.0-2build1) ...
2025-12-05T15:10:56.9283795Z Selecting previously unselected package libosinfo-l10n.
2025-12-05T15:10:56.9411166Z Preparing to unpack .../148-libosinfo-l10n_1.11.0-2build3_all.deb ...
2025-12-05T15:10:56.9418918Z Unpacking libosinfo-l10n (1.11.0-2build3) ...
2025-12-05T15:10:56.9676985Z Selecting previously unselected package libosinfo-1.0-0:amd64.
2025-12-05T15:10:56.9804897Z Preparing to unpack .../149-libosinfo-1.0-0_1.11.0-2build3_amd64.deb ...
2025-12-05T15:10:56.9813793Z Unpacking libosinfo-1.0-0:amd64 (1.11.0-2build3) ...
2025-12-05T15:10:57.0019415Z Selecting previously unselected package gir1.2-libosinfo-1.0:amd64.
2025-12-05T15:10:57.0149684Z Preparing to unpack .../150-gir1.2-libosinfo-1.0_1.11.0-2build3_amd64.deb ...
2025-12-05T15:10:57.0156930Z Unpacking gir1.2-libosinfo-1.0:amd64 (1.11.0-2build3) ...
2025-12-05T15:10:57.0384113Z Selecting previously unselected package libvirt-glib-1.0-0:amd64.
2025-12-05T15:10:57.0512895Z Preparing to unpack .../151-libvirt-glib-1.0-0_5.0.0-2build3_amd64.deb ...
2025-12-05T15:10:57.0525121Z Unpacking libvirt-glib-1.0-0:amd64 (5.0.0-2build3) ...
2025-12-05T15:10:57.0744748Z Selecting previously unselected package gir1.2-libvirt-glib-1.0:amd64.
2025-12-05T15:10:57.0872924Z Preparing to unpack .../152-gir1.2-libvirt-glib-1.0_5.0.0-2build3_amd64.deb ...
2025-12-05T15:10:57.0880424Z Unpacking gir1.2-libvirt-glib-1.0:amd64 (5.0.0-2build3) ...
2025-12-05T15:10:57.1076207Z Selecting previously unselected package xorriso.
2025-12-05T15:10:57.1200865Z Preparing to unpack .../153-xorriso_1%3a1.5.6-1.1ubuntu3_amd64.deb ...
2025-12-05T15:10:57.1208158Z Unpacking xorriso (1:1.5.6-1.1ubuntu3) ...
2025-12-05T15:10:57.1493625Z Selecting previously unselected package virtinst.
2025-12-05T15:10:57.1619684Z Preparing to unpack .../154-virtinst_1%3a4.1.0-3ubuntu0.1_all.deb ...
2025-12-05T15:10:57.1628706Z Unpacking virtinst (1:4.1.0-3ubuntu0.1) ...
2025-12-05T15:10:57.2304854Z Selecting previously unselected package virt-manager.
2025-12-05T15:10:57.2440996Z Preparing to unpack .../155-virt-manager_1%3a4.1.0-3ubuntu0.1_all.deb ...
2025-12-05T15:10:57.2448758Z Unpacking virt-manager (1:4.1.0-3ubuntu0.1) ...
2025-12-05T15:10:57.3225948Z Selecting previously unselected package virt-viewer.
2025-12-05T15:10:57.3361008Z Preparing to unpack .../156-virt-viewer_11.0-3build2_amd64.deb ...
2025-12-05T15:10:57.3373942Z Unpacking virt-viewer (11.0-3build2) ...
2025-12-05T15:10:57.3751657Z Selecting previously unselected package libnss-mymachines:amd64.
2025-12-05T15:10:57.3886469Z Preparing to unpack .../157-libnss-mymachines_255.4-1ubuntu8.11_amd64.deb ...
2025-12-05T15:10:57.3924488Z Unpacking libnss-mymachines:amd64 (255.4-1ubuntu8.11) ...
2025-12-05T15:10:57.4143888Z Selecting previously unselected package libosinfo-bin.
2025-12-05T15:10:57.4274783Z Preparing to unpack .../158-libosinfo-bin_1.11.0-2build3_amd64.deb ...
2025-12-05T15:10:57.4283723Z Unpacking libosinfo-bin (1.11.0-2build3) ...
2025-12-05T15:10:57.4490222Z Selecting previously unselected package ovmf.
2025-12-05T15:10:57.4620474Z Preparing to unpack .../159-ovmf_2024.02-2ubuntu0.7_all.deb ...
2025-12-05T15:10:57.4628028Z Unpacking ovmf (2024.02-2ubuntu0.7) ...
2025-12-05T15:10:57.5609261Z Setting up libpipewire-0.3-common (1.0.5-1ubuntu3.1) ...
2025-12-05T15:10:57.5635423Z Setting up libcdparanoia0:amd64 (3.10.2+debian-14build3) ...
2025-12-05T15:10:57.5654728Z Setting up gir1.2-gstreamer-1.0:amd64 (1.24.2-1ubuntu0.1) ...
2025-12-05T15:10:57.5673778Z Setting up session-migration (0.3.9build1) ...
2025-12-05T15:10:57.6804434Z Created symlink /etc/systemd/user/graphical-session-pre.target.wants/session-migration.service → /usr/lib/systemd/user/session-migration.service.
2025-12-05T15:10:57.6805027Z 
2025-12-05T15:10:57.6836229Z Setting up libraw1394-11:amd64 (2.1.2-2build3) ...
2025-12-05T15:10:57.6860749Z Setting up libproxy1v5:amd64 (0.5.4-4build1) ...
2025-12-05T15:10:57.6880631Z Setting up axel (2.17.13-1build2) ...
2025-12-05T15:10:57.6901551Z Setting up gir1.2-freedesktop:amd64 (1.80.1-1) ...
2025-12-05T15:10:57.6924286Z Setting up libtag1v5-vanilla:amd64 (1.13.1-1build1) ...
2025-12-05T15:10:57.6944794Z Setting up python3-cairo (1.25.1-2build2) ...
2025-12-05T15:10:57.7946382Z Setting up libphodav-3.0-common (3.0-8build3) ...
2025-12-05T15:10:57.7965494Z Setting up libspeex1:amd64 (1.2.1-2ubuntu2.24.04.1) ...
2025-12-05T15:10:57.7986972Z Setting up libcaca0:amd64 (0.99.beta20-4build2) ...
2025-12-05T15:10:57.8008385Z Setting up libv4lconvert0t64:amd64 (1.26.1-4build3) ...
2025-12-05T15:10:57.8028233Z Setting up libpangoxft-1.0-0:amd64 (1.52.1+ds-1build1) ...
2025-12-05T15:10:57.8069121Z Setting up libtwolame0:amd64 (0.4.0-2build3) ...
2025-12-05T15:10:57.8075336Z Setting up libvte-2.91-common (0.76.0-1ubuntu0.1) ...
2025-12-05T15:10:57.8133674Z Setting up gir1.2-gdkpixbuf-2.0:amd64 (2.42.10+dfsg-3ubuntu3.2) ...
2025-12-05T15:10:57.8154650Z Setting up libvisual-0.4-0:amd64 (0.4.2-2build1) ...
2025-12-05T15:10:57.8174195Z Setting up gir1.2-atk-1.0:amd64 (2.52.0-1build1) ...
2025-12-05T15:10:57.8194382Z Setting up spice-client-glib-usb-acl-helper (0.42-2ubuntu2) ...
2025-12-05T15:10:57.8217107Z Setting up msr-tools (1.3-5build1) ...
2025-12-05T15:10:57.8239833Z Setting up tcl-expect:amd64 (5.45.4-3) ...
2025-12-05T15:10:57.8264633Z Setting up libwebrtc-audio-processing1:amd64 (0.3.1-0ubuntu6) ...
2025-12-05T15:10:57.8287900Z Setting up libboost-thread1.83.0:amd64 (1.83.0-2.1ubuntu3.1) ...
2025-12-05T15:10:57.8308047Z Setting up libharfbuzz-gobject0:amd64 (8.3.0-2build2) ...
2025-12-05T15:10:57.8330704Z Setting up libigdgmm12:amd64 (22.3.17+ds1-1) ...
2025-12-05T15:10:57.8354840Z Setting up libsoup-3.0-common (3.4.4-5ubuntu0.5) ...
2025-12-05T15:10:57.8375620Z Setting up dnsmasq-base (2.90-2ubuntu0.1) ...
2025-12-05T15:10:57.8672198Z Setting up libmpg123-0t64:amd64 (1.32.5-1ubuntu1.1) ...
2025-12-05T15:10:57.8698530Z Setting up libfdt1:amd64 (1.7.0-2build1) ...
2025-12-05T15:10:57.8720409Z Setting up libvte-2.91-0:amd64 (0.76.0-1ubuntu0.1) ...
2025-12-05T15:10:57.8741687Z Setting up libayatana-ido3-0.4-0:amd64 (0.10.1-1build2) ...
2025-12-05T15:10:57.8765467Z Setting up gir1.2-harfbuzz-0.0:amd64 (8.3.0-2build2) ...
2025-12-05T15:10:57.8787193Z Setting up libnfs14:amd64 (5.0.2-1build1) ...
2025-12-05T15:10:57.8807857Z Setting up liborc-0.4-0t64:amd64 (1:0.4.38-1ubuntu0.1) ...
2025-12-05T15:10:57.8832169Z Setting up ovmf (2024.02-2ubuntu0.7) ...
2025-12-05T15:10:57.8853106Z Setting up dns-root-data (2024071801~ubuntu0.24.04.1) ...
2025-12-05T15:10:57.8872539Z Setting up python3-libxml2:amd64 (2.9.14+dfsg-1.3ubuntu3.6) ...
2025-12-05T15:10:58.0333173Z Setting up gir1.2-pango-1.0:amd64 (1.52.1+ds-1build1) ...
2025-12-05T15:10:58.0356662Z Setting up libvirt-glib-1.0-data (5.0.0-2build3) ...
2025-12-05T15:10:58.0378494Z Setting up libvirglrenderer1:amd64 (1.0.0-1ubuntu2) ...
2025-12-05T15:10:58.0399941Z Setting up libva2:amd64 (2.20.0-2build1) ...
2025-12-05T15:10:58.0422372Z Setting up libspa-0.2-modules:amd64 (1.0.5-1ubuntu3.1) ...
2025-12-05T15:10:58.0442998Z Setting up libboost-iostreams1.83.0:amd64 (1.83.0-2.1ubuntu3.1) ...
2025-12-05T15:10:58.0467772Z Setting up libopus0:amd64 (1.4-1build1) ...
2025-12-05T15:10:58.0491067Z Setting up intel-media-va-driver:amd64 (24.1.0+dfsg1-1ubuntu0.1) ...
2025-12-05T15:10:58.0510104Z Setting up libxv1:amd64 (2:1.0.11-1.1build1) ...
2025-12-05T15:10:58.0533689Z Setting up libdv4t64:amd64 (1.0.0-17.1build1) ...
2025-12-05T15:10:58.0555915Z Setting up osinfo-db (0.20250606-0ubuntu0.24.04.1) ...
2025-12-05T15:10:58.0578349Z Setting up libpcsclite1:amd64 (2.0.3-1build1) ...
2025-12-05T15:10:58.0598518Z Setting up libdaxctl1:amd64 (77-2ubuntu2) ...
2025-12-05T15:10:58.0652439Z Setting up qemu-system-data (1:8.2.2+ds-0ubuntu1.10) ...
2025-12-05T15:10:58.0674835Z Setting up seabios (1.16.3-2) ...
2025-12-05T15:10:58.0697377Z Setting up libv4l-0t64:amd64 (1.26.1-4build3) ...
2025-12-05T15:10:58.0718701Z Setting up libvirt0:amd64 (10.0.0-2ubuntu8.9) ...
2025-12-05T15:10:58.0740011Z Setting up systemd-container (255.4-1ubuntu8.11) ...
2025-12-05T15:10:58.1809607Z Created symlink /etc/systemd/system/multi-user.target.wants/machines.target → /usr/lib/systemd/system/machines.target.
2025-12-05T15:10:58.1810377Z 
2025-12-05T15:10:58.4711598Z Setting up libvpx9:amd64 (1.14.0-1ubuntu2.2) ...
2025-12-05T15:10:58.4751793Z Setting up libtag1v5:amd64 (1.13.1-1build1) ...
2025-12-05T15:10:58.4770933Z Setting up libvirt-glib-1.0-0:amd64 (5.0.0-2build3) ...
2025-12-05T15:10:58.4794217Z Setting up cpu-checker (0.7-1.3build2) ...
2025-12-05T15:10:58.4817902Z Setting up libisofs6t64:amd64 (1.5.6.pl01-1.1ubuntu2) ...
2025-12-05T15:10:58.4844213Z Setting up libasyncns0:amd64 (0.8-6build4) ...
2025-12-05T15:10:58.4865982Z Setting up libwavpack1:amd64 (5.6.0-1build1) ...
2025-12-05T15:10:58.4888059Z Setting up libusbredirparser1t64:amd64 (0.13.0-2.1build1) ...
2025-12-05T15:10:58.4913388Z Setting up ipxe-qemu (1.21.1+git-20220113.fbbdc3926-0ubuntu2) ...
2025-12-05T15:10:58.4937243Z Setting up libtheora0:amd64 (1.1.1+dfsg.1-16.1build3) ...
2025-12-05T15:10:58.4959672Z Setting up libburn4t64:amd64 (1.5.6-1.1build1) ...
2025-12-05T15:10:58.4981665Z Setting up libdecor-0-0:amd64 (0.2.2-1build2) ...
2025-12-05T15:10:58.5005373Z Setting up libndctl6:amd64 (77-2ubuntu2) ...
2025-12-05T15:10:58.5027019Z Setting up librdmacm1t64:amd64 (50.0-2ubuntu0.2) ...
2025-12-05T15:10:58.5051116Z Setting up ipxe-qemu-256k-compat-efi-roms (1.0.0+git-20150424.a25a16d-0ubuntu5) ...
2025-12-05T15:10:58.5074019Z Setting up libflac12t64:amd64 (1.4.3+ds-2.1ubuntu2) ...
2025-12-05T15:10:58.5101137Z Setting up libbrlapi0.8:amd64 (6.6-4ubuntu5) ...
2025-12-05T15:10:58.5122297Z Setting up libtpms0:amd64 (0.9.3-0ubuntu4.24.04.1) ...
2025-12-05T15:10:58.5148218Z Setting up mesa-va-drivers:amd64 (25.0.7-0ubuntu0.24.04.2) ...
2025-12-05T15:10:58.5170703Z Setting up glib-networking-common (2.80.0-1build1) ...
2025-12-05T15:10:58.5192990Z Setting up liburing2:amd64 (2.5-1build1) ...
2025-12-05T15:10:58.5214825Z Setting up libiscsi7:amd64 (1.19.0-3build4) ...
2025-12-05T15:10:58.5240406Z Setting up libisoburn1t64:amd64 (1:1.5.6-1.1ubuntu3) ...
2025-12-05T15:10:58.5267155Z Setting up libxml2-utils (2.9.14+dfsg-1.3ubuntu3.6) ...
2025-12-05T15:10:58.5292094Z Setting up libvirt-daemon-config-nwfilter (10.0.0-2ubuntu8.9) ...
2025-12-05T15:10:58.8736766Z Setting up xorriso (1:1.5.6-1.1ubuntu3) ...
2025-12-05T15:10:58.8882010Z Setting up libsamplerate0:amd64 (0.2.2-4build1) ...
2025-12-05T15:10:58.8907404Z Setting up libpmem1:amd64 (1.13.1-1.1ubuntu2) ...
2025-12-05T15:10:58.8929503Z Setting up libva-x11-2:amd64 (2.20.0-2build1) ...
2025-12-05T15:10:58.8958035Z Setting up libayatana-indicator3-7:amd64 (0.9.4-1build1) ...
2025-12-05T15:10:58.8982842Z Setting up python3-gi-cairo (3.48.2-1) ...
2025-12-05T15:10:58.9004522Z Setting up libgtksourceview-4-common (4.8.4-5build4) ...
2025-12-05T15:10:58.9025153Z Setting up libpipewire-0.3-0t64:amd64 (1.0.5-1ubuntu3.1) ...
2025-12-05T15:10:58.9046798Z Setting up libdecor-0-plugin-1-gtk:amd64 (0.2.2-1build2) ...
2025-12-05T15:10:58.9068442Z Setting up libmp3lame0:amd64 (3.100-6build1) ...
2025-12-05T15:10:58.9088099Z Setting up i965-va-driver:amd64 (2.4.1+dfsg1-1build2) ...
2025-12-05T15:10:58.9108066Z Setting up libosinfo-l10n (1.11.0-2build3) ...
2025-12-05T15:10:58.9127971Z Setting up libvorbisenc2:amd64 (1.3.7-1build3) ...
2025-12-05T15:10:58.9174039Z Setting up libaa1:amd64 (1.4p5-51.1) ...
2025-12-05T15:10:58.9194583Z Setting up libiec61883-0:amd64 (1.2.0-6build1) ...
2025-12-05T15:10:58.9214757Z Setting up mdevctl (1.3.0-1ubuntu2.1) ...
2025-12-05T15:10:58.9239546Z Setting up libavc1394-0:amd64 (0.5.4-5build3) ...
2025-12-05T15:10:58.9262572Z Setting up gsettings-desktop-schemas (46.1-0ubuntu1) ...
2025-12-05T15:10:58.9281678Z Setting up glib-networking-services (2.80.0-1build1) ...
2025-12-05T15:10:58.9311084Z Setting up libvirt-daemon-config-network (10.0.0-2ubuntu8.9) ...
2025-12-05T15:10:59.2139429Z Setting up librados2 (19.2.1-0ubuntu0.24.04.2) ...
2025-12-05T15:10:59.2173655Z Setting up python3-libvirt (10.0.0-1build1) ...
2025-12-05T15:10:59.3560473Z Setting up libvirt-clients (10.0.0-2ubuntu8.9) ...
2025-12-05T15:10:59.3684538Z Setting up expect (5.45.4-3) ...
2025-12-05T15:10:59.3705816Z Setting up gir1.2-libvirt-glib-1.0:amd64 (5.0.0-2build3) ...
2025-12-05T15:10:59.3725397Z Setting up gir1.2-gtk-3.0:amd64 (3.24.41-4ubuntu1.3) ...
2025-12-05T15:10:59.3747505Z Setting up libgstreamer-plugins-base1.0-0:amd64 (1.24.2-1ubuntu0.3) ...
2025-12-05T15:10:59.3766695Z Setting up libcacard0:amd64 (1:2.8.0-3build4) ...
2025-12-05T15:10:59.3789105Z Setting up libusbredirhost1t64:amd64 (0.13.0-2.1build1) ...
2025-12-05T15:10:59.3808626Z Setting up libgtksourceview-4-0:amd64 (4.8.4-5build4) ...
2025-12-05T15:10:59.3830321Z Setting up libgstreamer-plugins-good1.0-0:amd64 (1.24.2-1ubuntu1.2) ...
2025-12-05T15:10:59.3850577Z Setting up gstreamer1.0-plugins-base:amd64 (1.24.2-1ubuntu0.3) ...
2025-12-05T15:10:59.3872851Z Setting up libvirt-l10n (10.0.0-2ubuntu8.9) ...
2025-12-05T15:10:59.3934437Z Setting up libnss-mymachines:amd64 (255.4-1ubuntu8.11) ...
2025-12-05T15:10:59.3997114Z Setting up va-driver-all:amd64 (2.20.0-2build1) ...
2025-12-05T15:10:59.4023228Z Setting up libayatana-appindicator3-1 (0.5.93-1build3) ...
2025-12-05T15:10:59.4042417Z Setting up swtpm (0.7.3-0ubuntu5.24.04.1) ...
2025-12-05T15:10:59.4500334Z Setting up libshout3:amd64 (2.4.6-1build2) ...
2025-12-05T15:10:59.4518943Z Setting up libpmemobj1:amd64 (1.13.1-1.1ubuntu2) ...
2025-12-05T15:10:59.4558824Z Setting up libvirt-daemon-driver-qemu (10.0.0-2ubuntu8.9) ...
2025-12-05T15:10:59.4620850Z Setting up librbd1 (19.2.1-0ubuntu0.24.04.2) ...
2025-12-05T15:10:59.4642606Z Setting up libvirt-daemon-system-systemd (10.0.0-2ubuntu8.9) ...
2025-12-05T15:10:59.4707206Z Setting up libjack-jackd2-0:amd64 (1.9.21~dfsg-3ubuntu3) ...
2025-12-05T15:10:59.4736095Z Setting up gir1.2-vte-2.91:amd64 (0.76.0-1ubuntu0.1) ...
2025-12-05T15:10:59.4755634Z Setting up libsndfile1:amd64 (1.2.2-1ubuntu5.24.04.1) ...
2025-12-05T15:10:59.4777154Z Setting up qemu-utils (1:8.2.2+ds-0ubuntu1.10) ...
2025-12-05T15:10:59.4797230Z Setting up libvirt-daemon (10.0.0-2ubuntu8.9) ...
2025-12-05T15:10:59.4861374Z Setting up gir1.2-ayatanaappindicator3-0.1 (0.5.93-1build3) ...
2025-12-05T15:10:59.4886415Z Setting up qemu-block-extra (1:8.2.2+ds-0ubuntu1.10) ...
2025-12-05T15:10:59.5907575Z Created symlink /etc/systemd/system/multi-user.target.wants/run-qemu.mount → /usr/lib/systemd/system/run-qemu.mount.
2025-12-05T15:10:59.5908054Z 
2025-12-05T15:11:00.4466542Z Setting up gir1.2-gtksource-4:amd64 (4.8.4-5build4) ...
2025-12-05T15:11:00.4492893Z Setting up gstreamer1.0-x:amd64 (1.24.2-1ubuntu0.3) ...
2025-12-05T15:11:00.4513652Z Setting up qemu-system-common (1:8.2.2+ds-0ubuntu1.10) ...
2025-12-05T15:11:00.5568982Z Created symlink /etc/systemd/system/multi-user.target.wants/qemu-kvm.service → /usr/lib/systemd/system/qemu-kvm.service.
2025-12-05T15:11:00.5569468Z 
2025-12-05T15:11:00.8687627Z Setting up libpulse0:amd64 (1:16.1+dfsg1-2ubuntu10.1) ...
2025-12-05T15:11:00.8759397Z Setting up libspice-server1:amd64 (0.15.1-1build2) ...
2025-12-05T15:11:00.8786565Z Setting up qemu-system-x86 (1:8.2.2+ds-0ubuntu1.10) ...
2025-12-05T15:11:00.8850433Z Setting up libgvnc-1.0-0:amd64 (1.3.1-1build2) ...
2025-12-05T15:11:00.8870136Z Setting up swtpm-tools (0.7.3-0ubuntu5.24.04.1) ...
2025-12-05T15:11:00.9629237Z info: Selecting GID from range 100 to 999 ...
2025-12-05T15:11:00.9654362Z info: Adding group `swtpm' (GID 119) ...
2025-12-05T15:11:01.0102833Z info: The home dir /var/lib/swtpm you specified can't be accessed: No such file or directory
2025-12-05T15:11:01.0103519Z 
2025-12-05T15:11:01.0136347Z info: Selecting UID from range 100 to 999 ...
2025-12-05T15:11:01.0136826Z 
2025-12-05T15:11:01.0161647Z info: Adding system user `swtpm' (UID 113) ...
2025-12-05T15:11:01.0180275Z info: Adding new user `swtpm' (UID 113) with group `swtpm' ...
2025-12-05T15:11:01.0564310Z info: Not creating home directory `/var/lib/swtpm'.
2025-12-05T15:11:01.0633048Z Setting up libvirt-daemon-system (10.0.0-2ubuntu8.9) ...
2025-12-05T15:11:01.2535766Z useradd warning: libvirt-qemu's uid 64055 is greater than SYS_UID_MAX 999
2025-12-05T15:11:01.6101733Z Enabling libvirt default network
2025-12-05T15:11:01.8139873Z Created symlink /etc/systemd/system/multi-user.target.wants/libvirtd.service → /usr/lib/systemd/system/libvirtd.service.
2025-12-05T15:11:01.8140415Z 
2025-12-05T15:11:01.8141078Z Created symlink /etc/systemd/system/sockets.target.wants/virtlockd.socket → /usr/lib/systemd/system/virtlockd.socket.
2025-12-05T15:11:01.8142071Z 
2025-12-05T15:11:01.8142997Z Created symlink /etc/systemd/system/sockets.target.wants/virtlogd.socket → /usr/lib/systemd/system/virtlogd.socket.
2025-12-05T15:11:01.8143813Z 
2025-12-05T15:11:01.8144584Z Created symlink /etc/systemd/system/sockets.target.wants/libvirtd.socket → /usr/lib/systemd/system/libvirtd.socket.
2025-12-05T15:11:01.8145368Z 
2025-12-05T15:11:01.8146228Z Created symlink /etc/systemd/system/sockets.target.wants/libvirtd-ro.socket → /usr/lib/systemd/system/libvirtd-ro.socket.
2025-12-05T15:11:01.8147094Z 
2025-12-05T15:11:01.8147992Z Created symlink /etc/systemd/system/sockets.target.wants/libvirtd-admin.socket → /usr/lib/systemd/system/libvirtd-admin.socket.
2025-12-05T15:11:01.8148863Z 
2025-12-05T15:11:01.8149910Z Created symlink /etc/systemd/system/sockets.target.wants/virtlockd-admin.socket → /usr/lib/systemd/system/virtlockd-admin.socket.
2025-12-05T15:11:01.8150801Z 
2025-12-05T15:11:01.8151679Z Created symlink /etc/systemd/system/sockets.target.wants/virtlogd-admin.socket → /usr/lib/systemd/system/virtlogd-admin.socket.
2025-12-05T15:11:01.8152715Z 
2025-12-05T15:11:02.2715121Z Created symlink /etc/systemd/system/multi-user.target.wants/libvirt-guests.service → /usr/lib/systemd/system/libvirt-guests.service.
2025-12-05T15:11:02.2716080Z 
2025-12-05T15:11:02.8030753Z Created symlink /etc/systemd/system/multi-user.target.wants/virtlockd.service → /usr/lib/systemd/system/virtlockd.service.
2025-12-05T15:11:02.8032012Z 
2025-12-05T15:11:03.1075388Z Created symlink /etc/systemd/system/multi-user.target.wants/virtlogd.service → /usr/lib/systemd/system/virtlogd.service.
2025-12-05T15:11:03.1076188Z 
2025-12-05T15:11:03.6497171Z Setting up libvirt-daemon dnsmasq configuration.
2025-12-05T15:11:03.6832383Z Setting up libsdl2-2.0-0:amd64 (2.30.0+dfsg-1ubuntu3.1) ...
2025-12-05T15:11:03.6852375Z Setting up libgtk-vnc-2.0-0:amd64 (1.3.1-1build2) ...
2025-12-05T15:11:03.6880106Z Setting up qemu-system-modules-opengl (1:8.2.2+ds-0ubuntu1.10) ...
2025-12-05T15:11:03.6900298Z Setting up qemu-system-gui (1:8.2.2+ds-0ubuntu1.10) ...
2025-12-05T15:11:03.6919107Z Setting up gir1.2-gtk-vnc-2.0:amd64 (1.3.1-1build2) ...
2025-12-05T15:11:03.6943119Z Setting up qemu-system-modules-spice (1:8.2.2+ds-0ubuntu1.10) ...
2025-12-05T15:11:03.7251505Z Processing triggers for dbus (1.14.10-4ubuntu4.1) ...
2025-12-05T15:11:03.7345069Z Processing triggers for shared-mime-info (2.4-4) ...
2025-12-05T15:11:04.5537822Z Processing triggers for install-info (7.1-3build2) ...
2025-12-05T15:11:04.6622137Z Processing triggers for hicolor-icon-theme (0.17-2) ...
2025-12-05T15:11:05.0525847Z Processing triggers for libc-bin (2.39-0ubuntu8.6) ...
2025-12-05T15:11:05.2858887Z Processing triggers for man-db (2.12.0-4build2) ...
2025-12-05T15:11:05.2886078Z Not building database; man-db/auto-update is not 'true'.
2025-12-05T15:11:05.2905897Z Processing triggers for libglib2.0-0t64:amd64 (2.80.0-6ubuntu3.4) ...
2025-12-05T15:11:05.3175728Z Setting up glib-networking:amd64 (2.80.0-1build1) ...
2025-12-05T15:11:05.3239113Z Setting up libsoup-3.0-0:amd64 (3.4.4-5ubuntu0.5) ...
2025-12-05T15:11:05.3273608Z Setting up libphodav-3.0-0:amd64 (3.0-8build3) ...
2025-12-05T15:11:05.3445592Z Setting up libosinfo-1.0-0:amd64 (1.11.0-2build3) ...
2025-12-05T15:11:05.3506476Z Setting up gir1.2-libosinfo-1.0:amd64 (1.11.0-2build3) ...
2025-12-05T15:11:05.3532837Z Setting up libspice-client-glib-2.0-8:amd64 (0.42-2ubuntu2) ...
2025-12-05T15:11:05.3560917Z Setting up virtinst (1:4.1.0-3ubuntu0.1) ...
2025-12-05T15:11:05.5830387Z Setting up gir1.2-spiceclientglib-2.0:amd64 (0.42-2ubuntu2) ...
2025-12-05T15:11:05.5861515Z Setting up gstreamer1.0-plugins-good:amd64 (1.24.2-1ubuntu1.2) ...
2025-12-05T15:11:05.5888871Z Setting up libosinfo-bin (1.11.0-2build3) ...
2025-12-05T15:11:05.5924081Z Setting up virt-manager (1:4.1.0-3ubuntu0.1) ...
2025-12-05T15:11:05.8537605Z Setting up libspice-client-gtk-3.0-5:amd64 (0.42-2ubuntu2) ...
2025-12-05T15:11:05.8571701Z Setting up gir1.2-spiceclientgtk-3.0:amd64 (0.42-2ubuntu2) ...
2025-12-05T15:11:05.8603352Z Setting up virt-viewer (11.0-3build2) ...
2025-12-05T15:11:05.8626931Z Processing triggers for libc-bin (2.39-0ubuntu8.6) ...
2025-12-05T15:11:06.5251268Z 
2025-12-05T15:11:06.5251758Z Running kernel seems to be up-to-date.
2025-12-05T15:11:06.5252336Z 
2025-12-05T15:11:06.5252486Z No services need to be restarted.
2025-12-05T15:11:06.5252755Z 
2025-12-05T15:11:06.5252914Z No containers need to be restarted.
2025-12-05T15:11:06.5253200Z 
2025-12-05T15:11:06.5253368Z No user sessions are running outdated binaries.
2025-12-05T15:11:06.5253675Z 
2025-12-05T15:11:06.5253968Z No VM guests are running outdated hypervisor (qemu) binaries on this host.
2025-12-05T15:11:07.3990034Z Downloading https://github.com/anyvm-org/dragonflybsd-builder/releases/download/v2.0.0/dragonflybsd-6.4.2.qcow2.zst
2025-12-05T15:11:09.2203272Z Checking https://github.com/anyvm-org/dragonflybsd-builder/releases/download/v2.0.0/dragonflybsd-6.4.2.qcow2.zst.1
2025-12-05T15:11:09.4328405Z break
2025-12-05T15:11:09.4342542Z total 255M
2025-12-05T15:11:09.4342956Z drwxr-xr-x 5 runner runner 4.0K Dec  5 15:11 .
2025-12-05T15:11:09.4343449Z drwxr-xr-x 3 runner runner 4.0K Dec  5 15:10 ..
2025-12-05T15:11:09.4343928Z drwxr-xr-x 5 runner runner 4.0K Dec  5 15:10 .github
2025-12-05T15:11:09.4344505Z -rw-r--r-- 1 runner runner 1.1K Nov 30 09:19 LICENSE
2025-12-05T15:11:09.4344895Z -rw-r--r-- 1 runner runner 5.7K Nov 30 09:19 README.md
2025-12-05T15:11:09.4345536Z -rw-r--r-- 1 runner runner 1.2K Nov 30 09:19 action.yml
2025-12-05T15:11:09.4346077Z drwxr-xr-x 2 runner runner 4.0K Dec  5 15:10 conf
2025-12-05T15:11:09.4346717Z -rw-r--r-- 1 runner runner  523 Dec  5 15:10 dragonflybsd-6.4.2.conf
2025-12-05T15:11:09.4347458Z -rw-r--r-- 1 runner runner 255M Dec  5 15:11 dragonflybsd-6.4.2.qcow2.zst
2025-12-05T15:11:09.4348319Z -rw-r--r-- 1 runner runner 5.4K Nov 30 09:19 index.js
2025-12-05T15:11:09.4348864Z drwxr-xr-x 6 runner runner 4.0K Dec  5 15:10 node_modules
2025-12-05T15:11:09.4349297Z -rw-r--r-- 1 runner runner 3.9K Nov 30 09:19 package-lock.json
2025-12-05T15:11:09.4349645Z -rw-r--r-- 1 runner runner  573 Nov 30 09:19 package.json
2025-12-05T15:11:09.4349950Z -rw-r--r-- 1 runner runner 9.4K Nov 30 09:19 run.sh
2025-12-05T15:11:09.4350234Z -rw-r--r-- 1 runner runner  22K Dec  5 15:10 vbox.sh
2025-12-05T15:11:09.4350496Z Download finished, extracting
2025-12-05T15:11:10.6990728Z dragonflybsd-6.4.2.qcow2.zst: 1376649216 bytes 
2025-12-05T15:11:10.7863842Z Extract finished
2025-12-05T15:11:10.7879583Z total 1.3G
2025-12-05T15:11:10.7879921Z drwxr-xr-x 5 runner runner 4.0K Dec  5 15:11 .
2025-12-05T15:11:10.7880401Z drwxr-xr-x 3 runner runner 4.0K Dec  5 15:10 ..
2025-12-05T15:11:10.7880726Z drwxr-xr-x 5 runner runner 4.0K Dec  5 15:10 .github
2025-12-05T15:11:10.7881083Z -rw-r--r-- 1 runner runner 1.1K Nov 30 09:19 LICENSE
2025-12-05T15:11:10.7881648Z -rw-r--r-- 1 runner runner 5.7K Nov 30 09:19 README.md
2025-12-05T15:11:10.7882260Z -rw-r--r-- 1 runner runner 1.2K Nov 30 09:19 action.yml
2025-12-05T15:11:10.7882776Z drwxr-xr-x 2 runner runner 4.0K Dec  5 15:10 conf
2025-12-05T15:11:10.7883340Z -rw-r--r-- 1 runner runner  523 Dec  5 15:10 dragonflybsd-6.4.2.conf
2025-12-05T15:11:10.7883981Z -rw-r--r-- 1 runner runner 1.3G Dec  5 15:11 dragonflybsd-6.4.2.qcow2
2025-12-05T15:11:10.7884427Z -rw-r--r-- 1 runner runner 5.4K Nov 30 09:19 index.js
2025-12-05T15:11:10.7884731Z drwxr-xr-x 6 runner runner 4.0K Dec  5 15:10 node_modules
2025-12-05T15:11:10.7885057Z -rw-r--r-- 1 runner runner 3.9K Nov 30 09:19 package-lock.json
2025-12-05T15:11:10.7885388Z -rw-r--r-- 1 runner runner  573 Nov 30 09:19 package.json
2025-12-05T15:11:10.7885673Z -rw-r--r-- 1 runner runner 9.4K Nov 30 09:19 run.sh
2025-12-05T15:11:10.7885946Z -rw-r--r-- 1 runner runner  22K Dec  5 15:10 vbox.sh
2025-12-05T15:11:10.7886478Z Downloading https://github.com/anyvm-org/dragonflybsd-builder/releases/download/v2.0.0/dragonflybsd-6.4.2-id_rsa.pub
2025-12-05T15:11:11.0575783Z Downloading https://github.com/anyvm-org/dragonflybsd-builder/releases/download/v2.0.0/dragonflybsd-6.4.2-host.id_rsa
2025-12-05T15:11:11.4073538Z total 1.3G
2025-12-05T15:11:11.4073841Z drwxr-xr-x 5 runner runner 4.0K Dec  5 15:11 .
2025-12-05T15:11:11.4074197Z drwxr-xr-x 3 runner runner 4.0K Dec  5 15:10 ..
2025-12-05T15:11:11.4074663Z drwxr-xr-x 5 runner runner 4.0K Dec  5 15:10 .github
2025-12-05T15:11:11.4075239Z -rw-r--r-- 1 runner runner 1.1K Nov 30 09:19 LICENSE
2025-12-05T15:11:11.4075823Z -rw-r--r-- 1 runner runner 5.7K Nov 30 09:19 README.md
2025-12-05T15:11:11.4076391Z -rw-r--r-- 1 runner runner 1.2K Nov 30 09:19 action.yml
2025-12-05T15:11:11.4076890Z drwxr-xr-x 2 runner runner 4.0K Dec  5 15:10 conf
2025-12-05T15:11:11.4077292Z -rw-r--r-- 1 runner runner  523 Dec  5 15:10 dragonflybsd-6.4.2.conf
2025-12-05T15:11:11.4077747Z -rw-r--r-- 1 runner runner 1.3G Dec  5 15:11 dragonflybsd-6.4.2.qcow2
2025-12-05T15:11:11.4078160Z -rw-r--r-- 1 runner runner  411 Nov 29 17:39 host.id_rsa
2025-12-05T15:11:11.4078504Z -rw-r--r-- 1 runner runner  559 Nov 29 17:39 id_rsa.pub
2025-12-05T15:11:11.4078849Z -rw-r--r-- 1 runner runner 5.4K Nov 30 09:19 index.js
2025-12-05T15:11:11.4079215Z drwxr-xr-x 6 runner runner 4.0K Dec  5 15:10 node_modules
2025-12-05T15:11:11.4079608Z -rw-r--r-- 1 runner runner 3.9K Nov 30 09:19 package-lock.json
2025-12-05T15:11:11.4079995Z -rw-r--r-- 1 runner runner  573 Nov 30 09:19 package.json
2025-12-05T15:11:11.4080332Z -rw-r--r-- 1 runner runner 9.4K Nov 30 09:19 run.sh
2025-12-05T15:11:11.4080666Z -rw-r--r-- 1 runner runner  22K Dec  5 15:10 vbox.sh
2025-12-05T15:11:14.2341406Z 
2025-12-05T15:11:14.2342501Z Starting install...
2025-12-05T15:11:14.2343203Z 
2025-12-05T15:11:14.2343482Z Creating domain...                                          |    0 B  00:00     
2025-12-05T15:11:14.2349130Z Domain creation completed.
2025-12-05T15:11:14.2906425Z Domain 'dragonflybsd' is being shutdown
2025-12-05T15:11:14.2908303Z 
2025-12-05T15:11:14.6024732Z Domain 'dragonflybsd' destroyed
2025-12-05T15:11:14.6025031Z 
2025-12-05T15:11:14.6072857Z ##[endgroup]
2025-12-05T15:11:14.6073309Z ##[group]Run onBeforeStartVM
2025-12-05T15:11:14.6073551Z exec shell: bash run.sh onBeforeStartVM 
2025-12-05T15:11:14.6085445Z [command]/usr/bin/bash
2025-12-05T15:11:14.6136008Z VM_RELEASE=6.4.2
2025-12-05T15:11:14.6136341Z VM_ARCH=
2025-12-05T15:11:14.6136708Z VM conf=6.4.2
2025-12-05T15:11:14.6138018Z CONF_LINK=https://raw.githubusercontent.com/anyvm-org/dragonflybsd-builder/v2.0.0/conf/dragonflybsd-6.4.2.conf
2025-12-05T15:11:14.6159567Z Builder conf: dragonflybsd-6.4.2.conf
2025-12-05T15:11:14.6212378Z Skip hooks/onBeforeStartVM.sh
2025-12-05T15:11:14.6219103Z ##[endgroup]
2025-12-05T15:11:14.6219621Z ##[group]Run startVM
2025-12-05T15:11:14.6219954Z exec shell: bash run.sh startVM 
2025-12-05T15:11:14.6237434Z [command]/usr/bin/bash
2025-12-05T15:11:14.6284641Z VM_RELEASE=6.4.2
2025-12-05T15:11:14.6284916Z VM_ARCH=
2025-12-05T15:11:14.6285190Z VM conf=6.4.2
2025-12-05T15:11:14.6287215Z CONF_LINK=https://raw.githubusercontent.com/anyvm-org/dragonflybsd-builder/v2.0.0/conf/dragonflybsd-6.4.2.conf
2025-12-05T15:11:14.6316628Z Builder conf: dragonflybsd-6.4.2.conf
2025-12-05T15:11:15.5369118Z Domain 'dragonflybsd' started
2025-12-05T15:11:15.5370330Z 
2025-12-05T15:11:15.5417827Z First boot
2025-12-05T15:11:15.5418166Z exec shell: bash run.sh waitForVMReady
2025-12-05T15:11:15.5434643Z [command]/usr/bin/bash
2025-12-05T15:11:15.5488168Z VM_RELEASE=6.4.2
2025-12-05T15:11:15.5488813Z VM_ARCH=
2025-12-05T15:11:15.5489110Z VM conf=6.4.2
2025-12-05T15:11:15.5491612Z CONF_LINK=https://raw.githubusercontent.com/anyvm-org/dragonflybsd-builder/v2.0.0/conf/dragonflybsd-6.4.2.conf
2025-12-05T15:11:15.5521078Z Builder conf: dragonflybsd-6.4.2.conf
2025-12-05T15:11:15.5646359Z VM is booting, just wait please
2025-12-05T15:11:17.5847547Z 
2025-12-05T15:11:17.5869256Z next 1
2025-12-05T15:11:17.5870562Z VM is booting, just wait please
2025-12-05T15:11:19.6059255Z 
2025-12-05T15:11:19.6081403Z next 2
2025-12-05T15:11:19.6082306Z VM is booting, just wait please
2025-12-05T15:11:21.6341769Z 
2025-12-05T15:11:21.6366781Z next 3
2025-12-05T15:11:21.6368342Z VM is booting, just wait please
2025-12-05T15:11:23.6580522Z 
2025-12-05T15:11:23.6607430Z next 4
2025-12-05T15:11:23.6608084Z VM is booting, just wait please
2025-12-05T15:11:25.6805768Z 
2025-12-05T15:11:25.6832754Z next 5
2025-12-05T15:11:25.6833744Z VM is booting, just wait please
2025-12-05T15:11:27.7017863Z 
2025-12-05T15:11:27.7045022Z next 6
2025-12-05T15:11:27.7045580Z VM is booting, just wait please
2025-12-05T15:11:29.7242162Z 
2025-12-05T15:11:29.7265347Z next 7
2025-12-05T15:11:29.7266063Z VM is booting, just wait please
2025-12-05T15:11:31.7457907Z 
2025-12-05T15:11:31.7486716Z next 8
2025-12-05T15:11:31.7488228Z VM is booting, just wait please
2025-12-05T15:11:33.7679793Z 
2025-12-05T15:11:33.7707158Z next 9
2025-12-05T15:11:33.7707681Z VM is booting, just wait please
2025-12-05T15:11:35.7904876Z 
2025-12-05T15:11:35.7935104Z next 10
2025-12-05T15:11:35.7935477Z VM is booting, just wait please
2025-12-05T15:11:37.8133964Z 
2025-12-05T15:11:37.8159851Z next 11
2025-12-05T15:11:37.8160479Z VM is booting, just wait please
2025-12-05T15:11:39.8369046Z 
2025-12-05T15:11:39.8394128Z next 12
2025-12-05T15:11:39.8394650Z VM is booting, just wait please
2025-12-05T15:11:41.8588982Z 
2025-12-05T15:11:41.8611048Z next 13
2025-12-05T15:11:41.8611392Z VM is booting, just wait please
2025-12-05T15:11:43.8794999Z 
2025-12-05T15:11:43.8815842Z next 14
2025-12-05T15:11:43.8816342Z VM is booting, just wait please
2025-12-05T15:11:45.8998894Z 
2025-12-05T15:11:45.9019941Z next 15
2025-12-05T15:11:45.9020270Z VM is booting, just wait please
2025-12-05T15:11:47.9245202Z 
2025-12-05T15:11:47.9270782Z next 16
2025-12-05T15:11:47.9271438Z VM is booting, just wait please
2025-12-05T15:11:49.9470073Z 
2025-12-05T15:11:49.9490869Z next 17
2025-12-05T15:11:49.9491223Z VM is booting, just wait please
2025-12-05T15:11:51.9684072Z 
2025-12-05T15:11:51.9712993Z next 18
2025-12-05T15:11:51.9713675Z VM is booting, just wait please
2025-12-05T15:11:53.9928280Z 
2025-12-05T15:11:53.9952448Z next 19
2025-12-05T15:11:53.9953082Z VM is booting, just wait please
2025-12-05T15:11:56.0145318Z 
2025-12-05T15:11:56.0168265Z next 20
2025-12-05T15:11:56.0168639Z VM is booting, just wait please
2025-12-05T15:11:58.0362877Z 
2025-12-05T15:11:58.0383975Z next 21
2025-12-05T15:11:58.0384330Z VM is booting, just wait please
2025-12-05T15:12:00.0577025Z 
2025-12-05T15:12:00.0599643Z next 22
2025-12-05T15:12:00.0600006Z VM is ready!
2025-12-05T15:12:00.0609823Z 192.168.122.248
2025-12-05T15:12:00.0626267Z ##[endgroup]
2025-12-05T15:12:00.0626714Z ##[group]Run onStarted in VM
2025-12-05T15:12:00.0626981Z exec shell: bash run.sh onStarted
2025-12-05T15:12:00.0640029Z [command]/usr/bin/bash
2025-12-05T15:12:00.0694506Z VM_RELEASE=6.4.2
2025-12-05T15:12:00.0695012Z VM_ARCH=
2025-12-05T15:12:00.0695317Z VM conf=6.4.2
2025-12-05T15:12:00.0696787Z CONF_LINK=https://raw.githubusercontent.com/anyvm-org/dragonflybsd-builder/v2.0.0/conf/dragonflybsd-6.4.2.conf
2025-12-05T15:12:00.0719317Z Builder conf: dragonflybsd-6.4.2.conf
2025-12-05T15:12:00.0949099Z read ip from rebooted: 192.168.122.248::endgroup::
2025-12-05T15:12:00.0949714Z ##[group]Initialize files in VM
2025-12-05T15:12:00.0949928Z Setting up VM
2025-12-05T15:12:00.0950388Z exec ssh: mkdir -p /home/runner/work && ln -s /home/runner/work/  work
2025-12-05T15:12:00.0965002Z [command]/usr/bin/bash /home/runner/work/_actions/vmactions/dragonflybsd-vm/v1/run.sh execSSH
2025-12-05T15:12:00.1003147Z VM_RELEASE=6.4.2
2025-12-05T15:12:00.1003867Z VM_ARCH=
2025-12-05T15:12:00.1004125Z VM conf=6.4.2
2025-12-05T15:12:00.1005665Z CONF_LINK=https://raw.githubusercontent.com/anyvm-org/dragonflybsd-builder/v2.0.0/conf/dragonflybsd-6.4.2.conf
2025-12-05T15:12:00.1035074Z Builder conf: dragonflybsd-6.4.2.conf
2025-12-05T15:12:00.1599933Z Pseudo-terminal will not be allocated because stdin is not a terminal.
2025-12-05T15:12:00.2522194Z Warning: Permanently added '192.168.122.248' (ED25519) to the list of known hosts.
2025-12-05T15:12:00.4580486Z Warning: no access to tty (Inappropriate ioctl for device).
2025-12-05T15:12:00.4585059Z Thus no job control in this shell.
2025-12-05T15:12:00.4729034Z Want to see how much virtual memory you're using?  Just type "swapinfo" to
2025-12-05T15:12:00.4729537Z be shown information about the usage of your swap partitions.
2025-12-05T15:12:00.4764858Z exec shell: bash run.sh installRsyncInVM
2025-12-05T15:12:00.4782591Z [command]/usr/bin/bash
2025-12-05T15:12:00.4837090Z VM_RELEASE=6.4.2
2025-12-05T15:12:00.4837414Z VM_ARCH=
2025-12-05T15:12:00.4837661Z VM conf=6.4.2
2025-12-05T15:12:00.4839130Z CONF_LINK=https://raw.githubusercontent.com/anyvm-org/dragonflybsd-builder/v2.0.0/conf/dragonflybsd-6.4.2.conf
2025-12-05T15:12:00.4862028Z Builder conf: dragonflybsd-6.4.2.conf
2025-12-05T15:12:00.7402589Z /usr/local/bin/rsync
2025-12-05T15:12:00.7423924Z exec shell: bash run.sh rsyncToVM
2025-12-05T15:12:00.7435824Z [command]/usr/bin/bash
2025-12-05T15:12:00.7484713Z VM_RELEASE=6.4.2
2025-12-05T15:12:00.7485251Z VM_ARCH=
2025-12-05T15:12:00.7485508Z VM conf=6.4.2
2025-12-05T15:12:00.7487219Z CONF_LINK=https://raw.githubusercontent.com/anyvm-org/dragonflybsd-builder/v2.0.0/conf/dragonflybsd-6.4.2.conf
2025-12-05T15:12:00.7509418Z Builder conf: dragonflybsd-6.4.2.conf
2025-12-05T15:12:01.1184897Z sending incremental file list
2025-12-05T15:12:01.1206324Z ./
2025-12-05T15:12:01.1342899Z _temp/
2025-12-05T15:12:01.1343235Z _temp/_github_workflow/
2025-12-05T15:12:01.1346544Z _temp/_github_workflow/event.json
2025-12-05T15:12:01.1347865Z _temp/_runner_file_commands/
2025-12-05T15:12:01.1349061Z _temp/_runner_file_commands/add_path_1e5d3b39-73cb-4e83-b7e4-df3c3d764687
2025-12-05T15:12:01.1356418Z _temp/_runner_file_commands/add_path_c5438702-fa30-4568-a5d7-4d10b91c36cd
2025-12-05T15:12:01.1357230Z _temp/_runner_file_commands/save_state_1e5d3b39-73cb-4e83-b7e4-df3c3d764687
2025-12-05T15:12:01.1358277Z _temp/_runner_file_commands/save_state_c5438702-fa30-4568-a5d7-4d10b91c36cd
2025-12-05T15:12:01.1359016Z _temp/_runner_file_commands/set_env_1e5d3b39-73cb-4e83-b7e4-df3c3d764687
2025-12-05T15:12:01.1359730Z _temp/_runner_file_commands/set_env_c5438702-fa30-4568-a5d7-4d10b91c36cd
2025-12-05T15:12:01.1360440Z _temp/_runner_file_commands/set_output_1e5d3b39-73cb-4e83-b7e4-df3c3d764687
2025-12-05T15:12:01.1361147Z _temp/_runner_file_commands/set_output_c5438702-fa30-4568-a5d7-4d10b91c36cd
2025-12-05T15:12:01.1362091Z _temp/_runner_file_commands/step_summary_1e5d3b39-73cb-4e83-b7e4-df3c3d764687
2025-12-05T15:12:01.1362681Z _temp/_runner_file_commands/step_summary_c5438702-fa30-4568-a5d7-4d10b91c36cd
2025-12-05T15:12:01.1363255Z tidesdb/
2025-12-05T15:12:01.1363508Z tidesdb/tidesdb/
2025-12-05T15:12:01.1363810Z tidesdb/tidesdb/.clang-format
2025-12-05T15:12:01.1364165Z tidesdb/tidesdb/.gitignore
2025-12-05T15:12:01.1364511Z tidesdb/tidesdb/CMakeLists.txt
2025-12-05T15:12:01.1364879Z tidesdb/tidesdb/CODE_OF_CONDUCT.md
2025-12-05T15:12:01.1365267Z tidesdb/tidesdb/CONTRIBUTING.md
2025-12-05T15:12:01.1365621Z tidesdb/tidesdb/LICENSE
2025-12-05T15:12:01.1365953Z tidesdb/tidesdb/README.md
2025-12-05T15:12:01.1366284Z tidesdb/tidesdb/SECURITY.md
2025-12-05T15:12:01.1366632Z tidesdb/tidesdb/code_formatter.ps1
2025-12-05T15:12:01.1367021Z tidesdb/tidesdb/code_formatter.sh
2025-12-05T15:12:01.1367397Z tidesdb/tidesdb/vcpkg.json
2025-12-05T15:12:01.1367741Z tidesdb/tidesdb/.git/
2025-12-05T15:12:01.1368047Z tidesdb/tidesdb/.git/FETCH_HEAD
2025-12-05T15:12:01.1368406Z tidesdb/tidesdb/.git/HEAD
2025-12-05T15:12:01.1368729Z tidesdb/tidesdb/.git/config
2025-12-05T15:12:01.1369085Z tidesdb/tidesdb/.git/config.worktree
2025-12-05T15:12:01.1369496Z tidesdb/tidesdb/.git/description
2025-12-05T15:12:01.1369849Z tidesdb/tidesdb/.git/index
2025-12-05T15:12:01.1370188Z tidesdb/tidesdb/.git/shallow
2025-12-05T15:12:01.1370534Z tidesdb/tidesdb/.git/hooks/
2025-12-05T15:12:01.1370930Z tidesdb/tidesdb/.git/hooks/applypatch-msg.sample
2025-12-05T15:12:01.1371432Z tidesdb/tidesdb/.git/hooks/commit-msg.sample
2025-12-05T15:12:01.1372119Z tidesdb/tidesdb/.git/hooks/fsmonitor-watchman.sample
2025-12-05T15:12:01.1372633Z tidesdb/tidesdb/.git/hooks/post-update.sample
2025-12-05T15:12:01.1373137Z tidesdb/tidesdb/.git/hooks/pre-applypatch.sample
2025-12-05T15:12:01.1373620Z tidesdb/tidesdb/.git/hooks/pre-commit.sample
2025-12-05T15:12:01.1374108Z tidesdb/tidesdb/.git/hooks/pre-merge-commit.sample
2025-12-05T15:12:01.1374612Z tidesdb/tidesdb/.git/hooks/pre-push.sample
2025-12-05T15:12:01.1375063Z tidesdb/tidesdb/.git/hooks/pre-rebase.sample
2025-12-05T15:12:01.1375524Z tidesdb/tidesdb/.git/hooks/pre-receive.sample
2025-12-05T15:12:01.1376030Z tidesdb/tidesdb/.git/hooks/prepare-commit-msg.sample
2025-12-05T15:12:01.1376561Z tidesdb/tidesdb/.git/hooks/push-to-checkout.sample
2025-12-05T15:12:01.1377083Z tidesdb/tidesdb/.git/hooks/sendemail-validate.sample
2025-12-05T15:12:01.1377568Z tidesdb/tidesdb/.git/hooks/update.sample
2025-12-05T15:12:01.1377985Z tidesdb/tidesdb/.git/info/
2025-12-05T15:12:01.1378331Z tidesdb/tidesdb/.git/info/exclude
2025-12-05T15:12:01.1378725Z tidesdb/tidesdb/.git/logs/
2025-12-05T15:12:01.1379079Z tidesdb/tidesdb/.git/logs/HEAD
2025-12-05T15:12:01.1379471Z tidesdb/tidesdb/.git/logs/refs/
2025-12-05T15:12:01.1379863Z tidesdb/tidesdb/.git/logs/refs/remotes/
2025-12-05T15:12:01.1380295Z tidesdb/tidesdb/.git/logs/refs/remotes/pull/
2025-12-05T15:12:01.1380756Z tidesdb/tidesdb/.git/logs/refs/remotes/pull/469/
2025-12-05T15:12:01.1381269Z tidesdb/tidesdb/.git/logs/refs/remotes/pull/469/merge
2025-12-05T15:12:01.1381732Z tidesdb/tidesdb/.git/objects/
2025-12-05T15:12:01.1382545Z tidesdb/tidesdb/.git/objects/01/
2025-12-05T15:12:01.1383134Z tidesdb/tidesdb/.git/objects/01/c6a8779517e6a086b23d4a16aa8a213ea483e2
2025-12-05T15:12:01.1383807Z tidesdb/tidesdb/.git/objects/04/
2025-12-05T15:12:01.1384345Z tidesdb/tidesdb/.git/objects/04/16cd68029bce3c086fafc17981fb19ffaebff6
2025-12-05T15:12:01.1385014Z tidesdb/tidesdb/.git/objects/07/
2025-12-05T15:12:01.1385912Z tidesdb/tidesdb/.git/objects/07/aa7f48f0cdd1afc1d267fbd0c4fb0b1f3577c8
2025-12-05T15:12:01.1386474Z tidesdb/tidesdb/.git/objects/08/
2025-12-05T15:12:01.1386965Z tidesdb/tidesdb/.git/objects/08/333cf0e1dcb2f81629b6d1b4c3773bbf3f3e6c
2025-12-05T15:12:01.1387503Z tidesdb/tidesdb/.git/objects/0c/
2025-12-05T15:12:01.1388000Z tidesdb/tidesdb/.git/objects/0c/e43d6b20c419bffe61089c429345d52b87ca65
2025-12-05T15:12:01.1388540Z tidesdb/tidesdb/.git/objects/17/
2025-12-05T15:12:01.1389036Z tidesdb/tidesdb/.git/objects/17/0b48fd6106fc87c6df15a1a61686aad312a622
2025-12-05T15:12:01.1389569Z tidesdb/tidesdb/.git/objects/18/
2025-12-05T15:12:01.1390084Z tidesdb/tidesdb/.git/objects/18/b6b1a3d079a8f130b0926ad453c78618776fde
2025-12-05T15:12:01.1390766Z tidesdb/tidesdb/.git/objects/18/e5d4c1e5eefe5b606d623ea7c86adfad1f07a0
2025-12-05T15:12:01.1391307Z tidesdb/tidesdb/.git/objects/1b/
2025-12-05T15:12:01.1391790Z tidesdb/tidesdb/.git/objects/1b/8439b07e328c706bf252c7b0a45a3825ddd321
2025-12-05T15:12:01.1392531Z tidesdb/tidesdb/.git/objects/1d/
2025-12-05T15:12:01.1393134Z tidesdb/tidesdb/.git/objects/1d/a7fe462c077cd859fcf70bd4a7b98901aac5e3
2025-12-05T15:12:01.1393709Z tidesdb/tidesdb/.git/objects/21/
2025-12-05T15:12:01.1394208Z tidesdb/tidesdb/.git/objects/21/3e1ac70da70820e7d2c305bdd6a6050fb98778
2025-12-05T15:12:01.1394738Z tidesdb/tidesdb/.git/objects/26/
2025-12-05T15:12:01.1395227Z tidesdb/tidesdb/.git/objects/26/77993ebf4386e9b59254ed4c958594095373d2
2025-12-05T15:12:01.1395888Z tidesdb/tidesdb/.git/objects/26/a3901460627ff680777917962b6df62b8559d7
2025-12-05T15:12:01.1396545Z tidesdb/tidesdb/.git/objects/26/e622aa5682d5982795310193506038372bcf7f
2025-12-05T15:12:01.1397115Z tidesdb/tidesdb/.git/objects/31/
2025-12-05T15:12:01.1397645Z tidesdb/tidesdb/.git/objects/31/d40e7112add6f843e807314c0c929946401163
2025-12-05T15:12:01.1398181Z tidesdb/tidesdb/.git/objects/32/
2025-12-05T15:12:01.1398667Z tidesdb/tidesdb/.git/objects/32/b9d1f21734768c2340600926da5ff4ddee018a
2025-12-05T15:12:01.1399205Z tidesdb/tidesdb/.git/objects/35/
2025-12-05T15:12:01.1399693Z tidesdb/tidesdb/.git/objects/35/38d6278c8e60b868259115babb87a9bf19e645
2025-12-05T15:12:01.1400225Z tidesdb/tidesdb/.git/objects/39/
2025-12-05T15:12:01.1400727Z tidesdb/tidesdb/.git/objects/39/b97b2fa18caf00fb1b6ceff7fd525d3397ffb6
2025-12-05T15:12:01.1401263Z tidesdb/tidesdb/.git/objects/3b/
2025-12-05T15:12:01.1401752Z tidesdb/tidesdb/.git/objects/3b/24c4f5744bb309086f14a156f0169e2f53c177
2025-12-05T15:12:01.1402637Z tidesdb/tidesdb/.git/objects/3b/f900b5e92fb25345ee453f15fe7659e0f846f8
2025-12-05T15:12:01.1403176Z tidesdb/tidesdb/.git/objects/3e/
2025-12-05T15:12:01.1403726Z tidesdb/tidesdb/.git/objects/3e/38a39184f9cea721c093bcc0f1b5b953ad80b5
2025-12-05T15:12:01.1404272Z tidesdb/tidesdb/.git/objects/42/
2025-12-05T15:12:01.1404763Z tidesdb/tidesdb/.git/objects/42/05fe68e4e37b6b6033925b9462050ca98de64f
2025-12-05T15:12:01.1405292Z tidesdb/tidesdb/.git/objects/4f/
2025-12-05T15:12:01.1405795Z tidesdb/tidesdb/.git/objects/4f/a96cb2da22e3cf136131e162ee4b057c84101c
2025-12-05T15:12:01.1406324Z tidesdb/tidesdb/.git/objects/57/
2025-12-05T15:12:01.1406817Z tidesdb/tidesdb/.git/objects/57/22bd6dc2ef97a07589030cb422a970d5ca36a3
2025-12-05T15:12:01.1407340Z tidesdb/tidesdb/.git/objects/58/
2025-12-05T15:12:01.1407829Z tidesdb/tidesdb/.git/objects/58/e487414f64b51c148fd703f8d57c89f3b6d0ac
2025-12-05T15:12:01.1408358Z tidesdb/tidesdb/.git/objects/63/
2025-12-05T15:12:01.1408848Z tidesdb/tidesdb/.git/objects/63/dcfe3797a10bc50c821ecbf5e439d965916047
2025-12-05T15:12:01.1409384Z tidesdb/tidesdb/.git/objects/64/
2025-12-05T15:12:01.1409867Z tidesdb/tidesdb/.git/objects/64/f65bcf7bb758415b0b618c93d279527b738133
2025-12-05T15:12:01.1410577Z tidesdb/tidesdb/.git/objects/6e/
2025-12-05T15:12:01.1411059Z tidesdb/tidesdb/.git/objects/6e/165951159141c5614a123f3fd0a7fd2f2441a5
2025-12-05T15:12:01.1411586Z tidesdb/tidesdb/.git/objects/72/
2025-12-05T15:12:01.1412247Z tidesdb/tidesdb/.git/objects/72/827e87abbc79de481177308d6b91b254703a45
2025-12-05T15:12:01.1412966Z tidesdb/tidesdb/.git/objects/74/
2025-12-05T15:12:01.1413490Z tidesdb/tidesdb/.git/objects/74/aa1fabd5b755c5d8c7fbb3aa07ac37d63442d6
2025-12-05T15:12:01.1414032Z tidesdb/tidesdb/.git/objects/76/
2025-12-05T15:12:01.1414522Z tidesdb/tidesdb/.git/objects/76/222d4e732c177c3d90ce7e36a742a8668ac6b5
2025-12-05T15:12:01.1415045Z tidesdb/tidesdb/.git/objects/78/
2025-12-05T15:12:01.1415539Z tidesdb/tidesdb/.git/objects/78/fc2e8dbf6db809650fbb59762c5566a71677ca
2025-12-05T15:12:01.1416070Z tidesdb/tidesdb/.git/objects/7c/
2025-12-05T15:12:01.1416557Z tidesdb/tidesdb/.git/objects/7c/dbf898305932fc9d78a7088eb6b821bb7fb955
2025-12-05T15:12:01.1417232Z tidesdb/tidesdb/.git/objects/7c/e3cd2512cd46911bb534a30bfb3fa09f9d6d90
2025-12-05T15:12:01.1417776Z tidesdb/tidesdb/.git/objects/80/
2025-12-05T15:12:01.1418267Z tidesdb/tidesdb/.git/objects/80/8a82472d1df2cfd17d3518f93fc77a7f78a2bb
2025-12-05T15:12:01.1418792Z tidesdb/tidesdb/.git/objects/8d/
2025-12-05T15:12:01.1419287Z tidesdb/tidesdb/.git/objects/8d/2120f121d4237688d3957ca83090bc76f7b3e3
2025-12-05T15:12:01.1419805Z tidesdb/tidesdb/.git/objects/92/
2025-12-05T15:12:01.1420300Z tidesdb/tidesdb/.git/objects/92/91d58aff0dd055c20e1a9ac4c8ea855240bcf3
2025-12-05T15:12:01.1420827Z tidesdb/tidesdb/.git/objects/97/
2025-12-05T15:12:01.1421318Z tidesdb/tidesdb/.git/objects/97/8855243d22e3d18f40d74bd18fdae0014dbf64
2025-12-05T15:12:01.1421995Z tidesdb/tidesdb/.git/objects/99/
2025-12-05T15:12:01.1422571Z tidesdb/tidesdb/.git/objects/99/45c3c6f5d5f06b1b4b0bda0406a52ca5b75e46
2025-12-05T15:12:01.1423120Z tidesdb/tidesdb/.git/objects/9a/
2025-12-05T15:12:01.1423579Z tidesdb/tidesdb/.git/objects/9a/37235fddc4eaf1b5c52e8901f3f005693fe527
2025-12-05T15:12:01.1424131Z tidesdb/tidesdb/.git/objects/9b/
2025-12-05T15:12:01.1424593Z tidesdb/tidesdb/.git/objects/9b/7acc2050f0bd1b6a9995073014fcf98956b2aa
2025-12-05T15:12:01.1425113Z tidesdb/tidesdb/.git/objects/9c/
2025-12-05T15:12:01.1425619Z tidesdb/tidesdb/.git/objects/9c/1974fbd43f528a6de7e6999583524972cfd058
2025-12-05T15:12:01.1426163Z tidesdb/tidesdb/.git/objects/a1/
2025-12-05T15:12:01.1426660Z tidesdb/tidesdb/.git/objects/a1/4cdc00cb48a490a54fcc22ac5936f0efdfa0e5
2025-12-05T15:12:01.1427191Z tidesdb/tidesdb/.git/objects/a7/
2025-12-05T15:12:01.1427680Z tidesdb/tidesdb/.git/objects/a7/565dad6ce187f0d750e18e33235b383bcc3507
2025-12-05T15:12:01.1428205Z tidesdb/tidesdb/.git/objects/bb/
2025-12-05T15:12:01.1428765Z tidesdb/tidesdb/.git/objects/bb/b2821bbca5e8a78da8f5dc9dbba8d453d16c2b
2025-12-05T15:12:01.1429303Z tidesdb/tidesdb/.git/objects/bd/
2025-12-05T15:12:01.1429803Z tidesdb/tidesdb/.git/objects/bd/0572befb1f1eccfc13f706b53939fbd44aff52
2025-12-05T15:12:01.1430337Z tidesdb/tidesdb/.git/objects/c2/
2025-12-05T15:12:01.1430840Z tidesdb/tidesdb/.git/objects/c2/98505d3be006faceab2803df878e3ba48f8982
2025-12-05T15:12:01.1431376Z tidesdb/tidesdb/.git/objects/c8/
2025-12-05T15:12:01.1432045Z tidesdb/tidesdb/.git/objects/c8/07cdefab3cfcb1bdaab6a04cc4618a5cf45fea
2025-12-05T15:12:01.1432611Z tidesdb/tidesdb/.git/objects/cc/
2025-12-05T15:12:01.1433105Z tidesdb/tidesdb/.git/objects/cc/69b3293a6f807017052e82c83be22b76f4c5e3
2025-12-05T15:12:01.1433653Z tidesdb/tidesdb/.git/objects/d2/
2025-12-05T15:12:01.1434134Z tidesdb/tidesdb/.git/objects/d2/1f3e0909a547a02777d540b2c0b7b374702381
2025-12-05T15:12:01.1434665Z tidesdb/tidesdb/.git/objects/d4/
2025-12-05T15:12:01.1435159Z tidesdb/tidesdb/.git/objects/d4/cbd238b29a6e4f375d8f2c6200bae527011aa6
2025-12-05T15:12:01.1435837Z tidesdb/tidesdb/.git/objects/d4/ddf39b891c5c4c3e10f95329817a59b956d469
2025-12-05T15:12:01.1436370Z tidesdb/tidesdb/.git/objects/da/
2025-12-05T15:12:01.1436859Z tidesdb/tidesdb/.git/objects/da/8c83ef665358cbd573943ee6be96f6e9721348
2025-12-05T15:12:01.1437569Z tidesdb/tidesdb/.git/objects/e0/
2025-12-05T15:12:01.1438061Z tidesdb/tidesdb/.git/objects/e0/5e0dbb49954bab9db893f0b1d41c5600a2ad35
2025-12-05T15:12:01.1438596Z tidesdb/tidesdb/.git/objects/e5/
2025-12-05T15:12:01.1439085Z tidesdb/tidesdb/.git/objects/e5/30c0ad0db90763fd0c9de8fe44d1d64303cbe0
2025-12-05T15:12:01.1439755Z tidesdb/tidesdb/.git/objects/e6/
2025-12-05T15:12:01.1440249Z tidesdb/tidesdb/.git/objects/e6/0cc37f13c27ff0668ec2535937df3f4c097ec2
2025-12-05T15:12:01.1440775Z tidesdb/tidesdb/.git/objects/ec/
2025-12-05T15:12:01.1441265Z tidesdb/tidesdb/.git/objects/ec/fa8f8835449b14d09f66c39b433861b84107a1
2025-12-05T15:12:01.1441789Z tidesdb/tidesdb/.git/objects/f4/
2025-12-05T15:12:01.1442447Z tidesdb/tidesdb/.git/objects/f4/0832766362e23918c4660ae34dbeb037beb98f
2025-12-05T15:12:01.1442970Z tidesdb/tidesdb/.git/objects/f8/
2025-12-05T15:12:01.1443462Z tidesdb/tidesdb/.git/objects/f8/e66271d363b3dd69fe66af7b198fe34c4065da
2025-12-05T15:12:01.1443994Z tidesdb/tidesdb/.git/objects/fa/
2025-12-05T15:12:01.1444483Z tidesdb/tidesdb/.git/objects/fa/0086a952236971ab37901954d596efae9f4af6
2025-12-05T15:12:01.1445159Z tidesdb/tidesdb/.git/objects/fa/0d61604c74300ee9b5de01db3f430bbcea4f57
2025-12-05T15:12:01.1445688Z tidesdb/tidesdb/.git/objects/fd/
2025-12-05T15:12:01.1446182Z tidesdb/tidesdb/.git/objects/fd/661eff956f5783825eea7d1de96677f3561800
2025-12-05T15:12:01.1446714Z tidesdb/tidesdb/.git/objects/ff/
2025-12-05T15:12:01.1447208Z tidesdb/tidesdb/.git/objects/ff/99189b76cf12e8db340dbba092b8ec72543bc8
2025-12-05T15:12:01.1447741Z tidesdb/tidesdb/.git/objects/info/
2025-12-05T15:12:01.1448108Z tidesdb/tidesdb/.git/objects/pack/
2025-12-05T15:12:01.1448461Z tidesdb/tidesdb/.git/refs/
2025-12-05T15:12:01.1448782Z tidesdb/tidesdb/.git/refs/heads/
2025-12-05T15:12:01.1449133Z tidesdb/tidesdb/.git/refs/remotes/
2025-12-05T15:12:01.1449495Z tidesdb/tidesdb/.git/refs/remotes/pull/
2025-12-05T15:12:01.1449906Z tidesdb/tidesdb/.git/refs/remotes/pull/469/
2025-12-05T15:12:01.1450345Z tidesdb/tidesdb/.git/refs/remotes/pull/469/merge
2025-12-05T15:12:01.1450775Z tidesdb/tidesdb/.git/refs/tags/
2025-12-05T15:12:01.1451102Z tidesdb/tidesdb/.github/
2025-12-05T15:12:01.1451425Z tidesdb/tidesdb/.github/workflows/
2025-12-05T15:12:01.1452084Z tidesdb/tidesdb/.github/workflows/bsd_illumos_build_test_tidesdb.yml
2025-12-05T15:12:01.1452744Z tidesdb/tidesdb/.github/workflows/build_and_test_tidesdb.yml
2025-12-05T15:12:01.1453294Z tidesdb/tidesdb/.github/workflows/clang_format_check.yml
2025-12-05T15:12:01.1453775Z tidesdb/tidesdb/artwork/
2025-12-05T15:12:01.1454143Z tidesdb/tidesdb/artwork/tidesdb-logo-v0.1.png
2025-12-05T15:12:01.1454596Z tidesdb/tidesdb/artwork/tidesdb-logo-v0.1.svg
2025-12-05T15:12:01.1454992Z tidesdb/tidesdb/bench/
2025-12-05T15:12:01.1455309Z tidesdb/tidesdb/bench/tidesdb__bench.c
2025-12-05T15:12:01.1455673Z tidesdb/tidesdb/cmake/
2025-12-05T15:12:01.1456006Z tidesdb/tidesdb/cmake/TidesDBConfig.cmake.in
2025-12-05T15:12:01.1456409Z tidesdb/tidesdb/external/
2025-12-05T15:12:01.1456733Z tidesdb/tidesdb/external/ini.c
2025-12-05T15:12:01.1457075Z tidesdb/tidesdb/external/ini.h
2025-12-05T15:12:01.1457411Z tidesdb/tidesdb/external/xxhash.c
2025-12-05T15:12:01.1457771Z tidesdb/tidesdb/external/xxhash.h
2025-12-05T15:12:01.1485400Z tidesdb/tidesdb/src/
2025-12-05T15:12:01.1485777Z tidesdb/tidesdb/src/block_manager.c
2025-12-05T15:12:01.1486174Z tidesdb/tidesdb/src/block_manager.h
2025-12-05T15:12:01.1486539Z tidesdb/tidesdb/src/bloom_filter.c
2025-12-05T15:12:01.1486907Z tidesdb/tidesdb/src/bloom_filter.h
2025-12-05T15:12:01.1487256Z tidesdb/tidesdb/src/buffer.c
2025-12-05T15:12:01.1487586Z tidesdb/tidesdb/src/buffer.h
2025-12-05T15:12:01.1487917Z tidesdb/tidesdb/src/compat.h
2025-12-05T15:12:01.1488252Z tidesdb/tidesdb/src/compress.c
2025-12-05T15:12:01.1488586Z tidesdb/tidesdb/src/compress.h
2025-12-05T15:12:01.1488918Z tidesdb/tidesdb/src/lru.c
2025-12-05T15:12:01.1489224Z tidesdb/tidesdb/src/lru.h
2025-12-05T15:12:01.1489537Z tidesdb/tidesdb/src/queue.c
2025-12-05T15:12:01.1489857Z tidesdb/tidesdb/src/queue.h
2025-12-05T15:12:01.1490384Z tidesdb/tidesdb/src/skip_list.c
2025-12-05T15:12:01.1490730Z tidesdb/tidesdb/src/skip_list.h
2025-12-05T15:12:01.1491069Z tidesdb/tidesdb/src/succinct_trie.c
2025-12-05T15:12:01.1494565Z tidesdb/tidesdb/src/succinct_trie.h
2025-12-05T15:12:01.1494994Z tidesdb/tidesdb/src/tidesdb.c
2025-12-05T15:12:01.1579102Z tidesdb/tidesdb/src/tidesdb.h
2025-12-05T15:12:01.1579837Z tidesdb/tidesdb/src/tidesdb_version.h.in
2025-12-05T15:12:01.1581245Z tidesdb/tidesdb/test/
2025-12-05T15:12:01.1581647Z tidesdb/tidesdb/test/block_manager__tests.c
2025-12-05T15:12:01.1603886Z tidesdb/tidesdb/test/bloom_filter__tests.c
2025-12-05T15:12:01.1604787Z tidesdb/tidesdb/test/buffer__tests.c
2025-12-05T15:12:01.1605315Z tidesdb/tidesdb/test/compress__tests.c
2025-12-05T15:12:01.1605730Z tidesdb/tidesdb/test/lru__tests.c
2025-12-05T15:12:01.1606209Z tidesdb/tidesdb/test/queue__tests.c
2025-12-05T15:12:01.1634407Z tidesdb/tidesdb/test/skip_list__tests.c
2025-12-05T15:12:01.1656606Z tidesdb/tidesdb/test/succinct_trie__tests.c
2025-12-05T15:12:01.1657120Z tidesdb/tidesdb/test/test_macros.h
2025-12-05T15:12:01.1657522Z tidesdb/tidesdb/test/test_utils.h
2025-12-05T15:12:01.1657921Z tidesdb/tidesdb/test/tidesdb__tests.c
2025-12-05T15:12:01.2729739Z 
2025-12-05T15:12:01.2730570Z sent 2,313,115 bytes  received 3,343 bytes  1,544,305.33 bytes/sec
2025-12-05T15:12:01.2732087Z total size is 2,297,989  speedup is 0.99
2025-12-05T15:12:01.2745141Z OK, Ready!
2025-12-05T15:12:01.2746106Z ##[endgroup]
2025-12-05T15:12:01.2751548Z envs:
2025-12-05T15:12:01.2754472Z ##[group]Run onInitialized in VM
2025-12-05T15:12:01.2754965Z exec shell: bash run.sh onInitialized
2025-12-05T15:12:01.2769440Z [command]/usr/bin/bash
2025-12-05T15:12:01.2824586Z VM_RELEASE=6.4.2
2025-12-05T15:12:01.2825154Z VM_ARCH=
2025-12-05T15:12:01.2825478Z VM conf=6.4.2
2025-12-05T15:12:01.2826703Z CONF_LINK=https://raw.githubusercontent.com/anyvm-org/dragonflybsd-builder/v2.0.0/conf/dragonflybsd-6.4.2.conf
2025-12-05T15:12:01.2849738Z Builder conf: dragonflybsd-6.4.2.conf
2025-12-05T15:12:01.2910092Z ##[endgroup]
2025-12-05T15:12:01.2910816Z ##[group]Run 'prepare' in VM
2025-12-05T15:12:01.2911275Z Running prepare: mkdir -p /usr/local/etc/pkg/repos
2025-12-05T15:12:01.2912581Z echo 'Avalon: { enabled: no }' > /usr/local/etc/pkg/repos/df-latest.conf
2025-12-05T15:12:01.2913752Z echo 'AUTO: { url: "https://pkg.dragonflybsd.org/pkg/$''{ABI}/LATEST", mirror_type: HTTP, enabled: yes }' >> /usr/local/etc/pkg/repos/df-latest.conf
2025-12-05T15:12:01.2914791Z pkg install -y cmake pkgconf liblz4 zstd snappy
2025-12-05T15:12:01.2915150Z 
2025-12-05T15:12:01.2915342Z exec ssh: mkdir -p /usr/local/etc/pkg/repos
2025-12-05T15:12:01.2915943Z echo 'Avalon: { enabled: no }' > /usr/local/etc/pkg/repos/df-latest.conf
2025-12-05T15:12:01.2917057Z echo 'AUTO: { url: "https://pkg.dragonflybsd.org/pkg/$''{ABI}/LATEST", mirror_type: HTTP, enabled: yes }' >> /usr/local/etc/pkg/repos/df-latest.conf
2025-12-05T15:12:01.2918094Z pkg install -y cmake pkgconf liblz4 zstd snappy
2025-12-05T15:12:01.2926110Z [command]/usr/bin/bash /home/runner/work/_actions/vmactions/dragonflybsd-vm/v1/run.sh execSSH
2025-12-05T15:12:01.2961195Z VM_RELEASE=6.4.2
2025-12-05T15:12:01.2961527Z VM_ARCH=
2025-12-05T15:12:01.2961780Z VM conf=6.4.2
2025-12-05T15:12:01.2963896Z CONF_LINK=https://raw.githubusercontent.com/anyvm-org/dragonflybsd-builder/v2.0.0/conf/dragonflybsd-6.4.2.conf
2025-12-05T15:12:01.2985940Z Builder conf: dragonflybsd-6.4.2.conf
2025-12-05T15:12:01.3076566Z Pseudo-terminal will not be allocated because stdin is not a terminal.
2025-12-05T15:12:01.5874899Z Warning: no access to tty (Inappropriate ioctl for device).
2025-12-05T15:12:01.5875785Z Thus no job control in this shell.
2025-12-05T15:12:01.5918940Z You can install extra packages for DragonFly BSD by using the dports system.
2025-12-05T15:12:01.5920260Z If you have installed it, you can download, compile, and install software by
2025-12-05T15:12:01.5921038Z just typing
2025-12-05T15:12:01.5921281Z 
2025-12-05T15:12:01.5921749Z 	# cd /usr/dports/<category>/<package name>
2025-12-05T15:12:01.5922379Z 	# make install clean
2025-12-05T15:12:01.5922528Z 
2025-12-05T15:12:01.5922765Z as root.   The dports infrastructure will download the software, change it so
2025-12-05T15:12:01.5923339Z it works on DragonFly BSD, compile it, install it, register the installation
2025-12-05T15:12:01.5924171Z so it will be possible to automatically uninstall it, and clean out the
2025-12-05T15:12:01.5924696Z temporary working space it used.  You can remove an installed package you
2025-12-05T15:12:01.5925134Z decide you do not want after all by typing
2025-12-05T15:12:01.5925353Z 
2025-12-05T15:12:01.5925476Z 	# cd /usr/dports/<category>/<package name>
2025-12-05T15:12:01.5925765Z 	# make deinstall
2025-12-05T15:12:01.5925894Z 
2025-12-05T15:12:01.5925974Z as root.
2025-12-05T15:12:01.6758716Z Updating AUTO repository catalogue...
2025-12-05T15:12:01.9965704Z Fetching meta.conf: . done
2025-12-05T15:12:02.3178979Z Fetching data.pkg: .......... done
2025-12-05T15:12:05.0722241Z Processing entries: .......... done
2025-12-05T15:12:05.0730197Z AUTO repository update completed. 31136 packages processed.
2025-12-05T15:12:05.4870274Z All repositories are up to date.
2025-12-05T15:12:05.6894358Z The following 8 package(s) will be affected (of 0 checked):
2025-12-05T15:12:05.6895319Z 
2025-12-05T15:12:05.6895726Z New packages to be INSTALLED:
2025-12-05T15:12:05.6896225Z 	cmake: 3.29.6
2025-12-05T15:12:05.6896589Z 	cmake-core: 3.29.6
2025-12-05T15:12:05.6896942Z 	cmake-doc: 3.29.6
2025-12-05T15:12:05.6897256Z 	cmake-man: 3.29.6
2025-12-05T15:12:05.6897593Z 	libarchive: 3.7.4,1
2025-12-05T15:12:05.6897986Z 	pkgconf: 2.2.0,2
2025-12-05T15:12:05.6898311Z 	rhash: 1.4.4_1
2025-12-05T15:12:05.6898798Z 	snappy: 1.2.1
2025-12-05T15:12:05.6899002Z 
2025-12-05T15:12:05.6899202Z Number of packages to be installed: 8
2025-12-05T15:12:05.6899523Z 
2025-12-05T15:12:05.6899648Z The process will require 91 MiB more space.
2025-12-05T15:12:05.6899957Z 21 MiB to be downloaded.
2025-12-05T15:12:05.6928675Z [1/8] Fetching cmake-3.29.6.pkg: . done
2025-12-05T15:12:05.7649981Z [2/8] Fetching snappy-1.2.1.pkg: ... done
2025-12-05T15:12:05.7946760Z [3/8] Fetching cmake-man-3.29.6.pkg: .......... done
2025-12-05T15:12:05.9522680Z [4/8] Fetching cmake-doc-3.29.6.pkg: .......... done
2025-12-05T15:12:06.0420277Z [5/8] Fetching libarchive-3.7.4,1.pkg: ... done
2025-12-05T15:12:06.2794406Z [6/8] Fetching cmake-core-3.29.6.pkg: .......... done
2025-12-05T15:12:06.4602812Z [7/8] Fetching pkgconf-2.2.0,2.pkg: .. done
2025-12-05T15:12:06.5353202Z [8/8] Fetching rhash-1.4.4_1.pkg: .. done
2025-12-05T15:12:06.7017985Z Checking integrity... done (0 conflicting)
2025-12-05T15:12:06.7058366Z [1/8] Installing libarchive-3.7.4,1...
2025-12-05T15:12:06.7646489Z [1/8] Extracting libarchive-3.7.4,1: .......... done
2025-12-05T15:12:06.8030760Z [2/8] Installing rhash-1.4.4_1...
2025-12-05T15:12:06.8295933Z [2/8] Extracting rhash-1.4.4_1: .......... done
2025-12-05T15:12:06.8851774Z [3/8] Installing cmake-man-3.29.6...
2025-12-05T15:12:06.9161486Z [3/8] Extracting cmake-man-3.29.6: .......... done
2025-12-05T15:12:06.9600992Z [4/8] Installing cmake-doc-3.29.6...
2025-12-05T15:12:09.4011539Z [4/8] Extracting cmake-doc-3.29.6: .......... done
2025-12-05T15:12:09.4587848Z [5/8] Installing cmake-core-3.29.6...
2025-12-05T15:12:11.9913274Z [5/8] Extracting cmake-core-3.29.6: .......... done
2025-12-05T15:12:12.0150204Z [6/8] Installing cmake-3.29.6...
2025-12-05T15:12:12.0236408Z [7/8] Installing snappy-1.2.1...
2025-12-05T15:12:12.0320406Z [7/8] Extracting snappy-1.2.1: .......... done
2025-12-05T15:12:12.0757871Z [8/8] Installing pkgconf-2.2.0,2...
2025-12-05T15:12:12.0883093Z [8/8] Extracting pkgconf-2.2.0,2: .......... done
2025-12-05T15:12:12.1610273Z ##[endgroup]
2025-12-05T15:12:12.1610943Z ##[group]Run 'run' in VM
2025-12-05T15:12:12.1611347Z run: echo "====================================="
2025-12-05T15:12:12.1612067Z echo "System Information"
2025-12-05T15:12:12.1612697Z echo "====================================="
2025-12-05T15:12:12.1671512Z uname -a
2025-12-05T15:12:12.1671722Z 
2025-12-05T15:12:12.1671998Z echo ""
2025-12-05T15:12:12.1672277Z echo "====================================="
2025-12-05T15:12:12.1672705Z echo "Portability Check"
2025-12-05T15:12:12.1673072Z echo "====================================="
2025-12-05T15:12:12.1673767Z if [ -f /usr/include/sys/sysinfo.h ]; then
2025-12-05T15:12:12.1674501Z   echo "✓ sys/sysinfo.h exists (Linux compatibility)"
2025-12-05T15:12:12.1674905Z else
2025-12-05T15:12:12.1675258Z   echo "✓ Using BSD sysctl() for memory info"
2025-12-05T15:12:12.1675655Z fi
2025-12-05T15:12:12.1675802Z 
2025-12-05T15:12:12.1675902Z echo ""
2025-12-05T15:12:12.1676172Z echo "====================================="
2025-12-05T15:12:12.1676570Z echo "Configure CMake"
2025-12-05T15:12:12.1676888Z echo "====================================="
2025-12-05T15:12:12.1677489Z export PKG_CONFIG_PATH=/usr/local/lib/pkgconfig:/usr/local/libdata/pkgconfig
2025-12-05T15:12:12.1678057Z cmake -S . -B build \
2025-12-05T15:12:12.1678399Z   -DTIDESDB_BUILD_TESTS=ON \
2025-12-05T15:12:12.1678767Z   -DTIDESDB_WITH_SANITIZER=OFF
2025-12-05T15:12:12.1679009Z 
2025-12-05T15:12:12.1679113Z echo ""
2025-12-05T15:12:12.1679385Z echo "====================================="
2025-12-05T15:12:12.1679776Z echo "Build"
2025-12-05T15:12:12.1680083Z echo "====================================="
2025-12-05T15:12:12.1680512Z cmake --build build --config Release
2025-12-05T15:12:12.1680877Z 
2025-12-05T15:12:12.1680981Z echo ""
2025-12-05T15:12:12.1681259Z echo "====================================="
2025-12-05T15:12:12.1681644Z echo "Run Tests"
2025-12-05T15:12:12.1682146Z echo "====================================="
2025-12-05T15:12:12.1682522Z cd build
2025-12-05T15:12:12.1682937Z ctest -V --output-on-failure --timeout 1800 --build-config Release
2025-12-05T15:12:12.1683359Z 
2025-12-05T15:12:12.1683499Z exec ssh: cd $GITHUB_WORKSPACE;
2025-12-05T15:12:12.1683888Z echo "====================================="
2025-12-05T15:12:12.1684303Z echo "System Information"
2025-12-05T15:12:12.1684662Z echo "====================================="
2025-12-05T15:12:12.1685048Z uname -a
2025-12-05T15:12:12.1685198Z 
2025-12-05T15:12:12.1685299Z echo ""
2025-12-05T15:12:12.1685573Z echo "====================================="
2025-12-05T15:12:12.1685977Z echo "Portability Check"
2025-12-05T15:12:12.1686340Z echo "====================================="
2025-12-05T15:12:12.1686762Z if [ -f /usr/include/sys/sysinfo.h ]; then
2025-12-05T15:12:12.1687373Z   echo "✓ sys/sysinfo.h exists (Linux compatibility)"
2025-12-05T15:12:12.1687805Z else
2025-12-05T15:12:12.1688195Z   echo "✓ Using BSD sysctl() for memory info"
2025-12-05T15:12:12.1688641Z fi
2025-12-05T15:12:12.1688810Z 
2025-12-05T15:12:12.1688933Z echo ""
2025-12-05T15:12:12.1689228Z echo "====================================="
2025-12-05T15:12:12.1689552Z echo "Configure CMake"
2025-12-05T15:12:12.1689747Z echo "====================================="
2025-12-05T15:12:12.1690280Z export PKG_CONFIG_PATH=/usr/local/lib/pkgconfig:/usr/local/libdata/pkgconfig
2025-12-05T15:12:12.1690975Z cmake -S . -B build \
2025-12-05T15:12:12.1691259Z   -DTIDESDB_BUILD_TESTS=ON \
2025-12-05T15:12:12.1691492Z   -DTIDESDB_WITH_SANITIZER=OFF
2025-12-05T15:12:12.1691637Z 
2025-12-05T15:12:12.1691699Z echo ""
2025-12-05T15:12:12.1692092Z echo "====================================="
2025-12-05T15:12:12.1692494Z echo "Build"
2025-12-05T15:12:12.1692831Z echo "====================================="
2025-12-05T15:12:12.1693250Z cmake --build build --config Release
2025-12-05T15:12:12.1693524Z 
2025-12-05T15:12:12.1693625Z echo ""
2025-12-05T15:12:12.1693895Z echo "====================================="
2025-12-05T15:12:12.1694260Z echo "Run Tests"
2025-12-05T15:12:12.1694565Z echo "====================================="
2025-12-05T15:12:12.1694939Z cd build
2025-12-05T15:12:12.1695377Z ctest -V --output-on-failure --timeout 1800 --build-config Release
2025-12-05T15:12:12.1696235Z [command]/usr/bin/bash /home/runner/work/_actions/vmactions/dragonflybsd-vm/v1/run.sh execSSH
2025-12-05T15:12:12.1697195Z VM_RELEASE=6.4.2
2025-12-05T15:12:12.1697495Z VM_ARCH=
2025-12-05T15:12:12.1697736Z VM conf=6.4.2
2025-12-05T15:12:12.1698473Z CONF_LINK=https://raw.githubusercontent.com/anyvm-org/dragonflybsd-builder/v2.0.0/conf/dragonflybsd-6.4.2.conf
2025-12-05T15:12:12.1699509Z Builder conf: dragonflybsd-6.4.2.conf
2025-12-05T15:12:12.1788765Z Pseudo-terminal will not be allocated because stdin is not a terminal.
2025-12-05T15:12:12.4630798Z Warning: no access to tty (Inappropriate ioctl for device).
2025-12-05T15:12:12.4631459Z Thus no job control in this shell.
2025-12-05T15:12:12.4741370Z Need to find the location of a program?  Use "locate program_name".
2025-12-05T15:12:12.4742170Z 		-- Dru <genesis@istar.ca>
2025-12-05T15:12:12.4746547Z =====================================
2025-12-05T15:12:12.4746937Z System Information
2025-12-05T15:12:12.4747274Z =====================================
2025-12-05T15:12:12.4766346Z DragonFly  6.4-RELEASE DragonFly v6.4.2-RELEASE #11: Fri May  9 14:08:53 EDT 2025     root@www.shiningsilence.com:/usr/obj/home/justin/release/6_4/sys/X86_64_GENERIC  x86_64
2025-12-05T15:12:12.4770304Z 
2025-12-05T15:12:12.4770556Z =====================================
2025-12-05T15:12:12.4770916Z Portability Check
2025-12-05T15:12:12.4771195Z =====================================
2025-12-05T15:12:12.4778423Z if: Expression Syntax.
2025-12-05T15:12:12.4818255Z then: Command not found.
2025-12-05T15:12:12.4861672Z exec shell: bash run.sh showDebugInfo
2025-12-05T15:12:12.4884976Z [command]/usr/bin/bash
2025-12-05T15:12:12.4960972Z VM_RELEASE=6.4.2
2025-12-05T15:12:12.4963302Z VM_ARCH=
2025-12-05T15:12:12.4964028Z VM conf=6.4.2
2025-12-05T15:12:12.4964979Z CONF_LINK=https://raw.githubusercontent.com/anyvm-org/dragonflybsd-builder/v2.0.0/conf/dragonflybsd-6.4.2.conf
2025-12-05T15:12:12.4998189Z Builder conf: dragonflybsd-6.4.2.conf
2025-12-05T15:12:12.5077472Z ==================Debug Info====================
2025-12-05T15:12:12.5078226Z /home/runner/work/_actions/vmactions/dragonflybsd-vm/v1
2025-12-05T15:12:12.5096646Z total 1.5G
2025-12-05T15:12:12.5097667Z drwxr-xr-x 5 runner       runner 4.0K Dec  5 15:11 .
2025-12-05T15:12:12.5098646Z drwxr-xr-x 3 runner       runner 4.0K Dec  5 15:10 ..
2025-12-05T15:12:12.5099624Z drwxr-xr-x 5 runner       runner 4.0K Dec  5 15:10 .github
2025-12-05T15:12:12.5100500Z -rw-r--r-- 1 runner       runner 1.1K Nov 30 09:19 LICENSE
2025-12-05T15:12:12.5101098Z -rw-r--r-- 1 runner       runner 5.7K Nov 30 09:19 README.md
2025-12-05T15:12:12.5101723Z -rw-r--r-- 1 runner       runner 1.2K Nov 30 09:19 action.yml
2025-12-05T15:12:12.5102578Z drwxr-xr-x 2 runner       runner 4.0K Dec  5 15:10 conf
2025-12-05T15:12:12.5103322Z -rw-r--r-- 1 runner       runner  523 Dec  5 15:10 dragonflybsd-6.4.2.conf
2025-12-05T15:12:12.5104230Z -rw-r--r-- 1 libvirt-qemu kvm    1.5G Dec  5 15:12 dragonflybsd-6.4.2.qcow2
2025-12-05T15:12:12.5104968Z -rw-r--r-- 1 runner       runner  411 Nov 29 17:39 host.id_rsa
2025-12-05T15:12:12.5105573Z -rw-r--r-- 1 runner       runner  559 Nov 29 17:39 id_rsa.pub
2025-12-05T15:12:12.5106111Z -rw-r--r-- 1 runner       runner 5.4K Nov 30 09:19 index.js
2025-12-05T15:12:12.5106713Z drwxr-xr-x 6 runner       runner 4.0K Dec  5 15:10 node_modules
2025-12-05T15:12:12.5107320Z -rw-r--r-- 1 runner       runner 3.9K Nov 30 09:19 package-lock.json
2025-12-05T15:12:12.5107947Z -rw-r--r-- 1 runner       runner  573 Nov 30 09:19 package.json
2025-12-05T15:12:12.5108497Z -rw-r--r-- 1 runner       runner 9.4K Nov 30 09:19 run.sh
2025-12-05T15:12:12.5109058Z -rw-r--r-- 1 runner       runner  22K Dec  5 15:10 vbox.sh
2025-12-05T15:12:12.5332846Z USER         PID %CPU %MEM    VSZ   RSS TTY      STAT START   TIME COMMAND
2025-12-05T15:12:12.5339636Z root           1  3.5  0.0  23132 14024 ?        Ss   15:09   0:05 /sbin/init
2025-12-05T15:12:12.5340212Z root           2  0.0  0.0      0     0 ?        S    15:09   0:00 [kthreadd]
2025-12-05T15:12:12.5340768Z root           3  0.0  0.0      0     0 ?        S    15:09   0:00 [pool_workqueue_release]
2025-12-05T15:12:12.5347377Z root           4  0.0  0.0      0     0 ?        I<   15:09   0:00 [kworker/R-rcu_gp]
2025-12-05T15:12:12.5348001Z root           5  0.0  0.0      0     0 ?        I<   15:09   0:00 [kworker/R-sync_wq]
2025-12-05T15:12:12.5348802Z root           6  0.0  0.0      0     0 ?        I<   15:09   0:00 [kworker/R-slub_flushwq]
2025-12-05T15:12:12.5349402Z root           7  0.0  0.0      0     0 ?        I<   15:09   0:00 [kworker/R-netns]
2025-12-05T15:12:12.5349955Z root           8  0.0  0.0      0     0 ?        I    15:09   0:00 [kworker/0:0-events]
2025-12-05T15:12:12.5350527Z root           9  0.1  0.0      0     0 ?        I    15:09   0:00 [kworker/0:1-cgroup_destroy]
2025-12-05T15:12:12.5351138Z root          10  0.0  0.0      0     0 ?        I<   15:09   0:00 [kworker/0:0H-events_highpri]
2025-12-05T15:12:12.5351774Z root          11  0.2  0.0      0     0 ?        I    15:09   0:00 [kworker/u16:0-events_power_efficient]
2025-12-05T15:12:12.5352604Z root          12  0.0  0.0      0     0 ?        I<   15:09   0:00 [kworker/R-mm_percpu_wq]
2025-12-05T15:12:12.5353184Z root          13  0.0  0.0      0     0 ?        I    15:09   0:00 [rcu_tasks_rude_kthread]
2025-12-05T15:12:12.5353756Z root          14  0.0  0.0      0     0 ?        I    15:09   0:00 [rcu_tasks_trace_kthread]
2025-12-05T15:12:12.5354387Z root          15  0.0  0.0      0     0 ?        S    15:09   0:00 [ksoftirqd/0]
2025-12-05T15:12:12.5354953Z root          16  0.0  0.0      0     0 ?        I    15:09   0:00 [rcu_sched]
2025-12-05T15:12:12.5355549Z root          17  0.0  0.0      0     0 ?        S    15:09   0:00 [rcu_exp_par_gp_kthread_worker/0]
2025-12-05T15:12:12.5356172Z root          18  0.0  0.0      0     0 ?        S    15:09   0:00 [rcu_exp_gp_kthread_worker]
2025-12-05T15:12:12.5356757Z root          19  0.0  0.0      0     0 ?        S    15:09   0:00 [migration/0]
2025-12-05T15:12:12.5357303Z root          20  0.0  0.0      0     0 ?        S    15:09   0:00 [idle_inject/0]
2025-12-05T15:12:12.5358580Z root          21  0.0  0.0      0     0 ?        S    15:09   0:00 [cpuhp/0]
2025-12-05T15:12:12.5359122Z root          22  0.0  0.0      0     0 ?        S    15:09   0:00 [cpuhp/2]
2025-12-05T15:12:12.5359658Z root          23  0.0  0.0      0     0 ?        S    15:09   0:00 [idle_inject/2]
2025-12-05T15:12:12.5360230Z root          24  0.3  0.0      0     0 ?        S    15:09   0:00 [migration/2]
2025-12-05T15:12:12.5360880Z root          25  0.0  0.0      0     0 ?        S    15:09   0:00 [ksoftirqd/2]
2025-12-05T15:12:12.5361583Z root          26  0.0  0.0      0     0 ?        I    15:09   0:00 [kworker/2:0-cgroup_destroy]
2025-12-05T15:12:12.5362543Z root          27  0.0  0.0      0     0 ?        I<   15:09   0:00 [kworker/2:0H-events_highpri]
2025-12-05T15:12:12.5363139Z root          28  0.0  0.0      0     0 ?        S    15:09   0:00 [cpuhp/1]
2025-12-05T15:12:12.5363692Z root          29  0.0  0.0      0     0 ?        S    15:09   0:00 [idle_inject/1]
2025-12-05T15:12:12.5364242Z root          30  0.3  0.0      0     0 ?        S    15:09   0:00 [migration/1]
2025-12-05T15:12:12.5364773Z root          31  0.0  0.0      0     0 ?        S    15:09   0:00 [ksoftirqd/1]
2025-12-05T15:12:12.5365333Z root          32  0.0  0.0      0     0 ?        I    15:09   0:00 [kworker/1:0-cgroup_destroy]
2025-12-05T15:12:12.5365940Z root          33  0.0  0.0      0     0 ?        I<   15:09   0:00 [kworker/1:0H-events_highpri]
2025-12-05T15:12:12.5366525Z root          34  0.0  0.0      0     0 ?        S    15:09   0:00 [cpuhp/3]
2025-12-05T15:12:12.5367134Z root          35  0.0  0.0      0     0 ?        S    15:09   0:00 [idle_inject/3]
2025-12-05T15:12:12.5367683Z root          36  0.3  0.0      0     0 ?        S    15:09   0:00 [migration/3]
2025-12-05T15:12:12.5368237Z root          37  0.0  0.0      0     0 ?        S    15:09   0:00 [ksoftirqd/3]
2025-12-05T15:12:12.5368804Z root          38  0.0  0.0      0     0 ?        I    15:09   0:00 [kworker/3:0-events]
2025-12-05T15:12:12.5369646Z root          39  0.0  0.0      0     0 ?        I<   15:09   0:00 [kworker/3:0H-events_highpri]
2025-12-05T15:12:12.5370222Z root          40  0.0  0.0      0     0 ?        S    15:09   0:00 [kdevtmpfs]
2025-12-05T15:12:12.5370781Z root          41  0.0  0.0      0     0 ?        I<   15:09   0:00 [kworker/R-inet_frag_wq]
2025-12-05T15:12:12.5371497Z root          42  0.0  0.0      0     0 ?        S    15:09   0:00 [kauditd]
2025-12-05T15:12:12.5372232Z root          43  0.0  0.0      0     0 ?        S    15:09   0:00 [khungtaskd]
2025-12-05T15:12:12.5372776Z root          44  0.0  0.0      0     0 ?        S    15:09   0:00 [oom_reaper]
2025-12-05T15:12:12.5373356Z root          45  0.0  0.0      0     0 ?        I    15:09   0:00 [kworker/u16:1-ext4-rsv-conversion]
2025-12-05T15:12:12.5373984Z root          46  0.3  0.0      0     0 ?        I    15:09   0:00 [kworker/u16:2-flush-8:16]
2025-12-05T15:12:12.5374560Z root          47  0.0  0.0      0     0 ?        I<   15:09   0:00 [kworker/R-writeback]
2025-12-05T15:12:12.5375126Z root          48  0.0  0.0      0     0 ?        S    15:09   0:00 [kcompactd0]
2025-12-05T15:12:12.5375683Z root          49  0.0  0.0      0     0 ?        SN   15:09   0:00 [ksmd]
2025-12-05T15:12:12.5379005Z root          50  0.0  0.0      0     0 ?        SN   15:09   0:00 [khugepaged]
2025-12-05T15:12:12.5379619Z root          51  0.0  0.0      0     0 ?        I<   15:09   0:00 [kworker/R-kintegrityd]
2025-12-05T15:12:12.5380086Z root          52  0.0  0.0      0     0 ?        I<   15:09   0:00 [kworker/R-kblockd]
2025-12-05T15:12:12.5380511Z root          53  0.0  0.0      0     0 ?        I<   15:09   0:00 [kworker/R-blkcg_punt_bio]
2025-12-05T15:12:12.5381185Z root          54  0.0  0.0      0     0 ?        S    15:09   0:00 [irq/9-acpi]
2025-12-05T15:12:12.5381765Z root          55  0.0  0.0      0     0 ?        I    15:09   0:00 [kworker/2:1-cgroup_destroy]
2025-12-05T15:12:12.5382430Z root          56  0.0  0.0      0     0 ?        I    15:09   0:00 [kworker/1:1-events]
2025-12-05T15:12:12.5382755Z root          57  0.1  0.0      0     0 ?        I    15:09   0:00 [kworker/3:1-cgroup_destroy]
2025-12-05T15:12:12.5383079Z root          58  0.0  0.0      0     0 ?        I<   15:09   0:00 [kworker/R-tpm_dev_wq]
2025-12-05T15:12:12.5383404Z root          59  0.0  0.0      0     0 ?        I<   15:09   0:00 [kworker/R-ata_sff]
2025-12-05T15:12:12.5383934Z root          60  0.0  0.0      0     0 ?        I<   15:09   0:00 [kworker/R-md]
2025-12-05T15:12:12.5384589Z root          61  0.0  0.0      0     0 ?        I<   15:09   0:00 [kworker/R-md_bitmap]
2025-12-05T15:12:12.5385284Z root          62  0.0  0.0      0     0 ?        I<   15:09   0:00 [kworker/R-edac-poller]
2025-12-05T15:12:12.5385974Z root          63  0.0  0.0      0     0 ?        I<   15:09   0:00 [kworker/R-hv_vmbus_con]
2025-12-05T15:12:12.5386602Z root          64  0.0  0.0      0     0 ?        I<   15:09   0:00 [kworker/R-hv_vmbus_rescind]
2025-12-05T15:12:12.5387236Z root          65  0.0  0.0      0     0 ?        I<   15:09   0:00 [kworker/R-hv_pri_chan]
2025-12-05T15:12:12.5387771Z root          66  0.0  0.0      0     0 ?        I<   15:09   0:00 [kworker/R-hv_sub_chan]
2025-12-05T15:12:12.5388102Z root          67  0.0  0.0      0     0 ?        I<   15:09   0:00 [kworker/R-devfreq_wq]
2025-12-05T15:12:12.5388418Z root          68  0.0  0.0      0     0 ?        S    15:09   0:00 [watchdogd]
2025-12-05T15:12:12.5388722Z root          69  0.0  0.0      0     0 ?        I<   15:09   0:00 [kworker/2:1H-kblockd]
2025-12-05T15:12:12.5389030Z root          70  0.0  0.0      0     0 ?        S    15:09   0:00 [kswapd0]
2025-12-05T15:12:12.5389328Z root          71  0.0  0.0      0     0 ?        S    15:09   0:00 [ecryptfs-kthread]
2025-12-05T15:12:12.5389639Z root          72  0.0  0.0      0     0 ?        I<   15:09   0:00 [kworker/R-kthrotld]
2025-12-05T15:12:12.5389947Z root          73  0.0  0.0      0     0 ?        I<   15:09   0:00 [kworker/R-nfit]
2025-12-05T15:12:12.5390434Z root          74  0.0  0.0      0     0 ?        S    15:09   0:00 [scsi_eh_0]
2025-12-05T15:12:12.5390770Z root          75  0.5  0.0      0     0 ?        I    15:09   0:00 [kworker/u16:3-events_power_efficient]
2025-12-05T15:12:12.5391107Z root          76  0.0  0.0      0     0 ?        S    15:09   0:00 [scsi_eh_1]
2025-12-05T15:12:12.5391520Z root          77  0.0  0.0      0     0 ?        I<   15:09   0:00 [kworker/R-scsi_tmf_0]
2025-12-05T15:12:12.5392079Z root          78  0.2  0.0      0     0 ?        I    15:09   0:00 [kworker/u16:4-ext4-rsv-conversion]
2025-12-05T15:12:12.5392411Z root          79  0.0  0.0      0     0 ?        S    15:09   0:00 [scsi_eh_2]
2025-12-05T15:12:12.5392705Z root          80  0.0  0.0      0     0 ?        I<   15:09   0:00 [kworker/R-scsi_tmf_1]
2025-12-05T15:12:12.5393002Z root          81  0.0  0.0      0     0 ?        S    15:09   0:00 [scsi_eh_3]
2025-12-05T15:12:12.5393286Z root          82  0.0  0.0      0     0 ?        I<   15:09   0:00 [kworker/R-scsi_tmf_3]
2025-12-05T15:12:12.5393591Z root          83  0.0  0.0      0     0 ?        I<   15:09   0:00 [kworker/R-scsi_tmf_2]
2025-12-05T15:12:12.5393898Z root          84  0.0  0.0      0     0 ?        I    15:09   0:00 [kworker/u16:5-flush-8:16]
2025-12-05T15:12:12.5394219Z root          85  0.0  0.0      0     0 ?        I<   15:09   0:00 [kworker/R-nvme-wq]
2025-12-05T15:12:12.5394537Z root          86  0.0  0.0      0     0 ?        I<   15:09   0:00 [kworker/R-nvme-reset-wq]
2025-12-05T15:12:12.5394987Z root          87  0.0  0.0      0     0 ?        I<   15:09   0:00 [kworker/R-nvme-delete-wq]
2025-12-05T15:12:12.5395621Z root          88  0.0  0.0      0     0 ?        I<   15:09   0:00 [kworker/R-nvme-auth-wq]
2025-12-05T15:12:12.5396176Z root          89  0.0  0.0      0     0 ?        S    15:09   0:00 [scsi_eh_4]
2025-12-05T15:12:12.5396701Z root          90  0.0  0.0      0     0 ?        I<   15:09   0:00 [kworker/R-scsi_tmf_4]
2025-12-05T15:12:12.5397221Z root          91  0.0  0.0      0     0 ?        S    15:09   0:00 [scsi_eh_5]
2025-12-05T15:12:12.5397755Z root          92  0.0  0.0      0     0 ?        I<   15:09   0:00 [kworker/R-scsi_tmf_5]
2025-12-05T15:12:12.5398342Z root          93  0.3  0.0      0     0 ?        I    15:09   0:00 [kworker/u16:6-events_power_efficient]
2025-12-05T15:12:12.5398965Z root          94  0.0  0.0      0     0 ?        S    15:09   0:00 [hv_balloon]
2025-12-05T15:12:12.5399497Z root          95  0.0  0.0      0     0 ?        I<   15:09   0:00 [kworker/R-mld]
2025-12-05T15:12:12.5400061Z root          96  0.0  0.0      0     0 ?        I<   15:09   0:00 [kworker/1:1H-kblockd]
2025-12-05T15:12:12.5400647Z root          97  0.0  0.0      0     0 ?        I<   15:09   0:00 [kworker/R-ipv6_addrconf]
2025-12-05T15:12:12.5401236Z root         104  0.0  0.0      0     0 ?        I<   15:09   0:00 [kworker/R-kstrp]
2025-12-05T15:12:12.5403578Z root         106  0.0  0.0      0     0 ?        I<   15:09   0:00 [kworker/u17:0]
2025-12-05T15:12:12.5404178Z root         119  0.1  0.0      0     0 ?        S    15:09   0:00 [jbd2/sdb1-8]
2025-12-05T15:12:12.5404774Z root         120  0.0  0.0      0     0 ?        I<   15:09   0:00 [kworker/R-ext4-rsv-conversion]
2025-12-05T15:12:12.5405410Z root         121  0.0  0.0      0     0 ?        I    15:09   0:00 [kworker/0:2-cgwb_release]
2025-12-05T15:12:12.5406118Z root         122  0.0  0.0      0     0 ?        I<   15:09   0:00 [kworker/0:1H-kblockd]
2025-12-05T15:12:12.5406721Z root         163  0.0  0.0      0     0 ?        I<   15:09   0:00 [kworker/3:1H-kblockd]
2025-12-05T15:12:12.5407391Z root         172  0.2  0.1  83552 17888 ?        S<s  15:09   0:00 /usr/lib/systemd/systemd-journald
2025-12-05T15:12:12.5408043Z root         188  0.0  0.0      0     0 ?        I    15:09   0:00 [kworker/3:2-events]
2025-12-05T15:12:12.5409152Z root         194  0.0  0.0      0     0 ?        I<   15:09   0:00 [kworker/R-kmpathd]
2025-12-05T15:12:12.5413743Z root         195  0.0  0.0      0     0 ?        I<   15:09   0:00 [kworker/R-kmpath_handlerd]
2025-12-05T15:12:12.5414574Z root         213  0.0  0.0      0     0 ?        I    15:09   0:00 [kworker/0:3-events]
2025-12-05T15:12:12.5415196Z root         226  0.0  0.0      0     0 ?        I    15:09   0:00 [kworker/2:2-cgroup_destroy]
2025-12-05T15:12:12.5416125Z root         235  0.0  0.2 305372 43576 ?        SLsl 15:09   0:00 /sbin/multipathd -d -s
2025-12-05T15:12:12.5416887Z root         241  0.1  0.0  26244  7532 ?        Ss   15:09   0:00 /usr/lib/systemd/systemd-udevd
2025-12-05T15:12:12.5417552Z root         242  0.0  0.0      0     0 ?        I    15:09   0:00 [kworker/1:2-events]
2025-12-05T15:12:12.5418107Z root         253  0.0  0.0      0     0 ?        S    15:09   0:00 [psimon]
2025-12-05T15:12:12.5418663Z root         351  0.0  0.0      0     0 ?        I<   15:09   0:00 [kworker/R-cryptd]
2025-12-05T15:12:12.5419220Z root         377  0.0  0.0      0     0 ?        I    15:09   0:00 [kworker/1:3-events]
2025-12-05T15:12:12.5419912Z root         380  0.1  0.0   3840  2752 ?        Ss   15:09   0:00 /usr/lib/linux-tools/6.11.0-1018-azure/hv_kvp_daemon -n
2025-12-05T15:12:12.5420617Z root         394  0.0  0.0      0     0 ?        S    15:09   0:00 [jbd2/sdb16-8]
2025-12-05T15:12:12.5421228Z root         395  0.0  0.0      0     0 ?        I<   15:09   0:00 [kworker/R-ext4-rsv-conversion]
2025-12-05T15:12:12.5422207Z systemd+     506  0.0  0.0  21588 12804 ?        Ss   15:09   0:00 /usr/lib/systemd/systemd-resolved
2025-12-05T15:12:12.5423034Z root         549  0.1  0.0   8484  4956 ?        Ss   15:09   0:00 /usr/sbin/haveged --Foreground --verbose=1
2025-12-05T15:12:12.5423808Z systemd+     685  0.0  0.0  22544  9792 ?        Ss   15:09   0:00 /usr/lib/systemd/systemd-networkd
2025-12-05T15:12:12.5424470Z root         741  0.0  0.0      0     0 ?        S    15:09   0:00 [jbd2/sda1-8]
2025-12-05T15:12:12.5425092Z root         742  0.0  0.0      0     0 ?        I<   15:09   0:00 [kworker/R-ext4-rsv-conversion]
2025-12-05T15:12:12.5426101Z message+     813  0.3  0.0  10232  5484 ?        Ss   15:09   0:00 @dbus-daemon --system --address=systemd: --nofork --nopidfile --systemd-activation --syslog-only
2025-12-05T15:12:12.5427368Z root         818  0.0  0.1  32520 20712 ?        Ss   15:09   0:00 /usr/bin/python3 /usr/bin/networkd-dispatcher --run-startup-triggers
2025-12-05T15:12:12.5428395Z root         820  0.0  0.3 295248 51948 ?        Ss   15:09   0:00 php-fpm: master process (/etc/php/8.3/fpm/php-fpm.conf)
2025-12-05T15:12:12.5429282Z polkitd      825  0.0  0.0 340932  7952 ?        Ssl  15:09   0:00 /usr/lib/polkit-1/polkitd --no-debug
2025-12-05T15:12:12.5430120Z root         847  0.1  0.0  19024  9844 ?        Ss   15:09   0:00 /usr/lib/systemd/systemd-logind
2025-12-05T15:12:12.5430864Z root         850  0.0  0.0 518236 13240 ?        Ssl  15:09   0:00 /usr/libexec/udisks2/udisksd
2025-12-05T15:12:12.5433995Z root         851  0.2  0.2  44124 35036 ?        Ss   15:09   0:00 /usr/bin/python3 -u /usr/sbin/waagent -daemon
2025-12-05T15:12:12.5434464Z root         875  0.0  0.0   7224  2628 ?        Ss   15:09   0:00 /usr/sbin/cron -f -P
2025-12-05T15:12:12.5434977Z root         897  0.0  0.0   6148  2044 ttyS0    Ss+  15:09   0:00 /sbin/agetty -o -p -- \u --keep-baud 115200,57600,38400,9600 - vt220
2025-12-05T15:12:12.5435878Z root         899  0.0  0.2 1928696 46324 ?       Ssl  15:09   0:00 /usr/bin/containerd
2025-12-05T15:12:12.5436755Z root         907  0.0  0.0   6104  1980 tty1     Ss+  15:09   0:00 /sbin/agetty -o -p -- \u --noclear - linux
2025-12-05T15:12:12.5437435Z syslog       911  0.0  0.0 230700  6044 ?        Ssl  15:09   0:00 /usr/sbin/rsyslogd -n -iNONE
2025-12-05T15:12:12.5437842Z _chrony      934  0.0  0.0  11204  3540 ?        S    15:09   0:00 /usr/sbin/chronyd -F 1
2025-12-05T15:12:12.5438210Z _chrony      943  0.0  0.0  11072  1256 ?        S    15:09   0:00 /usr/sbin/chronyd -F 1
2025-12-05T15:12:12.5438583Z root        1029  0.0  0.0 432984 12352 ?        Ssl  15:09   0:00 /usr/sbin/ModemManager
2025-12-05T15:12:12.5439169Z runner      1059  0.1  0.0  20388 11272 ?        Ss   15:09   0:00 /usr/lib/systemd/systemd --user
2025-12-05T15:12:12.5439566Z root        1063  0.0  0.0      0     0 ?        I    15:09   0:00 [kworker/0:4-cgroup_destroy]
2025-12-05T15:12:12.5439926Z runner      1091  0.0  0.0  21156  3572 ?        S    15:09   0:00 (sd-pam)
2025-12-05T15:12:12.5440543Z root        1098  0.1  0.4 2127076 73896 ?       Ssl  15:09   0:00 /usr/bin/dockerd -H fd:// --containerd=/run/containerd/containerd.sock
2025-12-05T15:12:12.5441051Z www-data    1100  0.0  0.1 295748 21320 ?        S    15:09   0:00 php-fpm: pool www
2025-12-05T15:12:12.5441432Z www-data    1102  0.0  0.1 295748 21408 ?        S    15:09   0:00 php-fpm: pool www
2025-12-05T15:12:12.5441780Z root        1397  0.0  0.0      0     0 ?        I    15:09   0:00 [kworker/1:4]
2025-12-05T15:12:12.5442598Z root        1398  0.0  0.0      0     0 ?        I    15:09   0:00 [kworker/1:5]
2025-12-05T15:12:12.5443193Z root        1547  0.0  0.0      0     0 ?        I    15:09   0:00 [kworker/2:3-events]
2025-12-05T15:12:12.5443889Z root        1562  0.0  0.0      0     0 ?        I<   15:09   0:00 [kworker/R-tls-strp]
2025-12-05T15:12:12.5444470Z root        1569  0.5  0.2 453512 36520 ?        Sl   15:09   0:00 /usr/bin/python3 -u bin/WALinuxAgent-2.15.0.1-py3.12.egg -run-exthandlers
2025-12-05T15:12:12.5445008Z runner      1917  0.0  0.1 1235468 16736 ?       Ssl  15:10   0:00 /opt/hca/hosted-compute-agent
2025-12-05T15:12:12.5445443Z root        1930  0.0  0.0  17136  6960 ?        S    15:10   0:00 sudo -E -n /tmp/provjobd1914810777
2025-12-05T15:12:12.5445836Z root        1933  1.0  0.2 1258880 34768 ?       Sl   15:10   0:01 /tmp/provjobd1914810777
2025-12-05T15:12:12.5446316Z runner      1956  1.1  0.6 274344804 99636 ?     Sl   15:10   0:01 /home/runner/actions-runner/cached/bin/Runner.Listener run
2025-12-05T15:12:12.5446923Z runner      1971  2.7  0.7 274755204 128232 ?    Sl   15:10   0:03 /home/runner/actions-runner/cached/bin/Runner.Worker spawnclient 142 145
2025-12-05T15:12:12.5447929Z runner      2107  0.2  0.3 1065752 51352 ?       Sl   15:10   0:00 /home/runner/actions-runner/cached/externals/node20/bin/node /home/runner/work/_actions/vmactions/dragonflybsd-vm/v1/index.js
2025-12-05T15:12:12.5449400Z root        2458  0.0  0.1 405840 20624 ?        Ssl  15:10   0:00 /usr/libexec/packagekitd
2025-12-05T15:12:12.5450200Z root        5012  0.0  0.0  17584  7912 ?        Ss   15:11   0:00 /usr/lib/systemd/systemd-machined
2025-12-05T15:12:12.5450981Z root        5013  0.7  0.1 1817152 32232 ?       Ssl  15:11   0:00 /usr/sbin/libvirtd --timeout 120
2025-12-05T15:12:12.5452822Z libvirt+    5112  0.0  0.0  11484  2388 ?        S    15:11   0:00 /usr/sbin/dnsmasq --conf-file=/var/lib/libvirt/dnsmasq/default.conf --leasefile-ro --dhcp-script=/usr/lib/libvirt/libvirt_leaseshelper
2025-12-05T15:12:12.5454719Z root        5113  0.0  0.0  11484  1768 ?        S    15:11   0:00 /usr/sbin/dnsmasq --conf-file=/var/lib/libvirt/dnsmasq/default.conf --leasefile-ro --dhcp-script=/usr/lib/libvirt/libvirt_leaseshelper
2025-12-05T15:12:12.5455391Z root        5210  0.0  0.0      0     0 ?        S    15:11   0:00 [psimon]
2025-12-05T15:12:12.5455729Z root        5248  0.0  0.0  71712 15140 ?        Ss   15:11   0:00 /usr/sbin/virtlockd
2025-12-05T15:12:12.5456091Z root        5251  0.0  0.0  71716 15556 ?        Ss   15:11   0:00 /usr/sbin/virtlogd
2025-12-05T15:12:12.5466168Z libvirt+    5677 94.3 14.9 7388548 2450228 ?     Sl   15:11   0:54 /usr/bin/qemu-system-x86_64 -name guest=dragonflybsd,debug-threads=on -S -object {"qom-type":"secret","id":"masterKey0","format":"raw","file":"/var/lib/libvirt/qemu/domain-2-dragonflybsd/master-key.aes"} -machine pc-i440fx-noble,usb=off,dump-guest-core=off,memory-backend=pc.ram,hpet=off,acpi=on -accel kvm -cpu host,migratable=on -m size=6291456k -object {"qom-type":"memory-backend-ram","id":"pc.ram","size":6442450944} -overcommit mem-lock=off -smp 4,sockets=4,cores=1,threads=1 -uuid 895e8728-d053-492b-83ca-d508da27906b -no-user-config -nodefaults -chardev socket,id=charmonitor,fd=32,server=on,wait=off -mon chardev=charmonitor,id=monitor,mode=control -rtc base=utc,driftfix=slew -global kvm-pit.lost_tick_policy=delay -no-shutdown -global PIIX4_PM.disable_s3=1 -global PIIX4_PM.disable_s4=1 -boot strict=on -device {"driver":"ich9-usb-ehci1","id":"usb","bus":"pci.0","addr":"0x4.0x7"} -device {"driver":"ich9-usb-uhci1","masterbus":"usb.0","firstport":0,"bus":"pci.0","multifunction":true,"addr":"0x4"} -device {"driver":"ich9-usb-uhci2","masterbus":"usb.0","firstport":2,"bus":"pci.0","addr":"0x4.0x1"} -device {"driver":"ich9-usb-uhci3","masterbus":"usb.0","firstport":4,"bus":"pci.0","addr":"0x4.0x2"} -blockdev {"driver":"file","filename":"/home/runner/work/_actions/vmactions/dragonflybsd-vm/v1/dragonflybsd-6.4.2.qcow2","node-name":"libvirt-1-storage","auto-read-only":true,"discard":"unmap"} -blockdev {"node-name":"libvirt-1-format","read-only":false,"driver":"qcow2","file":"libvirt-1-storage","backing":null} -device {"driver":"ide-hd","bus":"ide.0","unit":0,"drive":"libvirt-1-format","id":"ide0-0-0","bootindex":1} -netdev {"type":"tap","fd":"33","id":"hostnet0"} -device {"driver":"e1000","netdev":"hostnet0","id":"net0","mac":"52:54:00:f6:72:db","bus":"pci.0","addr":"0x3"} -chardev pty,id=charserial0 -device {"driver":"isa-serial","chardev":"charserial0","id":"serial0","index":0} -device {"driver":"usb-tablet","id":"input0","bus":"usb.0","port":"1"} -audiodev {"id":"audio1","driver":"none"} -vnc 0.0.0.0:0,audiodev=audio1 -device {"driver":"VGA","id":"video0","vgamem_mb":16,"bus":"pci.0","addr":"0x2"} -device {"driver":"virtio-balloon-pci","id":"balloon0","bus":"pci.0","addr":"0x5"} -sandbox on,obsolete=deny,elevateprivileges=deny,spawn=deny,resourcecontrol=deny -msg timestamp=on
2025-12-05T15:12:12.5477987Z root        5688  0.0  0.0      0     0 ?        S    15:11   0:00 [kvm-pit/5677]
2025-12-05T15:12:12.5478863Z root        5804  0.0  0.0  12020  8040 ?        Ss   15:11   0:00 sshd: /usr/sbin/sshd -D [listener] 0 of 10-100 startups
2025-12-05T15:12:12.5479669Z runner      6202  0.0  0.0   7748  3408 ?        S    15:12   0:00 /usr/bin/bash
2025-12-05T15:12:12.5480257Z runner      6203  0.0  0.0   8012  3744 ?        S    15:12   0:00 bash run.sh showDebugInfo
2025-12-05T15:12:12.5480968Z root        6222  0.0  0.0  17144  6960 ?        S    15:12   0:00 sudo ps aux
2025-12-05T15:12:12.5481535Z root        6226  100  0.0  11452  4376 ?        R    15:12   0:00 ps aux
2025-12-05T15:12:12.5482136Z /home/runner/work/_actions/vmactions/dragonflybsd-vm/v1
2025-12-05T15:12:12.5482418Z total 40K
2025-12-05T15:12:12.5482610Z drwx------  3 runner runner 4.0K Dec  5 15:12 .
2025-12-05T15:12:12.5482884Z drwxr-xr-x 14 runner runner 4.0K Dec  5 15:12 ..
2025-12-05T15:12:12.5483187Z -rw-------  1 runner runner  559 Dec  5 15:11 authorized_keys
2025-12-05T15:12:12.5483495Z -rw-r--r--  1 runner runner   79 Dec  5 15:12 config
2025-12-05T15:12:12.5483779Z drwxr-xr-x  2 runner runner 4.0K Dec  5 15:12 config.d
2025-12-05T15:12:12.5484073Z -rw-------  1 runner runner  411 Dec  5 15:11 host.id_rsa
2025-12-05T15:12:12.5484349Z -rw-------  1 runner runner  411 Dec  5 15:12 id_rsa
2025-12-05T15:12:12.5484625Z -rw-r--r--  1 runner runner  102 Dec  5 15:12 id_rsa.pub
2025-12-05T15:12:12.5485047Z -rw-------  1 runner runner  978 Dec  5 15:12 known_hosts
2025-12-05T15:12:12.5485643Z -rw-r--r--  1 runner runner  142 Dec  5 15:12 known_hosts.old
2025-12-05T15:12:12.5486077Z 
2025-12-05T15:12:12.5486231Z Include config.d/*
2025-12-05T15:12:12.5486582Z StrictHostKeyChecking=accept-new
2025-12-05T15:12:12.5487039Z SendEnv   CI  GITHUB_* 
2025-12-05T15:12:12.5487283Z 
2025-12-05T15:12:12.5487291Z 
2025-12-05T15:12:12.5487760Z VM_ISO_LINK="https://mirror-master.dragonflybsd.org/iso-images/dfly-x86_64-6.4.2_REL.iso"
2025-12-05T15:12:12.5488504Z VM_OS_NAME="dragonflybsd"
2025-12-05T15:12:12.5488921Z VM_OS_TYPE="dragonflybsd5.6"
2025-12-05T15:12:12.5489277Z VM_SSH_PORT=2226
2025-12-05T15:12:12.5489466Z 
2025-12-05T15:12:12.5489472Z 
2025-12-05T15:12:12.5489616Z VM_RELEASE=6.4.2
2025-12-05T15:12:12.5490082Z 
2025-12-05T15:12:12.5490259Z VM_SHUTDOWN_CMD="/sbin/shutdown -p now"
2025-12-05T15:12:12.5490584Z 
2025-12-05T15:12:12.5490751Z VM_INSTALL_CMD="pkg install -y "
2025-12-05T15:12:12.5491042Z 
2025-12-05T15:12:12.5491163Z VM_RSYNC_PKG="rsync"
2025-12-05T15:12:12.5491396Z VM_SSHFS_PKG="fusefs-sshfs"
2025-12-05T15:12:12.5491696Z VM_PRE_INSTALL_PKGS="tree rsync"
2025-12-05T15:12:12.5492953Z 
2025-12-05T15:12:12.5493074Z VM_DISK="ide"
2025-12-05T15:12:12.5493216Z 
2025-12-05T15:12:12.5493221Z 
2025-12-05T15:12:12.5493352Z VM_LOGIN_TAG="logi"
2025-12-05T15:12:12.5493557Z 
2025-12-05T15:12:12.5493670Z VM_OPTS="conf/dragonflybsd-6.4.0.opts.txt"
2025-12-05T15:12:12.5493853Z 
2025-12-05T15:12:12.5493919Z VM_VBOX="./vbox.sh"
2025-12-05T15:12:12.5494024Z 
2025-12-05T15:12:12.5494235Z VM_VBOX_LINK="https://raw.githubusercontent.com/vmactions/vbox/v1.1.5/vbox.sh"
2025-12-05T15:12:12.5494688Z 
2025-12-05T15:12:12.5494691Z 
2025-12-05T15:12:12.5494786Z ===================Debug Info in VM=============
2025-12-05T15:12:12.8810716Z /root
2025-12-05T15:12:12.8823413Z total 10
2025-12-05T15:12:12.8824254Z drwx------  1 root  wheel     0B Dec  5 15:12 .
2025-12-05T15:12:12.8824787Z drwxr-xr-x  1 root  wheel     0B Nov 29 17:38 ..
2025-12-05T15:12:12.8825350Z -rw-r--r--  1 root  wheel   994B May  9  2025 .cshrc
2025-12-05T15:12:12.8825853Z -rw-------  1 root  wheel   1.1K Dec  5 15:12 .history
2025-12-05T15:12:12.8826369Z -rw-r--r--  1 root  wheel   335B May  9  2025 .login
2025-12-05T15:12:12.8826866Z -rw-r--r--  1 root  wheel   851B May  9  2025 .profile
2025-12-05T15:12:12.8827362Z drw-------  1 root  wheel     0B Dec  5 15:11 .ssh
2025-12-05T15:12:12.8827935Z lrwxr-xr-x  1 root  wheel    18B Dec  5 15:12 work -> /home/runner/work/
2025-12-05T15:12:12.8834679Z root
2025-12-05T15:12:12.8850914Z .
2025-12-05T15:12:12.8851359Z `-- work -> /home/runner/work/
2025-12-05T15:12:12.8851646Z 
2025-12-05T15:12:12.8851794Z 2 directories, 0 files
2025-12-05T15:12:12.8869001Z ================================================
2025-12-05T15:12:12.8878367Z ##[endgroup]
2025-12-05T15:12:12.8902264Z ##[error]The process '/usr/bin/bash' failed with exit code 1
2025-12-05T15:12:12.9014448Z Post job cleanup.
2025-12-05T15:12:12.9973055Z [command]/usr/bin/git version
2025-12-05T15:12:13.0008569Z git version 2.52.0
2025-12-05T15:12:13.0052618Z Temporarily overriding HOME='/home/runner/work/_temp/fdf3657c-af98-4acc-aadf-aeb294e6866b' before making global git config changes
2025-12-05T15:12:13.0053816Z Adding repository directory to the temporary git global config as a safe directory
2025-12-05T15:12:13.0065611Z [command]/usr/bin/git config --global --add safe.directory /home/runner/work/tidesdb/tidesdb
2025-12-05T15:12:13.0099541Z [command]/usr/bin/git config --local --name-only --get-regexp core\.sshCommand
2025-12-05T15:12:13.0133745Z [command]/usr/bin/git submodule foreach --recursive sh -c "git config --local --name-only --get-regexp 'core\.sshCommand' && git config --local --unset-all 'core.sshCommand' || :"
2025-12-05T15:12:13.0365404Z [command]/usr/bin/git config --local --name-only --get-regexp http\.https\:\/\/github\.com\/\.extraheader
2025-12-05T15:12:13.0385273Z http.https://github.com/.extraheader
2025-12-05T15:12:13.0398386Z [command]/usr/bin/git config --local --unset-all http.https://github.com/.extraheader
2025-12-05T15:12:13.0429844Z [command]/usr/bin/git submodule foreach --recursive sh -c "git config --local --name-only --get-regexp 'http\.https\:\/\/github\.com\/\.extraheader' && git config --local --unset-all 'http.https://github.com/.extraheader' || :"
2025-12-05T15:12:13.0654092Z [command]/usr/bin/git config --local --name-only --get-regexp ^includeIf\.gitdir:
2025-12-05T15:12:13.0685498Z [command]/usr/bin/git submodule foreach --recursive git config --local --show-origin --name-only --get-regexp remote.origin.url
2025-12-05T15:12:13.1014436Z Cleaning up orphan processes