2025-12-05T15:10:22.2332834Z Current runner version: '2.329.0'
2025-12-05T15:10:22.2357525Z ##[group]Runner Image Provisioner
2025-12-05T15:10:22.2358345Z Hosted Compute Agent
2025-12-05T15:10:22.2358837Z Version: 20251124.448
2025-12-05T15:10:22.2359545Z Commit: fda5086b43ec66ade217e5fcd18146c879571177
2025-12-05T15:10:22.2360228Z Build Date: 2025-11-24T21:16:26Z
2025-12-05T15:10:22.2360844Z ##[endgroup]
2025-12-05T15:10:22.2361432Z ##[group]Operating System
2025-12-05T15:10:22.2361989Z Ubuntu
2025-12-05T15:10:22.2362430Z 24.04.3
2025-12-05T15:10:22.2363016Z LTS
2025-12-05T15:10:22.2363503Z ##[endgroup]
2025-12-05T15:10:22.2363958Z ##[group]Runner Image
2025-12-05T15:10:22.2364734Z Image: ubuntu-24.04
2025-12-05T15:10:22.2365245Z Version: 20251126.144.1
2025-12-05T15:10:22.2366465Z Included Software: https://github.com/actions/runner-images/blob/ubuntu24/20251126.144/images/ubuntu/Ubuntu2404-Readme.md
2025-12-05T15:10:22.2368092Z Image Release: https://github.com/actions/runner-images/releases/tag/ubuntu24%2F20251126.144
2025-12-05T15:10:22.2369126Z ##[endgroup]
2025-12-05T15:10:22.2370308Z ##[group]GITHUB_TOKEN Permissions
2025-12-05T15:10:22.2372408Z Contents: read
2025-12-05T15:10:22.2373134Z Metadata: read
2025-12-05T15:10:22.2373878Z Packages: read
2025-12-05T15:10:22.2374615Z ##[endgroup]
2025-12-05T15:10:22.2377616Z Secret source: Actions
2025-12-05T15:10:22.2378891Z Prepare workflow directory
2025-12-05T15:10:22.2700632Z Prepare all required actions
2025-12-05T15:10:22.2737848Z Getting action download info
2025-12-05T15:10:22.5770183Z Download action repository 'actions/checkout@v4' (SHA:34e114876b0b11c390a56381ad16ebd13914f8d5)
2025-12-05T15:10:22.8612456Z Download action repository 'vmactions/omnios-vm@v1' (SHA:e5c4c9b4681ecf71aa9d987986d167b7df5367f0)
2025-12-05T15:10:23.3463303Z Complete job name: OmniOS (Illumos) r151048
2025-12-05T15:10:23.4254388Z ##[group]Run actions/checkout@v4
2025-12-05T15:10:23.4256013Z with:
2025-12-05T15:10:23.4256827Z   repository: tidesdb/tidesdb
2025-12-05T15:10:23.4258129Z   token: ***
2025-12-05T15:10:23.4258950Z   ssh-strict: true
2025-12-05T15:10:23.4259795Z   ssh-user: git
2025-12-05T15:10:23.4260646Z   persist-credentials: true
2025-12-05T15:10:23.4261585Z   clean: true
2025-12-05T15:10:23.4262430Z   sparse-checkout-cone-mode: true
2025-12-05T15:10:23.4263453Z   fetch-depth: 1
2025-12-05T15:10:23.4264277Z   fetch-tags: false
2025-12-05T15:10:23.4265121Z   show-progress: true
2025-12-05T15:10:23.4266221Z   lfs: false
2025-12-05T15:10:23.4267015Z   submodules: false
2025-12-05T15:10:23.4267862Z   set-safe-directory: true
2025-12-05T15:10:23.4269074Z ##[endgroup]
2025-12-05T15:10:23.5373397Z Syncing repository: tidesdb/tidesdb
2025-12-05T15:10:23.5376392Z ##[group]Getting Git version info
2025-12-05T15:10:23.5377754Z Working directory is '/home/runner/work/tidesdb/tidesdb'
2025-12-05T15:10:23.5379771Z [command]/usr/bin/git version
2025-12-05T15:10:23.5458015Z git version 2.52.0
2025-12-05T15:10:23.5486425Z ##[endgroup]
2025-12-05T15:10:23.5502014Z Temporarily overriding HOME='/home/runner/work/_temp/2ca7d269-f524-47ba-a330-19ff22840c36' before making global git config changes
2025-12-05T15:10:23.5504949Z Adding repository directory to the temporary git global config as a safe directory
2025-12-05T15:10:23.5508010Z [command]/usr/bin/git config --global --add safe.directory /home/runner/work/tidesdb/tidesdb
2025-12-05T15:10:23.5549689Z Deleting the contents of '/home/runner/work/tidesdb/tidesdb'
2025-12-05T15:10:23.5553753Z ##[group]Initializing the repository
2025-12-05T15:10:23.5557955Z [command]/usr/bin/git init /home/runner/work/tidesdb/tidesdb
2025-12-05T15:10:23.5672383Z hint: Using 'master' as the name for the initial branch. This default branch name
2025-12-05T15:10:23.5676243Z hint: will change to "main" in Git 3.0. To configure the initial branch name
2025-12-05T15:10:23.5678829Z hint: to use in all of your new repositories, which will suppress this warning,
2025-12-05T15:10:23.5680319Z hint: call:
2025-12-05T15:10:23.5681042Z hint:
2025-12-05T15:10:23.5682252Z hint: 	git config --global init.defaultBranch <name>
2025-12-05T15:10:23.5683842Z hint:
2025-12-05T15:10:23.5684955Z hint: Names commonly chosen instead of 'master' are 'main', 'trunk' and
2025-12-05T15:10:23.5687198Z hint: 'development'. The just-created branch can be renamed via this command:
2025-12-05T15:10:23.5689171Z hint:
2025-12-05T15:10:23.5689988Z hint: 	git branch -m <name>
2025-12-05T15:10:23.5690904Z hint:
2025-12-05T15:10:23.5692145Z hint: Disable this message with "git config set advice.defaultBranchName false"
2025-12-05T15:10:23.5694182Z Initialized empty Git repository in /home/runner/work/tidesdb/tidesdb/.git/
2025-12-05T15:10:23.5697703Z [command]/usr/bin/git remote add origin https://github.com/tidesdb/tidesdb
2025-12-05T15:10:23.5729238Z ##[endgroup]
2025-12-05T15:10:23.5732090Z ##[group]Disabling automatic garbage collection
2025-12-05T15:10:23.5734466Z [command]/usr/bin/git config --local gc.auto 0
2025-12-05T15:10:23.5765997Z ##[endgroup]
2025-12-05T15:10:23.5768365Z ##[group]Setting up auth
2025-12-05T15:10:23.5773777Z [command]/usr/bin/git config --local --name-only --get-regexp core\.sshCommand
2025-12-05T15:10:23.5807380Z [command]/usr/bin/git submodule foreach --recursive sh -c "git config --local --name-only --get-regexp 'core\.sshCommand' && git config --local --unset-all 'core.sshCommand' || :"
2025-12-05T15:10:23.6165972Z [command]/usr/bin/git config --local --name-only --get-regexp http\.https\:\/\/github\.com\/\.extraheader
2025-12-05T15:10:23.6195997Z [command]/usr/bin/git submodule foreach --recursive sh -c "git config --local --name-only --get-regexp 'http\.https\:\/\/github\.com\/\.extraheader' && git config --local --unset-all 'http.https://github.com/.extraheader' || :"
2025-12-05T15:10:23.6414359Z [command]/usr/bin/git config --local --name-only --get-regexp ^includeIf\.gitdir:
2025-12-05T15:10:23.6453909Z [command]/usr/bin/git submodule foreach --recursive git config --local --show-origin --name-only --get-regexp remote.origin.url
2025-12-05T15:10:23.6678155Z [command]/usr/bin/git config --local http.https://github.com/.extraheader AUTHORIZATION: basic ***
2025-12-05T15:10:23.6713755Z ##[endgroup]
2025-12-05T15:10:23.6716483Z ##[group]Fetching the repository
2025-12-05T15:10:23.6725912Z [command]/usr/bin/git -c protocol.version=2 fetch --no-tags --prune --no-recurse-submodules --depth=1 origin +4205fe68e4e37b6b6033925b9462050ca98de64f:refs/remotes/pull/469/merge
2025-12-05T15:10:23.9427030Z From https://github.com/tidesdb/tidesdb
2025-12-05T15:10:23.9431175Z  * [new ref]         4205fe68e4e37b6b6033925b9462050ca98de64f -> pull/469/merge
2025-12-05T15:10:23.9463925Z ##[endgroup]
2025-12-05T15:10:23.9466343Z ##[group]Determining the checkout info
2025-12-05T15:10:23.9468857Z ##[endgroup]
2025-12-05T15:10:23.9470891Z [command]/usr/bin/git sparse-checkout disable
2025-12-05T15:10:23.9516835Z [command]/usr/bin/git config --local --unset-all extensions.worktreeConfig
2025-12-05T15:10:23.9545909Z ##[group]Checking out the ref
2025-12-05T15:10:23.9549919Z [command]/usr/bin/git checkout --progress --force refs/remotes/pull/469/merge
2025-12-05T15:10:23.9705857Z Note: switching to 'refs/remotes/pull/469/merge'.
2025-12-05T15:10:23.9707341Z 
2025-12-05T15:10:23.9708518Z You are in 'detached HEAD' state. You can look around, make experimental
2025-12-05T15:10:23.9711021Z changes and commit them, and you can discard any commits you make in this
2025-12-05T15:10:23.9712830Z state without impacting any branches by switching back to a branch.
2025-12-05T15:10:23.9714258Z 
2025-12-05T15:10:23.9715193Z If you want to create a new branch to retain commits you create, you may
2025-12-05T15:10:23.9717112Z do so (now or later) by using -c with the switch command. Example:
2025-12-05T15:10:23.9718250Z 
2025-12-05T15:10:23.9718749Z   git switch -c <new-branch-name>
2025-12-05T15:10:23.9719426Z 
2025-12-05T15:10:23.9719843Z Or undo this operation with:
2025-12-05T15:10:23.9720453Z 
2025-12-05T15:10:23.9720780Z   git switch -
2025-12-05T15:10:23.9721257Z 
2025-12-05T15:10:23.9722032Z Turn off this advice by setting config variable advice.detachedHead to false
2025-12-05T15:10:23.9723404Z 
2025-12-05T15:10:23.9724702Z HEAD is now at 4205fe6 Merge 83d38cfefddb2cc70778da794b68337e866e4382 into db9aad3cb83797fc5d06ec2d7182ef1afea85d4f
2025-12-05T15:10:23.9728772Z ##[endgroup]
2025-12-05T15:10:23.9752258Z [command]/usr/bin/git log -1 --format=%H
2025-12-05T15:10:23.9774988Z 4205fe68e4e37b6b6033925b9462050ca98de64f
2025-12-05T15:10:24.0025050Z ##[group]Run vmactions/omnios-vm@v1
2025-12-05T15:10:24.0026194Z with:
2025-12-05T15:10:24.0026890Z   release: r151048
2025-12-05T15:10:24.0027637Z   usesh: true
2025-12-05T15:10:24.0028345Z   sync: rsync
2025-12-05T15:10:24.0029072Z   copyback: false
2025-12-05T15:10:24.0031488Z   prepare: pkg set-publisher -g https://pkg.omnios.org/r151048/extra extra.omnios
pkg install ooce/developer/cmake ooce/library/lz4 ooce/library/zstd ooce/library/snappy

2025-12-05T15:10:24.0041259Z   run: echo "====================================="
echo "System Information"
echo "====================================="
uname -a

echo ""
echo "====================================="
echo "Portability Check"
echo "====================================="
if [ -f /usr/include/sys/sysinfo.h ]; then
  echo "✓ sys/sysinfo.h exists (Linux compatibility)"
else
  echo "✓ Using BSD sysctl() for memory info"
fi

echo ""
echo "====================================="
echo "Configure CMake"
echo "====================================="
export PATH=/opt/ooce/bin:$PATH
export PKG_CONFIG_PATH=/opt/ooce/lib/pkgconfig
cmake -S . -B build \
  -DTIDESDB_BUILD_TESTS=ON \
  -DTIDESDB_WITH_SANITIZER=OFF 

echo ""
echo "====================================="
echo "Build"
echo "====================================="
cmake --build build --config Release

echo ""
echo "====================================="
echo "Run Tests"
echo "====================================="
cd build
ctest -V --output-on-failure --timeout 1800 --build-config Release

2025-12-05T15:10:24.0049646Z ##[endgroup]
2025-12-05T15:10:24.0518190Z release: r151048
2025-12-05T15:10:24.0519449Z arch: 
2025-12-05T15:10:24.0520222Z nat: 
2025-12-05T15:10:24.0520887Z mem: 
2025-12-05T15:10:24.0521584Z cpu: 
2025-12-05T15:10:24.0523300Z ##[group]Importing VM
2025-12-05T15:10:24.0525919Z Use cpu: 4
2025-12-05T15:10:24.0526831Z exec shell: bash run.sh importVM  ''  '4'
2025-12-05T15:10:24.0559075Z [command]/usr/bin/bash
2025-12-05T15:10:24.0633179Z VM_RELEASE=r151048
2025-12-05T15:10:24.0636489Z VM_ARCH=
2025-12-05T15:10:24.0637727Z VM conf=r151048
2025-12-05T15:10:24.0640348Z CONF_LINK=https://raw.githubusercontent.com/anyvm-org/omnios-builder/v2.0.0/conf/omnios-r151048.conf
2025-12-05T15:10:24.0657266Z Builder conf: omnios-r151048.conf
2025-12-05T15:10:24.1980310Z Downloading vbox https://raw.githubusercontent.com/anyvm-org/vbox/v1.1.8/vbox.sh to: /home/runner/work/_actions/vmactions/omnios-vm/v1
2025-12-05T15:10:24.2011772Z --2025-12-05 15:10:24--  https://raw.githubusercontent.com/anyvm-org/vbox/v1.1.8/vbox.sh
2025-12-05T15:10:24.2282769Z Resolving raw.githubusercontent.com (raw.githubusercontent.com)... 185.199.111.133, 185.199.110.133, 185.199.108.133, ...
2025-12-05T15:10:24.2335306Z Connecting to raw.githubusercontent.com (raw.githubusercontent.com)|185.199.111.133|:443... connected.
2025-12-05T15:10:24.2849790Z HTTP request sent, awaiting response... 200 OK
2025-12-05T15:10:24.2851273Z Length: 26869 (26K) [text/plain]
2025-12-05T15:10:24.2852708Z Saving to: ‘./vbox.sh’
2025-12-05T15:10:24.2853312Z 
2025-12-05T15:10:24.2859019Z      0K .......... .......... ......                          100% 27.4M=0.001s
2025-12-05T15:10:24.2859957Z 
2025-12-05T15:10:24.2860659Z 2025-12-05 15:10:24 (27.4 MB/s) - ‘./vbox.sh’ saved [26869/26869]
2025-12-05T15:10:24.2861576Z 
2025-12-05T15:10:24.4356403Z Get:1 file:/etc/apt/apt-mirrors.txt Mirrorlist [144 B]
2025-12-05T15:10:24.4511980Z Get:6 https://packages.microsoft.com/repos/azure-cli noble InRelease [3564 B]
2025-12-05T15:10:24.4718726Z Get:7 https://packages.microsoft.com/ubuntu/24.04/prod noble InRelease [3600 B]
2025-12-05T15:10:24.5425112Z Hit:2 http://azure.archive.ubuntu.com/ubuntu noble InRelease
2025-12-05T15:10:24.5440781Z Get:3 http://azure.archive.ubuntu.com/ubuntu noble-updates InRelease [126 kB]
2025-12-05T15:10:24.5512187Z Get:4 http://azure.archive.ubuntu.com/ubuntu noble-backports InRelease [126 kB]
2025-12-05T15:10:24.5561111Z Get:5 http://azure.archive.ubuntu.com/ubuntu noble-security InRelease [126 kB]
2025-12-05T15:10:24.5802010Z Get:8 https://packages.microsoft.com/repos/azure-cli noble/main amd64 Packages [1822 B]
2025-12-05T15:10:24.6223543Z Get:9 https://packages.microsoft.com/ubuntu/24.04/prod noble/main armhf Packages [11.2 kB]
2025-12-05T15:10:24.6248590Z Get:10 https://packages.microsoft.com/ubuntu/24.04/prod noble/main amd64 Packages [73.8 kB]
2025-12-05T15:10:24.6276324Z Get:11 https://packages.microsoft.com/ubuntu/24.04/prod noble/main arm64 Packages [55.5 kB]
2025-12-05T15:10:24.7464700Z Get:12 http://azure.archive.ubuntu.com/ubuntu noble-updates/main amd64 Packages [1627 kB]
2025-12-05T15:10:24.7554389Z Get:13 http://azure.archive.ubuntu.com/ubuntu noble-updates/main Translation-en [305 kB]
2025-12-05T15:10:24.7582034Z Get:14 http://azure.archive.ubuntu.com/ubuntu noble-updates/main amd64 Components [175 kB]
2025-12-05T15:10:24.7608230Z Get:15 http://azure.archive.ubuntu.com/ubuntu noble-updates/main amd64 c-n-f Metadata [15.7 kB]
2025-12-05T15:10:24.7625070Z Get:16 http://azure.archive.ubuntu.com/ubuntu noble-updates/universe amd64 Packages [1501 kB]
2025-12-05T15:10:24.7778970Z Get:17 http://azure.archive.ubuntu.com/ubuntu noble-updates/universe Translation-en [304 kB]
2025-12-05T15:10:24.7814912Z Get:18 http://azure.archive.ubuntu.com/ubuntu noble-updates/universe amd64 Components [378 kB]
2025-12-05T15:10:24.7848796Z Get:19 http://azure.archive.ubuntu.com/ubuntu noble-updates/universe amd64 c-n-f Metadata [31.4 kB]
2025-12-05T15:10:24.7858227Z Get:20 http://azure.archive.ubuntu.com/ubuntu noble-updates/restricted amd64 Packages [2309 kB]
2025-12-05T15:10:24.7984539Z Get:21 http://azure.archive.ubuntu.com/ubuntu noble-updates/restricted Translation-en [526 kB]
2025-12-05T15:10:24.8484046Z Get:22 http://azure.archive.ubuntu.com/ubuntu noble-updates/restricted amd64 Components [212 B]
2025-12-05T15:10:24.8497045Z Get:23 http://azure.archive.ubuntu.com/ubuntu noble-updates/multiverse amd64 Components [940 B]
2025-12-05T15:10:24.8510652Z Get:24 http://azure.archive.ubuntu.com/ubuntu noble-backports/main amd64 Components [7140 B]
2025-12-05T15:10:24.8522415Z Get:25 http://azure.archive.ubuntu.com/ubuntu noble-backports/universe amd64 Packages [29.2 kB]
2025-12-05T15:10:24.8533793Z Get:26 http://azure.archive.ubuntu.com/ubuntu noble-backports/universe Translation-en [17.6 kB]
2025-12-05T15:10:24.8670519Z Get:27 http://azure.archive.ubuntu.com/ubuntu noble-backports/universe amd64 Components [11.0 kB]
2025-12-05T15:10:24.8681452Z Get:28 http://azure.archive.ubuntu.com/ubuntu noble-backports/restricted amd64 Components [216 B]
2025-12-05T15:10:24.8683872Z Get:29 http://azure.archive.ubuntu.com/ubuntu noble-backports/multiverse amd64 Components [212 B]
2025-12-05T15:10:24.8691505Z Get:30 http://azure.archive.ubuntu.com/ubuntu noble-security/main amd64 Packages [1349 kB]
2025-12-05T15:10:24.8771384Z Get:31 http://azure.archive.ubuntu.com/ubuntu noble-security/main Translation-en [221 kB]
2025-12-05T15:10:24.8792633Z Get:32 http://azure.archive.ubuntu.com/ubuntu noble-security/main amd64 Components [21.5 kB]
2025-12-05T15:10:24.8803186Z Get:33 http://azure.archive.ubuntu.com/ubuntu noble-security/main amd64 c-n-f Metadata [9448 B]
2025-12-05T15:10:24.8817466Z Get:34 http://azure.archive.ubuntu.com/ubuntu noble-security/universe amd64 Packages [915 kB]
2025-12-05T15:10:24.8875781Z Get:35 http://azure.archive.ubuntu.com/ubuntu noble-security/universe Translation-en [206 kB]
2025-12-05T15:10:24.9324661Z Get:36 http://azure.archive.ubuntu.com/ubuntu noble-security/universe amd64 Components [71.4 kB]
2025-12-05T15:10:24.9337488Z Get:37 http://azure.archive.ubuntu.com/ubuntu noble-security/universe amd64 c-n-f Metadata [19.4 kB]
2025-12-05T15:10:24.9408512Z Get:38 http://azure.archive.ubuntu.com/ubuntu noble-security/restricted amd64 Packages [2205 kB]
2025-12-05T15:10:24.9475862Z Get:39 http://azure.archive.ubuntu.com/ubuntu noble-security/restricted Translation-en [503 kB]
2025-12-05T15:10:24.9524099Z Get:40 http://azure.archive.ubuntu.com/ubuntu noble-security/restricted amd64 Components [208 B]
2025-12-05T15:10:24.9535801Z Get:41 http://azure.archive.ubuntu.com/ubuntu noble-security/multiverse amd64 Components [208 B]
2025-12-05T15:10:36.3708530Z Fetched 13.3 MB in 2s (7882 kB/s)
2025-12-05T15:10:37.1847414Z Reading package lists...
2025-12-05T15:10:37.2179311Z Reading package lists...
2025-12-05T15:10:37.4095421Z Building dependency tree...
2025-12-05T15:10:37.4102690Z Reading state information...
2025-12-05T15:10:37.6017795Z zstd is already the newest version (1.5.5+dfsg2-2build1.1).
2025-12-05T15:10:37.6018589Z zstd set to manually installed.
2025-12-05T15:10:37.6019212Z screen is already the newest version (4.9.1-1build1).
2025-12-05T15:10:37.6019959Z screen set to manually installed.
2025-12-05T15:10:37.6020624Z sshpass is already the newest version (1.09-1).
2025-12-05T15:10:37.6021429Z The following additional packages will be installed:
2025-12-05T15:10:37.6022335Z   cpu-checker dns-root-data dnsmasq-base gir1.2-atk-1.0
2025-12-05T15:10:37.6023327Z   gir1.2-ayatanaappindicator3-0.1 gir1.2-freedesktop gir1.2-gdkpixbuf-2.0
2025-12-05T15:10:37.6024422Z   gir1.2-gstreamer-1.0 gir1.2-gtk-3.0 gir1.2-gtk-vnc-2.0 gir1.2-gtksource-4
2025-12-05T15:10:37.6025387Z   gir1.2-harfbuzz-0.0 gir1.2-libosinfo-1.0 gir1.2-libvirt-glib-1.0
2025-12-05T15:10:37.6026713Z   gir1.2-pango-1.0 gir1.2-spiceclientglib-2.0 gir1.2-spiceclientgtk-3.0
2025-12-05T15:10:37.6027519Z   gir1.2-vte-2.91 glib-networking glib-networking-common
2025-12-05T15:10:37.6028407Z   glib-networking-services gsettings-desktop-schemas gstreamer1.0-plugins-base
2025-12-05T15:10:37.6029322Z   gstreamer1.0-plugins-good gstreamer1.0-x i965-va-driver
2025-12-05T15:10:37.6030144Z   intel-media-va-driver ipxe-qemu ipxe-qemu-256k-compat-efi-roms libaa1
2025-12-05T15:10:37.6031141Z   libasyncns0 libavc1394-0 libayatana-appindicator3-1 libayatana-ido3-0.4-0
2025-12-05T15:10:37.6032349Z   libayatana-indicator3-7 libboost-iostreams1.83.0 libboost-thread1.83.0
2025-12-05T15:10:37.6033348Z   libbrlapi0.8 libburn4t64 libcaca0 libcacard0 libcdparanoia0 libdaxctl1
2025-12-05T15:10:37.6034264Z   libdecor-0-0 libdecor-0-plugin-1-gtk libdv4t64 libfdt1 libflac12t64
2025-12-05T15:10:37.6035150Z   libgstreamer-plugins-base1.0-0 libgstreamer-plugins-good1.0-0
2025-12-05T15:10:37.6036062Z   libgtk-vnc-2.0-0 libgtksourceview-4-0 libgtksourceview-4-common
2025-12-05T15:10:37.6036809Z   libgvnc-1.0-0 libharfbuzz-gobject0 libiec61883-0 libigdgmm12 libiscsi7
2025-12-05T15:10:37.6037597Z   libisoburn1t64 libisofs6t64 libjack-jackd2-0 libmp3lame0 libmpg123-0t64
2025-12-05T15:10:37.6038344Z   libndctl6 libnfs14 libnss-mymachines libopus0 liborc-0.4-0t64
2025-12-05T15:10:37.6039090Z   libosinfo-1.0-0 libosinfo-l10n libpangoxft-1.0-0 libpcsclite1
2025-12-05T15:10:37.6039811Z   libphodav-3.0-0 libphodav-3.0-common libpipewire-0.3-0t64
2025-12-05T15:10:37.6040564Z   libpipewire-0.3-common libpmem1 libpmemobj1 libproxy1v5 libpulse0 librados2
2025-12-05T15:10:37.6041456Z   libraw1394-11 librbd1 librdmacm1t64 libsamplerate0 libsdl2-2.0-0 libshout3
2025-12-05T15:10:37.6042278Z   libsndfile1 libsoup-3.0-0 libsoup-3.0-common libspa-0.2-modules libspeex1
2025-12-05T15:10:37.6043073Z   libspice-client-glib-2.0-8 libspice-client-gtk-3.0-5 libspice-server1
2025-12-05T15:10:37.6043849Z   libtag1v5 libtag1v5-vanilla libtheora0 libtpms0 libtwolame0 liburing2
2025-12-05T15:10:37.6044646Z   libusbredirhost1t64 libusbredirparser1t64 libv4l-0t64 libv4lconvert0t64
2025-12-05T15:10:37.6045427Z   libva-x11-2 libva2 libvirglrenderer1 libvirt-clients libvirt-daemon
2025-12-05T15:10:37.6046154Z   libvirt-daemon-config-network libvirt-daemon-config-nwfilter
2025-12-05T15:10:37.6046628Z   libvirt-daemon-driver-qemu libvirt-daemon-system-systemd libvirt-glib-1.0-0
2025-12-05T15:10:37.6047498Z   libvirt-glib-1.0-data libvirt-l10n libvirt0 libvisual-0.4-0 libvorbisenc2
2025-12-05T15:10:37.6047893Z   libvpx9 libvte-2.91-0 libvte-2.91-common libwavpack1
2025-12-05T15:10:37.6048299Z   libwebrtc-audio-processing1 libxml2-utils libxv1 mdevctl mesa-va-drivers
2025-12-05T15:10:37.6048809Z   msr-tools osinfo-db ovmf python3-cairo python3-gi-cairo python3-libvirt
2025-12-05T15:10:37.6049406Z   python3-libxml2 qemu-block-extra qemu-system-common qemu-system-data
2025-12-05T15:10:37.6049862Z   qemu-system-gui qemu-system-modules-opengl qemu-system-modules-spice
2025-12-05T15:10:37.6050324Z   qemu-utils seabios session-migration spice-client-glib-usb-acl-helper swtpm
2025-12-05T15:10:37.6050811Z   swtpm-tools systemd-container tcl-expect va-driver-all virt-viewer virtinst
2025-12-05T15:10:37.6051158Z   xorriso
2025-12-05T15:10:37.6051324Z Suggested packages:
2025-12-05T15:10:37.6051673Z   gvfs i965-va-driver-shaders libdv-bin oss-compat libvisual-0.4-plugins
2025-12-05T15:10:37.6052110Z   jackd2 opus-tools pcscd pipewire pulseaudio libraw1394-doc speex
2025-12-05T15:10:37.6052554Z   gstreamer1.0-libav gstreamer1.0-plugins-bad gstreamer1.0-plugins-ugly
2025-12-05T15:10:37.6052918Z   libvirt-clients-qemu libvirt-login-shell
2025-12-05T15:10:37.6053197Z   libvirt-daemon-driver-storage-gluster
2025-12-05T15:10:37.6053601Z   libvirt-daemon-driver-storage-iscsi-direct libvirt-daemon-driver-storage-rbd
2025-12-05T15:10:37.6054077Z   libvirt-daemon-driver-storage-zfs libvirt-daemon-driver-lxc
2025-12-05T15:10:37.6054531Z   libvirt-daemon-driver-vbox libvirt-daemon-driver-xen numad auditd nfs-common
2025-12-05T15:10:37.6054980Z   pm-utils systemtap zfsutils samba vde2 trousers gir1.2-secret-1
2025-12-05T15:10:37.6055417Z   gnome-keyring python3-guestfs ssh-askpass python3-argcomplete xorriso-tcltk
2025-12-05T15:10:37.6056008Z   jigit cdck
2025-12-05T15:10:37.7186284Z The following NEW packages will be installed:
2025-12-05T15:10:37.7188369Z   axel cpu-checker dns-root-data dnsmasq-base expect gir1.2-atk-1.0
2025-12-05T15:10:37.7189215Z   gir1.2-ayatanaappindicator3-0.1 gir1.2-freedesktop gir1.2-gdkpixbuf-2.0
2025-12-05T15:10:37.7190089Z   gir1.2-gstreamer-1.0 gir1.2-gtk-3.0 gir1.2-gtk-vnc-2.0 gir1.2-gtksource-4
2025-12-05T15:10:37.7190870Z   gir1.2-harfbuzz-0.0 gir1.2-libosinfo-1.0 gir1.2-libvirt-glib-1.0
2025-12-05T15:10:37.7191643Z   gir1.2-pango-1.0 gir1.2-spiceclientglib-2.0 gir1.2-spiceclientgtk-3.0
2025-12-05T15:10:37.7192336Z   gir1.2-vte-2.91 glib-networking glib-networking-common
2025-12-05T15:10:37.7193097Z   glib-networking-services gsettings-desktop-schemas gstreamer1.0-plugins-base
2025-12-05T15:10:37.7193928Z   gstreamer1.0-plugins-good gstreamer1.0-x i965-va-driver
2025-12-05T15:10:37.7194786Z   intel-media-va-driver ipxe-qemu ipxe-qemu-256k-compat-efi-roms libaa1
2025-12-05T15:10:37.7195965Z   libasyncns0 libavc1394-0 libayatana-appindicator3-1 libayatana-ido3-0.4-0
2025-12-05T15:10:37.7196854Z   libayatana-indicator3-7 libboost-iostreams1.83.0 libboost-thread1.83.0
2025-12-05T15:10:37.7197673Z   libbrlapi0.8 libburn4t64 libcaca0 libcacard0 libcdparanoia0 libdaxctl1
2025-12-05T15:10:37.7198485Z   libdecor-0-0 libdecor-0-plugin-1-gtk libdv4t64 libfdt1 libflac12t64
2025-12-05T15:10:37.7199244Z   libgstreamer-plugins-base1.0-0 libgstreamer-plugins-good1.0-0
2025-12-05T15:10:37.7199907Z   libgtk-vnc-2.0-0 libgtksourceview-4-0 libgtksourceview-4-common
2025-12-05T15:10:37.7200605Z   libgvnc-1.0-0 libharfbuzz-gobject0 libiec61883-0 libigdgmm12 libiscsi7
2025-12-05T15:10:37.7201320Z   libisoburn1t64 libisofs6t64 libjack-jackd2-0 libmp3lame0 libmpg123-0t64
2025-12-05T15:10:37.7202049Z   libndctl6 libnfs14 libnss-mymachines libopus0 liborc-0.4-0t64
2025-12-05T15:10:37.7202763Z   libosinfo-1.0-0 libosinfo-bin libosinfo-l10n libpangoxft-1.0-0 libpcsclite1
2025-12-05T15:10:37.7203489Z   libphodav-3.0-0 libphodav-3.0-common libpipewire-0.3-0t64
2025-12-05T15:10:37.7204195Z   libpipewire-0.3-common libpmem1 libpmemobj1 libproxy1v5 libpulse0 librados2
2025-12-05T15:10:37.7204983Z   libraw1394-11 librbd1 librdmacm1t64 libsamplerate0 libsdl2-2.0-0 libshout3
2025-12-05T15:10:37.7206368Z   libsndfile1 libsoup-3.0-0 libsoup-3.0-common libspa-0.2-modules libspeex1
2025-12-05T15:10:37.7207224Z   libspice-client-glib-2.0-8 libspice-client-gtk-3.0-5 libspice-server1
2025-12-05T15:10:37.7207984Z   libtag1v5 libtag1v5-vanilla libtheora0 libtpms0 libtwolame0 liburing2
2025-12-05T15:10:37.7209163Z   libusbredirhost1t64 libusbredirparser1t64 libv4l-0t64 libv4lconvert0t64
2025-12-05T15:10:37.7209981Z   libva-x11-2 libva2 libvirglrenderer1 libvirt-clients libvirt-daemon
2025-12-05T15:10:37.7210741Z   libvirt-daemon-config-network libvirt-daemon-config-nwfilter
2025-12-05T15:10:37.7211417Z   libvirt-daemon-driver-qemu libvirt-daemon-system
2025-12-05T15:10:37.7212086Z   libvirt-daemon-system-systemd libvirt-glib-1.0-0 libvirt-glib-1.0-data
2025-12-05T15:10:37.7212858Z   libvirt-l10n libvirt0 libvisual-0.4-0 libvorbisenc2 libvpx9 libvte-2.91-0
2025-12-05T15:10:37.7213654Z   libvte-2.91-common libwavpack1 libwebrtc-audio-processing1 libxml2-utils
2025-12-05T15:10:37.7214432Z   libxv1 mdevctl mesa-va-drivers msr-tools osinfo-db ovmf python3-cairo
2025-12-05T15:10:37.7215176Z   python3-gi-cairo python3-libvirt python3-libxml2 qemu-block-extra
2025-12-05T15:10:37.7215960Z   qemu-system-common qemu-system-data qemu-system-gui
2025-12-05T15:10:37.7216721Z   qemu-system-modules-opengl qemu-system-modules-spice qemu-system-x86
2025-12-05T15:10:37.7217635Z   qemu-utils seabios session-migration spice-client-glib-usb-acl-helper swtpm
2025-12-05T15:10:37.7218471Z   swtpm-tools systemd-container tcl-expect va-driver-all virt-manager
2025-12-05T15:10:37.7219115Z   virt-viewer virtinst xorriso
2025-12-05T15:10:37.7447231Z 0 upgraded, 160 newly installed, 0 to remove and 53 not upgraded.
2025-12-05T15:10:37.7447620Z Need to get 61.9 MB of archives.
2025-12-05T15:10:37.7448084Z After this operation, 260 MB of additional disk space will be used.
2025-12-05T15:10:37.7448708Z Get:1 file:/etc/apt/apt-mirrors.txt Mirrorlist [144 B]
2025-12-05T15:10:37.7635982Z Get:2 http://azure.archive.ubuntu.com/ubuntu noble/universe amd64 axel amd64 2.17.13-1build2 [61.1 kB]
2025-12-05T15:10:37.7675988Z Get:3 http://azure.archive.ubuntu.com/ubuntu noble/main amd64 msr-tools amd64 1.3-5build1 [9610 B]
2025-12-05T15:10:37.7698380Z Get:4 http://azure.archive.ubuntu.com/ubuntu noble/main amd64 cpu-checker amd64 0.7-1.3build2 [6148 B]
2025-12-05T15:10:37.7719282Z Get:5 http://azure.archive.ubuntu.com/ubuntu noble-updates/main amd64 dns-root-data all 2024071801~ubuntu0.24.04.1 [5918 B]
2025-12-05T15:10:37.7740819Z Get:6 http://azure.archive.ubuntu.com/ubuntu noble-updates/main amd64 dnsmasq-base amd64 2.90-2ubuntu0.1 [376 kB]
2025-12-05T15:10:37.7826264Z Get:7 http://azure.archive.ubuntu.com/ubuntu noble/universe amd64 tcl-expect amd64 5.45.4-3 [110 kB]
2025-12-05T15:10:37.7861339Z Get:8 http://azure.archive.ubuntu.com/ubuntu noble/universe amd64 expect amd64 5.45.4-3 [137 kB]
2025-12-05T15:10:37.7903682Z Get:9 http://azure.archive.ubuntu.com/ubuntu noble/main amd64 gir1.2-atk-1.0 amd64 2.52.0-1build1 [23.1 kB]
2025-12-05T15:10:37.7930093Z Get:10 http://azure.archive.ubuntu.com/ubuntu noble/main amd64 gir1.2-freedesktop amd64 1.80.1-1 [49.7 kB]
2025-12-05T15:10:37.7951875Z Get:11 http://azure.archive.ubuntu.com/ubuntu noble-updates/main amd64 gir1.2-gdkpixbuf-2.0 amd64 2.42.10+dfsg-3ubuntu3.2 [9488 B]
2025-12-05T15:10:37.7974888Z Get:12 http://azure.archive.ubuntu.com/ubuntu noble/main amd64 libharfbuzz-gobject0 amd64 8.3.0-2build2 [34.3 kB]
2025-12-05T15:10:37.8001418Z Get:13 http://azure.archive.ubuntu.com/ubuntu noble/main amd64 gir1.2-harfbuzz-0.0 amd64 8.3.0-2build2 [44.5 kB]
2025-12-05T15:10:37.8026604Z Get:14 http://azure.archive.ubuntu.com/ubuntu noble/main amd64 libpangoxft-1.0-0 amd64 1.52.1+ds-1build1 [20.3 kB]
2025-12-05T15:10:37.8061905Z Get:15 http://azure.archive.ubuntu.com/ubuntu noble/main amd64 gir1.2-pango-1.0 amd64 1.52.1+ds-1build1 [34.8 kB]
2025-12-05T15:10:37.8086522Z Get:16 http://azure.archive.ubuntu.com/ubuntu noble-updates/main amd64 gir1.2-gtk-3.0 amd64 3.24.41-4ubuntu1.3 [245 kB]
2025-12-05T15:10:37.8164013Z Get:17 http://azure.archive.ubuntu.com/ubuntu noble/main amd64 libayatana-ido3-0.4-0 amd64 0.10.1-1build2 [56.6 kB]
2025-12-05T15:10:37.8197750Z Get:18 http://azure.archive.ubuntu.com/ubuntu noble/main amd64 libayatana-indicator3-7 amd64 0.9.4-1build1 [31.7 kB]
2025-12-05T15:10:37.8226273Z Get:19 http://azure.archive.ubuntu.com/ubuntu noble/main amd64 libayatana-appindicator3-1 amd64 0.5.93-1build3 [24.7 kB]
2025-12-05T15:10:37.8687110Z Get:20 http://azure.archive.ubuntu.com/ubuntu noble/main amd64 gir1.2-ayatanaappindicator3-0.1 amd64 0.5.93-1build3 [5838 B]
2025-12-05T15:10:37.8704985Z Get:21 http://azure.archive.ubuntu.com/ubuntu noble-updates/main amd64 gir1.2-gstreamer-1.0 amd64 1.24.2-1ubuntu0.1 [88.4 kB]
2025-12-05T15:10:37.8732962Z Get:22 http://azure.archive.ubuntu.com/ubuntu noble/main amd64 libasyncns0 amd64 0.8-6build4 [11.3 kB]
2025-12-05T15:10:37.8761326Z Get:23 http://azure.archive.ubuntu.com/ubuntu noble/main amd64 libflac12t64 amd64 1.4.3+ds-2.1ubuntu2 [197 kB]
2025-12-05T15:10:37.8805834Z Get:24 http://azure.archive.ubuntu.com/ubuntu noble/main amd64 libmp3lame0 amd64 3.100-6build1 [142 kB]
2025-12-05T15:10:37.8835987Z Get:25 http://azure.archive.ubuntu.com/ubuntu noble-updates/main amd64 libmpg123-0t64 amd64 1.32.5-1ubuntu1.1 [169 kB]
2025-12-05T15:10:37.8875363Z Get:26 http://azure.archive.ubuntu.com/ubuntu noble/main amd64 libopus0 amd64 1.4-1build1 [208 kB]
2025-12-05T15:10:37.8917745Z Get:27 http://azure.archive.ubuntu.com/ubuntu noble/main amd64 libvorbisenc2 amd64 1.3.7-1build3 [80.8 kB]
2025-12-05T15:10:37.8946523Z Get:28 http://azure.archive.ubuntu.com/ubuntu noble-updates/main amd64 libsndfile1 amd64 1.2.2-1ubuntu5.24.04.1 [209 kB]
2025-12-05T15:10:37.8985908Z Get:29 http://azure.archive.ubuntu.com/ubuntu noble-updates/main amd64 libpulse0 amd64 1:16.1+dfsg1-2ubuntu10.1 [292 kB]
2025-12-05T15:10:37.9061217Z Get:30 http://azure.archive.ubuntu.com/ubuntu noble/universe amd64 libgvnc-1.0-0 amd64 1.3.1-1build2 [67.1 kB]
2025-12-05T15:10:37.9092077Z Get:31 http://azure.archive.ubuntu.com/ubuntu noble/universe amd64 libgtk-vnc-2.0-0 amd64 1.3.1-1build2 [28.9 kB]
2025-12-05T15:10:37.9113110Z Get:32 http://azure.archive.ubuntu.com/ubuntu noble/universe amd64 gir1.2-gtk-vnc-2.0 amd64 1.3.1-1build2 [12.1 kB]
2025-12-05T15:10:37.9138428Z Get:33 http://azure.archive.ubuntu.com/ubuntu noble/universe amd64 libgtksourceview-4-common all 4.8.4-5build4 [590 kB]
2025-12-05T15:10:37.9255405Z Get:34 http://azure.archive.ubuntu.com/ubuntu noble/universe amd64 libgtksourceview-4-0 amd64 4.8.4-5build4 [233 kB]
2025-12-05T15:10:37.9311229Z Get:35 http://azure.archive.ubuntu.com/ubuntu noble/universe amd64 gir1.2-gtksource-4 amd64 4.8.4-5build4 [20.3 kB]
2025-12-05T15:10:37.9334180Z Get:36 http://azure.archive.ubuntu.com/ubuntu noble/universe amd64 spice-client-glib-usb-acl-helper amd64 0.42-2ubuntu2 [12.5 kB]
2025-12-05T15:10:37.9356130Z Get:37 http://azure.archive.ubuntu.com/ubuntu noble/main amd64 libpcsclite1 amd64 2.0.3-1build1 [21.4 kB]
2025-12-05T15:10:37.9847219Z Get:38 http://azure.archive.ubuntu.com/ubuntu noble/main amd64 libcacard0 amd64 1:2.8.0-3build4 [36.5 kB]
2025-12-05T15:10:37.9870057Z Get:39 http://azure.archive.ubuntu.com/ubuntu noble-updates/main amd64 liborc-0.4-0t64 amd64 1:0.4.38-1ubuntu0.1 [207 kB]
2025-12-05T15:10:37.9914188Z Get:40 http://azure.archive.ubuntu.com/ubuntu noble-updates/main amd64 libgstreamer-plugins-base1.0-0 amd64 1.24.2-1ubuntu0.3 [862 kB]
2025-12-05T15:10:38.0045327Z Get:41 http://azure.archive.ubuntu.com/ubuntu noble/universe amd64 libphodav-3.0-common all 3.0-8build3 [14.9 kB]
2025-12-05T15:10:38.0092372Z Get:42 http://azure.archive.ubuntu.com/ubuntu noble/main amd64 libproxy1v5 amd64 0.5.4-4build1 [26.5 kB]
2025-12-05T15:10:38.0117697Z Get:43 http://azure.archive.ubuntu.com/ubuntu noble/main amd64 glib-networking-common all 2.80.0-1build1 [6702 B]
2025-12-05T15:10:38.0139741Z Get:44 http://azure.archive.ubuntu.com/ubuntu noble/main amd64 glib-networking-services amd64 2.80.0-1build1 [12.8 kB]
2025-12-05T15:10:38.0163042Z Get:45 http://azure.archive.ubuntu.com/ubuntu noble/main amd64 session-migration amd64 0.3.9build1 [9034 B]
2025-12-05T15:10:38.0184907Z Get:46 http://azure.archive.ubuntu.com/ubuntu noble-updates/main amd64 gsettings-desktop-schemas all 46.1-0ubuntu1 [35.6 kB]
2025-12-05T15:10:38.0230919Z Get:47 http://azure.archive.ubuntu.com/ubuntu noble/main amd64 glib-networking amd64 2.80.0-1build1 [64.1 kB]
2025-12-05T15:10:38.0256256Z Get:48 http://azure.archive.ubuntu.com/ubuntu noble-updates/main amd64 libsoup-3.0-common all 3.4.4-5ubuntu0.5 [11.3 kB]
2025-12-05T15:10:38.0278021Z Get:49 http://azure.archive.ubuntu.com/ubuntu noble-updates/main amd64 libsoup-3.0-0 amd64 3.4.4-5ubuntu0.5 [291 kB]
2025-12-05T15:10:38.0348802Z Get:50 http://azure.archive.ubuntu.com/ubuntu noble/universe amd64 libphodav-3.0-0 amd64 3.0-8build3 [29.9 kB]
2025-12-05T15:10:38.0373738Z Get:51 http://azure.archive.ubuntu.com/ubuntu noble/main amd64 libusbredirparser1t64 amd64 0.13.0-2.1build1 [16.5 kB]
2025-12-05T15:10:38.0395943Z Get:52 http://azure.archive.ubuntu.com/ubuntu noble/main amd64 libusbredirhost1t64 amd64 0.13.0-2.1build1 [20.0 kB]
2025-12-05T15:10:38.0418419Z Get:53 http://azure.archive.ubuntu.com/ubuntu noble/universe amd64 libspice-client-glib-2.0-8 amd64 0.42-2ubuntu2 [314 kB]
2025-12-05T15:10:38.0474226Z Get:54 http://azure.archive.ubuntu.com/ubuntu noble/universe amd64 gir1.2-spiceclientglib-2.0 amd64 0.42-2ubuntu2 [14.4 kB]
2025-12-05T15:10:38.0499912Z Get:55 http://azure.archive.ubuntu.com/ubuntu noble/universe amd64 libva2 amd64 2.20.0-2build1 [66.2 kB]
2025-12-05T15:10:38.0976265Z Get:56 http://azure.archive.ubuntu.com/ubuntu noble/universe amd64 libva-x11-2 amd64 2.20.0-2build1 [12.0 kB]
2025-12-05T15:10:38.0996894Z Get:57 http://azure.archive.ubuntu.com/ubuntu noble/universe amd64 libspice-client-gtk-3.0-5 amd64 0.42-2ubuntu2 [56.6 kB]
2025-12-05T15:10:38.1024913Z Get:58 http://azure.archive.ubuntu.com/ubuntu noble/universe amd64 gir1.2-spiceclientgtk-3.0 amd64 0.42-2ubuntu2 [5610 B]
2025-12-05T15:10:38.1044123Z Get:59 http://azure.archive.ubuntu.com/ubuntu noble-updates/main amd64 libvte-2.91-common amd64 0.76.0-1ubuntu0.1 [13.5 kB]
2025-12-05T15:10:38.1064165Z Get:60 http://azure.archive.ubuntu.com/ubuntu noble-updates/main amd64 libvte-2.91-0 amd64 0.76.0-1ubuntu0.1 [230 kB]
2025-12-05T15:10:38.1108193Z Get:61 http://azure.archive.ubuntu.com/ubuntu noble-updates/main amd64 gir1.2-vte-2.91 amd64 0.76.0-1ubuntu0.1 [11.5 kB]
2025-12-05T15:10:38.1130574Z Get:62 http://azure.archive.ubuntu.com/ubuntu noble/main amd64 libcdparanoia0 amd64 3.10.2+debian-14build3 [48.5 kB]
2025-12-05T15:10:38.1154046Z Get:63 http://azure.archive.ubuntu.com/ubuntu noble/main amd64 libtheora0 amd64 1.1.1+dfsg.1-16.1build3 [211 kB]
2025-12-05T15:10:38.1203297Z Get:64 http://azure.archive.ubuntu.com/ubuntu noble/main amd64 libvisual-0.4-0 amd64 0.4.2-2build1 [115 kB]
2025-12-05T15:10:38.1232559Z Get:65 http://azure.archive.ubuntu.com/ubuntu noble-updates/main amd64 gstreamer1.0-plugins-base amd64 1.24.2-1ubuntu0.3 [721 kB]
2025-12-05T15:10:38.1334191Z Get:66 http://azure.archive.ubuntu.com/ubuntu noble/main amd64 libaa1 amd64 1.4p5-51.1 [49.9 kB]
2025-12-05T15:10:38.1372869Z Get:67 http://azure.archive.ubuntu.com/ubuntu noble/main amd64 libraw1394-11 amd64 2.1.2-2build3 [26.2 kB]
2025-12-05T15:10:38.1396335Z Get:68 http://azure.archive.ubuntu.com/ubuntu noble/main amd64 libavc1394-0 amd64 0.5.4-5build3 [15.4 kB]
2025-12-05T15:10:38.1420146Z Get:69 http://azure.archive.ubuntu.com/ubuntu noble/main amd64 libcaca0 amd64 0.99.beta20-4build2 [208 kB]
2025-12-05T15:10:38.1456912Z Get:70 http://azure.archive.ubuntu.com/ubuntu noble/main amd64 libdv4t64 amd64 1.0.0-17.1build1 [63.2 kB]
2025-12-05T15:10:38.1486969Z Get:71 http://azure.archive.ubuntu.com/ubuntu noble-updates/main amd64 libgstreamer-plugins-good1.0-0 amd64 1.24.2-1ubuntu1.2 [33.0 kB]
2025-12-05T15:10:38.1512678Z Get:72 http://azure.archive.ubuntu.com/ubuntu noble/main amd64 libiec61883-0 amd64 1.2.0-6build1 [24.5 kB]
2025-12-05T15:10:38.1538798Z Get:73 http://azure.archive.ubuntu.com/ubuntu noble-updates/main amd64 libspeex1 amd64 1.2.1-2ubuntu2.24.04.1 [59.6 kB]
2025-12-05T15:10:38.1568504Z Get:74 http://azure.archive.ubuntu.com/ubuntu noble/main amd64 libshout3 amd64 2.4.6-1build2 [50.3 kB]
2025-12-05T15:10:38.2014100Z Get:75 http://azure.archive.ubuntu.com/ubuntu noble/main amd64 libtag1v5-vanilla amd64 1.13.1-1build1 [326 kB]
2025-12-05T15:10:38.2084209Z Get:76 http://azure.archive.ubuntu.com/ubuntu noble/main amd64 libtag1v5 amd64 1.13.1-1build1 [11.7 kB]
2025-12-05T15:10:38.2110303Z Get:77 http://azure.archive.ubuntu.com/ubuntu noble/main amd64 libtwolame0 amd64 0.4.0-2build3 [52.3 kB]
2025-12-05T15:10:38.2139434Z Get:78 http://azure.archive.ubuntu.com/ubuntu noble/main amd64 libv4lconvert0t64 amd64 1.26.1-4build3 [87.6 kB]
2025-12-05T15:10:38.2180748Z Get:79 http://azure.archive.ubuntu.com/ubuntu noble/main amd64 libv4l-0t64 amd64 1.26.1-4build3 [46.9 kB]
2025-12-05T15:10:38.2218236Z Get:80 http://azure.archive.ubuntu.com/ubuntu noble-updates/main amd64 libvpx9 amd64 1.14.0-1ubuntu2.2 [1143 kB]
2025-12-05T15:10:38.2365029Z Get:81 http://azure.archive.ubuntu.com/ubuntu noble/main amd64 libwavpack1 amd64 5.6.0-1build1 [84.6 kB]
2025-12-05T15:10:38.2398248Z Get:82 http://azure.archive.ubuntu.com/ubuntu noble-updates/main amd64 gstreamer1.0-plugins-good amd64 1.24.2-1ubuntu1.2 [2238 kB]
2025-12-05T15:10:38.2638951Z Get:83 http://azure.archive.ubuntu.com/ubuntu noble/main amd64 libxv1 amd64 2:1.0.11-1.1build1 [10.7 kB]
2025-12-05T15:10:38.2662545Z Get:84 http://azure.archive.ubuntu.com/ubuntu noble-updates/main amd64 gstreamer1.0-x amd64 1.24.2-1ubuntu0.3 [85.1 kB]
2025-12-05T15:10:38.2690764Z Get:85 http://azure.archive.ubuntu.com/ubuntu noble/universe amd64 libigdgmm12 amd64 22.3.17+ds1-1 [145 kB]
2025-12-05T15:10:38.2725284Z Get:86 http://azure.archive.ubuntu.com/ubuntu noble-updates/universe amd64 intel-media-va-driver amd64 24.1.0+dfsg1-1ubuntu0.1 [3163 kB]
2025-12-05T15:10:38.3057341Z Get:87 http://azure.archive.ubuntu.com/ubuntu noble/main amd64 ipxe-qemu all 1.21.1+git-20220113.fbbdc3926-0ubuntu2 [1565 kB]
2025-12-05T15:10:38.3209612Z Get:88 http://azure.archive.ubuntu.com/ubuntu noble/main amd64 ipxe-qemu-256k-compat-efi-roms all 1.0.0+git-20150424.a25a16d-0ubuntu5 [548 kB]
2025-12-05T15:10:38.3276255Z Get:89 http://azure.archive.ubuntu.com/ubuntu noble-updates/main amd64 libboost-iostreams1.83.0 amd64 1.83.0-2.1ubuntu3.1 [259 kB]
2025-12-05T15:10:38.3316291Z Get:90 http://azure.archive.ubuntu.com/ubuntu noble-updates/main amd64 libboost-thread1.83.0 amd64 1.83.0-2.1ubuntu3.1 [276 kB]
2025-12-05T15:10:38.3406325Z Get:91 http://azure.archive.ubuntu.com/ubuntu noble/main amd64 libbrlapi0.8 amd64 6.6-4ubuntu5 [31.4 kB]
2025-12-05T15:10:38.3530349Z Get:92 http://azure.archive.ubuntu.com/ubuntu noble/main amd64 libburn4t64 amd64 1.5.6-1.1build1 [158 kB]
2025-12-05T15:10:38.4007377Z Get:93 http://azure.archive.ubuntu.com/ubuntu noble/main amd64 libdaxctl1 amd64 77-2ubuntu2 [21.4 kB]
2025-12-05T15:10:38.4029771Z Get:94 http://azure.archive.ubuntu.com/ubuntu noble/main amd64 libdecor-0-0 amd64 0.2.2-1build2 [16.5 kB]
2025-12-05T15:10:38.4051283Z Get:95 http://azure.archive.ubuntu.com/ubuntu noble/main amd64 libdecor-0-plugin-1-gtk amd64 0.2.2-1build2 [22.2 kB]
2025-12-05T15:10:38.4071654Z Get:96 http://azure.archive.ubuntu.com/ubuntu noble-updates/main amd64 librdmacm1t64 amd64 50.0-2ubuntu0.2 [70.7 kB]
2025-12-05T15:10:38.4105340Z Get:97 http://azure.archive.ubuntu.com/ubuntu noble/main amd64 libiscsi7 amd64 1.19.0-3build4 [68.7 kB]
2025-12-05T15:10:38.4132118Z Get:98 http://azure.archive.ubuntu.com/ubuntu noble/main amd64 libisofs6t64 amd64 1.5.6.pl01-1.1ubuntu2 [220 kB]
2025-12-05T15:10:38.4182707Z Get:99 http://azure.archive.ubuntu.com/ubuntu noble/main amd64 libisoburn1t64 amd64 1:1.5.6-1.1ubuntu3 [405 kB]
2025-12-05T15:10:38.4240410Z Get:100 http://azure.archive.ubuntu.com/ubuntu noble/main amd64 libsamplerate0 amd64 0.2.2-4build1 [1344 kB]
2025-12-05T15:10:38.4378255Z Get:101 http://azure.archive.ubuntu.com/ubuntu noble/main amd64 libjack-jackd2-0 amd64 1.9.21~dfsg-3ubuntu3 [289 kB]
2025-12-05T15:10:38.4425923Z Get:102 http://azure.archive.ubuntu.com/ubuntu noble/main amd64 libndctl6 amd64 77-2ubuntu2 [62.8 kB]
2025-12-05T15:10:38.4469741Z Get:103 http://azure.archive.ubuntu.com/ubuntu noble/main amd64 libnfs14 amd64 5.0.2-1build1 [109 kB]
2025-12-05T15:10:38.4509333Z Get:104 http://azure.archive.ubuntu.com/ubuntu noble/main amd64 libwebrtc-audio-processing1 amd64 0.3.1-0ubuntu6 [290 kB]
2025-12-05T15:10:38.4552494Z Get:105 http://azure.archive.ubuntu.com/ubuntu noble-updates/main amd64 libspa-0.2-modules amd64 1.0.5-1ubuntu3.1 [626 kB]
2025-12-05T15:10:38.4626956Z Get:106 http://azure.archive.ubuntu.com/ubuntu noble-updates/main amd64 libpipewire-0.3-0t64 amd64 1.0.5-1ubuntu3.1 [252 kB]
2025-12-05T15:10:38.4659035Z Get:107 http://azure.archive.ubuntu.com/ubuntu noble-updates/main amd64 libpipewire-0.3-common all 1.0.5-1ubuntu3.1 [18.9 kB]
2025-12-05T15:10:38.4678433Z Get:108 http://azure.archive.ubuntu.com/ubuntu noble/main amd64 libpmem1 amd64 1.13.1-1.1ubuntu2 [84.8 kB]
2025-12-05T15:10:38.4716655Z Get:109 http://azure.archive.ubuntu.com/ubuntu noble/main amd64 libpmemobj1 amd64 1.13.1-1.1ubuntu2 [116 kB]
2025-12-05T15:10:38.4744231Z Get:110 http://azure.archive.ubuntu.com/ubuntu noble-updates/main amd64 librados2 amd64 19.2.1-0ubuntu0.24.04.2 [4042 kB]
2025-12-05T15:10:38.5216403Z Get:111 http://azure.archive.ubuntu.com/ubuntu noble-updates/main amd64 librbd1 amd64 19.2.1-0ubuntu0.24.04.2 [3511 kB]
2025-12-05T15:10:38.5659525Z Get:112 http://azure.archive.ubuntu.com/ubuntu noble-updates/main amd64 libsdl2-2.0-0 amd64 2.30.0+dfsg-1ubuntu3.1 [686 kB]
2025-12-05T15:10:38.5780838Z Get:113 http://azure.archive.ubuntu.com/ubuntu noble/main amd64 libspice-server1 amd64 0.15.1-1build2 [349 kB]
2025-12-05T15:10:38.5851917Z Get:114 http://azure.archive.ubuntu.com/ubuntu noble-updates/main amd64 libtpms0 amd64 0.9.3-0ubuntu4.24.04.1 [373 kB]
2025-12-05T15:10:38.5890881Z Get:115 http://azure.archive.ubuntu.com/ubuntu noble/main amd64 liburing2 amd64 2.5-1build1 [21.1 kB]
2025-12-05T15:10:38.5912032Z Get:116 http://azure.archive.ubuntu.com/ubuntu noble/main amd64 libvirglrenderer1 amd64 1.0.0-1ubuntu2 [226 kB]
2025-12-05T15:10:38.5958468Z Get:117 http://azure.archive.ubuntu.com/ubuntu noble-updates/main amd64 libvirt0 amd64 10.0.0-2ubuntu8.9 [1829 kB]
2025-12-05T15:10:38.6105758Z Get:118 http://azure.archive.ubuntu.com/ubuntu noble-updates/main amd64 libvirt-clients amd64 10.0.0-2ubuntu8.9 [438 kB]
2025-12-05T15:10:38.6154448Z Get:119 http://azure.archive.ubuntu.com/ubuntu noble-updates/main amd64 libvirt-daemon-driver-qemu amd64 10.0.0-2ubuntu8.9 [740 kB]
2025-12-05T15:10:38.6213912Z Get:120 http://azure.archive.ubuntu.com/ubuntu noble-updates/main amd64 libvirt-daemon amd64 10.0.0-2ubuntu8.9 [431 kB]
2025-12-05T15:10:38.6679924Z Get:121 http://azure.archive.ubuntu.com/ubuntu noble-updates/main amd64 libvirt-daemon-config-network all 10.0.0-2ubuntu8.9 [3120 B]
2025-12-05T15:10:38.6698674Z Get:122 http://azure.archive.ubuntu.com/ubuntu noble-updates/main amd64 libvirt-daemon-config-nwfilter all 10.0.0-2ubuntu8.9 [6038 B]
2025-12-05T15:10:38.6719014Z Get:123 http://azure.archive.ubuntu.com/ubuntu noble-updates/main amd64 systemd-container amd64 255.4-1ubuntu8.11 [417 kB]
2025-12-05T15:10:38.6761994Z Get:124 http://azure.archive.ubuntu.com/ubuntu noble-updates/main amd64 libvirt-daemon-system-systemd all 10.0.0-2ubuntu8.9 [1372 B]
2025-12-05T15:10:38.6778984Z Get:125 http://azure.archive.ubuntu.com/ubuntu noble-updates/main amd64 libvirt-daemon-system amd64 10.0.0-2ubuntu8.9 [49.5 kB]
2025-12-05T15:10:38.6798337Z Get:126 http://azure.archive.ubuntu.com/ubuntu noble/universe amd64 libvirt-glib-1.0-data all 5.0.0-2build3 [17.3 kB]
2025-12-05T15:10:38.6814635Z Get:127 http://azure.archive.ubuntu.com/ubuntu noble-updates/main amd64 libvirt-l10n all 10.0.0-2ubuntu8.9 [1148 B]
2025-12-05T15:10:38.6830133Z Get:128 http://azure.archive.ubuntu.com/ubuntu noble-updates/main amd64 libxml2-utils amd64 2.9.14+dfsg-1.3ubuntu3.6 [39.4 kB]
2025-12-05T15:10:38.6847730Z Get:129 http://azure.archive.ubuntu.com/ubuntu noble-updates/main amd64 mdevctl amd64 1.3.0-1ubuntu2.1 [959 kB]
2025-12-05T15:10:38.6923369Z Get:130 http://azure.archive.ubuntu.com/ubuntu noble-updates/universe amd64 mesa-va-drivers amd64 25.0.7-0ubuntu0.24.04.2 [5934 B]
2025-12-05T15:10:38.6962826Z Get:131 http://azure.archive.ubuntu.com/ubuntu noble-updates/universe amd64 osinfo-db all 0.20250606-0ubuntu0.24.04.1 [178 kB]
2025-12-05T15:10:38.6996711Z Get:132 http://azure.archive.ubuntu.com/ubuntu noble/main amd64 python3-cairo amd64 1.25.1-2build2 [119 kB]
2025-12-05T15:10:38.7022978Z Get:133 http://azure.archive.ubuntu.com/ubuntu noble/main amd64 python3-gi-cairo amd64 3.48.2-1 [8132 B]
2025-12-05T15:10:38.7046362Z Get:134 http://azure.archive.ubuntu.com/ubuntu noble/main amd64 python3-libvirt amd64 10.0.0-1build1 [164 kB]
2025-12-05T15:10:38.7075645Z Get:135 http://azure.archive.ubuntu.com/ubuntu noble-updates/universe amd64 python3-libxml2 amd64 2.9.14+dfsg-1.3ubuntu3.6 [140 kB]
2025-12-05T15:10:38.7102996Z Get:136 http://azure.archive.ubuntu.com/ubuntu noble/main amd64 libfdt1 amd64 1.7.0-2build1 [20.1 kB]
2025-12-05T15:10:38.7124103Z Get:137 http://azure.archive.ubuntu.com/ubuntu noble-updates/main amd64 qemu-system-common amd64 1:8.2.2+ds-0ubuntu1.10 [1254 kB]
2025-12-05T15:10:38.7224621Z Get:138 http://azure.archive.ubuntu.com/ubuntu noble-updates/main amd64 qemu-system-data all 1:8.2.2+ds-0ubuntu1.10 [1794 kB]
2025-12-05T15:10:38.7810132Z Get:139 http://azure.archive.ubuntu.com/ubuntu noble/main amd64 seabios all 1.16.3-2 [175 kB]
2025-12-05T15:10:38.7843284Z Get:140 http://azure.archive.ubuntu.com/ubuntu noble-updates/main amd64 qemu-system-x86 amd64 1:8.2.2+ds-0ubuntu1.10 [11.2 MB]
2025-12-05T15:10:38.8798426Z Get:141 http://azure.archive.ubuntu.com/ubuntu noble-updates/main amd64 qemu-utils amd64 1:8.2.2+ds-0ubuntu1.10 [2219 kB]
2025-12-05T15:10:38.9019493Z Get:142 http://azure.archive.ubuntu.com/ubuntu noble-updates/main amd64 qemu-block-extra amd64 1:8.2.2+ds-0ubuntu1.10 [112 kB]
2025-12-05T15:10:38.9050004Z Get:143 http://azure.archive.ubuntu.com/ubuntu noble-updates/main amd64 qemu-system-modules-opengl amd64 1:8.2.2+ds-0ubuntu1.10 [185 kB]
2025-12-05T15:10:38.9098710Z Get:144 http://azure.archive.ubuntu.com/ubuntu noble-updates/main amd64 qemu-system-gui amd64 1:8.2.2+ds-0ubuntu1.10 [312 kB]
2025-12-05T15:10:38.9142339Z Get:145 http://azure.archive.ubuntu.com/ubuntu noble-updates/main amd64 qemu-system-modules-spice amd64 1:8.2.2+ds-0ubuntu1.10 [70.2 kB]
2025-12-05T15:10:38.9162660Z Get:146 http://azure.archive.ubuntu.com/ubuntu noble-updates/main amd64 swtpm amd64 0.7.3-0ubuntu5.24.04.1 [53.1 kB]
2025-12-05T15:10:38.9245957Z Get:147 http://azure.archive.ubuntu.com/ubuntu noble-updates/main amd64 swtpm-tools amd64 0.7.3-0ubuntu5.24.04.1 [92.9 kB]
2025-12-05T15:10:38.9276312Z Get:148 http://azure.archive.ubuntu.com/ubuntu noble/universe amd64 i965-va-driver amd64 2.4.1+dfsg1-1build2 [332 kB]
2025-12-05T15:10:38.9313010Z Get:149 http://azure.archive.ubuntu.com/ubuntu noble/universe amd64 va-driver-all amd64 2.20.0-2build1 [4844 B]
2025-12-05T15:10:38.9346493Z Get:150 http://azure.archive.ubuntu.com/ubuntu noble/universe amd64 libosinfo-l10n all 1.11.0-2build3 [50.6 kB]
2025-12-05T15:10:38.9366804Z Get:151 http://azure.archive.ubuntu.com/ubuntu noble/universe amd64 libosinfo-1.0-0 amd64 1.11.0-2build3 [91.5 kB]
2025-12-05T15:10:38.9391106Z Get:152 http://azure.archive.ubuntu.com/ubuntu noble/universe amd64 gir1.2-libosinfo-1.0 amd64 1.11.0-2build3 [18.6 kB]
2025-12-05T15:10:38.9416400Z Get:153 http://azure.archive.ubuntu.com/ubuntu noble/universe amd64 libvirt-glib-1.0-0 amd64 5.0.0-2build3 [121 kB]
2025-12-05T15:10:38.9448536Z Get:154 http://azure.archive.ubuntu.com/ubuntu noble/universe amd64 gir1.2-libvirt-glib-1.0 amd64 5.0.0-2build3 [32.6 kB]
2025-12-05T15:10:38.9469102Z Get:155 http://azure.archive.ubuntu.com/ubuntu noble/main amd64 xorriso amd64 1:1.5.6-1.1ubuntu3 [297 kB]
2025-12-05T15:10:38.9511942Z Get:156 http://azure.archive.ubuntu.com/ubuntu noble-updates/universe amd64 virtinst all 1:4.1.0-3ubuntu0.1 [891 kB]
2025-12-05T15:10:39.0033940Z Get:157 http://azure.archive.ubuntu.com/ubuntu noble-updates/universe amd64 virt-manager all 1:4.1.0-3ubuntu0.1 [263 kB]
2025-12-05T15:10:39.0080267Z Get:158 http://azure.archive.ubuntu.com/ubuntu noble/universe amd64 virt-viewer amd64 11.0-3build2 [285 kB]
2025-12-05T15:10:39.0123488Z Get:159 http://azure.archive.ubuntu.com/ubuntu noble-updates/main amd64 libnss-mymachines amd64 255.4-1ubuntu8.11 [153 kB]
2025-12-05T15:10:39.0152139Z Get:160 http://azure.archive.ubuntu.com/ubuntu noble/universe amd64 libosinfo-bin amd64 1.11.0-2build3 [21.8 kB]
2025-12-05T15:10:39.0171561Z Get:161 http://azure.archive.ubuntu.com/ubuntu noble-updates/main amd64 ovmf all 2024.02-2ubuntu0.7 [5176 kB]
2025-12-05T15:10:39.4470684Z Preconfiguring packages ...
2025-12-05T15:10:39.5200605Z Fetched 61.9 MB in 1s (46.9 MB/s)
2025-12-05T15:10:39.5678077Z Selecting previously unselected package axel.
2025-12-05T15:10:39.6259279Z (Reading database ... 
2025-12-05T15:10:39.6259731Z (Reading database ... 5%
2025-12-05T15:10:39.6260075Z (Reading database ... 10%
2025-12-05T15:10:39.6260343Z (Reading database ... 15%
2025-12-05T15:10:39.6260580Z (Reading database ... 20%
2025-12-05T15:10:39.6260808Z (Reading database ... 25%
2025-12-05T15:10:39.6261040Z (Reading database ... 30%
2025-12-05T15:10:39.6261265Z (Reading database ... 35%
2025-12-05T15:10:39.6261498Z (Reading database ... 40%
2025-12-05T15:10:39.6261725Z (Reading database ... 45%
2025-12-05T15:10:39.6261972Z (Reading database ... 50%
2025-12-05T15:10:39.7240154Z (Reading database ... 55%
2025-12-05T15:10:40.0753512Z (Reading database ... 60%
2025-12-05T15:10:40.2454861Z (Reading database ... 65%
2025-12-05T15:10:40.3396190Z (Reading database ... 70%
2025-12-05T15:10:40.4528578Z (Reading database ... 75%
2025-12-05T15:10:41.0182185Z (Reading database ... 80%
2025-12-05T15:10:41.6262838Z (Reading database ... 85%
2025-12-05T15:10:42.2152266Z (Reading database ... 90%
2025-12-05T15:10:42.7525237Z (Reading database ... 95%
2025-12-05T15:10:42.7525827Z (Reading database ... 100%
2025-12-05T15:10:42.7526218Z (Reading database ... 217049 files and directories currently installed.)
2025-12-05T15:10:42.7573132Z Preparing to unpack .../000-axel_2.17.13-1build2_amd64.deb ...
2025-12-05T15:10:42.7608931Z Unpacking axel (2.17.13-1build2) ...
2025-12-05T15:10:42.8271603Z Selecting previously unselected package msr-tools.
2025-12-05T15:10:42.8405901Z Preparing to unpack .../001-msr-tools_1.3-5build1_amd64.deb ...
2025-12-05T15:10:42.8418945Z Unpacking msr-tools (1.3-5build1) ...
2025-12-05T15:10:42.8809394Z Selecting previously unselected package cpu-checker.
2025-12-05T15:10:42.8947425Z Preparing to unpack .../002-cpu-checker_0.7-1.3build2_amd64.deb ...
2025-12-05T15:10:42.8961312Z Unpacking cpu-checker (0.7-1.3build2) ...
2025-12-05T15:10:42.9409494Z Selecting previously unselected package dns-root-data.
2025-12-05T15:10:42.9546474Z Preparing to unpack .../003-dns-root-data_2024071801~ubuntu0.24.04.1_all.deb ...
2025-12-05T15:10:42.9557220Z Unpacking dns-root-data (2024071801~ubuntu0.24.04.1) ...
2025-12-05T15:10:42.9810521Z Selecting previously unselected package dnsmasq-base.
2025-12-05T15:10:42.9947413Z Preparing to unpack .../004-dnsmasq-base_2.90-2ubuntu0.1_amd64.deb ...
2025-12-05T15:10:43.0060483Z Unpacking dnsmasq-base (2.90-2ubuntu0.1) ...
2025-12-05T15:10:43.0590303Z Selecting previously unselected package tcl-expect:amd64.
2025-12-05T15:10:43.0726012Z Preparing to unpack .../005-tcl-expect_5.45.4-3_amd64.deb ...
2025-12-05T15:10:43.0751485Z Unpacking tcl-expect:amd64 (5.45.4-3) ...
2025-12-05T15:10:43.1134724Z Selecting previously unselected package expect.
2025-12-05T15:10:43.1270131Z Preparing to unpack .../006-expect_5.45.4-3_amd64.deb ...
2025-12-05T15:10:43.1281463Z Unpacking expect (5.45.4-3) ...
2025-12-05T15:10:43.2503116Z Selecting previously unselected package gir1.2-atk-1.0:amd64.
2025-12-05T15:10:43.2640818Z Preparing to unpack .../007-gir1.2-atk-1.0_2.52.0-1build1_amd64.deb ...
2025-12-05T15:10:43.2653884Z Unpacking gir1.2-atk-1.0:amd64 (2.52.0-1build1) ...
2025-12-05T15:10:43.2894893Z Selecting previously unselected package gir1.2-freedesktop:amd64.
2025-12-05T15:10:43.3030918Z Preparing to unpack .../008-gir1.2-freedesktop_1.80.1-1_amd64.deb ...
2025-12-05T15:10:43.3041557Z Unpacking gir1.2-freedesktop:amd64 (1.80.1-1) ...
2025-12-05T15:10:43.3292027Z Selecting previously unselected package gir1.2-gdkpixbuf-2.0:amd64.
2025-12-05T15:10:43.3428343Z Preparing to unpack .../009-gir1.2-gdkpixbuf-2.0_2.42.10+dfsg-3ubuntu3.2_amd64.deb ...
2025-12-05T15:10:43.3439428Z Unpacking gir1.2-gdkpixbuf-2.0:amd64 (2.42.10+dfsg-3ubuntu3.2) ...
2025-12-05T15:10:43.3679025Z Selecting previously unselected package libharfbuzz-gobject0:amd64.
2025-12-05T15:10:43.3815124Z Preparing to unpack .../010-libharfbuzz-gobject0_8.3.0-2build2_amd64.deb ...
2025-12-05T15:10:43.3829508Z Unpacking libharfbuzz-gobject0:amd64 (8.3.0-2build2) ...
2025-12-05T15:10:43.4053245Z Selecting previously unselected package gir1.2-harfbuzz-0.0:amd64.
2025-12-05T15:10:43.4188431Z Preparing to unpack .../011-gir1.2-harfbuzz-0.0_8.3.0-2build2_amd64.deb ...
2025-12-05T15:10:43.4199428Z Unpacking gir1.2-harfbuzz-0.0:amd64 (8.3.0-2build2) ...
2025-12-05T15:10:43.4441072Z Selecting previously unselected package libpangoxft-1.0-0:amd64.
2025-12-05T15:10:43.4576640Z Preparing to unpack .../012-libpangoxft-1.0-0_1.52.1+ds-1build1_amd64.deb ...
2025-12-05T15:10:43.4588460Z Unpacking libpangoxft-1.0-0:amd64 (1.52.1+ds-1build1) ...
2025-12-05T15:10:43.4805780Z Selecting previously unselected package gir1.2-pango-1.0:amd64.
2025-12-05T15:10:43.4940936Z Preparing to unpack .../013-gir1.2-pango-1.0_1.52.1+ds-1build1_amd64.deb ...
2025-12-05T15:10:43.4952966Z Unpacking gir1.2-pango-1.0:amd64 (1.52.1+ds-1build1) ...
2025-12-05T15:10:43.5182989Z Selecting previously unselected package gir1.2-gtk-3.0:amd64.
2025-12-05T15:10:43.5320750Z Preparing to unpack .../014-gir1.2-gtk-3.0_3.24.41-4ubuntu1.3_amd64.deb ...
2025-12-05T15:10:43.5335084Z Unpacking gir1.2-gtk-3.0:amd64 (3.24.41-4ubuntu1.3) ...
2025-12-05T15:10:43.5616693Z Selecting previously unselected package libayatana-ido3-0.4-0:amd64.
2025-12-05T15:10:43.5754072Z Preparing to unpack .../015-libayatana-ido3-0.4-0_0.10.1-1build2_amd64.deb ...
2025-12-05T15:10:43.5767531Z Unpacking libayatana-ido3-0.4-0:amd64 (0.10.1-1build2) ...
2025-12-05T15:10:43.6032896Z Selecting previously unselected package libayatana-indicator3-7:amd64.
2025-12-05T15:10:43.6170064Z Preparing to unpack .../016-libayatana-indicator3-7_0.9.4-1build1_amd64.deb ...
2025-12-05T15:10:43.6182675Z Unpacking libayatana-indicator3-7:amd64 (0.9.4-1build1) ...
2025-12-05T15:10:43.6427240Z Selecting previously unselected package libayatana-appindicator3-1.
2025-12-05T15:10:43.6562298Z Preparing to unpack .../017-libayatana-appindicator3-1_0.5.93-1build3_amd64.deb ...
2025-12-05T15:10:43.6573520Z Unpacking libayatana-appindicator3-1 (0.5.93-1build3) ...
2025-12-05T15:10:43.6804412Z Selecting previously unselected package gir1.2-ayatanaappindicator3-0.1.
2025-12-05T15:10:43.6941787Z Preparing to unpack .../018-gir1.2-ayatanaappindicator3-0.1_0.5.93-1build3_amd64.deb ...
2025-12-05T15:10:43.6954350Z Unpacking gir1.2-ayatanaappindicator3-0.1 (0.5.93-1build3) ...
2025-12-05T15:10:43.7175178Z Selecting previously unselected package gir1.2-gstreamer-1.0:amd64.
2025-12-05T15:10:43.7319084Z Preparing to unpack .../019-gir1.2-gstreamer-1.0_1.24.2-1ubuntu0.1_amd64.deb ...
2025-12-05T15:10:43.7330037Z Unpacking gir1.2-gstreamer-1.0:amd64 (1.24.2-1ubuntu0.1) ...
2025-12-05T15:10:43.7622376Z Selecting previously unselected package libasyncns0:amd64.
2025-12-05T15:10:43.7765859Z Preparing to unpack .../020-libasyncns0_0.8-6build4_amd64.deb ...
2025-12-05T15:10:43.7778533Z Unpacking libasyncns0:amd64 (0.8-6build4) ...
2025-12-05T15:10:43.8053153Z Selecting previously unselected package libflac12t64:amd64.
2025-12-05T15:10:43.8191943Z Preparing to unpack .../021-libflac12t64_1.4.3+ds-2.1ubuntu2_amd64.deb ...
2025-12-05T15:10:43.8204415Z Unpacking libflac12t64:amd64 (1.4.3+ds-2.1ubuntu2) ...
2025-12-05T15:10:43.8471153Z Selecting previously unselected package libmp3lame0:amd64.
2025-12-05T15:10:43.8610014Z Preparing to unpack .../022-libmp3lame0_3.100-6build1_amd64.deb ...
2025-12-05T15:10:43.8621153Z Unpacking libmp3lame0:amd64 (3.100-6build1) ...
2025-12-05T15:10:43.8904103Z Selecting previously unselected package libmpg123-0t64:amd64.
2025-12-05T15:10:43.9041706Z Preparing to unpack .../023-libmpg123-0t64_1.32.5-1ubuntu1.1_amd64.deb ...
2025-12-05T15:10:43.9053277Z Unpacking libmpg123-0t64:amd64 (1.32.5-1ubuntu1.1) ...
2025-12-05T15:10:43.9320537Z Selecting previously unselected package libopus0:amd64.
2025-12-05T15:10:43.9458345Z Preparing to unpack .../024-libopus0_1.4-1build1_amd64.deb ...
2025-12-05T15:10:43.9468250Z Unpacking libopus0:amd64 (1.4-1build1) ...
2025-12-05T15:10:43.9729532Z Selecting previously unselected package libvorbisenc2:amd64.
2025-12-05T15:10:43.9866531Z Preparing to unpack .../025-libvorbisenc2_1.3.7-1build3_amd64.deb ...
2025-12-05T15:10:43.9878052Z Unpacking libvorbisenc2:amd64 (1.3.7-1build3) ...
2025-12-05T15:10:44.0145821Z Selecting previously unselected package libsndfile1:amd64.
2025-12-05T15:10:44.0280063Z Preparing to unpack .../026-libsndfile1_1.2.2-1ubuntu5.24.04.1_amd64.deb ...
2025-12-05T15:10:44.0293434Z Unpacking libsndfile1:amd64 (1.2.2-1ubuntu5.24.04.1) ...
2025-12-05T15:10:44.0583133Z Selecting previously unselected package libpulse0:amd64.
2025-12-05T15:10:44.0721379Z Preparing to unpack .../027-libpulse0_1%3a16.1+dfsg1-2ubuntu10.1_amd64.deb ...
2025-12-05T15:10:44.0790638Z Unpacking libpulse0:amd64 (1:16.1+dfsg1-2ubuntu10.1) ...
2025-12-05T15:10:44.1086271Z Selecting previously unselected package libgvnc-1.0-0:amd64.
2025-12-05T15:10:44.1223365Z Preparing to unpack .../028-libgvnc-1.0-0_1.3.1-1build2_amd64.deb ...
2025-12-05T15:10:44.1238895Z Unpacking libgvnc-1.0-0:amd64 (1.3.1-1build2) ...
2025-12-05T15:10:44.1500371Z Selecting previously unselected package libgtk-vnc-2.0-0:amd64.
2025-12-05T15:10:44.1635716Z Preparing to unpack .../029-libgtk-vnc-2.0-0_1.3.1-1build2_amd64.deb ...
2025-12-05T15:10:44.1647093Z Unpacking libgtk-vnc-2.0-0:amd64 (1.3.1-1build2) ...
2025-12-05T15:10:44.1871502Z Selecting previously unselected package gir1.2-gtk-vnc-2.0:amd64.
2025-12-05T15:10:44.2007474Z Preparing to unpack .../030-gir1.2-gtk-vnc-2.0_1.3.1-1build2_amd64.deb ...
2025-12-05T15:10:44.2018367Z Unpacking gir1.2-gtk-vnc-2.0:amd64 (1.3.1-1build2) ...
2025-12-05T15:10:44.2248236Z Selecting previously unselected package libgtksourceview-4-common.
2025-12-05T15:10:44.2382457Z Preparing to unpack .../031-libgtksourceview-4-common_4.8.4-5build4_all.deb ...
2025-12-05T15:10:44.2405156Z Unpacking libgtksourceview-4-common (4.8.4-5build4) ...
2025-12-05T15:10:44.4427235Z Selecting previously unselected package libgtksourceview-4-0:amd64.
2025-12-05T15:10:44.4564547Z Preparing to unpack .../032-libgtksourceview-4-0_4.8.4-5build4_amd64.deb ...
2025-12-05T15:10:44.4577908Z Unpacking libgtksourceview-4-0:amd64 (4.8.4-5build4) ...
2025-12-05T15:10:44.4844240Z Selecting previously unselected package gir1.2-gtksource-4:amd64.
2025-12-05T15:10:44.4980377Z Preparing to unpack .../033-gir1.2-gtksource-4_4.8.4-5build4_amd64.deb ...
2025-12-05T15:10:44.4993266Z Unpacking gir1.2-gtksource-4:amd64 (4.8.4-5build4) ...
2025-12-05T15:10:44.5214088Z Selecting previously unselected package spice-client-glib-usb-acl-helper.
2025-12-05T15:10:44.5349978Z Preparing to unpack .../034-spice-client-glib-usb-acl-helper_0.42-2ubuntu2_amd64.deb ...
2025-12-05T15:10:44.5361623Z Unpacking spice-client-glib-usb-acl-helper (0.42-2ubuntu2) ...
2025-12-05T15:10:44.5620494Z Selecting previously unselected package libpcsclite1:amd64.
2025-12-05T15:10:44.5757870Z Preparing to unpack .../035-libpcsclite1_2.0.3-1build1_amd64.deb ...
2025-12-05T15:10:44.5771256Z Unpacking libpcsclite1:amd64 (2.0.3-1build1) ...
2025-12-05T15:10:44.6037232Z Selecting previously unselected package libcacard0:amd64.
2025-12-05T15:10:44.6175800Z Preparing to unpack .../036-libcacard0_1%3a2.8.0-3build4_amd64.deb ...
2025-12-05T15:10:44.6188278Z Unpacking libcacard0:amd64 (1:2.8.0-3build4) ...
2025-12-05T15:10:44.6441399Z Selecting previously unselected package liborc-0.4-0t64:amd64.
2025-12-05T15:10:44.6582400Z Preparing to unpack .../037-liborc-0.4-0t64_1%3a0.4.38-1ubuntu0.1_amd64.deb ...
2025-12-05T15:10:44.6592273Z Unpacking liborc-0.4-0t64:amd64 (1:0.4.38-1ubuntu0.1) ...
2025-12-05T15:10:44.6894174Z Selecting previously unselected package libgstreamer-plugins-base1.0-0:amd64.
2025-12-05T15:10:44.7035228Z Preparing to unpack .../038-libgstreamer-plugins-base1.0-0_1.24.2-1ubuntu0.3_amd64.deb ...
2025-12-05T15:10:44.7047988Z Unpacking libgstreamer-plugins-base1.0-0:amd64 (1.24.2-1ubuntu0.3) ...
2025-12-05T15:10:44.7428998Z Selecting previously unselected package libphodav-3.0-common.
2025-12-05T15:10:44.7571658Z Preparing to unpack .../039-libphodav-3.0-common_3.0-8build3_all.deb ...
2025-12-05T15:10:44.7586156Z Unpacking libphodav-3.0-common (3.0-8build3) ...
2025-12-05T15:10:44.7870120Z Selecting previously unselected package libproxy1v5:amd64.
2025-12-05T15:10:44.8007261Z Preparing to unpack .../040-libproxy1v5_0.5.4-4build1_amd64.deb ...
2025-12-05T15:10:44.8017745Z Unpacking libproxy1v5:amd64 (0.5.4-4build1) ...
2025-12-05T15:10:44.8263978Z Selecting previously unselected package glib-networking-common.
2025-12-05T15:10:44.8402999Z Preparing to unpack .../041-glib-networking-common_2.80.0-1build1_all.deb ...
2025-12-05T15:10:44.8412770Z Unpacking glib-networking-common (2.80.0-1build1) ...
2025-12-05T15:10:44.8644619Z Selecting previously unselected package glib-networking-services.
2025-12-05T15:10:44.8780629Z Preparing to unpack .../042-glib-networking-services_2.80.0-1build1_amd64.deb ...
2025-12-05T15:10:44.8789522Z Unpacking glib-networking-services (2.80.0-1build1) ...
2025-12-05T15:10:44.9041635Z Selecting previously unselected package session-migration.
2025-12-05T15:10:44.9177641Z Preparing to unpack .../043-session-migration_0.3.9build1_amd64.deb ...
2025-12-05T15:10:44.9187918Z Unpacking session-migration (0.3.9build1) ...
2025-12-05T15:10:44.9442412Z Selecting previously unselected package gsettings-desktop-schemas.
2025-12-05T15:10:44.9581378Z Preparing to unpack .../044-gsettings-desktop-schemas_46.1-0ubuntu1_all.deb ...
2025-12-05T15:10:44.9592778Z Unpacking gsettings-desktop-schemas (46.1-0ubuntu1) ...
2025-12-05T15:10:44.9977759Z Selecting previously unselected package glib-networking:amd64.
2025-12-05T15:10:45.0115271Z Preparing to unpack .../045-glib-networking_2.80.0-1build1_amd64.deb ...
2025-12-05T15:10:45.0125999Z Unpacking glib-networking:amd64 (2.80.0-1build1) ...
2025-12-05T15:10:45.0368887Z Selecting previously unselected package libsoup-3.0-common.
2025-12-05T15:10:45.0505320Z Preparing to unpack .../046-libsoup-3.0-common_3.4.4-5ubuntu0.5_all.deb ...
2025-12-05T15:10:45.0519269Z Unpacking libsoup-3.0-common (3.4.4-5ubuntu0.5) ...
2025-12-05T15:10:45.0753311Z Selecting previously unselected package libsoup-3.0-0:amd64.
2025-12-05T15:10:45.0889201Z Preparing to unpack .../047-libsoup-3.0-0_3.4.4-5ubuntu0.5_amd64.deb ...
2025-12-05T15:10:45.0902304Z Unpacking libsoup-3.0-0:amd64 (3.4.4-5ubuntu0.5) ...
2025-12-05T15:10:45.1171911Z Selecting previously unselected package libphodav-3.0-0:amd64.
2025-12-05T15:10:45.1306366Z Preparing to unpack .../048-libphodav-3.0-0_3.0-8build3_amd64.deb ...
2025-12-05T15:10:45.1320877Z Unpacking libphodav-3.0-0:amd64 (3.0-8build3) ...
2025-12-05T15:10:45.1562140Z Selecting previously unselected package libusbredirparser1t64:amd64.
2025-12-05T15:10:45.1699924Z Preparing to unpack .../049-libusbredirparser1t64_0.13.0-2.1build1_amd64.deb ...
2025-12-05T15:10:45.1711628Z Unpacking libusbredirparser1t64:amd64 (0.13.0-2.1build1) ...
2025-12-05T15:10:45.1961263Z Selecting previously unselected package libusbredirhost1t64:amd64.
2025-12-05T15:10:45.2099222Z Preparing to unpack .../050-libusbredirhost1t64_0.13.0-2.1build1_amd64.deb ...
2025-12-05T15:10:45.2111508Z Unpacking libusbredirhost1t64:amd64 (0.13.0-2.1build1) ...
2025-12-05T15:10:45.2388662Z Selecting previously unselected package libspice-client-glib-2.0-8:amd64.
2025-12-05T15:10:45.2524503Z Preparing to unpack .../051-libspice-client-glib-2.0-8_0.42-2ubuntu2_amd64.deb ...
2025-12-05T15:10:45.2536718Z Unpacking libspice-client-glib-2.0-8:amd64 (0.42-2ubuntu2) ...
2025-12-05T15:10:45.2816600Z Selecting previously unselected package gir1.2-spiceclientglib-2.0:amd64.
2025-12-05T15:10:45.2952525Z Preparing to unpack .../052-gir1.2-spiceclientglib-2.0_0.42-2ubuntu2_amd64.deb ...
2025-12-05T15:10:45.2963676Z Unpacking gir1.2-spiceclientglib-2.0:amd64 (0.42-2ubuntu2) ...
2025-12-05T15:10:45.3186832Z Selecting previously unselected package libva2:amd64.
2025-12-05T15:10:45.3327339Z Preparing to unpack .../053-libva2_2.20.0-2build1_amd64.deb ...
2025-12-05T15:10:45.3340440Z Unpacking libva2:amd64 (2.20.0-2build1) ...
2025-12-05T15:10:45.3598808Z Selecting previously unselected package libva-x11-2:amd64.
2025-12-05T15:10:45.3736402Z Preparing to unpack .../054-libva-x11-2_2.20.0-2build1_amd64.deb ...
2025-12-05T15:10:45.3749567Z Unpacking libva-x11-2:amd64 (2.20.0-2build1) ...
2025-12-05T15:10:45.3982000Z Selecting previously unselected package libspice-client-gtk-3.0-5:amd64.
2025-12-05T15:10:45.4119270Z Preparing to unpack .../055-libspice-client-gtk-3.0-5_0.42-2ubuntu2_amd64.deb ...
2025-12-05T15:10:45.4131791Z Unpacking libspice-client-gtk-3.0-5:amd64 (0.42-2ubuntu2) ...
2025-12-05T15:10:45.4382093Z Selecting previously unselected package gir1.2-spiceclientgtk-3.0:amd64.
2025-12-05T15:10:45.4517196Z Preparing to unpack .../056-gir1.2-spiceclientgtk-3.0_0.42-2ubuntu2_amd64.deb ...
2025-12-05T15:10:45.4528733Z Unpacking gir1.2-spiceclientgtk-3.0:amd64 (0.42-2ubuntu2) ...
2025-12-05T15:10:45.4745050Z Selecting previously unselected package libvte-2.91-common.
2025-12-05T15:10:45.4881850Z Preparing to unpack .../057-libvte-2.91-common_0.76.0-1ubuntu0.1_amd64.deb ...
2025-12-05T15:10:45.4893496Z Unpacking libvte-2.91-common (0.76.0-1ubuntu0.1) ...
2025-12-05T15:10:45.5147526Z Selecting previously unselected package libvte-2.91-0:amd64.
2025-12-05T15:10:45.5283135Z Preparing to unpack .../058-libvte-2.91-0_0.76.0-1ubuntu0.1_amd64.deb ...
2025-12-05T15:10:45.5293829Z Unpacking libvte-2.91-0:amd64 (0.76.0-1ubuntu0.1) ...
2025-12-05T15:10:45.5542061Z Selecting previously unselected package gir1.2-vte-2.91:amd64.
2025-12-05T15:10:45.5680503Z Preparing to unpack .../059-gir1.2-vte-2.91_0.76.0-1ubuntu0.1_amd64.deb ...
2025-12-05T15:10:45.5698907Z Unpacking gir1.2-vte-2.91:amd64 (0.76.0-1ubuntu0.1) ...
2025-12-05T15:10:45.5948513Z Selecting previously unselected package libcdparanoia0:amd64.
2025-12-05T15:10:45.6087460Z Preparing to unpack .../060-libcdparanoia0_3.10.2+debian-14build3_amd64.deb ...
2025-12-05T15:10:45.6100441Z Unpacking libcdparanoia0:amd64 (3.10.2+debian-14build3) ...
2025-12-05T15:10:45.6354782Z Selecting previously unselected package libtheora0:amd64.
2025-12-05T15:10:45.6494611Z Preparing to unpack .../061-libtheora0_1.1.1+dfsg.1-16.1build3_amd64.deb ...
2025-12-05T15:10:45.6506359Z Unpacking libtheora0:amd64 (1.1.1+dfsg.1-16.1build3) ...
2025-12-05T15:10:45.6782565Z Selecting previously unselected package libvisual-0.4-0:amd64.
2025-12-05T15:10:45.6919238Z Preparing to unpack .../062-libvisual-0.4-0_0.4.2-2build1_amd64.deb ...
2025-12-05T15:10:45.6932251Z Unpacking libvisual-0.4-0:amd64 (0.4.2-2build1) ...
2025-12-05T15:10:45.7417535Z Selecting previously unselected package gstreamer1.0-plugins-base:amd64.
2025-12-05T15:10:45.7563331Z Preparing to unpack .../063-gstreamer1.0-plugins-base_1.24.2-1ubuntu0.3_amd64.deb ...
2025-12-05T15:10:45.7572145Z Unpacking gstreamer1.0-plugins-base:amd64 (1.24.2-1ubuntu0.3) ...
2025-12-05T15:10:45.7933511Z Selecting previously unselected package libaa1:amd64.
2025-12-05T15:10:45.8070446Z Preparing to unpack .../064-libaa1_1.4p5-51.1_amd64.deb ...
2025-12-05T15:10:45.8080563Z Unpacking libaa1:amd64 (1.4p5-51.1) ...
2025-12-05T15:10:45.8327172Z Selecting previously unselected package libraw1394-11:amd64.
2025-12-05T15:10:45.8468352Z Preparing to unpack .../065-libraw1394-11_2.1.2-2build3_amd64.deb ...
2025-12-05T15:10:45.8478584Z Unpacking libraw1394-11:amd64 (2.1.2-2build3) ...
2025-12-05T15:10:45.8713481Z Selecting previously unselected package libavc1394-0:amd64.
2025-12-05T15:10:45.8851899Z Preparing to unpack .../066-libavc1394-0_0.5.4-5build3_amd64.deb ...
2025-12-05T15:10:45.8863842Z Unpacking libavc1394-0:amd64 (0.5.4-5build3) ...
2025-12-05T15:10:45.9082316Z Selecting previously unselected package libcaca0:amd64.
2025-12-05T15:10:45.9219559Z Preparing to unpack .../067-libcaca0_0.99.beta20-4build2_amd64.deb ...
2025-12-05T15:10:45.9230479Z Unpacking libcaca0:amd64 (0.99.beta20-4build2) ...
2025-12-05T15:10:45.9539051Z Selecting previously unselected package libdv4t64:amd64.
2025-12-05T15:10:45.9681695Z Preparing to unpack .../068-libdv4t64_1.0.0-17.1build1_amd64.deb ...
2025-12-05T15:10:45.9694712Z Unpacking libdv4t64:amd64 (1.0.0-17.1build1) ...
2025-12-05T15:10:45.9939590Z Selecting previously unselected package libgstreamer-plugins-good1.0-0:amd64.
2025-12-05T15:10:46.0085415Z Preparing to unpack .../069-libgstreamer-plugins-good1.0-0_1.24.2-1ubuntu1.2_amd64.deb ...
2025-12-05T15:10:46.0095122Z Unpacking libgstreamer-plugins-good1.0-0:amd64 (1.24.2-1ubuntu1.2) ...
2025-12-05T15:10:46.0366282Z Selecting previously unselected package libiec61883-0:amd64.
2025-12-05T15:10:46.0510641Z Preparing to unpack .../070-libiec61883-0_1.2.0-6build1_amd64.deb ...
2025-12-05T15:10:46.0521474Z Unpacking libiec61883-0:amd64 (1.2.0-6build1) ...
2025-12-05T15:10:46.0763952Z Selecting previously unselected package libspeex1:amd64.
2025-12-05T15:10:46.0903392Z Preparing to unpack .../071-libspeex1_1.2.1-2ubuntu2.24.04.1_amd64.deb ...
2025-12-05T15:10:46.0924066Z Unpacking libspeex1:amd64 (1.2.1-2ubuntu2.24.04.1) ...
2025-12-05T15:10:46.1165826Z Selecting previously unselected package libshout3:amd64.
2025-12-05T15:10:46.1304328Z Preparing to unpack .../072-libshout3_2.4.6-1build2_amd64.deb ...
2025-12-05T15:10:46.1313636Z Unpacking libshout3:amd64 (2.4.6-1build2) ...
2025-12-05T15:10:46.1586311Z Selecting previously unselected package libtag1v5-vanilla:amd64.
2025-12-05T15:10:46.1724822Z Preparing to unpack .../073-libtag1v5-vanilla_1.13.1-1build1_amd64.deb ...
2025-12-05T15:10:46.1734228Z Unpacking libtag1v5-vanilla:amd64 (1.13.1-1build1) ...
2025-12-05T15:10:46.1996279Z Selecting previously unselected package libtag1v5:amd64.
2025-12-05T15:10:46.2136676Z Preparing to unpack .../074-libtag1v5_1.13.1-1build1_amd64.deb ...
2025-12-05T15:10:46.2146149Z Unpacking libtag1v5:amd64 (1.13.1-1build1) ...
2025-12-05T15:10:46.2387824Z Selecting previously unselected package libtwolame0:amd64.
2025-12-05T15:10:46.2528447Z Preparing to unpack .../075-libtwolame0_0.4.0-2build3_amd64.deb ...
2025-12-05T15:10:46.2539487Z Unpacking libtwolame0:amd64 (0.4.0-2build3) ...
2025-12-05T15:10:46.2786259Z Selecting previously unselected package libv4lconvert0t64:amd64.
2025-12-05T15:10:46.2926996Z Preparing to unpack .../076-libv4lconvert0t64_1.26.1-4build3_amd64.deb ...
2025-12-05T15:10:46.2937927Z Unpacking libv4lconvert0t64:amd64 (1.26.1-4build3) ...
2025-12-05T15:10:46.3207563Z Selecting previously unselected package libv4l-0t64:amd64.
2025-12-05T15:10:46.3348996Z Preparing to unpack .../077-libv4l-0t64_1.26.1-4build3_amd64.deb ...
2025-12-05T15:10:46.3363589Z Unpacking libv4l-0t64:amd64 (1.26.1-4build3) ...
2025-12-05T15:10:46.3627623Z Selecting previously unselected package libvpx9:amd64.
2025-12-05T15:10:46.3765361Z Preparing to unpack .../078-libvpx9_1.14.0-1ubuntu2.2_amd64.deb ...
2025-12-05T15:10:46.3774685Z Unpacking libvpx9:amd64 (1.14.0-1ubuntu2.2) ...
2025-12-05T15:10:46.4163374Z Selecting previously unselected package libwavpack1:amd64.
2025-12-05T15:10:46.4304979Z Preparing to unpack .../079-libwavpack1_5.6.0-1build1_amd64.deb ...
2025-12-05T15:10:46.4315171Z Unpacking libwavpack1:amd64 (5.6.0-1build1) ...
2025-12-05T15:10:46.4562630Z Selecting previously unselected package gstreamer1.0-plugins-good:amd64.
2025-12-05T15:10:46.4701878Z Preparing to unpack .../080-gstreamer1.0-plugins-good_1.24.2-1ubuntu1.2_amd64.deb ...
2025-12-05T15:10:46.4711651Z Unpacking gstreamer1.0-plugins-good:amd64 (1.24.2-1ubuntu1.2) ...
2025-12-05T15:10:46.5359076Z Selecting previously unselected package libxv1:amd64.
2025-12-05T15:10:46.5497358Z Preparing to unpack .../081-libxv1_2%3a1.0.11-1.1build1_amd64.deb ...
2025-12-05T15:10:46.5506754Z Unpacking libxv1:amd64 (2:1.0.11-1.1build1) ...
2025-12-05T15:10:46.5883448Z Selecting previously unselected package gstreamer1.0-x:amd64.
2025-12-05T15:10:46.6023111Z Preparing to unpack .../082-gstreamer1.0-x_1.24.2-1ubuntu0.3_amd64.deb ...
2025-12-05T15:10:46.6102184Z Unpacking gstreamer1.0-x:amd64 (1.24.2-1ubuntu0.3) ...
2025-12-05T15:10:46.6349919Z Selecting previously unselected package libigdgmm12:amd64.
2025-12-05T15:10:46.6488509Z Preparing to unpack .../083-libigdgmm12_22.3.17+ds1-1_amd64.deb ...
2025-12-05T15:10:46.6502876Z Unpacking libigdgmm12:amd64 (22.3.17+ds1-1) ...
2025-12-05T15:10:46.6758900Z Selecting previously unselected package intel-media-va-driver:amd64.
2025-12-05T15:10:46.6897679Z Preparing to unpack .../084-intel-media-va-driver_24.1.0+dfsg1-1ubuntu0.1_amd64.deb ...
2025-12-05T15:10:46.6906350Z Unpacking intel-media-va-driver:amd64 (24.1.0+dfsg1-1ubuntu0.1) ...
2025-12-05T15:10:46.7700328Z Selecting previously unselected package ipxe-qemu.
2025-12-05T15:10:46.7838907Z Preparing to unpack .../085-ipxe-qemu_1.21.1+git-20220113.fbbdc3926-0ubuntu2_all.deb ...
2025-12-05T15:10:46.7850172Z Unpacking ipxe-qemu (1.21.1+git-20220113.fbbdc3926-0ubuntu2) ...
2025-12-05T15:10:46.8243575Z Selecting previously unselected package ipxe-qemu-256k-compat-efi-roms.
2025-12-05T15:10:46.8381526Z Preparing to unpack .../086-ipxe-qemu-256k-compat-efi-roms_1.0.0+git-20150424.a25a16d-0ubuntu5_all.deb ...
2025-12-05T15:10:46.8397244Z Unpacking ipxe-qemu-256k-compat-efi-roms (1.0.0+git-20150424.a25a16d-0ubuntu5) ...
2025-12-05T15:10:46.8684613Z Selecting previously unselected package libboost-iostreams1.83.0:amd64.
2025-12-05T15:10:46.8825354Z Preparing to unpack .../087-libboost-iostreams1.83.0_1.83.0-2.1ubuntu3.1_amd64.deb ...
2025-12-05T15:10:46.8835448Z Unpacking libboost-iostreams1.83.0:amd64 (1.83.0-2.1ubuntu3.1) ...
2025-12-05T15:10:46.9138661Z Selecting previously unselected package libboost-thread1.83.0:amd64.
2025-12-05T15:10:46.9276714Z Preparing to unpack .../088-libboost-thread1.83.0_1.83.0-2.1ubuntu3.1_amd64.deb ...
2025-12-05T15:10:46.9286205Z Unpacking libboost-thread1.83.0:amd64 (1.83.0-2.1ubuntu3.1) ...
2025-12-05T15:10:46.9598853Z Selecting previously unselected package libbrlapi0.8:amd64.
2025-12-05T15:10:46.9736279Z Preparing to unpack .../089-libbrlapi0.8_6.6-4ubuntu5_amd64.deb ...
2025-12-05T15:10:46.9745693Z Unpacking libbrlapi0.8:amd64 (6.6-4ubuntu5) ...
2025-12-05T15:10:46.9985439Z Selecting previously unselected package libburn4t64:amd64.
2025-12-05T15:10:47.0124991Z Preparing to unpack .../090-libburn4t64_1.5.6-1.1build1_amd64.deb ...
2025-12-05T15:10:47.0134259Z Unpacking libburn4t64:amd64 (1.5.6-1.1build1) ...
2025-12-05T15:10:47.0402668Z Selecting previously unselected package libdaxctl1:amd64.
2025-12-05T15:10:47.0541693Z Preparing to unpack .../091-libdaxctl1_77-2ubuntu2_amd64.deb ...
2025-12-05T15:10:47.0555785Z Unpacking libdaxctl1:amd64 (77-2ubuntu2) ...
2025-12-05T15:10:47.0799668Z Selecting previously unselected package libdecor-0-0:amd64.
2025-12-05T15:10:47.0938537Z Preparing to unpack .../092-libdecor-0-0_0.2.2-1build2_amd64.deb ...
2025-12-05T15:10:47.0948237Z Unpacking libdecor-0-0:amd64 (0.2.2-1build2) ...
2025-12-05T15:10:47.1161067Z Selecting previously unselected package libdecor-0-plugin-1-gtk:amd64.
2025-12-05T15:10:47.1297270Z Preparing to unpack .../093-libdecor-0-plugin-1-gtk_0.2.2-1build2_amd64.deb ...
2025-12-05T15:10:47.1310339Z Unpacking libdecor-0-plugin-1-gtk:amd64 (0.2.2-1build2) ...
2025-12-05T15:10:47.1546530Z Selecting previously unselected package librdmacm1t64:amd64.
2025-12-05T15:10:47.1685217Z Preparing to unpack .../094-librdmacm1t64_50.0-2ubuntu0.2_amd64.deb ...
2025-12-05T15:10:47.1696160Z Unpacking librdmacm1t64:amd64 (50.0-2ubuntu0.2) ...
2025-12-05T15:10:47.1946083Z Selecting previously unselected package libiscsi7:amd64.
2025-12-05T15:10:47.2085728Z Preparing to unpack .../095-libiscsi7_1.19.0-3build4_amd64.deb ...
2025-12-05T15:10:47.2095143Z Unpacking libiscsi7:amd64 (1.19.0-3build4) ...
2025-12-05T15:10:47.2346243Z Selecting previously unselected package libisofs6t64:amd64.
2025-12-05T15:10:47.2483834Z Preparing to unpack .../096-libisofs6t64_1.5.6.pl01-1.1ubuntu2_amd64.deb ...
2025-12-05T15:10:47.2494855Z Unpacking libisofs6t64:amd64 (1.5.6.pl01-1.1ubuntu2) ...
2025-12-05T15:10:47.2828799Z Selecting previously unselected package libisoburn1t64:amd64.
2025-12-05T15:10:47.2969876Z Preparing to unpack .../097-libisoburn1t64_1%3a1.5.6-1.1ubuntu3_amd64.deb ...
2025-12-05T15:10:47.2978282Z Unpacking libisoburn1t64:amd64 (1:1.5.6-1.1ubuntu3) ...
2025-12-05T15:10:47.3271892Z Selecting previously unselected package libsamplerate0:amd64.
2025-12-05T15:10:47.3410592Z Preparing to unpack .../098-libsamplerate0_0.2.2-4build1_amd64.deb ...
2025-12-05T15:10:47.3422597Z Unpacking libsamplerate0:amd64 (0.2.2-4build1) ...
2025-12-05T15:10:47.3740711Z Selecting previously unselected package libjack-jackd2-0:amd64.
2025-12-05T15:10:47.3880851Z Preparing to unpack .../099-libjack-jackd2-0_1.9.21~dfsg-3ubuntu3_amd64.deb ...
2025-12-05T15:10:47.3896192Z Unpacking libjack-jackd2-0:amd64 (1.9.21~dfsg-3ubuntu3) ...
2025-12-05T15:10:47.4187066Z Selecting previously unselected package libndctl6:amd64.
2025-12-05T15:10:47.4324655Z Preparing to unpack .../100-libndctl6_77-2ubuntu2_amd64.deb ...
2025-12-05T15:10:47.4339113Z Unpacking libndctl6:amd64 (77-2ubuntu2) ...
2025-12-05T15:10:47.4583573Z Selecting previously unselected package libnfs14:amd64.
2025-12-05T15:10:47.4721607Z Preparing to unpack .../101-libnfs14_5.0.2-1build1_amd64.deb ...
2025-12-05T15:10:47.4734580Z Unpacking libnfs14:amd64 (5.0.2-1build1) ...
2025-12-05T15:10:47.5022844Z Selecting previously unselected package libwebrtc-audio-processing1:amd64.
2025-12-05T15:10:47.5163836Z Preparing to unpack .../102-libwebrtc-audio-processing1_0.3.1-0ubuntu6_amd64.deb ...
2025-12-05T15:10:47.5173899Z Unpacking libwebrtc-audio-processing1:amd64 (0.3.1-0ubuntu6) ...
2025-12-05T15:10:47.5443767Z Selecting previously unselected package libspa-0.2-modules:amd64.
2025-12-05T15:10:47.5581799Z Preparing to unpack .../103-libspa-0.2-modules_1.0.5-1ubuntu3.1_amd64.deb ...
2025-12-05T15:10:47.5593155Z Unpacking libspa-0.2-modules:amd64 (1.0.5-1ubuntu3.1) ...
2025-12-05T15:10:47.5989381Z Selecting previously unselected package libpipewire-0.3-0t64:amd64.
2025-12-05T15:10:47.6128255Z Preparing to unpack .../104-libpipewire-0.3-0t64_1.0.5-1ubuntu3.1_amd64.deb ...
2025-12-05T15:10:47.6139959Z Unpacking libpipewire-0.3-0t64:amd64 (1.0.5-1ubuntu3.1) ...
2025-12-05T15:10:47.6417444Z Selecting previously unselected package libpipewire-0.3-common.
2025-12-05T15:10:47.6556482Z Preparing to unpack .../105-libpipewire-0.3-common_1.0.5-1ubuntu3.1_all.deb ...
2025-12-05T15:10:47.6563886Z Unpacking libpipewire-0.3-common (1.0.5-1ubuntu3.1) ...
2025-12-05T15:10:47.6789456Z Selecting previously unselected package libpmem1:amd64.
2025-12-05T15:10:47.6928880Z Preparing to unpack .../106-libpmem1_1.13.1-1.1ubuntu2_amd64.deb ...
2025-12-05T15:10:47.6937742Z Unpacking libpmem1:amd64 (1.13.1-1.1ubuntu2) ...
2025-12-05T15:10:47.7281369Z Selecting previously unselected package libpmemobj1:amd64.
2025-12-05T15:10:47.7418352Z Preparing to unpack .../107-libpmemobj1_1.13.1-1.1ubuntu2_amd64.deb ...
2025-12-05T15:10:47.7429097Z Unpacking libpmemobj1:amd64 (1.13.1-1.1ubuntu2) ...
2025-12-05T15:10:47.7711127Z Selecting previously unselected package librados2.
2025-12-05T15:10:47.7848297Z Preparing to unpack .../108-librados2_19.2.1-0ubuntu0.24.04.2_amd64.deb ...
2025-12-05T15:10:47.7857027Z Unpacking librados2 (19.2.1-0ubuntu0.24.04.2) ...
2025-12-05T15:10:47.8658898Z Selecting previously unselected package librbd1.
2025-12-05T15:10:47.8795864Z Preparing to unpack .../109-librbd1_19.2.1-0ubuntu0.24.04.2_amd64.deb ...
2025-12-05T15:10:47.8805239Z Unpacking librbd1 (19.2.1-0ubuntu0.24.04.2) ...
2025-12-05T15:10:47.9588887Z Selecting previously unselected package libsdl2-2.0-0:amd64.
2025-12-05T15:10:47.9727340Z Preparing to unpack .../110-libsdl2-2.0-0_2.30.0+dfsg-1ubuntu3.1_amd64.deb ...
2025-12-05T15:10:47.9738088Z Unpacking libsdl2-2.0-0:amd64 (2.30.0+dfsg-1ubuntu3.1) ...
2025-12-05T15:10:48.0062170Z Selecting previously unselected package libspice-server1:amd64.
2025-12-05T15:10:48.0202123Z Preparing to unpack .../111-libspice-server1_0.15.1-1build2_amd64.deb ...
2025-12-05T15:10:48.0210143Z Unpacking libspice-server1:amd64 (0.15.1-1build2) ...
2025-12-05T15:10:48.0494914Z Selecting previously unselected package libtpms0:amd64.
2025-12-05T15:10:48.0633687Z Preparing to unpack .../112-libtpms0_0.9.3-0ubuntu4.24.04.1_amd64.deb ...
2025-12-05T15:10:48.0643689Z Unpacking libtpms0:amd64 (0.9.3-0ubuntu4.24.04.1) ...
2025-12-05T15:10:48.0918198Z Selecting previously unselected package liburing2:amd64.
2025-12-05T15:10:48.1057984Z Preparing to unpack .../113-liburing2_2.5-1build1_amd64.deb ...
2025-12-05T15:10:48.1067920Z Unpacking liburing2:amd64 (2.5-1build1) ...
2025-12-05T15:10:48.1306553Z Selecting previously unselected package libvirglrenderer1:amd64.
2025-12-05T15:10:48.1447289Z Preparing to unpack .../114-libvirglrenderer1_1.0.0-1ubuntu2_amd64.deb ...
2025-12-05T15:10:48.1455323Z Unpacking libvirglrenderer1:amd64 (1.0.0-1ubuntu2) ...
2025-12-05T15:10:48.1733547Z Selecting previously unselected package libvirt0:amd64.
2025-12-05T15:10:48.1871505Z Preparing to unpack .../115-libvirt0_10.0.0-2ubuntu8.9_amd64.deb ...
2025-12-05T15:10:48.1881116Z Unpacking libvirt0:amd64 (10.0.0-2ubuntu8.9) ...
2025-12-05T15:10:48.2544038Z Selecting previously unselected package libvirt-clients.
2025-12-05T15:10:48.2685351Z Preparing to unpack .../116-libvirt-clients_10.0.0-2ubuntu8.9_amd64.deb ...
2025-12-05T15:10:48.2864132Z Unpacking libvirt-clients (10.0.0-2ubuntu8.9) ...
2025-12-05T15:10:48.3353871Z Selecting previously unselected package libvirt-daemon-driver-qemu.
2025-12-05T15:10:48.3491990Z Preparing to unpack .../117-libvirt-daemon-driver-qemu_10.0.0-2ubuntu8.9_amd64.deb ...
2025-12-05T15:10:48.3560353Z Unpacking libvirt-daemon-driver-qemu (10.0.0-2ubuntu8.9) ...
2025-12-05T15:10:48.3913945Z Selecting previously unselected package libvirt-daemon.
2025-12-05T15:10:48.4051340Z Preparing to unpack .../118-libvirt-daemon_10.0.0-2ubuntu8.9_amd64.deb ...
2025-12-05T15:10:48.4122709Z Unpacking libvirt-daemon (10.0.0-2ubuntu8.9) ...
2025-12-05T15:10:48.4543888Z Selecting previously unselected package libvirt-daemon-config-network.
2025-12-05T15:10:48.4681219Z Preparing to unpack .../119-libvirt-daemon-config-network_10.0.0-2ubuntu8.9_all.deb ...
2025-12-05T15:10:48.4754258Z Unpacking libvirt-daemon-config-network (10.0.0-2ubuntu8.9) ...
2025-12-05T15:10:48.5008766Z Selecting previously unselected package libvirt-daemon-config-nwfilter.
2025-12-05T15:10:48.5147688Z Preparing to unpack .../120-libvirt-daemon-config-nwfilter_10.0.0-2ubuntu8.9_all.deb ...
2025-12-05T15:10:48.5216439Z Unpacking libvirt-daemon-config-nwfilter (10.0.0-2ubuntu8.9) ...
2025-12-05T15:10:48.5477976Z Selecting previously unselected package systemd-container.
2025-12-05T15:10:48.5619535Z Preparing to unpack .../121-systemd-container_255.4-1ubuntu8.11_amd64.deb ...
2025-12-05T15:10:48.5628956Z Unpacking systemd-container (255.4-1ubuntu8.11) ...
2025-12-05T15:10:48.6202194Z Selecting previously unselected package libvirt-daemon-system-systemd.
2025-12-05T15:10:48.6342195Z Preparing to unpack .../122-libvirt-daemon-system-systemd_10.0.0-2ubuntu8.9_all.deb ...
2025-12-05T15:10:48.6414085Z Unpacking libvirt-daemon-system-systemd (10.0.0-2ubuntu8.9) ...
2025-12-05T15:10:48.6676163Z Selecting previously unselected package libvirt-daemon-system.
2025-12-05T15:10:48.6818804Z Preparing to unpack .../123-libvirt-daemon-system_10.0.0-2ubuntu8.9_amd64.deb ...
2025-12-05T15:10:48.7058610Z Unpacking libvirt-daemon-system (10.0.0-2ubuntu8.9) ...
2025-12-05T15:10:48.7922309Z Selecting previously unselected package libvirt-glib-1.0-data.
2025-12-05T15:10:48.8059492Z Preparing to unpack .../124-libvirt-glib-1.0-data_5.0.0-2build3_all.deb ...
2025-12-05T15:10:48.8067699Z Unpacking libvirt-glib-1.0-data (5.0.0-2build3) ...
2025-12-05T15:10:48.8386119Z Selecting previously unselected package libvirt-l10n.
2025-12-05T15:10:48.8525242Z Preparing to unpack .../125-libvirt-l10n_10.0.0-2ubuntu8.9_all.deb ...
2025-12-05T15:10:48.8595267Z Unpacking libvirt-l10n (10.0.0-2ubuntu8.9) ...
2025-12-05T15:10:48.8817333Z Selecting previously unselected package libxml2-utils.
2025-12-05T15:10:48.8955718Z Preparing to unpack .../126-libxml2-utils_2.9.14+dfsg-1.3ubuntu3.6_amd64.deb ...
2025-12-05T15:10:48.8964211Z Unpacking libxml2-utils (2.9.14+dfsg-1.3ubuntu3.6) ...
2025-12-05T15:10:48.9193637Z Selecting previously unselected package mdevctl.
2025-12-05T15:10:48.9332709Z Preparing to unpack .../127-mdevctl_1.3.0-1ubuntu2.1_amd64.deb ...
2025-12-05T15:10:48.9348081Z Unpacking mdevctl (1.3.0-1ubuntu2.1) ...
2025-12-05T15:10:48.9700714Z Selecting previously unselected package mesa-va-drivers:amd64.
2025-12-05T15:10:48.9842337Z Preparing to unpack .../128-mesa-va-drivers_25.0.7-0ubuntu0.24.04.2_amd64.deb ...
2025-12-05T15:10:48.9851133Z Unpacking mesa-va-drivers:amd64 (25.0.7-0ubuntu0.24.04.2) ...
2025-12-05T15:10:49.0071355Z Selecting previously unselected package osinfo-db.
2025-12-05T15:10:49.0210523Z Preparing to unpack .../129-osinfo-db_0.20250606-0ubuntu0.24.04.1_all.deb ...
2025-12-05T15:10:49.0221694Z Unpacking osinfo-db (0.20250606-0ubuntu0.24.04.1) ...
2025-12-05T15:10:49.2292479Z Selecting previously unselected package python3-cairo.
2025-12-05T15:10:49.2432964Z Preparing to unpack .../130-python3-cairo_1.25.1-2build2_amd64.deb ...
2025-12-05T15:10:49.2440890Z Unpacking python3-cairo (1.25.1-2build2) ...
2025-12-05T15:10:49.2697629Z Selecting previously unselected package python3-gi-cairo.
2025-12-05T15:10:49.2836613Z Preparing to unpack .../131-python3-gi-cairo_3.48.2-1_amd64.deb ...
2025-12-05T15:10:49.2844760Z Unpacking python3-gi-cairo (3.48.2-1) ...
2025-12-05T15:10:49.3061468Z Selecting previously unselected package python3-libvirt.
2025-12-05T15:10:49.3201452Z Preparing to unpack .../132-python3-libvirt_10.0.0-1build1_amd64.deb ...
2025-12-05T15:10:49.3210004Z Unpacking python3-libvirt (10.0.0-1build1) ...
2025-12-05T15:10:49.3527554Z Selecting previously unselected package python3-libxml2:amd64.
2025-12-05T15:10:49.3672335Z Preparing to unpack .../133-python3-libxml2_2.9.14+dfsg-1.3ubuntu3.6_amd64.deb ...
2025-12-05T15:10:49.3681548Z Unpacking python3-libxml2:amd64 (2.9.14+dfsg-1.3ubuntu3.6) ...
2025-12-05T15:10:49.3960281Z Selecting previously unselected package libfdt1:amd64.
2025-12-05T15:10:49.4099892Z Preparing to unpack .../134-libfdt1_1.7.0-2build1_amd64.deb ...
2025-12-05T15:10:49.4119908Z Unpacking libfdt1:amd64 (1.7.0-2build1) ...
2025-12-05T15:10:49.4387572Z Selecting previously unselected package qemu-system-common.
2025-12-05T15:10:49.4527076Z Preparing to unpack .../135-qemu-system-common_1%3a8.2.2+ds-0ubuntu1.10_amd64.deb ...
2025-12-05T15:10:49.4536788Z Unpacking qemu-system-common (1:8.2.2+ds-0ubuntu1.10) ...
2025-12-05T15:10:49.5383298Z Selecting previously unselected package qemu-system-data.
2025-12-05T15:10:49.5521865Z Preparing to unpack .../136-qemu-system-data_1%3a8.2.2+ds-0ubuntu1.10_all.deb ...
2025-12-05T15:10:49.5530747Z Unpacking qemu-system-data (1:8.2.2+ds-0ubuntu1.10) ...
2025-12-05T15:10:49.6235467Z Selecting previously unselected package seabios.
2025-12-05T15:10:49.6377086Z Preparing to unpack .../137-seabios_1.16.3-2_all.deb ...
2025-12-05T15:10:49.6389184Z Unpacking seabios (1.16.3-2) ...
2025-12-05T15:10:49.6694377Z Selecting previously unselected package qemu-system-x86.
2025-12-05T15:10:49.6837313Z Preparing to unpack .../138-qemu-system-x86_1%3a8.2.2+ds-0ubuntu1.10_amd64.deb ...
2025-12-05T15:10:49.6906388Z Unpacking qemu-system-x86 (1:8.2.2+ds-0ubuntu1.10) ...
2025-12-05T15:10:49.9183879Z Selecting previously unselected package qemu-utils.
2025-12-05T15:10:49.9323094Z Preparing to unpack .../139-qemu-utils_1%3a8.2.2+ds-0ubuntu1.10_amd64.deb ...
2025-12-05T15:10:49.9332280Z Unpacking qemu-utils (1:8.2.2+ds-0ubuntu1.10) ...
2025-12-05T15:10:50.0041279Z Selecting previously unselected package qemu-block-extra.
2025-12-05T15:10:50.0181947Z Preparing to unpack .../140-qemu-block-extra_1%3a8.2.2+ds-0ubuntu1.10_amd64.deb ...
2025-12-05T15:10:50.0191220Z Unpacking qemu-block-extra (1:8.2.2+ds-0ubuntu1.10) ...
2025-12-05T15:10:50.0441966Z Selecting previously unselected package qemu-system-modules-opengl.
2025-12-05T15:10:50.0580612Z Preparing to unpack .../141-qemu-system-modules-opengl_1%3a8.2.2+ds-0ubuntu1.10_amd64.deb ...
2025-12-05T15:10:50.0590135Z Unpacking qemu-system-modules-opengl (1:8.2.2+ds-0ubuntu1.10) ...
2025-12-05T15:10:50.0854259Z Selecting previously unselected package qemu-system-gui.
2025-12-05T15:10:50.0993281Z Preparing to unpack .../142-qemu-system-gui_1%3a8.2.2+ds-0ubuntu1.10_amd64.deb ...
2025-12-05T15:10:50.1001192Z Unpacking qemu-system-gui (1:8.2.2+ds-0ubuntu1.10) ...
2025-12-05T15:10:50.1272236Z Selecting previously unselected package qemu-system-modules-spice.
2025-12-05T15:10:50.1409548Z Preparing to unpack .../143-qemu-system-modules-spice_1%3a8.2.2+ds-0ubuntu1.10_amd64.deb ...
2025-12-05T15:10:50.1420061Z Unpacking qemu-system-modules-spice (1:8.2.2+ds-0ubuntu1.10) ...
2025-12-05T15:10:50.1674788Z Selecting previously unselected package swtpm.
2025-12-05T15:10:50.1817175Z Preparing to unpack .../144-swtpm_0.7.3-0ubuntu5.24.04.1_amd64.deb ...
2025-12-05T15:10:50.1826510Z Unpacking swtpm (0.7.3-0ubuntu5.24.04.1) ...
2025-12-05T15:10:50.2078469Z Selecting previously unselected package swtpm-tools.
2025-12-05T15:10:50.2219614Z Preparing to unpack .../145-swtpm-tools_0.7.3-0ubuntu5.24.04.1_amd64.deb ...
2025-12-05T15:10:50.2229589Z Unpacking swtpm-tools (0.7.3-0ubuntu5.24.04.1) ...
2025-12-05T15:10:50.2504050Z Selecting previously unselected package i965-va-driver:amd64.
2025-12-05T15:10:50.2645270Z Preparing to unpack .../146-i965-va-driver_2.4.1+dfsg1-1build2_amd64.deb ...
2025-12-05T15:10:50.2654415Z Unpacking i965-va-driver:amd64 (2.4.1+dfsg1-1build2) ...
2025-12-05T15:10:50.2942486Z Selecting previously unselected package va-driver-all:amd64.
2025-12-05T15:10:50.3082337Z Preparing to unpack .../147-va-driver-all_2.20.0-2build1_amd64.deb ...
2025-12-05T15:10:50.3091372Z Unpacking va-driver-all:amd64 (2.20.0-2build1) ...
2025-12-05T15:10:50.3305386Z Selecting previously unselected package libosinfo-l10n.
2025-12-05T15:10:50.3446536Z Preparing to unpack .../148-libosinfo-l10n_1.11.0-2build3_all.deb ...
2025-12-05T15:10:50.3455885Z Unpacking libosinfo-l10n (1.11.0-2build3) ...
2025-12-05T15:10:50.3753922Z Selecting previously unselected package libosinfo-1.0-0:amd64.
2025-12-05T15:10:50.3893328Z Preparing to unpack .../149-libosinfo-1.0-0_1.11.0-2build3_amd64.deb ...
2025-12-05T15:10:50.3905010Z Unpacking libosinfo-1.0-0:amd64 (1.11.0-2build3) ...
2025-12-05T15:10:50.4149522Z Selecting previously unselected package gir1.2-libosinfo-1.0:amd64.
2025-12-05T15:10:50.4288691Z Preparing to unpack .../150-gir1.2-libosinfo-1.0_1.11.0-2build3_amd64.deb ...
2025-12-05T15:10:50.4310059Z Unpacking gir1.2-libosinfo-1.0:amd64 (1.11.0-2build3) ...
2025-12-05T15:10:50.4552181Z Selecting previously unselected package libvirt-glib-1.0-0:amd64.
2025-12-05T15:10:50.4691479Z Preparing to unpack .../151-libvirt-glib-1.0-0_5.0.0-2build3_amd64.deb ...
2025-12-05T15:10:50.4705243Z Unpacking libvirt-glib-1.0-0:amd64 (5.0.0-2build3) ...
2025-12-05T15:10:50.4972917Z Selecting previously unselected package gir1.2-libvirt-glib-1.0:amd64.
2025-12-05T15:10:50.5113325Z Preparing to unpack .../152-gir1.2-libvirt-glib-1.0_5.0.0-2build3_amd64.deb ...
2025-12-05T15:10:50.5123277Z Unpacking gir1.2-libvirt-glib-1.0:amd64 (5.0.0-2build3) ...
2025-12-05T15:10:50.5354552Z Selecting previously unselected package xorriso.
2025-12-05T15:10:50.5494189Z Preparing to unpack .../153-xorriso_1%3a1.5.6-1.1ubuntu3_amd64.deb ...
2025-12-05T15:10:50.5506061Z Unpacking xorriso (1:1.5.6-1.1ubuntu3) ...
2025-12-05T15:10:50.5806533Z Selecting previously unselected package virtinst.
2025-12-05T15:10:50.5949564Z Preparing to unpack .../154-virtinst_1%3a4.1.0-3ubuntu0.1_all.deb ...
2025-12-05T15:10:50.5959128Z Unpacking virtinst (1:4.1.0-3ubuntu0.1) ...
2025-12-05T15:10:50.6637826Z Selecting previously unselected package virt-manager.
2025-12-05T15:10:50.6782901Z Preparing to unpack .../155-virt-manager_1%3a4.1.0-3ubuntu0.1_all.deb ...
2025-12-05T15:10:50.6795697Z Unpacking virt-manager (1:4.1.0-3ubuntu0.1) ...
2025-12-05T15:10:50.7713244Z Selecting previously unselected package virt-viewer.
2025-12-05T15:10:50.7856769Z Preparing to unpack .../156-virt-viewer_11.0-3build2_amd64.deb ...
2025-12-05T15:10:50.7867597Z Unpacking virt-viewer (11.0-3build2) ...
2025-12-05T15:10:50.8327526Z Selecting previously unselected package libnss-mymachines:amd64.
2025-12-05T15:10:50.8470172Z Preparing to unpack .../157-libnss-mymachines_255.4-1ubuntu8.11_amd64.deb ...
2025-12-05T15:10:50.8518134Z Unpacking libnss-mymachines:amd64 (255.4-1ubuntu8.11) ...
2025-12-05T15:10:50.8788877Z Selecting previously unselected package libosinfo-bin.
2025-12-05T15:10:50.8928127Z Preparing to unpack .../158-libosinfo-bin_1.11.0-2build3_amd64.deb ...
2025-12-05T15:10:50.8939323Z Unpacking libosinfo-bin (1.11.0-2build3) ...
2025-12-05T15:10:50.9222648Z Selecting previously unselected package ovmf.
2025-12-05T15:10:50.9362278Z Preparing to unpack .../159-ovmf_2024.02-2ubuntu0.7_all.deb ...
2025-12-05T15:10:50.9370819Z Unpacking ovmf (2024.02-2ubuntu0.7) ...
2025-12-05T15:10:51.0397366Z Setting up libpipewire-0.3-common (1.0.5-1ubuntu3.1) ...
2025-12-05T15:10:51.0441417Z Setting up libcdparanoia0:amd64 (3.10.2+debian-14build3) ...
2025-12-05T15:10:51.0467011Z Setting up gir1.2-gstreamer-1.0:amd64 (1.24.2-1ubuntu0.1) ...
2025-12-05T15:10:51.0489559Z Setting up session-migration (0.3.9build1) ...
2025-12-05T15:10:51.1941679Z Created symlink /etc/systemd/user/graphical-session-pre.target.wants/session-migration.service → /usr/lib/systemd/user/session-migration.service.
2025-12-05T15:10:51.1942342Z 
2025-12-05T15:10:51.1976004Z Setting up libraw1394-11:amd64 (2.1.2-2build3) ...
2025-12-05T15:10:51.2004346Z Setting up libproxy1v5:amd64 (0.5.4-4build1) ...
2025-12-05T15:10:51.2028046Z Setting up axel (2.17.13-1build2) ...
2025-12-05T15:10:51.2053353Z Setting up gir1.2-freedesktop:amd64 (1.80.1-1) ...
2025-12-05T15:10:51.2079591Z Setting up libtag1v5-vanilla:amd64 (1.13.1-1build1) ...
2025-12-05T15:10:51.2104552Z Setting up python3-cairo (1.25.1-2build2) ...
2025-12-05T15:10:51.3502268Z Setting up libphodav-3.0-common (3.0-8build3) ...
2025-12-05T15:10:51.3523403Z Setting up libspeex1:amd64 (1.2.1-2ubuntu2.24.04.1) ...
2025-12-05T15:10:51.3553065Z Setting up libcaca0:amd64 (0.99.beta20-4build2) ...
2025-12-05T15:10:51.3579212Z Setting up libv4lconvert0t64:amd64 (1.26.1-4build3) ...
2025-12-05T15:10:51.3606282Z Setting up libpangoxft-1.0-0:amd64 (1.52.1+ds-1build1) ...
2025-12-05T15:10:51.3632708Z Setting up libtwolame0:amd64 (0.4.0-2build3) ...
2025-12-05T15:10:51.3655933Z Setting up libvte-2.91-common (0.76.0-1ubuntu0.1) ...
2025-12-05T15:10:51.3696302Z Setting up gir1.2-gdkpixbuf-2.0:amd64 (2.42.10+dfsg-3ubuntu3.2) ...
2025-12-05T15:10:51.3725284Z Setting up libvisual-0.4-0:amd64 (0.4.2-2build1) ...
2025-12-05T15:10:51.3764841Z Setting up gir1.2-atk-1.0:amd64 (2.52.0-1build1) ...
2025-12-05T15:10:51.3794997Z Setting up spice-client-glib-usb-acl-helper (0.42-2ubuntu2) ...
2025-12-05T15:10:51.3821027Z Setting up msr-tools (1.3-5build1) ...
2025-12-05T15:10:51.3844758Z Setting up tcl-expect:amd64 (5.45.4-3) ...
2025-12-05T15:10:51.3874663Z Setting up libwebrtc-audio-processing1:amd64 (0.3.1-0ubuntu6) ...
2025-12-05T15:10:51.3900148Z Setting up libboost-thread1.83.0:amd64 (1.83.0-2.1ubuntu3.1) ...
2025-12-05T15:10:51.3929463Z Setting up libharfbuzz-gobject0:amd64 (8.3.0-2build2) ...
2025-12-05T15:10:51.3957029Z Setting up libigdgmm12:amd64 (22.3.17+ds1-1) ...
2025-12-05T15:10:51.3984611Z Setting up libsoup-3.0-common (3.4.4-5ubuntu0.5) ...
2025-12-05T15:10:51.4006820Z Setting up dnsmasq-base (2.90-2ubuntu0.1) ...
2025-12-05T15:10:51.4315464Z Setting up libmpg123-0t64:amd64 (1.32.5-1ubuntu1.1) ...
2025-12-05T15:10:51.4340383Z Setting up libfdt1:amd64 (1.7.0-2build1) ...
2025-12-05T15:10:51.4364502Z Setting up libvte-2.91-0:amd64 (0.76.0-1ubuntu0.1) ...
2025-12-05T15:10:51.4395141Z Setting up libayatana-ido3-0.4-0:amd64 (0.10.1-1build2) ...
2025-12-05T15:10:51.4423310Z Setting up gir1.2-harfbuzz-0.0:amd64 (8.3.0-2build2) ...
2025-12-05T15:10:51.4449049Z Setting up libnfs14:amd64 (5.0.2-1build1) ...
2025-12-05T15:10:51.4484493Z Setting up liborc-0.4-0t64:amd64 (1:0.4.38-1ubuntu0.1) ...
2025-12-05T15:10:51.4509662Z Setting up ovmf (2024.02-2ubuntu0.7) ...
2025-12-05T15:10:51.4534974Z Setting up dns-root-data (2024071801~ubuntu0.24.04.1) ...
2025-12-05T15:10:51.4564823Z Setting up python3-libxml2:amd64 (2.9.14+dfsg-1.3ubuntu3.6) ...
2025-12-05T15:10:51.6070128Z Setting up gir1.2-pango-1.0:amd64 (1.52.1+ds-1build1) ...
2025-12-05T15:10:51.6104344Z Setting up libvirt-glib-1.0-data (5.0.0-2build3) ...
2025-12-05T15:10:51.6136488Z Setting up libvirglrenderer1:amd64 (1.0.0-1ubuntu2) ...
2025-12-05T15:10:51.6161307Z Setting up libva2:amd64 (2.20.0-2build1) ...
2025-12-05T15:10:51.6199890Z Setting up libspa-0.2-modules:amd64 (1.0.5-1ubuntu3.1) ...
2025-12-05T15:10:51.6246257Z Setting up libboost-iostreams1.83.0:amd64 (1.83.0-2.1ubuntu3.1) ...
2025-12-05T15:10:51.6260053Z Setting up libopus0:amd64 (1.4-1build1) ...
2025-12-05T15:10:51.6296530Z Setting up intel-media-va-driver:amd64 (24.1.0+dfsg1-1ubuntu0.1) ...
2025-12-05T15:10:51.6325101Z Setting up libxv1:amd64 (2:1.0.11-1.1build1) ...
2025-12-05T15:10:51.6360202Z Setting up libdv4t64:amd64 (1.0.0-17.1build1) ...
2025-12-05T15:10:51.6385905Z Setting up osinfo-db (0.20250606-0ubuntu0.24.04.1) ...
2025-12-05T15:10:51.6410878Z Setting up libpcsclite1:amd64 (2.0.3-1build1) ...
2025-12-05T15:10:51.6441621Z Setting up libdaxctl1:amd64 (77-2ubuntu2) ...
2025-12-05T15:10:51.6474332Z Setting up qemu-system-data (1:8.2.2+ds-0ubuntu1.10) ...
2025-12-05T15:10:51.6501630Z Setting up seabios (1.16.3-2) ...
2025-12-05T15:10:51.6532861Z Setting up libv4l-0t64:amd64 (1.26.1-4build3) ...
2025-12-05T15:10:51.6557296Z Setting up libvirt0:amd64 (10.0.0-2ubuntu8.9) ...
2025-12-05T15:10:51.6586702Z Setting up systemd-container (255.4-1ubuntu8.11) ...
2025-12-05T15:10:51.7687265Z Created symlink /etc/systemd/system/multi-user.target.wants/machines.target → /usr/lib/systemd/system/machines.target.
2025-12-05T15:10:51.7688048Z 
2025-12-05T15:10:52.0706997Z Setting up libvpx9:amd64 (1.14.0-1ubuntu2.2) ...
2025-12-05T15:10:52.0732353Z Setting up libtag1v5:amd64 (1.13.1-1build1) ...
2025-12-05T15:10:52.0771230Z Setting up libvirt-glib-1.0-0:amd64 (5.0.0-2build3) ...
2025-12-05T15:10:52.0804280Z Setting up cpu-checker (0.7-1.3build2) ...
2025-12-05T15:10:52.0842465Z Setting up libisofs6t64:amd64 (1.5.6.pl01-1.1ubuntu2) ...
2025-12-05T15:10:52.0871083Z Setting up libasyncns0:amd64 (0.8-6build4) ...
2025-12-05T15:10:52.0901397Z Setting up libwavpack1:amd64 (5.6.0-1build1) ...
2025-12-05T15:10:52.0935952Z Setting up libusbredirparser1t64:amd64 (0.13.0-2.1build1) ...
2025-12-05T15:10:52.0967070Z Setting up ipxe-qemu (1.21.1+git-20220113.fbbdc3926-0ubuntu2) ...
2025-12-05T15:10:52.0992515Z Setting up libtheora0:amd64 (1.1.1+dfsg.1-16.1build3) ...
2025-12-05T15:10:52.1020891Z Setting up libburn4t64:amd64 (1.5.6-1.1build1) ...
2025-12-05T15:10:52.1049518Z Setting up libdecor-0-0:amd64 (0.2.2-1build2) ...
2025-12-05T15:10:52.1080247Z Setting up libndctl6:amd64 (77-2ubuntu2) ...
2025-12-05T15:10:52.1109418Z Setting up librdmacm1t64:amd64 (50.0-2ubuntu0.2) ...
2025-12-05T15:10:52.1141865Z Setting up ipxe-qemu-256k-compat-efi-roms (1.0.0+git-20150424.a25a16d-0ubuntu5) ...
2025-12-05T15:10:52.1174801Z Setting up libflac12t64:amd64 (1.4.3+ds-2.1ubuntu2) ...
2025-12-05T15:10:52.1206582Z Setting up libbrlapi0.8:amd64 (6.6-4ubuntu5) ...
2025-12-05T15:10:52.1240532Z Setting up libtpms0:amd64 (0.9.3-0ubuntu4.24.04.1) ...
2025-12-05T15:10:52.1270812Z Setting up mesa-va-drivers:amd64 (25.0.7-0ubuntu0.24.04.2) ...
2025-12-05T15:10:52.1297552Z Setting up glib-networking-common (2.80.0-1build1) ...
2025-12-05T15:10:52.1335120Z Setting up liburing2:amd64 (2.5-1build1) ...
2025-12-05T15:10:52.1366175Z Setting up libiscsi7:amd64 (1.19.0-3build4) ...
2025-12-05T15:10:52.1403095Z Setting up libisoburn1t64:amd64 (1:1.5.6-1.1ubuntu3) ...
2025-12-05T15:10:52.1448666Z Setting up libxml2-utils (2.9.14+dfsg-1.3ubuntu3.6) ...
2025-12-05T15:10:52.1479837Z Setting up libvirt-daemon-config-nwfilter (10.0.0-2ubuntu8.9) ...
2025-12-05T15:10:52.5276967Z Setting up xorriso (1:1.5.6-1.1ubuntu3) ...
2025-12-05T15:10:52.5433016Z Setting up libsamplerate0:amd64 (0.2.2-4build1) ...
2025-12-05T15:10:52.5469184Z Setting up libpmem1:amd64 (1.13.1-1.1ubuntu2) ...
2025-12-05T15:10:52.5496945Z Setting up libva-x11-2:amd64 (2.20.0-2build1) ...
2025-12-05T15:10:52.5524357Z Setting up libayatana-indicator3-7:amd64 (0.9.4-1build1) ...
2025-12-05T15:10:52.5550089Z Setting up python3-gi-cairo (3.48.2-1) ...
2025-12-05T15:10:52.5579276Z Setting up libgtksourceview-4-common (4.8.4-5build4) ...
2025-12-05T15:10:52.5606271Z Setting up libpipewire-0.3-0t64:amd64 (1.0.5-1ubuntu3.1) ...
2025-12-05T15:10:52.5638984Z Setting up libdecor-0-plugin-1-gtk:amd64 (0.2.2-1build2) ...
2025-12-05T15:10:52.5661974Z Setting up libmp3lame0:amd64 (3.100-6build1) ...
2025-12-05T15:10:52.5684260Z Setting up i965-va-driver:amd64 (2.4.1+dfsg1-1build2) ...
2025-12-05T15:10:52.5712106Z Setting up libosinfo-l10n (1.11.0-2build3) ...
2025-12-05T15:10:52.5742867Z Setting up libvorbisenc2:amd64 (1.3.7-1build3) ...
2025-12-05T15:10:52.5767704Z Setting up libaa1:amd64 (1.4p5-51.1) ...
2025-12-05T15:10:52.5795359Z Setting up libiec61883-0:amd64 (1.2.0-6build1) ...
2025-12-05T15:10:52.5822510Z Setting up mdevctl (1.3.0-1ubuntu2.1) ...
2025-12-05T15:10:52.5848158Z Setting up libavc1394-0:amd64 (0.5.4-5build3) ...
2025-12-05T15:10:52.5871446Z Setting up gsettings-desktop-schemas (46.1-0ubuntu1) ...
2025-12-05T15:10:52.5915443Z Setting up glib-networking-services (2.80.0-1build1) ...
2025-12-05T15:10:52.5941919Z Setting up libvirt-daemon-config-network (10.0.0-2ubuntu8.9) ...
2025-12-05T15:10:52.8897859Z Setting up librados2 (19.2.1-0ubuntu0.24.04.2) ...
2025-12-05T15:10:52.8925945Z Setting up python3-libvirt (10.0.0-1build1) ...
2025-12-05T15:10:53.0350074Z Setting up libvirt-clients (10.0.0-2ubuntu8.9) ...
2025-12-05T15:10:53.0491499Z Setting up expect (5.45.4-3) ...
2025-12-05T15:10:53.0519575Z Setting up gir1.2-libvirt-glib-1.0:amd64 (5.0.0-2build3) ...
2025-12-05T15:10:53.0548252Z Setting up gir1.2-gtk-3.0:amd64 (3.24.41-4ubuntu1.3) ...
2025-12-05T15:10:53.0577907Z Setting up libgstreamer-plugins-base1.0-0:amd64 (1.24.2-1ubuntu0.3) ...
2025-12-05T15:10:53.0611327Z Setting up libcacard0:amd64 (1:2.8.0-3build4) ...
2025-12-05T15:10:53.0643246Z Setting up libusbredirhost1t64:amd64 (0.13.0-2.1build1) ...
2025-12-05T15:10:53.0673027Z Setting up libgtksourceview-4-0:amd64 (4.8.4-5build4) ...
2025-12-05T15:10:53.0697236Z Setting up libgstreamer-plugins-good1.0-0:amd64 (1.24.2-1ubuntu1.2) ...
2025-12-05T15:10:53.0725035Z Setting up gstreamer1.0-plugins-base:amd64 (1.24.2-1ubuntu0.3) ...
2025-12-05T15:10:53.0751007Z Setting up libvirt-l10n (10.0.0-2ubuntu8.9) ...
2025-12-05T15:10:53.0825007Z Setting up libnss-mymachines:amd64 (255.4-1ubuntu8.11) ...
2025-12-05T15:10:53.0908754Z Setting up va-driver-all:amd64 (2.20.0-2build1) ...
2025-12-05T15:10:53.0940275Z Setting up libayatana-appindicator3-1 (0.5.93-1build3) ...
2025-12-05T15:10:53.0974250Z Setting up swtpm (0.7.3-0ubuntu5.24.04.1) ...
2025-12-05T15:10:53.1554455Z Setting up libshout3:amd64 (2.4.6-1build2) ...
2025-12-05T15:10:53.1585226Z Setting up libpmemobj1:amd64 (1.13.1-1.1ubuntu2) ...
2025-12-05T15:10:53.1616240Z Setting up libvirt-daemon-driver-qemu (10.0.0-2ubuntu8.9) ...
2025-12-05T15:10:53.1690839Z Setting up librbd1 (19.2.1-0ubuntu0.24.04.2) ...
2025-12-05T15:10:53.1716475Z Setting up libvirt-daemon-system-systemd (10.0.0-2ubuntu8.9) ...
2025-12-05T15:10:53.1792580Z Setting up libjack-jackd2-0:amd64 (1.9.21~dfsg-3ubuntu3) ...
2025-12-05T15:10:53.1828725Z Setting up gir1.2-vte-2.91:amd64 (0.76.0-1ubuntu0.1) ...
2025-12-05T15:10:53.1855448Z Setting up libsndfile1:amd64 (1.2.2-1ubuntu5.24.04.1) ...
2025-12-05T15:10:53.1884795Z Setting up qemu-utils (1:8.2.2+ds-0ubuntu1.10) ...
2025-12-05T15:10:53.1921304Z Setting up libvirt-daemon (10.0.0-2ubuntu8.9) ...
2025-12-05T15:10:53.1996620Z Setting up gir1.2-ayatanaappindicator3-0.1 (0.5.93-1build3) ...
2025-12-05T15:10:53.2022991Z Setting up qemu-block-extra (1:8.2.2+ds-0ubuntu1.10) ...
2025-12-05T15:10:53.3097321Z Created symlink /etc/systemd/system/multi-user.target.wants/run-qemu.mount → /usr/lib/systemd/system/run-qemu.mount.
2025-12-05T15:10:53.3097861Z 
2025-12-05T15:10:54.2224119Z Setting up gir1.2-gtksource-4:amd64 (4.8.4-5build4) ...
2025-12-05T15:10:54.2254349Z Setting up gstreamer1.0-x:amd64 (1.24.2-1ubuntu0.3) ...
2025-12-05T15:10:54.2293756Z Setting up qemu-system-common (1:8.2.2+ds-0ubuntu1.10) ...
2025-12-05T15:10:54.3411735Z Created symlink /etc/systemd/system/multi-user.target.wants/qemu-kvm.service → /usr/lib/systemd/system/qemu-kvm.service.
2025-12-05T15:10:54.3412223Z 
2025-12-05T15:10:54.6685141Z Setting up libpulse0:amd64 (1:16.1+dfsg1-2ubuntu10.1) ...
2025-12-05T15:10:54.6772863Z Setting up libspice-server1:amd64 (0.15.1-1build2) ...
2025-12-05T15:10:54.6806882Z Setting up qemu-system-x86 (1:8.2.2+ds-0ubuntu1.10) ...
2025-12-05T15:10:54.6885020Z Setting up libgvnc-1.0-0:amd64 (1.3.1-1build2) ...
2025-12-05T15:10:54.6917505Z Setting up swtpm-tools (0.7.3-0ubuntu5.24.04.1) ...
2025-12-05T15:10:54.7718684Z info: Selecting GID from range 100 to 999 ...
2025-12-05T15:10:54.7746084Z info: Adding group `swtpm' (GID 119) ...
2025-12-05T15:10:54.8224331Z info: The home dir /var/lib/swtpm you specified can't be accessed: No such file or directory
2025-12-05T15:10:54.8225044Z 
2025-12-05T15:10:54.8257825Z info: Selecting UID from range 100 to 999 ...
2025-12-05T15:10:54.8258169Z 
2025-12-05T15:10:54.8281185Z info: Adding system user `swtpm' (UID 113) ...
2025-12-05T15:10:54.8300591Z info: Adding new user `swtpm' (UID 113) with group `swtpm' ...
2025-12-05T15:10:54.8588415Z info: Not creating home directory `/var/lib/swtpm'.
2025-12-05T15:10:54.8661532Z Setting up libvirt-daemon-system (10.0.0-2ubuntu8.9) ...
2025-12-05T15:10:55.0722516Z useradd warning: libvirt-qemu's uid 64055 is greater than SYS_UID_MAX 999
2025-12-05T15:10:55.4396296Z Enabling libvirt default network
2025-12-05T15:10:55.6482228Z Created symlink /etc/systemd/system/multi-user.target.wants/libvirtd.service → /usr/lib/systemd/system/libvirtd.service.
2025-12-05T15:10:55.6482999Z 
2025-12-05T15:10:55.6483489Z Created symlink /etc/systemd/system/sockets.target.wants/virtlockd.socket → /usr/lib/systemd/system/virtlockd.socket.
2025-12-05T15:10:55.6483932Z 
2025-12-05T15:10:55.6484613Z Created symlink /etc/systemd/system/sockets.target.wants/virtlogd.socket → /usr/lib/systemd/system/virtlogd.socket.
2025-12-05T15:10:55.6485290Z 
2025-12-05T15:10:55.6486223Z Created symlink /etc/systemd/system/sockets.target.wants/libvirtd.socket → /usr/lib/systemd/system/libvirtd.socket.
2025-12-05T15:10:55.6486926Z 
2025-12-05T15:10:55.6487720Z Created symlink /etc/systemd/system/sockets.target.wants/libvirtd-ro.socket → /usr/lib/systemd/system/libvirtd-ro.socket.
2025-12-05T15:10:55.6488484Z 
2025-12-05T15:10:55.6489259Z Created symlink /etc/systemd/system/sockets.target.wants/libvirtd-admin.socket → /usr/lib/systemd/system/libvirtd-admin.socket.
2025-12-05T15:10:55.6489878Z 
2025-12-05T15:10:55.6490365Z Created symlink /etc/systemd/system/sockets.target.wants/virtlockd-admin.socket → /usr/lib/systemd/system/virtlockd-admin.socket.
2025-12-05T15:10:55.6490851Z 
2025-12-05T15:10:55.6491324Z Created symlink /etc/systemd/system/sockets.target.wants/virtlogd-admin.socket → /usr/lib/systemd/system/virtlogd-admin.socket.
2025-12-05T15:10:55.6492151Z 
2025-12-05T15:10:56.1395809Z Created symlink /etc/systemd/system/multi-user.target.wants/libvirt-guests.service → /usr/lib/systemd/system/libvirt-guests.service.
2025-12-05T15:10:56.1396481Z 
2025-12-05T15:10:56.7158387Z Created symlink /etc/systemd/system/multi-user.target.wants/virtlockd.service → /usr/lib/systemd/system/virtlockd.service.
2025-12-05T15:10:56.7158916Z 
2025-12-05T15:10:57.0390164Z Created symlink /etc/systemd/system/multi-user.target.wants/virtlogd.service → /usr/lib/systemd/system/virtlogd.service.
2025-12-05T15:10:57.0391322Z 
2025-12-05T15:10:57.6047256Z Setting up libvirt-daemon dnsmasq configuration.
2025-12-05T15:10:57.6409734Z Setting up libsdl2-2.0-0:amd64 (2.30.0+dfsg-1ubuntu3.1) ...
2025-12-05T15:10:57.6436740Z Setting up libgtk-vnc-2.0-0:amd64 (1.3.1-1build2) ...
2025-12-05T15:10:57.6461510Z Setting up qemu-system-modules-opengl (1:8.2.2+ds-0ubuntu1.10) ...
2025-12-05T15:10:57.6499160Z Setting up qemu-system-gui (1:8.2.2+ds-0ubuntu1.10) ...
2025-12-05T15:10:57.6524715Z Setting up gir1.2-gtk-vnc-2.0:amd64 (1.3.1-1build2) ...
2025-12-05T15:10:57.6552453Z Setting up qemu-system-modules-spice (1:8.2.2+ds-0ubuntu1.10) ...
2025-12-05T15:10:57.6909091Z Processing triggers for dbus (1.14.10-4ubuntu4.1) ...
2025-12-05T15:10:57.7053566Z Processing triggers for shared-mime-info (2.4-4) ...
2025-12-05T15:10:58.6448711Z Processing triggers for install-info (7.1-3build2) ...
2025-12-05T15:10:58.9041433Z Processing triggers for hicolor-icon-theme (0.17-2) ...
2025-12-05T15:10:59.4154574Z Processing triggers for libc-bin (2.39-0ubuntu8.6) ...
2025-12-05T15:11:01.0870570Z Processing triggers for man-db (2.12.0-4build2) ...
2025-12-05T15:11:01.0932813Z Not building database; man-db/auto-update is not 'true'.
2025-12-05T15:11:01.0965360Z Processing triggers for libglib2.0-0t64:amd64 (2.80.0-6ubuntu3.4) ...
2025-12-05T15:11:01.1356655Z Setting up glib-networking:amd64 (2.80.0-1build1) ...
2025-12-05T15:11:01.1432666Z Setting up libsoup-3.0-0:amd64 (3.4.4-5ubuntu0.5) ...
2025-12-05T15:11:01.1478804Z Setting up libphodav-3.0-0:amd64 (3.0-8build3) ...
2025-12-05T15:11:01.1664963Z Setting up libosinfo-1.0-0:amd64 (1.11.0-2build3) ...
2025-12-05T15:11:01.1735960Z Setting up gir1.2-libosinfo-1.0:amd64 (1.11.0-2build3) ...
2025-12-05T15:11:01.1766949Z Setting up libspice-client-glib-2.0-8:amd64 (0.42-2ubuntu2) ...
2025-12-05T15:11:01.1805197Z Setting up virtinst (1:4.1.0-3ubuntu0.1) ...
2025-12-05T15:11:01.4138981Z Setting up gir1.2-spiceclientglib-2.0:amd64 (0.42-2ubuntu2) ...
2025-12-05T15:11:01.4174417Z Setting up gstreamer1.0-plugins-good:amd64 (1.24.2-1ubuntu1.2) ...
2025-12-05T15:11:01.4219578Z Setting up libosinfo-bin (1.11.0-2build3) ...
2025-12-05T15:11:01.4266380Z Setting up virt-manager (1:4.1.0-3ubuntu0.1) ...
2025-12-05T15:11:01.6976389Z Setting up libspice-client-gtk-3.0-5:amd64 (0.42-2ubuntu2) ...
2025-12-05T15:11:01.7022091Z Setting up gir1.2-spiceclientgtk-3.0:amd64 (0.42-2ubuntu2) ...
2025-12-05T15:11:01.7077830Z Setting up virt-viewer (11.0-3build2) ...
2025-12-05T15:11:01.7115228Z Processing triggers for libc-bin (2.39-0ubuntu8.6) ...
2025-12-05T15:11:02.9234729Z 
2025-12-05T15:11:02.9235435Z Running kernel seems to be up-to-date.
2025-12-05T15:11:02.9235950Z 
2025-12-05T15:11:02.9236103Z No services need to be restarted.
2025-12-05T15:11:02.9236359Z 
2025-12-05T15:11:02.9236485Z No containers need to be restarted.
2025-12-05T15:11:02.9236731Z 
2025-12-05T15:11:02.9236923Z No user sessions are running outdated binaries.
2025-12-05T15:11:02.9237277Z 
2025-12-05T15:11:02.9237555Z No VM guests are running outdated hypervisor (qemu) binaries on this host.
2025-12-05T15:11:03.9589353Z Downloading https://github.com/anyvm-org/omnios-builder/releases/download/v2.0.0/omnios-r151048.qcow2.zst
2025-12-05T15:11:06.2273106Z Checking https://github.com/anyvm-org/omnios-builder/releases/download/v2.0.0/omnios-r151048.qcow2.zst.1
2025-12-05T15:11:06.3299232Z break
2025-12-05T15:11:06.3314749Z total 660M
2025-12-05T15:11:06.3315137Z drwxr-xr-x 5 runner runner 4.0K Dec  5 15:11 .
2025-12-05T15:11:06.3315863Z drwxr-xr-x 3 runner runner 4.0K Dec  5 15:10 ..
2025-12-05T15:11:06.3316482Z drwxr-xr-x 5 runner runner 4.0K Dec  5 15:10 .github
2025-12-05T15:11:06.3317090Z -rw-r--r-- 1 runner runner 1.1K Nov 30 09:22 LICENSE
2025-12-05T15:11:06.3317724Z -rw-r--r-- 1 runner runner 5.7K Nov 30 09:22 README.md
2025-12-05T15:11:06.3318335Z -rw-r--r-- 1 runner runner 1.2K Nov 30 09:22 action.yml
2025-12-05T15:11:06.3318875Z drwxr-xr-x 2 runner runner 4.0K Dec  5 15:10 conf
2025-12-05T15:11:06.3319840Z -rw-r--r-- 1 runner runner 5.4K Nov 30 09:22 index.js
2025-12-05T15:11:06.3320461Z drwxr-xr-x 6 runner runner 4.0K Dec  5 15:10 node_modules
2025-12-05T15:11:06.3321140Z -rw-r--r-- 1 runner runner  480 Dec  5 15:10 omnios-r151048.conf
2025-12-05T15:11:06.3321882Z -rw-r--r-- 1 runner runner 659M Dec  5 15:11 omnios-r151048.qcow2.zst
2025-12-05T15:11:06.3322865Z -rw-r--r-- 1 runner runner 3.9K Nov 30 09:22 package-lock.json
2025-12-05T15:11:06.3323541Z -rw-r--r-- 1 runner runner  537 Nov 30 09:22 package.json
2025-12-05T15:11:06.3324048Z -rw-r--r-- 1 runner runner 9.4K Nov 30 09:22 run.sh
2025-12-05T15:11:06.3324431Z -rw-r--r-- 1 runner runner  27K Dec  5 15:10 vbox.sh
2025-12-05T15:11:06.3324772Z Download finished, extracting
2025-12-05T15:11:07.4969459Z omnios-r151048.qcow2.zst: 1064828928 bytes 
2025-12-05T15:11:07.6853600Z Extract finished
2025-12-05T15:11:07.6870183Z total 1016M
2025-12-05T15:11:07.6870670Z drwxr-xr-x 5 runner runner  4.0K Dec  5 15:11 .
2025-12-05T15:11:07.6871312Z drwxr-xr-x 3 runner runner  4.0K Dec  5 15:10 ..
2025-12-05T15:11:07.6871825Z drwxr-xr-x 5 runner runner  4.0K Dec  5 15:10 .github
2025-12-05T15:11:07.6872309Z -rw-r--r-- 1 runner runner  1.1K Nov 30 09:22 LICENSE
2025-12-05T15:11:07.6872955Z -rw-r--r-- 1 runner runner  5.7K Nov 30 09:22 README.md
2025-12-05T15:11:07.6873587Z -rw-r--r-- 1 runner runner  1.2K Nov 30 09:22 action.yml
2025-12-05T15:11:07.6873990Z drwxr-xr-x 2 runner runner  4.0K Dec  5 15:10 conf
2025-12-05T15:11:07.6874353Z -rw-r--r-- 1 runner runner  5.4K Nov 30 09:22 index.js
2025-12-05T15:11:07.6874732Z drwxr-xr-x 6 runner runner  4.0K Dec  5 15:10 node_modules
2025-12-05T15:11:07.6875176Z -rw-r--r-- 1 runner runner   480 Dec  5 15:10 omnios-r151048.conf
2025-12-05T15:11:07.6875849Z -rw-r--r-- 1 runner runner 1016M Dec  5 15:11 omnios-r151048.qcow2
2025-12-05T15:11:07.6876305Z -rw-r--r-- 1 runner runner  3.9K Nov 30 09:22 package-lock.json
2025-12-05T15:11:07.6876713Z -rw-r--r-- 1 runner runner   537 Nov 30 09:22 package.json
2025-12-05T15:11:07.6877104Z -rw-r--r-- 1 runner runner  9.4K Nov 30 09:22 run.sh
2025-12-05T15:11:07.6877452Z -rw-r--r-- 1 runner runner   27K Dec  5 15:10 vbox.sh
2025-12-05T15:11:07.6878139Z Downloading https://github.com/anyvm-org/omnios-builder/releases/download/v2.0.0/omnios-r151048-id_rsa.pub
2025-12-05T15:11:07.8591375Z Downloading https://github.com/anyvm-org/omnios-builder/releases/download/v2.0.0/omnios-r151048-host.id_rsa
2025-12-05T15:11:08.0564855Z total 1016M
2025-12-05T15:11:08.0565341Z drwxr-xr-x 5 runner runner  4.0K Dec  5 15:11 .
2025-12-05T15:11:08.0566185Z drwxr-xr-x 3 runner runner  4.0K Dec  5 15:10 ..
2025-12-05T15:11:08.0566803Z drwxr-xr-x 5 runner runner  4.0K Dec  5 15:10 .github
2025-12-05T15:11:08.0567311Z -rw-r--r-- 1 runner runner  1.1K Nov 30 09:22 LICENSE
2025-12-05T15:11:08.0567712Z -rw-r--r-- 1 runner runner  5.7K Nov 30 09:22 README.md
2025-12-05T15:11:08.0568104Z -rw-r--r-- 1 runner runner  1.2K Nov 30 09:22 action.yml
2025-12-05T15:11:08.0568494Z drwxr-xr-x 2 runner runner  4.0K Dec  5 15:10 conf
2025-12-05T15:11:08.0568910Z -rw-r--r-- 1 runner runner   411 Nov 29 17:32 host.id_rsa
2025-12-05T15:11:08.0569316Z -rw-r--r-- 1 runner runner   565 Nov 29 17:32 id_rsa.pub
2025-12-05T15:11:08.0569711Z -rw-r--r-- 1 runner runner  5.4K Nov 30 09:22 index.js
2025-12-05T15:11:08.0570109Z drwxr-xr-x 6 runner runner  4.0K Dec  5 15:10 node_modules
2025-12-05T15:11:08.0570573Z -rw-r--r-- 1 runner runner   480 Dec  5 15:10 omnios-r151048.conf
2025-12-05T15:11:08.0571036Z -rw-r--r-- 1 runner runner 1016M Dec  5 15:11 omnios-r151048.qcow2
2025-12-05T15:11:08.0571506Z -rw-r--r-- 1 runner runner  3.9K Nov 30 09:22 package-lock.json
2025-12-05T15:11:08.0571935Z -rw-r--r-- 1 runner runner   537 Nov 30 09:22 package.json
2025-12-05T15:11:08.0572323Z -rw-r--r-- 1 runner runner  9.4K Nov 30 09:22 run.sh
2025-12-05T15:11:08.0572698Z -rw-r--r-- 1 runner runner   27K Dec  5 15:10 vbox.sh
2025-12-05T15:11:11.0054210Z 
2025-12-05T15:11:11.0055362Z Starting install...
2025-12-05T15:11:11.0055822Z 
2025-12-05T15:11:11.0056435Z Creating domain...                                          |    0 B  00:00     
2025-12-05T15:11:11.0061305Z Domain creation completed.
2025-12-05T15:11:11.0669465Z Domain 'omnios' is being shutdown
2025-12-05T15:11:11.0669897Z 
2025-12-05T15:11:11.3875355Z Domain 'omnios' destroyed
2025-12-05T15:11:11.3875915Z 
2025-12-05T15:11:11.3928079Z ##[endgroup]
2025-12-05T15:11:11.3928766Z ##[group]Run onBeforeStartVM
2025-12-05T15:11:11.3929212Z exec shell: bash run.sh onBeforeStartVM 
2025-12-05T15:11:11.3940566Z [command]/usr/bin/bash
2025-12-05T15:11:11.3997085Z VM_RELEASE=r151048
2025-12-05T15:11:11.3997475Z VM_ARCH=
2025-12-05T15:11:11.3998212Z VM conf=r151048
2025-12-05T15:11:11.3998961Z CONF_LINK=https://raw.githubusercontent.com/anyvm-org/omnios-builder/v2.0.0/conf/omnios-r151048.conf
2025-12-05T15:11:11.4021251Z Builder conf: omnios-r151048.conf
2025-12-05T15:11:11.4076538Z Skip hooks/onBeforeStartVM.sh
2025-12-05T15:11:11.4084509Z ##[endgroup]
2025-12-05T15:11:11.4085048Z ##[group]Run startVM
2025-12-05T15:11:11.4085356Z exec shell: bash run.sh startVM 
2025-12-05T15:11:11.4101548Z [command]/usr/bin/bash
2025-12-05T15:11:11.4153393Z VM_RELEASE=r151048
2025-12-05T15:11:11.4153748Z VM_ARCH=
2025-12-05T15:11:11.4154012Z VM conf=r151048
2025-12-05T15:11:11.4155007Z CONF_LINK=https://raw.githubusercontent.com/anyvm-org/omnios-builder/v2.0.0/conf/omnios-r151048.conf
2025-12-05T15:11:11.4178066Z Builder conf: omnios-r151048.conf
2025-12-05T15:11:12.3763566Z Domain 'omnios' started
2025-12-05T15:11:12.3763965Z 
2025-12-05T15:11:12.3817459Z First boot
2025-12-05T15:11:12.3817913Z exec shell: bash run.sh waitForVMReady
2025-12-05T15:11:12.3832561Z [command]/usr/bin/bash
2025-12-05T15:11:12.3889213Z VM_RELEASE=r151048
2025-12-05T15:11:12.3889938Z VM_ARCH=
2025-12-05T15:11:12.3890243Z VM conf=r151048
2025-12-05T15:11:12.3892613Z CONF_LINK=https://raw.githubusercontent.com/anyvm-org/omnios-builder/v2.0.0/conf/omnios-r151048.conf
2025-12-05T15:11:12.3922172Z Builder conf: omnios-r151048.conf
2025-12-05T15:11:12.4052166Z VM is booting, just wait please
2025-12-05T15:11:14.4260564Z 
2025-12-05T15:11:14.4290689Z next 1
2025-12-05T15:11:14.4291260Z VM is booting, just wait please
2025-12-05T15:11:16.4549181Z 
2025-12-05T15:11:16.4582402Z next 2
2025-12-05T15:11:16.4584294Z VM is booting, just wait please
2025-12-05T15:11:18.4795925Z 
2025-12-05T15:11:18.4823273Z next 3
2025-12-05T15:11:18.4824136Z VM is booting, just wait please
2025-12-05T15:11:20.5020752Z 
2025-12-05T15:11:20.5044393Z next 4
2025-12-05T15:11:20.5044844Z VM is booting, just wait please
2025-12-05T15:11:22.5242140Z 
2025-12-05T15:11:22.5265265Z next 5
2025-12-05T15:11:22.5266143Z VM is booting, just wait please
2025-12-05T15:11:24.5477938Z 
2025-12-05T15:11:24.5504770Z next 6
2025-12-05T15:11:24.5505306Z VM is booting, just wait please
2025-12-05T15:11:26.5800186Z 
2025-12-05T15:11:26.5839541Z next 7
2025-12-05T15:11:26.5840411Z VM is booting, just wait please
2025-12-05T15:11:28.6110444Z 
2025-12-05T15:11:28.6158853Z next 8
2025-12-05T15:11:28.6159613Z VM is booting, just wait please
2025-12-05T15:11:30.6467514Z 
2025-12-05T15:11:30.6493251Z next 9
2025-12-05T15:11:30.6496145Z VM is booting, just wait please
2025-12-05T15:11:32.6818640Z 
2025-12-05T15:11:32.6835048Z next 10
2025-12-05T15:11:32.6836782Z VM is booting, just wait please
2025-12-05T15:11:34.7034294Z 
2025-12-05T15:11:34.7058913Z next 11
2025-12-05T15:11:34.7059290Z VM is booting, just wait please
2025-12-05T15:11:36.7261768Z 
2025-12-05T15:11:36.7286323Z next 12
2025-12-05T15:11:36.7286723Z VM is booting, just wait please
2025-12-05T15:11:38.7559594Z 
2025-12-05T15:11:38.7609284Z next 13
2025-12-05T15:11:38.7609713Z VM is booting, just wait please
2025-12-05T15:11:40.7795308Z 
2025-12-05T15:11:40.7820204Z next 14
2025-12-05T15:11:40.7820531Z VM is booting, just wait please
2025-12-05T15:11:42.8023612Z 
2025-12-05T15:11:42.8048928Z next 15
2025-12-05T15:11:42.8049283Z VM is booting, just wait please
2025-12-05T15:11:44.8249781Z 
2025-12-05T15:11:44.8272338Z next 16
2025-12-05T15:11:44.8272995Z VM is booting, just wait please
2025-12-05T15:11:46.8471083Z 
2025-12-05T15:11:46.8495989Z next 17
2025-12-05T15:11:46.8496375Z VM is booting, just wait please
2025-12-05T15:11:48.8693022Z 
2025-12-05T15:11:48.8716847Z next 18
2025-12-05T15:11:48.8717196Z VM is booting, just wait please
2025-12-05T15:11:50.8916288Z 
2025-12-05T15:11:50.8940052Z next 19
2025-12-05T15:11:50.8940730Z VM is booting, just wait please
2025-12-05T15:11:52.9136391Z 
2025-12-05T15:11:52.9159400Z next 20
2025-12-05T15:11:52.9159739Z VM is booting, just wait please
2025-12-05T15:11:54.9351773Z 
2025-12-05T15:11:54.9374231Z next 21
2025-12-05T15:11:54.9374748Z VM is booting, just wait please
2025-12-05T15:11:56.9569970Z 
2025-12-05T15:11:56.9592553Z next 22
2025-12-05T15:11:56.9592897Z VM is booting, just wait please
2025-12-05T15:11:58.9792475Z 
2025-12-05T15:11:58.9815250Z next 23
2025-12-05T15:11:58.9815777Z VM is booting, just wait please
2025-12-05T15:12:01.0015025Z 
2025-12-05T15:12:01.0038199Z next 24
2025-12-05T15:12:01.0038645Z VM is booting, just wait please
2025-12-05T15:12:03.0241622Z 
2025-12-05T15:12:03.0268243Z next 25
2025-12-05T15:12:03.0268773Z VM is booting, just wait please
2025-12-05T15:12:05.0505374Z 
2025-12-05T15:12:05.0529188Z next 26
2025-12-05T15:12:05.0529761Z VM is ready!
2025-12-05T15:12:05.0541052Z 192.168.122.140
2025-12-05T15:12:05.0561523Z ##[endgroup]
2025-12-05T15:12:05.0562189Z ##[group]Run onStarted in VM
2025-12-05T15:12:05.0562580Z exec shell: bash run.sh onStarted
2025-12-05T15:12:05.0579514Z [command]/usr/bin/bash
2025-12-05T15:12:05.0644511Z VM_RELEASE=r151048
2025-12-05T15:12:05.0644856Z VM_ARCH=
2025-12-05T15:12:05.0645189Z VM conf=r151048
2025-12-05T15:12:05.0647381Z CONF_LINK=https://raw.githubusercontent.com/anyvm-org/omnios-builder/v2.0.0/conf/omnios-r151048.conf
2025-12-05T15:12:05.0672832Z Builder conf: omnios-r151048.conf
2025-12-05T15:12:05.0966979Z read ip from rebooted: 192.168.122.140::endgroup::
2025-12-05T15:12:05.0967926Z ##[group]Initialize files in VM
2025-12-05T15:12:05.0968228Z Setting up VM
2025-12-05T15:12:05.0968607Z exec ssh: mkdir -p /home/runner/work && ln -s /home/runner/work/  work
2025-12-05T15:12:05.0976913Z [command]/usr/bin/bash /home/runner/work/_actions/vmactions/omnios-vm/v1/run.sh execSSH
2025-12-05T15:12:05.1014883Z VM_RELEASE=r151048
2025-12-05T15:12:05.1015416Z VM_ARCH=
2025-12-05T15:12:05.1015933Z VM conf=r151048
2025-12-05T15:12:05.1016992Z CONF_LINK=https://raw.githubusercontent.com/anyvm-org/omnios-builder/v2.0.0/conf/omnios-r151048.conf
2025-12-05T15:12:05.1039590Z Builder conf: omnios-r151048.conf
2025-12-05T15:12:05.1435394Z Pseudo-terminal will not be allocated because stdin is not a terminal.
2025-12-05T15:12:05.2554613Z Warning: Permanently added '192.168.122.140' (ED25519) to the list of known hosts.
2025-12-05T15:12:05.3693735Z Last login: Sat Nov 29 17:30:27 2025 from 192.168.122.1
2025-12-05T15:12:05.3961823Z exec shell: bash run.sh installRsyncInVM
2025-12-05T15:12:05.3976625Z [command]/usr/bin/bash
2025-12-05T15:12:05.4038854Z VM_RELEASE=r151048
2025-12-05T15:12:05.4039204Z VM_ARCH=
2025-12-05T15:12:05.4040916Z VM conf=r151048
2025-12-05T15:12:05.4041971Z CONF_LINK=https://raw.githubusercontent.com/anyvm-org/omnios-builder/v2.0.0/conf/omnios-r151048.conf
2025-12-05T15:12:05.4064105Z Builder conf: omnios-r151048.conf
2025-12-05T15:12:07.3564352Z  Startup: Refreshing catalog 'extra.omnios' ... Done
2025-12-05T15:12:07.5662889Z  Startup: Refreshing catalog 'omnios' ... Done
2025-12-05T15:12:07.8176473Z Planning: Solver setup ... Done
2025-12-05T15:12:07.9188528Z Planning: Running solver ... Done
2025-12-05T15:12:07.9243023Z Planning: Finding local manifests ... Done
2025-12-05T15:12:07.9257275Z Planning: Fetching manifests: 0/3  0% complete
2025-12-05T15:12:10.5576577Z Planning: Fetching manifests: 3/3  100% complete
2025-12-05T15:12:12.5402131Z Planning: Package planning ... Done
2025-12-05T15:12:12.5441782Z Planning: Merging actions ... Done
2025-12-05T15:12:12.6967226Z Planning: Checking for conflicting actions ... Done
2025-12-05T15:12:13.4882615Z Planning: Consolidating action changes ... Done
2025-12-05T15:12:13.7623005Z Planning: Evaluating mediators ... Done
2025-12-05T15:12:13.8267025Z Planning: Planning completed in 6.26 seconds
2025-12-05T15:12:13.8384904Z            Packages to install:   1
2025-12-05T15:12:13.8385647Z             Packages to update:   2
2025-12-05T15:12:13.8388175Z             Services to change:   1
2025-12-05T15:12:13.8388697Z        Create boot environment:  No
2025-12-05T15:12:13.8390649Z Create backup boot environment: Yes
2025-12-05T15:12:13.8761072Z 
2025-12-05T15:12:13.8761651Z Download:   0/841 items  0.0/9.2MB  0% complete 
2025-12-05T15:12:18.9257090Z Download: 327/841 items  1.2/9.2MB  12% complete (264k/s)
2025-12-05T15:12:23.9266449Z Download: 607/841 items  5.2/9.2MB  56% complete (534k/s)
2025-12-05T15:12:29.2552489Z Download: 825/841 items  8.7/9.2MB  93% complete (733k/s)
2025-12-05T15:12:29.8295059Z Download: Completed 9.23 MB in 15.96 seconds (592k/s)
2025-12-05T15:12:31.3644152Z  Actions:    1/1008 actions (Removing old actions)
2025-12-05T15:12:31.3648588Z  Actions:    8/1008 actions (Installing new actions)
2025-12-05T15:12:31.4009581Z  Actions:  171/1008 actions (Updating modified actions)
2025-12-05T15:12:31.7812857Z  Actions: Completed 1008 actions in 0.42 seconds.
2025-12-05T15:12:31.8062993Z  Done
2025-12-05T15:12:31.8081311Z  Done
2025-12-05T15:12:31.8256392Z  Done
2025-12-05T15:12:34.7849143Z  Done
2025-12-05T15:12:34.8367276Z  Done
2025-12-05T15:12:34.8369980Z  Done
2025-12-05T15:12:35.0371320Z  Done
2025-12-05T15:12:35.1627218Z exec shell: bash run.sh rsyncToVM
2025-12-05T15:12:35.1645770Z [command]/usr/bin/bash
2025-12-05T15:12:35.1700971Z VM_RELEASE=r151048
2025-12-05T15:12:35.1701345Z VM_ARCH=
2025-12-05T15:12:35.1701658Z VM conf=r151048
2025-12-05T15:12:35.1704114Z CONF_LINK=https://raw.githubusercontent.com/anyvm-org/omnios-builder/v2.0.0/conf/omnios-r151048.conf
2025-12-05T15:12:35.1725205Z Builder conf: omnios-r151048.conf
2025-12-05T15:12:35.4593798Z sending incremental file list
2025-12-05T15:12:35.4658060Z ./
2025-12-05T15:12:35.4715908Z _temp/
2025-12-05T15:12:35.4716280Z _temp/_github_workflow/
2025-12-05T15:12:35.4716706Z _temp/_github_workflow/event.json
2025-12-05T15:12:35.4717166Z _temp/_runner_file_commands/
2025-12-05T15:12:35.4717796Z _temp/_runner_file_commands/add_path_2f9baa0c-60f0-4882-b16a-e4d50713933b
2025-12-05T15:12:35.4718787Z _temp/_runner_file_commands/add_path_8087a03b-1c6a-4fa1-8459-2231bc264f18
2025-12-05T15:12:35.4719620Z _temp/_runner_file_commands/save_state_2f9baa0c-60f0-4882-b16a-e4d50713933b
2025-12-05T15:12:35.4720442Z _temp/_runner_file_commands/save_state_8087a03b-1c6a-4fa1-8459-2231bc264f18
2025-12-05T15:12:35.4721248Z _temp/_runner_file_commands/set_env_2f9baa0c-60f0-4882-b16a-e4d50713933b
2025-12-05T15:12:35.4722062Z _temp/_runner_file_commands/set_env_8087a03b-1c6a-4fa1-8459-2231bc264f18
2025-12-05T15:12:35.4722884Z _temp/_runner_file_commands/set_output_2f9baa0c-60f0-4882-b16a-e4d50713933b
2025-12-05T15:12:35.4723716Z _temp/_runner_file_commands/set_output_8087a03b-1c6a-4fa1-8459-2231bc264f18
2025-12-05T15:12:35.4724627Z _temp/_runner_file_commands/step_summary_2f9baa0c-60f0-4882-b16a-e4d50713933b
2025-12-05T15:12:35.4725731Z _temp/_runner_file_commands/step_summary_8087a03b-1c6a-4fa1-8459-2231bc264f18
2025-12-05T15:12:35.4726430Z tidesdb/
2025-12-05T15:12:35.4726754Z tidesdb/tidesdb/
2025-12-05T15:12:35.4727148Z tidesdb/tidesdb/.clang-format
2025-12-05T15:12:35.4727649Z tidesdb/tidesdb/.gitignore
2025-12-05T15:12:35.4728088Z tidesdb/tidesdb/CMakeLists.txt
2025-12-05T15:12:35.4728540Z tidesdb/tidesdb/CODE_OF_CONDUCT.md
2025-12-05T15:12:35.4729050Z tidesdb/tidesdb/CONTRIBUTING.md
2025-12-05T15:12:35.4729512Z tidesdb/tidesdb/LICENSE
2025-12-05T15:12:35.4729938Z tidesdb/tidesdb/README.md
2025-12-05T15:12:35.4730361Z tidesdb/tidesdb/SECURITY.md
2025-12-05T15:12:35.4730828Z tidesdb/tidesdb/code_formatter.ps1
2025-12-05T15:12:35.4731354Z tidesdb/tidesdb/code_formatter.sh
2025-12-05T15:12:35.4731837Z tidesdb/tidesdb/vcpkg.json
2025-12-05T15:12:35.4732664Z tidesdb/tidesdb/.git/
2025-12-05T15:12:35.4733096Z tidesdb/tidesdb/.git/FETCH_HEAD
2025-12-05T15:12:35.4733592Z tidesdb/tidesdb/.git/HEAD
2025-12-05T15:12:35.4734048Z tidesdb/tidesdb/.git/config
2025-12-05T15:12:35.4734513Z tidesdb/tidesdb/.git/config.worktree
2025-12-05T15:12:35.4735072Z tidesdb/tidesdb/.git/description
2025-12-05T15:12:35.4735965Z tidesdb/tidesdb/.git/index
2025-12-05T15:12:35.4736410Z tidesdb/tidesdb/.git/shallow
2025-12-05T15:12:35.4736823Z tidesdb/tidesdb/.git/hooks/
2025-12-05T15:12:35.4737293Z tidesdb/tidesdb/.git/hooks/applypatch-msg.sample
2025-12-05T15:12:35.4737884Z tidesdb/tidesdb/.git/hooks/commit-msg.sample
2025-12-05T15:12:35.4738458Z tidesdb/tidesdb/.git/hooks/fsmonitor-watchman.sample
2025-12-05T15:12:35.4739053Z tidesdb/tidesdb/.git/hooks/post-update.sample
2025-12-05T15:12:35.4739657Z tidesdb/tidesdb/.git/hooks/pre-applypatch.sample
2025-12-05T15:12:35.4740309Z tidesdb/tidesdb/.git/hooks/pre-commit.sample
2025-12-05T15:12:35.4740968Z tidesdb/tidesdb/.git/hooks/pre-merge-commit.sample
2025-12-05T15:12:35.4741579Z tidesdb/tidesdb/.git/hooks/pre-push.sample
2025-12-05T15:12:35.4742103Z tidesdb/tidesdb/.git/hooks/pre-rebase.sample
2025-12-05T15:12:35.4742638Z tidesdb/tidesdb/.git/hooks/pre-receive.sample
2025-12-05T15:12:35.4743245Z tidesdb/tidesdb/.git/hooks/prepare-commit-msg.sample
2025-12-05T15:12:35.4743890Z tidesdb/tidesdb/.git/hooks/push-to-checkout.sample
2025-12-05T15:12:35.4744509Z tidesdb/tidesdb/.git/hooks/sendemail-validate.sample
2025-12-05T15:12:35.4745073Z tidesdb/tidesdb/.git/hooks/update.sample
2025-12-05T15:12:35.4745764Z tidesdb/tidesdb/.git/info/
2025-12-05T15:12:35.4746229Z tidesdb/tidesdb/.git/info/exclude
2025-12-05T15:12:35.4746690Z tidesdb/tidesdb/.git/logs/
2025-12-05T15:12:35.4747108Z tidesdb/tidesdb/.git/logs/HEAD
2025-12-05T15:12:35.4747524Z tidesdb/tidesdb/.git/logs/refs/
2025-12-05T15:12:35.4747960Z tidesdb/tidesdb/.git/logs/refs/remotes/
2025-12-05T15:12:35.4748470Z tidesdb/tidesdb/.git/logs/refs/remotes/pull/
2025-12-05T15:12:35.4749077Z tidesdb/tidesdb/.git/logs/refs/remotes/pull/469/
2025-12-05T15:12:35.4749697Z tidesdb/tidesdb/.git/logs/refs/remotes/pull/469/merge
2025-12-05T15:12:35.4750229Z tidesdb/tidesdb/.git/objects/
2025-12-05T15:12:35.4750657Z tidesdb/tidesdb/.git/objects/01/
2025-12-05T15:12:35.4751298Z tidesdb/tidesdb/.git/objects/01/c6a8779517e6a086b23d4a16aa8a213ea483e2
2025-12-05T15:12:35.4752109Z tidesdb/tidesdb/.git/objects/04/
2025-12-05T15:12:35.4752725Z tidesdb/tidesdb/.git/objects/04/16cd68029bce3c086fafc17981fb19ffaebff6
2025-12-05T15:12:35.4753391Z tidesdb/tidesdb/.git/objects/07/
2025-12-05T15:12:35.4754022Z tidesdb/tidesdb/.git/objects/07/aa7f48f0cdd1afc1d267fbd0c4fb0b1f3577c8
2025-12-05T15:12:35.4754689Z tidesdb/tidesdb/.git/objects/08/
2025-12-05T15:12:35.4755299Z tidesdb/tidesdb/.git/objects/08/333cf0e1dcb2f81629b6d1b4c3773bbf3f3e6c
2025-12-05T15:12:35.4756172Z tidesdb/tidesdb/.git/objects/0c/
2025-12-05T15:12:35.4756819Z tidesdb/tidesdb/.git/objects/0c/e43d6b20c419bffe61089c429345d52b87ca65
2025-12-05T15:12:35.4757470Z tidesdb/tidesdb/.git/objects/17/
2025-12-05T15:12:35.4758074Z tidesdb/tidesdb/.git/objects/17/0b48fd6106fc87c6df15a1a61686aad312a622
2025-12-05T15:12:35.4758738Z tidesdb/tidesdb/.git/objects/18/
2025-12-05T15:12:35.4759395Z tidesdb/tidesdb/.git/objects/18/b6b1a3d079a8f130b0926ad453c78618776fde
2025-12-05T15:12:35.4760191Z tidesdb/tidesdb/.git/objects/18/e5d4c1e5eefe5b606d623ea7c86adfad1f07a0
2025-12-05T15:12:35.4760833Z tidesdb/tidesdb/.git/objects/1b/
2025-12-05T15:12:35.4761413Z tidesdb/tidesdb/.git/objects/1b/8439b07e328c706bf252c7b0a45a3825ddd321
2025-12-05T15:12:35.4762035Z tidesdb/tidesdb/.git/objects/1d/
2025-12-05T15:12:35.4762621Z tidesdb/tidesdb/.git/objects/1d/a7fe462c077cd859fcf70bd4a7b98901aac5e3
2025-12-05T15:12:35.4763300Z tidesdb/tidesdb/.git/objects/21/
2025-12-05T15:12:35.4763942Z tidesdb/tidesdb/.git/objects/21/3e1ac70da70820e7d2c305bdd6a6050fb98778
2025-12-05T15:12:35.4764618Z tidesdb/tidesdb/.git/objects/26/
2025-12-05T15:12:35.4765199Z tidesdb/tidesdb/.git/objects/26/77993ebf4386e9b59254ed4c958594095373d2
2025-12-05T15:12:35.4766400Z tidesdb/tidesdb/.git/objects/26/a3901460627ff680777917962b6df62b8559d7
2025-12-05T15:12:35.4767168Z tidesdb/tidesdb/.git/objects/26/e622aa5682d5982795310193506038372bcf7f
2025-12-05T15:12:35.4767778Z tidesdb/tidesdb/.git/objects/31/
2025-12-05T15:12:35.4768188Z tidesdb/tidesdb/.git/objects/31/d40e7112add6f843e807314c0c929946401163
2025-12-05T15:12:35.4768913Z tidesdb/tidesdb/.git/objects/32/
2025-12-05T15:12:35.4769606Z tidesdb/tidesdb/.git/objects/32/b9d1f21734768c2340600926da5ff4ddee018a
2025-12-05T15:12:35.4770166Z tidesdb/tidesdb/.git/objects/35/
2025-12-05T15:12:35.4770740Z tidesdb/tidesdb/.git/objects/35/38d6278c8e60b868259115babb87a9bf19e645
2025-12-05T15:12:35.4771394Z tidesdb/tidesdb/.git/objects/39/
2025-12-05T15:12:35.4772012Z tidesdb/tidesdb/.git/objects/39/b97b2fa18caf00fb1b6ceff7fd525d3397ffb6
2025-12-05T15:12:35.4772543Z tidesdb/tidesdb/.git/objects/3b/
2025-12-05T15:12:35.4772984Z tidesdb/tidesdb/.git/objects/3b/24c4f5744bb309086f14a156f0169e2f53c177
2025-12-05T15:12:35.4773737Z tidesdb/tidesdb/.git/objects/3b/f900b5e92fb25345ee453f15fe7659e0f846f8
2025-12-05T15:12:35.4774337Z tidesdb/tidesdb/.git/objects/3e/
2025-12-05T15:12:35.4774873Z tidesdb/tidesdb/.git/objects/3e/38a39184f9cea721c093bcc0f1b5b953ad80b5
2025-12-05T15:12:35.4775758Z tidesdb/tidesdb/.git/objects/42/
2025-12-05T15:12:35.4776463Z tidesdb/tidesdb/.git/objects/42/05fe68e4e37b6b6033925b9462050ca98de64f
2025-12-05T15:12:35.4777204Z tidesdb/tidesdb/.git/objects/4f/
2025-12-05T15:12:35.4777921Z tidesdb/tidesdb/.git/objects/4f/a96cb2da22e3cf136131e162ee4b057c84101c
2025-12-05T15:12:35.4778684Z tidesdb/tidesdb/.git/objects/57/
2025-12-05T15:12:35.4779389Z tidesdb/tidesdb/.git/objects/57/22bd6dc2ef97a07589030cb422a970d5ca36a3
2025-12-05T15:12:35.4780062Z tidesdb/tidesdb/.git/objects/58/
2025-12-05T15:12:35.4780684Z tidesdb/tidesdb/.git/objects/58/e487414f64b51c148fd703f8d57c89f3b6d0ac
2025-12-05T15:12:35.4781353Z tidesdb/tidesdb/.git/objects/63/
2025-12-05T15:12:35.4782042Z tidesdb/tidesdb/.git/objects/63/dcfe3797a10bc50c821ecbf5e439d965916047
2025-12-05T15:12:35.4782770Z tidesdb/tidesdb/.git/objects/64/
2025-12-05T15:12:35.4783452Z tidesdb/tidesdb/.git/objects/64/f65bcf7bb758415b0b618c93d279527b738133
2025-12-05T15:12:35.4784149Z tidesdb/tidesdb/.git/objects/6e/
2025-12-05T15:12:35.4784832Z tidesdb/tidesdb/.git/objects/6e/165951159141c5614a123f3fd0a7fd2f2441a5
2025-12-05T15:12:35.4785721Z tidesdb/tidesdb/.git/objects/72/
2025-12-05T15:12:35.4786326Z tidesdb/tidesdb/.git/objects/72/827e87abbc79de481177308d6b91b254703a45
2025-12-05T15:12:35.4786953Z tidesdb/tidesdb/.git/objects/74/
2025-12-05T15:12:35.4787556Z tidesdb/tidesdb/.git/objects/74/aa1fabd5b755c5d8c7fbb3aa07ac37d63442d6
2025-12-05T15:12:35.4788198Z tidesdb/tidesdb/.git/objects/76/
2025-12-05T15:12:35.4788799Z tidesdb/tidesdb/.git/objects/76/222d4e732c177c3d90ce7e36a742a8668ac6b5
2025-12-05T15:12:35.4789455Z tidesdb/tidesdb/.git/objects/78/
2025-12-05T15:12:35.4790037Z tidesdb/tidesdb/.git/objects/78/fc2e8dbf6db809650fbb59762c5566a71677ca
2025-12-05T15:12:35.4790681Z tidesdb/tidesdb/.git/objects/7c/
2025-12-05T15:12:35.4791262Z tidesdb/tidesdb/.git/objects/7c/dbf898305932fc9d78a7088eb6b821bb7fb955
2025-12-05T15:12:35.4792054Z tidesdb/tidesdb/.git/objects/7c/e3cd2512cd46911bb534a30bfb3fa09f9d6d90
2025-12-05T15:12:35.4792684Z tidesdb/tidesdb/.git/objects/80/
2025-12-05T15:12:35.4793270Z tidesdb/tidesdb/.git/objects/80/8a82472d1df2cfd17d3518f93fc77a7f78a2bb
2025-12-05T15:12:35.4793904Z tidesdb/tidesdb/.git/objects/8d/
2025-12-05T15:12:35.4794477Z tidesdb/tidesdb/.git/objects/8d/2120f121d4237688d3957ca83090bc76f7b3e3
2025-12-05T15:12:35.4795120Z tidesdb/tidesdb/.git/objects/92/
2025-12-05T15:12:35.4795867Z tidesdb/tidesdb/.git/objects/92/91d58aff0dd055c20e1a9ac4c8ea855240bcf3
2025-12-05T15:12:35.4796501Z tidesdb/tidesdb/.git/objects/97/
2025-12-05T15:12:35.4797086Z tidesdb/tidesdb/.git/objects/97/8855243d22e3d18f40d74bd18fdae0014dbf64
2025-12-05T15:12:35.4797712Z tidesdb/tidesdb/.git/objects/99/
2025-12-05T15:12:35.4798296Z tidesdb/tidesdb/.git/objects/99/45c3c6f5d5f06b1b4b0bda0406a52ca5b75e46
2025-12-05T15:12:35.4799136Z tidesdb/tidesdb/.git/objects/9a/
2025-12-05T15:12:35.4799722Z tidesdb/tidesdb/.git/objects/9a/37235fddc4eaf1b5c52e8901f3f005693fe527
2025-12-05T15:12:35.4800354Z tidesdb/tidesdb/.git/objects/9b/
2025-12-05T15:12:35.4800937Z tidesdb/tidesdb/.git/objects/9b/7acc2050f0bd1b6a9995073014fcf98956b2aa
2025-12-05T15:12:35.4801698Z tidesdb/tidesdb/.git/objects/9c/
2025-12-05T15:12:35.4802287Z tidesdb/tidesdb/.git/objects/9c/1974fbd43f528a6de7e6999583524972cfd058
2025-12-05T15:12:35.4802909Z tidesdb/tidesdb/.git/objects/a1/
2025-12-05T15:12:35.4803504Z tidesdb/tidesdb/.git/objects/a1/4cdc00cb48a490a54fcc22ac5936f0efdfa0e5
2025-12-05T15:12:35.4804132Z tidesdb/tidesdb/.git/objects/a7/
2025-12-05T15:12:35.4804720Z tidesdb/tidesdb/.git/objects/a7/565dad6ce187f0d750e18e33235b383bcc3507
2025-12-05T15:12:35.4805342Z tidesdb/tidesdb/.git/objects/bb/
2025-12-05T15:12:35.4806095Z tidesdb/tidesdb/.git/objects/bb/b2821bbca5e8a78da8f5dc9dbba8d453d16c2b
2025-12-05T15:12:35.4806727Z tidesdb/tidesdb/.git/objects/bd/
2025-12-05T15:12:35.4807353Z tidesdb/tidesdb/.git/objects/bd/0572befb1f1eccfc13f706b53939fbd44aff52
2025-12-05T15:12:35.4808024Z tidesdb/tidesdb/.git/objects/c2/
2025-12-05T15:12:35.4808710Z tidesdb/tidesdb/.git/objects/c2/98505d3be006faceab2803df878e3ba48f8982
2025-12-05T15:12:35.4809474Z tidesdb/tidesdb/.git/objects/c8/
2025-12-05T15:12:35.4810159Z tidesdb/tidesdb/.git/objects/c8/07cdefab3cfcb1bdaab6a04cc4618a5cf45fea
2025-12-05T15:12:35.4810888Z tidesdb/tidesdb/.git/objects/cc/
2025-12-05T15:12:35.4811454Z tidesdb/tidesdb/.git/objects/cc/69b3293a6f807017052e82c83be22b76f4c5e3
2025-12-05T15:12:35.4812062Z tidesdb/tidesdb/.git/objects/d2/
2025-12-05T15:12:35.4812630Z tidesdb/tidesdb/.git/objects/d2/1f3e0909a547a02777d540b2c0b7b374702381
2025-12-05T15:12:35.4813247Z tidesdb/tidesdb/.git/objects/d4/
2025-12-05T15:12:35.4813823Z tidesdb/tidesdb/.git/objects/d4/cbd238b29a6e4f375d8f2c6200bae527011aa6
2025-12-05T15:12:35.4814588Z tidesdb/tidesdb/.git/objects/d4/ddf39b891c5c4c3e10f95329817a59b956d469
2025-12-05T15:12:35.4815210Z tidesdb/tidesdb/.git/objects/da/
2025-12-05T15:12:35.4815969Z tidesdb/tidesdb/.git/objects/da/8c83ef665358cbd573943ee6be96f6e9721348
2025-12-05T15:12:35.4816589Z tidesdb/tidesdb/.git/objects/e0/
2025-12-05T15:12:35.4817157Z tidesdb/tidesdb/.git/objects/e0/5e0dbb49954bab9db893f0b1d41c5600a2ad35
2025-12-05T15:12:35.4817778Z tidesdb/tidesdb/.git/objects/e5/
2025-12-05T15:12:35.4818419Z tidesdb/tidesdb/.git/objects/e5/30c0ad0db90763fd0c9de8fe44d1d64303cbe0
2025-12-05T15:12:35.4819123Z tidesdb/tidesdb/.git/objects/e6/
2025-12-05T15:12:35.4819734Z tidesdb/tidesdb/.git/objects/e6/0cc37f13c27ff0668ec2535937df3f4c097ec2
2025-12-05T15:12:35.4820351Z tidesdb/tidesdb/.git/objects/ec/
2025-12-05T15:12:35.4820922Z tidesdb/tidesdb/.git/objects/ec/fa8f8835449b14d09f66c39b433861b84107a1
2025-12-05T15:12:35.4821526Z tidesdb/tidesdb/.git/objects/f4/
2025-12-05T15:12:35.4822090Z tidesdb/tidesdb/.git/objects/f4/0832766362e23918c4660ae34dbeb037beb98f
2025-12-05T15:12:35.4822733Z tidesdb/tidesdb/.git/objects/f8/
2025-12-05T15:12:35.4823312Z tidesdb/tidesdb/.git/objects/f8/e66271d363b3dd69fe66af7b198fe34c4065da
2025-12-05T15:12:35.4823929Z tidesdb/tidesdb/.git/objects/fa/
2025-12-05T15:12:35.4824492Z tidesdb/tidesdb/.git/objects/fa/0086a952236971ab37901954d596efae9f4af6
2025-12-05T15:12:35.4825254Z tidesdb/tidesdb/.git/objects/fa/0d61604c74300ee9b5de01db3f430bbcea4f57
2025-12-05T15:12:35.4826050Z tidesdb/tidesdb/.git/objects/fd/
2025-12-05T15:12:35.4826623Z tidesdb/tidesdb/.git/objects/fd/661eff956f5783825eea7d1de96677f3561800
2025-12-05T15:12:35.4827234Z tidesdb/tidesdb/.git/objects/ff/
2025-12-05T15:12:35.4827805Z tidesdb/tidesdb/.git/objects/ff/99189b76cf12e8db340dbba092b8ec72543bc8
2025-12-05T15:12:35.4828441Z tidesdb/tidesdb/.git/objects/info/
2025-12-05T15:12:35.4828952Z tidesdb/tidesdb/.git/objects/pack/
2025-12-05T15:12:35.4829391Z tidesdb/tidesdb/.git/refs/
2025-12-05T15:12:35.4829798Z tidesdb/tidesdb/.git/refs/heads/
2025-12-05T15:12:35.4830305Z tidesdb/tidesdb/.git/refs/remotes/
2025-12-05T15:12:35.4831032Z tidesdb/tidesdb/.git/refs/remotes/pull/
2025-12-05T15:12:35.4831520Z tidesdb/tidesdb/.git/refs/remotes/pull/469/
2025-12-05T15:12:35.4832039Z tidesdb/tidesdb/.git/refs/remotes/pull/469/merge
2025-12-05T15:12:35.4832538Z tidesdb/tidesdb/.git/refs/tags/
2025-12-05T15:12:35.4832945Z tidesdb/tidesdb/.github/
2025-12-05T15:12:35.4833478Z tidesdb/tidesdb/.github/workflows/
2025-12-05T15:12:35.4834098Z tidesdb/tidesdb/.github/workflows/bsd_illumos_build_test_tidesdb.yml
2025-12-05T15:12:35.4834843Z tidesdb/tidesdb/.github/workflows/build_and_test_tidesdb.yml
2025-12-05T15:12:35.4835691Z tidesdb/tidesdb/.github/workflows/clang_format_check.yml
2025-12-05T15:12:35.4836254Z tidesdb/tidesdb/artwork/
2025-12-05T15:12:35.4836706Z tidesdb/tidesdb/artwork/tidesdb-logo-v0.1.png
2025-12-05T15:12:35.4837246Z tidesdb/tidesdb/artwork/tidesdb-logo-v0.1.svg
2025-12-05T15:12:35.4837722Z tidesdb/tidesdb/bench/
2025-12-05T15:12:35.4838113Z tidesdb/tidesdb/bench/tidesdb__bench.c
2025-12-05T15:12:35.4838566Z tidesdb/tidesdb/cmake/
2025-12-05T15:12:35.4839061Z tidesdb/tidesdb/cmake/TidesDBConfig.cmake.in
2025-12-05T15:12:35.4839576Z tidesdb/tidesdb/external/
2025-12-05T15:12:35.4839975Z tidesdb/tidesdb/external/ini.c
2025-12-05T15:12:35.4840384Z tidesdb/tidesdb/external/ini.h
2025-12-05T15:12:35.4840804Z tidesdb/tidesdb/external/xxhash.c
2025-12-05T15:12:35.4841237Z tidesdb/tidesdb/external/xxhash.h
2025-12-05T15:12:35.4841654Z tidesdb/tidesdb/src/
2025-12-05T15:12:35.4842031Z tidesdb/tidesdb/src/block_manager.c
2025-12-05T15:12:35.4842471Z tidesdb/tidesdb/src/block_manager.h
2025-12-05T15:12:35.4842909Z tidesdb/tidesdb/src/bloom_filter.c
2025-12-05T15:12:35.4843340Z tidesdb/tidesdb/src/bloom_filter.h
2025-12-05T15:12:35.4843784Z tidesdb/tidesdb/src/buffer.c
2025-12-05T15:12:35.4844189Z tidesdb/tidesdb/src/buffer.h
2025-12-05T15:12:35.4844596Z tidesdb/tidesdb/src/compat.h
2025-12-05T15:12:35.4845017Z tidesdb/tidesdb/src/compress.c
2025-12-05T15:12:35.4845432Z tidesdb/tidesdb/src/compress.h
2025-12-05T15:12:35.4846029Z tidesdb/tidesdb/src/lru.c
2025-12-05T15:12:35.4846456Z tidesdb/tidesdb/src/lru.h
2025-12-05T15:12:35.4846874Z tidesdb/tidesdb/src/queue.c
2025-12-05T15:12:35.4847324Z tidesdb/tidesdb/src/queue.h
2025-12-05T15:12:35.4847792Z tidesdb/tidesdb/src/skip_list.c
2025-12-05T15:12:35.4848266Z tidesdb/tidesdb/src/skip_list.h
2025-12-05T15:12:35.4848782Z tidesdb/tidesdb/src/succinct_trie.c
2025-12-05T15:12:35.4849317Z tidesdb/tidesdb/src/succinct_trie.h
2025-12-05T15:12:35.4849835Z tidesdb/tidesdb/src/tidesdb.c
2025-12-05T15:12:35.4850323Z tidesdb/tidesdb/src/tidesdb.h
2025-12-05T15:12:35.4850825Z tidesdb/tidesdb/src/tidesdb_version.h.in
2025-12-05T15:12:35.4851327Z tidesdb/tidesdb/test/
2025-12-05T15:12:35.4851759Z tidesdb/tidesdb/test/block_manager__tests.c
2025-12-05T15:12:35.4852197Z tidesdb/tidesdb/test/bloom_filter__tests.c
2025-12-05T15:12:35.4852699Z tidesdb/tidesdb/test/buffer__tests.c
2025-12-05T15:12:35.4853202Z tidesdb/tidesdb/test/compress__tests.c
2025-12-05T15:12:35.4853744Z tidesdb/tidesdb/test/lru__tests.c
2025-12-05T15:12:35.4854238Z tidesdb/tidesdb/test/queue__tests.c
2025-12-05T15:12:35.4861139Z tidesdb/tidesdb/test/skip_list__tests.c
2025-12-05T15:12:35.4875194Z tidesdb/tidesdb/test/succinct_trie__tests.c
2025-12-05T15:12:35.4875866Z tidesdb/tidesdb/test/test_macros.h
2025-12-05T15:12:35.4876312Z tidesdb/tidesdb/test/test_utils.h
2025-12-05T15:12:35.4876794Z tidesdb/tidesdb/test/tidesdb__tests.c
2025-12-05T15:12:35.5859506Z 
2025-12-05T15:12:35.5860181Z sent 2,313,153 bytes  received 3,347 bytes  4,633,000.00 bytes/sec
2025-12-05T15:12:35.5860544Z total size is 2,297,989  speedup is 0.99
2025-12-05T15:12:35.5874374Z OK, Ready!
2025-12-05T15:12:35.5875198Z ##[endgroup]
2025-12-05T15:12:35.5880760Z envs:
2025-12-05T15:12:35.5884930Z ##[group]Run onInitialized in VM
2025-12-05T15:12:35.5885397Z exec shell: bash run.sh onInitialized
2025-12-05T15:12:35.5899619Z [command]/usr/bin/bash
2025-12-05T15:12:35.5954088Z VM_RELEASE=r151048
2025-12-05T15:12:35.5954437Z VM_ARCH=
2025-12-05T15:12:35.5955105Z VM conf=r151048
2025-12-05T15:12:35.5956007Z CONF_LINK=https://raw.githubusercontent.com/anyvm-org/omnios-builder/v2.0.0/conf/omnios-r151048.conf
2025-12-05T15:12:35.5979006Z Builder conf: omnios-r151048.conf
2025-12-05T15:12:35.6041801Z ##[endgroup]
2025-12-05T15:12:35.6042453Z ##[group]Run 'prepare' in VM
2025-12-05T15:12:35.6043404Z Running prepare: pkg set-publisher -g https://pkg.omnios.org/r151048/extra extra.omnios
2025-12-05T15:12:35.6044421Z pkg install ooce/developer/cmake ooce/library/lz4 ooce/library/zstd ooce/library/snappy
2025-12-05T15:12:35.6045083Z 
2025-12-05T15:12:35.6045639Z exec ssh: pkg set-publisher -g https://pkg.omnios.org/r151048/extra extra.omnios
2025-12-05T15:12:35.6046620Z pkg install ooce/developer/cmake ooce/library/lz4 ooce/library/zstd ooce/library/snappy
2025-12-05T15:12:35.6057420Z [command]/usr/bin/bash /home/runner/work/_actions/vmactions/omnios-vm/v1/run.sh execSSHSH
2025-12-05T15:12:35.6093025Z VM_RELEASE=r151048
2025-12-05T15:12:35.6093541Z VM_ARCH=
2025-12-05T15:12:35.6093915Z VM conf=r151048
2025-12-05T15:12:35.6094987Z CONF_LINK=https://raw.githubusercontent.com/anyvm-org/omnios-builder/v2.0.0/conf/omnios-r151048.conf
2025-12-05T15:12:35.6117161Z Builder conf: omnios-r151048.conf
2025-12-05T15:12:36.1792360Z 
2025-12-05T15:12:36.1793123Z Origin 'https://pkg.omnios.org/r151048/extra/' already exists for the specified publisher.
2025-12-05T15:12:36.2314082Z ##[error]The process '/usr/bin/bash' failed with exit code 1
2025-12-05T15:12:36.2539435Z Post job cleanup.
2025-12-05T15:12:36.3556794Z [command]/usr/bin/git version
2025-12-05T15:12:36.3594520Z git version 2.52.0
2025-12-05T15:12:36.3648052Z Temporarily overriding HOME='/home/runner/work/_temp/e96b5b0a-6929-4c4e-b779-7ff46cd0a1bc' before making global git config changes
2025-12-05T15:12:36.3649187Z Adding repository directory to the temporary git global config as a safe directory
2025-12-05T15:12:36.3653001Z [command]/usr/bin/git config --global --add safe.directory /home/runner/work/tidesdb/tidesdb
2025-12-05T15:12:36.3690378Z [command]/usr/bin/git config --local --name-only --get-regexp core\.sshCommand
2025-12-05T15:12:36.3724485Z [command]/usr/bin/git submodule foreach --recursive sh -c "git config --local --name-only --get-regexp 'core\.sshCommand' && git config --local --unset-all 'core.sshCommand' || :"
2025-12-05T15:12:36.3974447Z [command]/usr/bin/git config --local --name-only --get-regexp http\.https\:\/\/github\.com\/\.extraheader
2025-12-05T15:12:36.3996835Z http.https://github.com/.extraheader
2025-12-05T15:12:36.4009660Z [command]/usr/bin/git config --local --unset-all http.https://github.com/.extraheader
2025-12-05T15:12:36.4041320Z [command]/usr/bin/git submodule foreach --recursive sh -c "git config --local --name-only --get-regexp 'http\.https\:\/\/github\.com\/\.extraheader' && git config --local --unset-all 'http.https://github.com/.extraheader' || :"
2025-12-05T15:12:36.4277468Z [command]/usr/bin/git config --local --name-only --get-regexp ^includeIf\.gitdir:
2025-12-05T15:12:36.4309921Z [command]/usr/bin/git submodule foreach --recursive git config --local --show-origin --name-only --get-regexp remote.origin.url
2025-12-05T15:12:36.4652305Z Cleaning up orphan processes