2025-12-05T15:10:21.8640773Z Current runner version: '2.329.0'
2025-12-05T15:10:21.8664315Z ##[group]Runner Image Provisioner
2025-12-05T15:10:21.8665178Z Hosted Compute Agent
2025-12-05T15:10:21.8665729Z Version: 20251124.448
2025-12-05T15:10:21.8666508Z Commit: fda5086b43ec66ade217e5fcd18146c879571177
2025-12-05T15:10:21.8667290Z Build Date: 2025-11-24T21:16:26Z
2025-12-05T15:10:21.8667882Z ##[endgroup]
2025-12-05T15:10:21.8668542Z ##[group]Operating System
2025-12-05T15:10:21.8669127Z Ubuntu
2025-12-05T15:10:21.8669651Z 24.04.3
2025-12-05T15:10:21.8670213Z LTS
2025-12-05T15:10:21.8670955Z ##[endgroup]
2025-12-05T15:10:21.8671483Z ##[group]Runner Image
2025-12-05T15:10:21.8672143Z Image: ubuntu-24.04
2025-12-05T15:10:21.8672716Z Version: 20251126.144.1
2025-12-05T15:10:21.8673742Z Included Software: https://github.com/actions/runner-images/blob/ubuntu24/20251126.144/images/ubuntu/Ubuntu2404-Readme.md
2025-12-05T15:10:21.8675356Z Image Release: https://github.com/actions/runner-images/releases/tag/ubuntu24%2F20251126.144
2025-12-05T15:10:21.8676412Z ##[endgroup]
2025-12-05T15:10:21.8677734Z ##[group]GITHUB_TOKEN Permissions
2025-12-05T15:10:21.8679587Z Contents: read
2025-12-05T15:10:21.8680214Z Metadata: read
2025-12-05T15:10:21.8680819Z Packages: read
2025-12-05T15:10:21.8681696Z ##[endgroup]
2025-12-05T15:10:21.8683922Z Secret source: Actions
2025-12-05T15:10:21.8684656Z Prepare workflow directory
2025-12-05T15:10:21.9059636Z Prepare all required actions
2025-12-05T15:10:21.9096583Z Getting action download info
2025-12-05T15:10:22.3510365Z Download action repository 'actions/checkout@v4' (SHA:34e114876b0b11c390a56381ad16ebd13914f8d5)
2025-12-05T15:10:23.1292925Z Download action repository 'vmactions/openbsd-vm@v1' (SHA:7fd5a3e251db9d8bdff2f34aae11a43b6be5ad60)
2025-12-05T15:10:23.9808401Z Complete job name: OpenBSD 7.4 x64
2025-12-05T15:10:24.0592002Z ##[group]Run actions/checkout@v4
2025-12-05T15:10:24.0593360Z with:
2025-12-05T15:10:24.0594085Z   repository: tidesdb/tidesdb
2025-12-05T15:10:24.0595350Z   token: ***
2025-12-05T15:10:24.0596088Z   ssh-strict: true
2025-12-05T15:10:24.0596835Z   ssh-user: git
2025-12-05T15:10:24.0597593Z   persist-credentials: true
2025-12-05T15:10:24.0598457Z   clean: true
2025-12-05T15:10:24.0599222Z   sparse-checkout-cone-mode: true
2025-12-05T15:10:24.0600154Z   fetch-depth: 1
2025-12-05T15:10:24.0601046Z   fetch-tags: false
2025-12-05T15:10:24.0601810Z   show-progress: true
2025-12-05T15:10:24.0602584Z   lfs: false
2025-12-05T15:10:24.0603287Z   submodules: false
2025-12-05T15:10:24.0604054Z   set-safe-directory: true
2025-12-05T15:10:24.0605156Z ##[endgroup]
2025-12-05T15:10:24.1700244Z Syncing repository: tidesdb/tidesdb
2025-12-05T15:10:24.1702959Z ##[group]Getting Git version info
2025-12-05T15:10:24.1704923Z Working directory is '/home/runner/work/tidesdb/tidesdb'
2025-12-05T15:10:24.1707907Z [command]/usr/bin/git version
2025-12-05T15:10:24.1767473Z git version 2.52.0
2025-12-05T15:10:24.1794285Z ##[endgroup]
2025-12-05T15:10:24.1808707Z Temporarily overriding HOME='/home/runner/work/_temp/3affe388-2b2d-41d7-aeb0-761decb2d438' before making global git config changes
2025-12-05T15:10:24.1812033Z Adding repository directory to the temporary git global config as a safe directory
2025-12-05T15:10:24.1814670Z [command]/usr/bin/git config --global --add safe.directory /home/runner/work/tidesdb/tidesdb
2025-12-05T15:10:24.1852756Z Deleting the contents of '/home/runner/work/tidesdb/tidesdb'
2025-12-05T15:10:24.1856031Z ##[group]Initializing the repository
2025-12-05T15:10:24.1859861Z [command]/usr/bin/git init /home/runner/work/tidesdb/tidesdb
2025-12-05T15:10:24.1966677Z hint: Using 'master' as the name for the initial branch. This default branch name
2025-12-05T15:10:24.1969885Z hint: will change to "main" in Git 3.0. To configure the initial branch name
2025-12-05T15:10:24.1972502Z hint: to use in all of your new repositories, which will suppress this warning,
2025-12-05T15:10:24.1973924Z hint: call:
2025-12-05T15:10:24.1974598Z hint:
2025-12-05T15:10:24.1975690Z hint: 	git config --global init.defaultBranch <name>
2025-12-05T15:10:24.1977281Z hint:
2025-12-05T15:10:24.1978376Z hint: Names commonly chosen instead of 'master' are 'main', 'trunk' and
2025-12-05T15:10:24.1980449Z hint: 'development'. The just-created branch can be renamed via this command:
2025-12-05T15:10:24.1982308Z hint:
2025-12-05T15:10:24.1983019Z hint: 	git branch -m <name>
2025-12-05T15:10:24.1983860Z hint:
2025-12-05T15:10:24.1985000Z hint: Disable this message with "git config set advice.defaultBranchName false"
2025-12-05T15:10:24.1986939Z Initialized empty Git repository in /home/runner/work/tidesdb/tidesdb/.git/
2025-12-05T15:10:24.1989928Z [command]/usr/bin/git remote add origin https://github.com/tidesdb/tidesdb
2025-12-05T15:10:24.2016647Z ##[endgroup]
2025-12-05T15:10:24.2018127Z ##[group]Disabling automatic garbage collection
2025-12-05T15:10:24.2019926Z [command]/usr/bin/git config --local gc.auto 0
2025-12-05T15:10:24.2048794Z ##[endgroup]
2025-12-05T15:10:24.2050025Z ##[group]Setting up auth
2025-12-05T15:10:24.2055645Z [command]/usr/bin/git config --local --name-only --get-regexp core\.sshCommand
2025-12-05T15:10:24.2086392Z [command]/usr/bin/git submodule foreach --recursive sh -c "git config --local --name-only --get-regexp 'core\.sshCommand' && git config --local --unset-all 'core.sshCommand' || :"
2025-12-05T15:10:24.2429926Z [command]/usr/bin/git config --local --name-only --get-regexp http\.https\:\/\/github\.com\/\.extraheader
2025-12-05T15:10:24.2458967Z [command]/usr/bin/git submodule foreach --recursive sh -c "git config --local --name-only --get-regexp 'http\.https\:\/\/github\.com\/\.extraheader' && git config --local --unset-all 'http.https://github.com/.extraheader' || :"
2025-12-05T15:10:24.2675842Z [command]/usr/bin/git config --local --name-only --get-regexp ^includeIf\.gitdir:
2025-12-05T15:10:24.2714438Z [command]/usr/bin/git submodule foreach --recursive git config --local --show-origin --name-only --get-regexp remote.origin.url
2025-12-05T15:10:24.2929797Z [command]/usr/bin/git config --local http.https://github.com/.extraheader AUTHORIZATION: basic ***
2025-12-05T15:10:24.2961972Z ##[endgroup]
2025-12-05T15:10:24.2963281Z ##[group]Fetching the repository
2025-12-05T15:10:24.2971080Z [command]/usr/bin/git -c protocol.version=2 fetch --no-tags --prune --no-recurse-submodules --depth=1 origin +4205fe68e4e37b6b6033925b9462050ca98de64f:refs/remotes/pull/469/merge
2025-12-05T15:10:24.9628825Z From https://github.com/tidesdb/tidesdb
2025-12-05T15:10:24.9633128Z  * [new ref]         4205fe68e4e37b6b6033925b9462050ca98de64f -> pull/469/merge
2025-12-05T15:10:24.9665997Z ##[endgroup]
2025-12-05T15:10:24.9666614Z ##[group]Determining the checkout info
2025-12-05T15:10:24.9668221Z ##[endgroup]
2025-12-05T15:10:24.9673755Z [command]/usr/bin/git sparse-checkout disable
2025-12-05T15:10:24.9719041Z [command]/usr/bin/git config --local --unset-all extensions.worktreeConfig
2025-12-05T15:10:24.9750086Z ##[group]Checking out the ref
2025-12-05T15:10:24.9755347Z [command]/usr/bin/git checkout --progress --force refs/remotes/pull/469/merge
2025-12-05T15:10:24.9898899Z Note: switching to 'refs/remotes/pull/469/merge'.
2025-12-05T15:10:24.9899351Z 
2025-12-05T15:10:24.9899700Z You are in 'detached HEAD' state. You can look around, make experimental
2025-12-05T15:10:24.9900447Z changes and commit them, and you can discard any commits you make in this
2025-12-05T15:10:24.9901367Z state without impacting any branches by switching back to a branch.
2025-12-05T15:10:24.9901799Z 
2025-12-05T15:10:24.9902097Z If you want to create a new branch to retain commits you create, you may
2025-12-05T15:10:24.9902617Z do so (now or later) by using -c with the switch command. Example:
2025-12-05T15:10:24.9902861Z 
2025-12-05T15:10:24.9903005Z   git switch -c <new-branch-name>
2025-12-05T15:10:24.9903301Z 
2025-12-05T15:10:24.9903507Z Or undo this operation with:
2025-12-05T15:10:24.9903800Z 
2025-12-05T15:10:24.9903950Z   git switch -
2025-12-05T15:10:24.9904189Z 
2025-12-05T15:10:24.9904570Z Turn off this advice by setting config variable advice.detachedHead to false
2025-12-05T15:10:24.9905452Z 
2025-12-05T15:10:24.9906075Z HEAD is now at 4205fe6 Merge 83d38cfefddb2cc70778da794b68337e866e4382 into db9aad3cb83797fc5d06ec2d7182ef1afea85d4f
2025-12-05T15:10:24.9908259Z ##[endgroup]
2025-12-05T15:10:24.9942194Z [command]/usr/bin/git log -1 --format=%H
2025-12-05T15:10:24.9963681Z 4205fe68e4e37b6b6033925b9462050ca98de64f
2025-12-05T15:10:25.0159864Z ##[group]Run vmactions/openbsd-vm@v1
2025-12-05T15:10:25.0160132Z with:
2025-12-05T15:10:25.0160295Z   release: 7.4
2025-12-05T15:10:25.0160461Z   usesh: true
2025-12-05T15:10:25.0160617Z   sync: rsync
2025-12-05T15:10:25.0160779Z   copyback: false
2025-12-05T15:10:25.0161571Z   prepare: export PKG_PATH=https://cloudflare.cdn.openbsd.org/pub/OpenBSD/7.4/packages/amd64/
pkg_add cmake gmake lz4 zstd snappy pkgconf

2025-12-05T15:10:25.0163970Z   run: echo "====================================="
echo "System Information"
echo "====================================="
uname -a

echo ""
echo "====================================="
echo "Portability Check"
echo "====================================="
if [ -f /usr/include/sys/sysinfo.h ]; then
  echo "✓ sys/sysinfo.h exists (Linux compatibility)"
else
  echo "✓ Using BSD sysctl() for memory info"
fi

echo ""
echo "====================================="
echo "Configure CMake"
echo "====================================="
export PKG_CONFIG_PATH=/usr/local/lib/pkgconfig:/usr/local/libdata/pkgconfig
cmake -S . -B build \
  -DTIDESDB_BUILD_TESTS=ON \
  -DTIDESDB_WITH_SANITIZER=OFF

echo ""
echo "====================================="
echo "Build"
echo "====================================="
gmake -C build

echo ""
echo "====================================="
echo "Run Tests"
echo "====================================="
cd build
ctest -V --output-on-failure --timeout 1800 --build-config Release

2025-12-05T15:10:25.0165968Z ##[endgroup]
2025-12-05T15:10:25.0602947Z release: 7.4
2025-12-05T15:10:25.0604219Z arch: 
2025-12-05T15:10:25.0604571Z nat: 
2025-12-05T15:10:25.0604903Z mem: 
2025-12-05T15:10:25.0605247Z cpu: 
2025-12-05T15:10:25.0608264Z ##[group]Importing VM
2025-12-05T15:10:25.0610335Z Use cpu: 4
2025-12-05T15:10:25.0611141Z exec shell: bash run.sh importVM  ''  '4'
2025-12-05T15:10:25.0642766Z [command]/usr/bin/bash
2025-12-05T15:10:25.0713686Z VM_RELEASE=7.4
2025-12-05T15:10:25.0716494Z VM_ARCH=
2025-12-05T15:10:25.0716869Z VM conf=7.4
2025-12-05T15:10:25.0717663Z CONF_LINK=https://raw.githubusercontent.com/vmactions/openbsd-builder/v1.1.2/conf/openbsd-7.4.conf
2025-12-05T15:10:25.0741453Z Builder conf: openbsd-7.4.conf
2025-12-05T15:10:25.2951824Z Downloading vbox https://raw.githubusercontent.com/vmactions/vbox/v1.0.8/vbox.sh to: /home/runner/work/_actions/vmactions/openbsd-vm/v1
2025-12-05T15:10:25.2975992Z --2025-12-05 15:10:25--  https://raw.githubusercontent.com/vmactions/vbox/v1.0.8/vbox.sh
2025-12-05T15:10:25.3211012Z Resolving raw.githubusercontent.com (raw.githubusercontent.com)... 185.199.111.133, 185.199.108.133, 185.199.110.133, ...
2025-12-05T15:10:25.3292639Z Connecting to raw.githubusercontent.com (raw.githubusercontent.com)|185.199.111.133|:443... connected.
2025-12-05T15:10:25.4671244Z HTTP request sent, awaiting response... 200 OK
2025-12-05T15:10:25.4671904Z Length: 20604 (20K) [text/plain]
2025-12-05T15:10:25.4672929Z Saving to: ‘./vbox.sh’
2025-12-05T15:10:25.4673222Z 
2025-12-05T15:10:25.4688419Z      0K .......... ..........                                 100% 10.9M=0.002s
2025-12-05T15:10:25.4688890Z 
2025-12-05T15:10:25.4689412Z 2025-12-05 15:10:25 (10.9 MB/s) - ‘./vbox.sh’ saved [20604/20604]
2025-12-05T15:10:25.4689864Z 
2025-12-05T15:10:25.5653287Z Get:1 file:/etc/apt/apt-mirrors.txt Mirrorlist [144 B]
2025-12-05T15:10:25.7203471Z Hit:2 http://azure.archive.ubuntu.com/ubuntu noble InRelease
2025-12-05T15:10:25.7215668Z Get:3 http://azure.archive.ubuntu.com/ubuntu noble-updates InRelease [126 kB]
2025-12-05T15:10:25.7258576Z Get:4 http://azure.archive.ubuntu.com/ubuntu noble-backports InRelease [126 kB]
2025-12-05T15:10:25.7280770Z Get:5 http://azure.archive.ubuntu.com/ubuntu noble-security InRelease [126 kB]
2025-12-05T15:10:25.8318041Z Get:6 http://azure.archive.ubuntu.com/ubuntu noble-updates/main amd64 Packages [1627 kB]
2025-12-05T15:10:25.8491684Z Get:18 https://packages.microsoft.com/repos/azure-cli noble InRelease [3564 B]
2025-12-05T15:10:25.8521706Z Get:7 http://azure.archive.ubuntu.com/ubuntu noble-updates/main Translation-en [305 kB]
2025-12-05T15:10:25.8535383Z Get:8 http://azure.archive.ubuntu.com/ubuntu noble-updates/main amd64 Components [175 kB]
2025-12-05T15:10:25.8565575Z Get:9 http://azure.archive.ubuntu.com/ubuntu noble-updates/main amd64 c-n-f Metadata [15.7 kB]
2025-12-05T15:10:25.8586654Z Get:10 http://azure.archive.ubuntu.com/ubuntu noble-updates/universe amd64 Packages [1501 kB]
2025-12-05T15:10:25.8689641Z Get:11 http://azure.archive.ubuntu.com/ubuntu noble-updates/universe Translation-en [304 kB]
2025-12-05T15:10:25.8724834Z Get:12 http://azure.archive.ubuntu.com/ubuntu noble-updates/universe amd64 Components [378 kB]
2025-12-05T15:10:25.8768285Z Get:13 http://azure.archive.ubuntu.com/ubuntu noble-updates/universe amd64 c-n-f Metadata [31.4 kB]
2025-12-05T15:10:25.8790051Z Get:14 http://azure.archive.ubuntu.com/ubuntu noble-updates/restricted amd64 Packages [2309 kB]
2025-12-05T15:10:25.8971912Z Get:15 http://azure.archive.ubuntu.com/ubuntu noble-updates/restricted Translation-en [526 kB]
2025-12-05T15:10:25.9034365Z Get:25 https://packages.microsoft.com/ubuntu/24.04/prod noble InRelease [3600 B]
2025-12-05T15:10:25.9387313Z Get:16 http://azure.archive.ubuntu.com/ubuntu noble-updates/restricted amd64 Components [212 B]
2025-12-05T15:10:25.9398387Z Get:17 http://azure.archive.ubuntu.com/ubuntu noble-updates/multiverse amd64 Components [940 B]
2025-12-05T15:10:25.9453662Z Get:19 http://azure.archive.ubuntu.com/ubuntu noble-backports/main amd64 Components [7140 B]
2025-12-05T15:10:25.9455127Z Get:20 http://azure.archive.ubuntu.com/ubuntu noble-backports/universe amd64 Packages [29.2 kB]
2025-12-05T15:10:25.9459197Z Get:21 http://azure.archive.ubuntu.com/ubuntu noble-backports/universe Translation-en [17.6 kB]
2025-12-05T15:10:25.9463454Z Get:22 http://azure.archive.ubuntu.com/ubuntu noble-backports/universe amd64 Components [11.0 kB]
2025-12-05T15:10:25.9472099Z Get:23 http://azure.archive.ubuntu.com/ubuntu noble-backports/restricted amd64 Components [216 B]
2025-12-05T15:10:25.9477548Z Get:24 http://azure.archive.ubuntu.com/ubuntu noble-backports/multiverse amd64 Components [212 B]
2025-12-05T15:10:25.9488698Z Get:26 http://azure.archive.ubuntu.com/ubuntu noble-security/main amd64 Packages [1349 kB]
2025-12-05T15:10:25.9604181Z Get:27 http://azure.archive.ubuntu.com/ubuntu noble-security/main Translation-en [221 kB]
2025-12-05T15:10:25.9632809Z Get:28 http://azure.archive.ubuntu.com/ubuntu noble-security/main amd64 Components [21.5 kB]
2025-12-05T15:10:25.9645300Z Get:29 http://azure.archive.ubuntu.com/ubuntu noble-security/main amd64 c-n-f Metadata [9448 B]
2025-12-05T15:10:25.9684143Z Get:30 http://azure.archive.ubuntu.com/ubuntu noble-security/universe amd64 Packages [915 kB]
2025-12-05T15:10:25.9718735Z Get:31 http://azure.archive.ubuntu.com/ubuntu noble-security/universe Translation-en [206 kB]
2025-12-05T15:10:26.0183834Z Get:32 http://azure.archive.ubuntu.com/ubuntu noble-security/universe amd64 Components [71.4 kB]
2025-12-05T15:10:26.0202905Z Get:33 http://azure.archive.ubuntu.com/ubuntu noble-security/universe amd64 c-n-f Metadata [19.4 kB]
2025-12-05T15:10:26.0224793Z Get:34 http://azure.archive.ubuntu.com/ubuntu noble-security/restricted amd64 Packages [2205 kB]
2025-12-05T15:10:26.0354569Z Get:35 http://azure.archive.ubuntu.com/ubuntu noble-security/restricted Translation-en [503 kB]
2025-12-05T15:10:26.0390622Z Get:36 http://azure.archive.ubuntu.com/ubuntu noble-security/restricted amd64 Components [208 B]
2025-12-05T15:10:26.0402248Z Get:37 http://azure.archive.ubuntu.com/ubuntu noble-security/multiverse amd64 Components [208 B]
2025-12-05T15:10:26.0541935Z Get:38 https://packages.microsoft.com/repos/azure-cli noble/main amd64 Packages [1822 B]
2025-12-05T15:10:26.1253167Z Get:39 https://packages.microsoft.com/ubuntu/24.04/prod noble/main arm64 Packages [55.5 kB]
2025-12-05T15:10:26.2547535Z Get:40 https://packages.microsoft.com/ubuntu/24.04/prod noble/main amd64 Packages [73.8 kB]
2025-12-05T15:10:26.3457224Z Get:41 https://packages.microsoft.com/ubuntu/24.04/prod noble/main armhf Packages [11.2 kB]
2025-12-05T15:10:36.1444692Z Fetched 13.3 MB in 2s (8146 kB/s)
2025-12-05T15:10:36.9328341Z Reading package lists...
2025-12-05T15:10:36.9666796Z Reading package lists...
2025-12-05T15:10:37.1508364Z Building dependency tree...
2025-12-05T15:10:37.1515348Z Reading state information...
2025-12-05T15:10:37.3286489Z zstd is already the newest version (1.5.5+dfsg2-2build1.1).
2025-12-05T15:10:37.3287330Z zstd set to manually installed.
2025-12-05T15:10:37.3287942Z screen is already the newest version (4.9.1-1build1).
2025-12-05T15:10:37.3288629Z screen set to manually installed.
2025-12-05T15:10:37.3289191Z sshpass is already the newest version (1.09-1).
2025-12-05T15:10:37.3289893Z The following additional packages will be installed:
2025-12-05T15:10:37.3291412Z   cpu-checker dns-root-data dnsmasq-base gir1.2-atk-1.0
2025-12-05T15:10:37.3292471Z   gir1.2-ayatanaappindicator3-0.1 gir1.2-freedesktop gir1.2-gdkpixbuf-2.0
2025-12-05T15:10:37.3293484Z   gir1.2-gstreamer-1.0 gir1.2-gtk-3.0 gir1.2-gtk-vnc-2.0 gir1.2-gtksource-4
2025-12-05T15:10:37.3294313Z   gir1.2-harfbuzz-0.0 gir1.2-libosinfo-1.0 gir1.2-libvirt-glib-1.0
2025-12-05T15:10:37.3295081Z   gir1.2-pango-1.0 gir1.2-spiceclientglib-2.0 gir1.2-spiceclientgtk-3.0
2025-12-05T15:10:37.3295600Z   gir1.2-vte-2.91 glib-networking glib-networking-common
2025-12-05T15:10:37.3296123Z   glib-networking-services gsettings-desktop-schemas gstreamer1.0-plugins-base
2025-12-05T15:10:37.3296919Z   gstreamer1.0-plugins-good gstreamer1.0-x i965-va-driver
2025-12-05T15:10:37.3297653Z   intel-media-va-driver ipxe-qemu ipxe-qemu-256k-compat-efi-roms libaa1
2025-12-05T15:10:37.3298362Z   libasyncns0 libavc1394-0 libayatana-appindicator3-1 libayatana-ido3-0.4-0
2025-12-05T15:10:37.3298935Z   libayatana-indicator3-7 libboost-iostreams1.83.0 libboost-thread1.83.0
2025-12-05T15:10:37.3299482Z   libbrlapi0.8 libburn4t64 libcaca0 libcacard0 libcdparanoia0 libdaxctl1
2025-12-05T15:10:37.3299988Z   libdecor-0-0 libdecor-0-plugin-1-gtk libdv4t64 libfdt1 libflac12t64
2025-12-05T15:10:37.3300498Z   libgstreamer-plugins-base1.0-0 libgstreamer-plugins-good1.0-0
2025-12-05T15:10:37.3301243Z   libgtk-vnc-2.0-0 libgtksourceview-4-0 libgtksourceview-4-common
2025-12-05T15:10:37.3301792Z   libgvnc-1.0-0 libharfbuzz-gobject0 libiec61883-0 libigdgmm12 libiscsi7
2025-12-05T15:10:37.3302319Z   libisoburn1t64 libisofs6t64 libjack-jackd2-0 libmp3lame0 libmpg123-0t64
2025-12-05T15:10:37.3302817Z   libndctl6 libnfs14 libnss-mymachines libopus0 liborc-0.4-0t64
2025-12-05T15:10:37.3303268Z   libosinfo-1.0-0 libosinfo-l10n libpangoxft-1.0-0 libpcsclite1
2025-12-05T15:10:37.3303704Z   libphodav-3.0-0 libphodav-3.0-common libpipewire-0.3-0t64
2025-12-05T15:10:37.3304159Z   libpipewire-0.3-common libpmem1 libpmemobj1 libproxy1v5 libpulse0 librados2
2025-12-05T15:10:37.3304640Z   libraw1394-11 librbd1 librdmacm1t64 libsamplerate0 libsdl2-2.0-0 libshout3
2025-12-05T15:10:37.3305083Z   libsndfile1 libsoup-3.0-0 libsoup-3.0-common libspa-0.2-modules libspeex1
2025-12-05T15:10:37.3305528Z   libspice-client-glib-2.0-8 libspice-client-gtk-3.0-5 libspice-server1
2025-12-05T15:10:37.3305953Z   libtag1v5 libtag1v5-vanilla libtheora0 libtpms0 libtwolame0 liburing2
2025-12-05T15:10:37.3306393Z   libusbredirhost1t64 libusbredirparser1t64 libv4l-0t64 libv4lconvert0t64
2025-12-05T15:10:37.3306834Z   libva-x11-2 libva2 libvirglrenderer1 libvirt-clients libvirt-daemon
2025-12-05T15:10:37.3307241Z   libvirt-daemon-config-network libvirt-daemon-config-nwfilter
2025-12-05T15:10:37.3307814Z   libvirt-daemon-driver-qemu libvirt-daemon-system-systemd libvirt-glib-1.0-0
2025-12-05T15:10:37.3308620Z   libvirt-glib-1.0-data libvirt-l10n libvirt0 libvisual-0.4-0 libvorbisenc2
2025-12-05T15:10:37.3309410Z   libvpx9 libvte-2.91-0 libvte-2.91-common libwavpack1
2025-12-05T15:10:37.3309806Z   libwebrtc-audio-processing1 libxml2-utils libxv1 mdevctl mesa-va-drivers
2025-12-05T15:10:37.3310264Z   msr-tools osinfo-db ovmf python3-cairo python3-gi-cairo python3-libvirt
2025-12-05T15:10:37.3311140Z   python3-libxml2 qemu-block-extra qemu-efi-aarch64 qemu-efi-arm
2025-12-05T15:10:37.3311530Z   qemu-system-common qemu-system-data qemu-system-gui
2025-12-05T15:10:37.3311921Z   qemu-system-modules-opengl qemu-system-modules-spice qemu-utils seabios
2025-12-05T15:10:37.3312372Z   session-migration spice-client-glib-usb-acl-helper swtpm swtpm-tools
2025-12-05T15:10:37.3312816Z   systemd-container tcl-expect va-driver-all virt-viewer virtinst xorriso
2025-12-05T15:10:37.3313160Z Suggested packages:
2025-12-05T15:10:37.3313573Z   gvfs i965-va-driver-shaders libdv-bin oss-compat libvisual-0.4-plugins
2025-12-05T15:10:37.3313985Z   jackd2 opus-tools pcscd pipewire pulseaudio libraw1394-doc speex
2025-12-05T15:10:37.3314413Z   gstreamer1.0-libav gstreamer1.0-plugins-bad gstreamer1.0-plugins-ugly
2025-12-05T15:10:37.3314771Z   libvirt-clients-qemu libvirt-login-shell
2025-12-05T15:10:37.3315036Z   libvirt-daemon-driver-storage-gluster
2025-12-05T15:10:37.3315429Z   libvirt-daemon-driver-storage-iscsi-direct libvirt-daemon-driver-storage-rbd
2025-12-05T15:10:37.3315989Z   libvirt-daemon-driver-storage-zfs libvirt-daemon-driver-lxc
2025-12-05T15:10:37.3316424Z   libvirt-daemon-driver-vbox libvirt-daemon-driver-xen numad auditd nfs-common
2025-12-05T15:10:37.3316858Z   pm-utils systemtap zfsutils samba vde2 trousers gir1.2-secret-1
2025-12-05T15:10:37.3317285Z   gnome-keyring python3-guestfs ssh-askpass python3-argcomplete xorriso-tcltk
2025-12-05T15:10:37.3317628Z   jigit cdck
2025-12-05T15:10:37.4130703Z The following NEW packages will be installed:
2025-12-05T15:10:37.4131863Z   axel cpu-checker dns-root-data dnsmasq-base expect gir1.2-atk-1.0
2025-12-05T15:10:37.4132889Z   gir1.2-ayatanaappindicator3-0.1 gir1.2-freedesktop gir1.2-gdkpixbuf-2.0
2025-12-05T15:10:37.4134203Z   gir1.2-gstreamer-1.0 gir1.2-gtk-3.0 gir1.2-gtk-vnc-2.0 gir1.2-gtksource-4
2025-12-05T15:10:37.4135225Z   gir1.2-harfbuzz-0.0 gir1.2-libosinfo-1.0 gir1.2-libvirt-glib-1.0
2025-12-05T15:10:37.4135775Z   gir1.2-pango-1.0 gir1.2-spiceclientglib-2.0 gir1.2-spiceclientgtk-3.0
2025-12-05T15:10:37.4136384Z   gir1.2-vte-2.91 glib-networking glib-networking-common
2025-12-05T15:10:37.4137341Z   glib-networking-services gsettings-desktop-schemas gstreamer1.0-plugins-base
2025-12-05T15:10:37.4138255Z   gstreamer1.0-plugins-good gstreamer1.0-x i965-va-driver
2025-12-05T15:10:37.4138816Z   intel-media-va-driver ipxe-qemu ipxe-qemu-256k-compat-efi-roms libaa1
2025-12-05T15:10:37.4139523Z   libasyncns0 libavc1394-0 libayatana-appindicator3-1 libayatana-ido3-0.4-0
2025-12-05T15:10:37.4140470Z   libayatana-indicator3-7 libboost-iostreams1.83.0 libboost-thread1.83.0
2025-12-05T15:10:37.4141667Z   libbrlapi0.8 libburn4t64 libcaca0 libcacard0 libcdparanoia0 libdaxctl1
2025-12-05T15:10:37.4142523Z   libdecor-0-0 libdecor-0-plugin-1-gtk libdv4t64 libfdt1 libflac12t64
2025-12-05T15:10:37.4143082Z   libgstreamer-plugins-base1.0-0 libgstreamer-plugins-good1.0-0
2025-12-05T15:10:37.4143617Z   libgtk-vnc-2.0-0 libgtksourceview-4-0 libgtksourceview-4-common
2025-12-05T15:10:37.4144161Z   libgvnc-1.0-0 libharfbuzz-gobject0 libiec61883-0 libigdgmm12 libiscsi7
2025-12-05T15:10:37.4144740Z   libisoburn1t64 libisofs6t64 libjack-jackd2-0 libmp3lame0 libmpg123-0t64
2025-12-05T15:10:37.4145257Z   libndctl6 libnfs14 libnss-mymachines libopus0 liborc-0.4-0t64
2025-12-05T15:10:37.4145680Z   libosinfo-1.0-0 libosinfo-bin libosinfo-l10n libpangoxft-1.0-0 libpcsclite1
2025-12-05T15:10:37.4146091Z   libphodav-3.0-0 libphodav-3.0-common libpipewire-0.3-0t64
2025-12-05T15:10:37.4146514Z   libpipewire-0.3-common libpmem1 libpmemobj1 libproxy1v5 libpulse0 librados2
2025-12-05T15:10:37.4146991Z   libraw1394-11 librbd1 librdmacm1t64 libsamplerate0 libsdl2-2.0-0 libshout3
2025-12-05T15:10:37.4147763Z   libsndfile1 libsoup-3.0-0 libsoup-3.0-common libspa-0.2-modules libspeex1
2025-12-05T15:10:37.4148235Z   libspice-client-glib-2.0-8 libspice-client-gtk-3.0-5 libspice-server1
2025-12-05T15:10:37.4148674Z   libtag1v5 libtag1v5-vanilla libtheora0 libtpms0 libtwolame0 liburing2
2025-12-05T15:10:37.4149263Z   libusbredirhost1t64 libusbredirparser1t64 libv4l-0t64 libv4lconvert0t64
2025-12-05T15:10:37.4149704Z   libva-x11-2 libva2 libvirglrenderer1 libvirt-clients libvirt-daemon
2025-12-05T15:10:37.4150124Z   libvirt-daemon-config-network libvirt-daemon-config-nwfilter
2025-12-05T15:10:37.4150483Z   libvirt-daemon-driver-qemu libvirt-daemon-system
2025-12-05T15:10:37.4151066Z   libvirt-daemon-system-systemd libvirt-glib-1.0-0 libvirt-glib-1.0-data
2025-12-05T15:10:37.4151602Z   libvirt-l10n libvirt0 libvisual-0.4-0 libvorbisenc2 libvpx9 libvte-2.91-0
2025-12-05T15:10:37.4152059Z   libvte-2.91-common libwavpack1 libwebrtc-audio-processing1 libxml2-utils
2025-12-05T15:10:37.4152503Z   libxv1 mdevctl mesa-va-drivers msr-tools osinfo-db ovmf python3-cairo
2025-12-05T15:10:37.4152934Z   python3-gi-cairo python3-libvirt python3-libxml2 qemu-block-extra
2025-12-05T15:10:37.4215987Z   qemu-efi-aarch64 qemu-efi-arm qemu-system-arm qemu-system-common
2025-12-05T15:10:37.4216689Z   qemu-system-data qemu-system-gui qemu-system-modules-opengl
2025-12-05T15:10:37.4217369Z   qemu-system-modules-spice qemu-system-x86 qemu-utils seabios
2025-12-05T15:10:37.4218225Z   session-migration spice-client-glib-usb-acl-helper swtpm swtpm-tools
2025-12-05T15:10:37.4219080Z   systemd-container tcl-expect va-driver-all virt-manager virt-viewer virtinst
2025-12-05T15:10:37.4219647Z   xorriso
2025-12-05T15:10:37.4367984Z 0 upgraded, 163 newly installed, 0 to remove and 53 not upgraded.
2025-12-05T15:10:37.4368581Z Need to get 77.7 MB of archives.
2025-12-05T15:10:37.4368946Z After this operation, 792 MB of additional disk space will be used.
2025-12-05T15:10:37.4369356Z Get:1 file:/etc/apt/apt-mirrors.txt Mirrorlist [144 B]
2025-12-05T15:10:37.5077950Z Get:2 http://azure.archive.ubuntu.com/ubuntu noble/universe amd64 axel amd64 2.17.13-1build2 [61.1 kB]
2025-12-05T15:10:37.5648055Z Get:3 http://azure.archive.ubuntu.com/ubuntu noble/main amd64 msr-tools amd64 1.3-5build1 [9610 B]
2025-12-05T15:10:37.6194258Z Get:4 http://azure.archive.ubuntu.com/ubuntu noble/main amd64 cpu-checker amd64 0.7-1.3build2 [6148 B]
2025-12-05T15:10:37.6742320Z Get:5 http://azure.archive.ubuntu.com/ubuntu noble-updates/main amd64 dns-root-data all 2024071801~ubuntu0.24.04.1 [5918 B]
2025-12-05T15:10:37.7294931Z Get:6 http://azure.archive.ubuntu.com/ubuntu noble-updates/main amd64 dnsmasq-base amd64 2.90-2ubuntu0.1 [376 kB]
2025-12-05T15:10:37.7873087Z Get:7 http://azure.archive.ubuntu.com/ubuntu noble/universe amd64 tcl-expect amd64 5.45.4-3 [110 kB]
2025-12-05T15:10:37.8433582Z Get:8 http://azure.archive.ubuntu.com/ubuntu noble/universe amd64 expect amd64 5.45.4-3 [137 kB]
2025-12-05T15:10:37.8991154Z Get:9 http://azure.archive.ubuntu.com/ubuntu noble/main amd64 gir1.2-atk-1.0 amd64 2.52.0-1build1 [23.1 kB]
2025-12-05T15:10:37.9545455Z Get:10 http://azure.archive.ubuntu.com/ubuntu noble/main amd64 gir1.2-freedesktop amd64 1.80.1-1 [49.7 kB]
2025-12-05T15:10:38.0094569Z Get:11 http://azure.archive.ubuntu.com/ubuntu noble-updates/main amd64 gir1.2-gdkpixbuf-2.0 amd64 2.42.10+dfsg-3ubuntu3.2 [9488 B]
2025-12-05T15:10:38.0640437Z Get:12 http://azure.archive.ubuntu.com/ubuntu noble/main amd64 libharfbuzz-gobject0 amd64 8.3.0-2build2 [34.3 kB]
2025-12-05T15:10:38.1191040Z Get:13 http://azure.archive.ubuntu.com/ubuntu noble/main amd64 gir1.2-harfbuzz-0.0 amd64 8.3.0-2build2 [44.5 kB]
2025-12-05T15:10:38.1741289Z Get:14 http://azure.archive.ubuntu.com/ubuntu noble/main amd64 libpangoxft-1.0-0 amd64 1.52.1+ds-1build1 [20.3 kB]
2025-12-05T15:10:38.2305412Z Get:15 http://azure.archive.ubuntu.com/ubuntu noble/main amd64 gir1.2-pango-1.0 amd64 1.52.1+ds-1build1 [34.8 kB]
2025-12-05T15:10:38.2866475Z Get:16 http://azure.archive.ubuntu.com/ubuntu noble-updates/main amd64 gir1.2-gtk-3.0 amd64 3.24.41-4ubuntu1.3 [245 kB]
2025-12-05T15:10:38.3462669Z Get:17 http://azure.archive.ubuntu.com/ubuntu noble/main amd64 libayatana-ido3-0.4-0 amd64 0.10.1-1build2 [56.6 kB]
2025-12-05T15:10:38.4015763Z Get:18 http://azure.archive.ubuntu.com/ubuntu noble/main amd64 libayatana-indicator3-7 amd64 0.9.4-1build1 [31.7 kB]
2025-12-05T15:10:38.4568567Z Get:19 http://azure.archive.ubuntu.com/ubuntu noble/main amd64 libayatana-appindicator3-1 amd64 0.5.93-1build3 [24.7 kB]
2025-12-05T15:10:38.5134496Z Get:20 http://azure.archive.ubuntu.com/ubuntu noble/main amd64 gir1.2-ayatanaappindicator3-0.1 amd64 0.5.93-1build3 [5838 B]
2025-12-05T15:10:38.5689500Z Get:21 http://azure.archive.ubuntu.com/ubuntu noble-updates/main amd64 gir1.2-gstreamer-1.0 amd64 1.24.2-1ubuntu0.1 [88.4 kB]
2025-12-05T15:10:38.6250284Z Get:22 http://azure.archive.ubuntu.com/ubuntu noble/main amd64 libasyncns0 amd64 0.8-6build4 [11.3 kB]
2025-12-05T15:10:38.6809582Z Get:23 http://azure.archive.ubuntu.com/ubuntu noble/main amd64 libflac12t64 amd64 1.4.3+ds-2.1ubuntu2 [197 kB]
2025-12-05T15:10:38.7376989Z Get:24 http://azure.archive.ubuntu.com/ubuntu noble/main amd64 libmp3lame0 amd64 3.100-6build1 [142 kB]
2025-12-05T15:10:38.7947440Z Get:25 http://azure.archive.ubuntu.com/ubuntu noble-updates/main amd64 libmpg123-0t64 amd64 1.32.5-1ubuntu1.1 [169 kB]
2025-12-05T15:10:38.8517334Z Get:26 http://azure.archive.ubuntu.com/ubuntu noble/main amd64 libopus0 amd64 1.4-1build1 [208 kB]
2025-12-05T15:10:38.9091322Z Get:27 http://azure.archive.ubuntu.com/ubuntu noble/main amd64 libvorbisenc2 amd64 1.3.7-1build3 [80.8 kB]
2025-12-05T15:10:38.9664677Z Get:28 http://azure.archive.ubuntu.com/ubuntu noble-updates/main amd64 libsndfile1 amd64 1.2.2-1ubuntu5.24.04.1 [209 kB]
2025-12-05T15:10:39.0233543Z Get:29 http://azure.archive.ubuntu.com/ubuntu noble-updates/main amd64 libpulse0 amd64 1:16.1+dfsg1-2ubuntu10.1 [292 kB]
2025-12-05T15:10:39.0806766Z Get:30 http://azure.archive.ubuntu.com/ubuntu noble/universe amd64 libgvnc-1.0-0 amd64 1.3.1-1build2 [67.1 kB]
2025-12-05T15:10:39.1379705Z Get:31 http://azure.archive.ubuntu.com/ubuntu noble/universe amd64 libgtk-vnc-2.0-0 amd64 1.3.1-1build2 [28.9 kB]
2025-12-05T15:10:39.1946823Z Get:32 http://azure.archive.ubuntu.com/ubuntu noble/universe amd64 gir1.2-gtk-vnc-2.0 amd64 1.3.1-1build2 [12.1 kB]
2025-12-05T15:10:39.2501091Z Get:33 http://azure.archive.ubuntu.com/ubuntu noble/universe amd64 libgtksourceview-4-common all 4.8.4-5build4 [590 kB]
2025-12-05T15:10:39.3108889Z Get:34 http://azure.archive.ubuntu.com/ubuntu noble/universe amd64 libgtksourceview-4-0 amd64 4.8.4-5build4 [233 kB]
2025-12-05T15:10:39.3676769Z Get:35 http://azure.archive.ubuntu.com/ubuntu noble/universe amd64 gir1.2-gtksource-4 amd64 4.8.4-5build4 [20.3 kB]
2025-12-05T15:10:39.4238338Z Get:36 http://azure.archive.ubuntu.com/ubuntu noble/universe amd64 spice-client-glib-usb-acl-helper amd64 0.42-2ubuntu2 [12.5 kB]
2025-12-05T15:10:39.4792119Z Get:37 http://azure.archive.ubuntu.com/ubuntu noble/main amd64 libpcsclite1 amd64 2.0.3-1build1 [21.4 kB]
2025-12-05T15:10:39.5359449Z Get:38 http://azure.archive.ubuntu.com/ubuntu noble/main amd64 libcacard0 amd64 1:2.8.0-3build4 [36.5 kB]
2025-12-05T15:10:39.5916240Z Get:39 http://azure.archive.ubuntu.com/ubuntu noble-updates/main amd64 liborc-0.4-0t64 amd64 1:0.4.38-1ubuntu0.1 [207 kB]
2025-12-05T15:10:39.6449579Z Get:40 http://azure.archive.ubuntu.com/ubuntu noble-updates/main amd64 libgstreamer-plugins-base1.0-0 amd64 1.24.2-1ubuntu0.3 [862 kB]
2025-12-05T15:10:39.7085917Z Get:41 http://azure.archive.ubuntu.com/ubuntu noble/universe amd64 libphodav-3.0-common all 3.0-8build3 [14.9 kB]
2025-12-05T15:10:39.7599125Z Get:42 http://azure.archive.ubuntu.com/ubuntu noble/main amd64 libproxy1v5 amd64 0.5.4-4build1 [26.5 kB]
2025-12-05T15:10:39.8111523Z Get:43 http://azure.archive.ubuntu.com/ubuntu noble/main amd64 glib-networking-common all 2.80.0-1build1 [6702 B]
2025-12-05T15:10:39.8621227Z Get:44 http://azure.archive.ubuntu.com/ubuntu noble/main amd64 glib-networking-services amd64 2.80.0-1build1 [12.8 kB]
2025-12-05T15:10:39.9127769Z Get:45 http://azure.archive.ubuntu.com/ubuntu noble/main amd64 session-migration amd64 0.3.9build1 [9034 B]
2025-12-05T15:10:39.9639287Z Get:46 http://azure.archive.ubuntu.com/ubuntu noble-updates/main amd64 gsettings-desktop-schemas all 46.1-0ubuntu1 [35.6 kB]
2025-12-05T15:10:40.0148784Z Get:47 http://azure.archive.ubuntu.com/ubuntu noble/main amd64 glib-networking amd64 2.80.0-1build1 [64.1 kB]
2025-12-05T15:10:40.0663194Z Get:48 http://azure.archive.ubuntu.com/ubuntu noble-updates/main amd64 libsoup-3.0-common all 3.4.4-5ubuntu0.5 [11.3 kB]
2025-12-05T15:10:40.1170373Z Get:49 http://azure.archive.ubuntu.com/ubuntu noble-updates/main amd64 libsoup-3.0-0 amd64 3.4.4-5ubuntu0.5 [291 kB]
2025-12-05T15:10:40.1714689Z Get:50 http://azure.archive.ubuntu.com/ubuntu noble/universe amd64 libphodav-3.0-0 amd64 3.0-8build3 [29.9 kB]
2025-12-05T15:10:40.2231410Z Get:51 http://azure.archive.ubuntu.com/ubuntu noble/main amd64 libusbredirparser1t64 amd64 0.13.0-2.1build1 [16.5 kB]
2025-12-05T15:10:40.3329838Z Get:52 http://azure.archive.ubuntu.com/ubuntu noble/main amd64 libusbredirhost1t64 amd64 0.13.0-2.1build1 [20.0 kB]
2025-12-05T15:10:40.3981966Z Get:53 http://azure.archive.ubuntu.com/ubuntu noble/universe amd64 libspice-client-glib-2.0-8 amd64 0.42-2ubuntu2 [314 kB]
2025-12-05T15:10:40.6226568Z Get:54 http://azure.archive.ubuntu.com/ubuntu noble/universe amd64 gir1.2-spiceclientglib-2.0 amd64 0.42-2ubuntu2 [14.4 kB]
2025-12-05T15:10:40.6738546Z Get:55 http://azure.archive.ubuntu.com/ubuntu noble/universe amd64 libva2 amd64 2.20.0-2build1 [66.2 kB]
2025-12-05T15:10:40.7259892Z Get:56 http://azure.archive.ubuntu.com/ubuntu noble/universe amd64 libva-x11-2 amd64 2.20.0-2build1 [12.0 kB]
2025-12-05T15:10:40.7766748Z Get:57 http://azure.archive.ubuntu.com/ubuntu noble/universe amd64 libspice-client-gtk-3.0-5 amd64 0.42-2ubuntu2 [56.6 kB]
2025-12-05T15:10:40.8278165Z Get:58 http://azure.archive.ubuntu.com/ubuntu noble/universe amd64 gir1.2-spiceclientgtk-3.0 amd64 0.42-2ubuntu2 [5610 B]
2025-12-05T15:10:40.8780431Z Get:59 http://azure.archive.ubuntu.com/ubuntu noble-updates/main amd64 libvte-2.91-common amd64 0.76.0-1ubuntu0.1 [13.5 kB]
2025-12-05T15:10:40.9289904Z Get:60 http://azure.archive.ubuntu.com/ubuntu noble-updates/main amd64 libvte-2.91-0 amd64 0.76.0-1ubuntu0.1 [230 kB]
2025-12-05T15:10:40.9812857Z Get:61 http://azure.archive.ubuntu.com/ubuntu noble-updates/main amd64 gir1.2-vte-2.91 amd64 0.76.0-1ubuntu0.1 [11.5 kB]
2025-12-05T15:10:41.0318733Z Get:62 http://azure.archive.ubuntu.com/ubuntu noble/main amd64 libcdparanoia0 amd64 3.10.2+debian-14build3 [48.5 kB]
2025-12-05T15:10:41.0831716Z Get:63 http://azure.archive.ubuntu.com/ubuntu noble/main amd64 libtheora0 amd64 1.1.1+dfsg.1-16.1build3 [211 kB]
2025-12-05T15:10:41.1377721Z Get:64 http://azure.archive.ubuntu.com/ubuntu noble/main amd64 libvisual-0.4-0 amd64 0.4.2-2build1 [115 kB]
2025-12-05T15:10:41.1899802Z Get:65 http://azure.archive.ubuntu.com/ubuntu noble-updates/main amd64 gstreamer1.0-plugins-base amd64 1.24.2-1ubuntu0.3 [721 kB]
2025-12-05T15:10:41.2533210Z Get:66 http://azure.archive.ubuntu.com/ubuntu noble/main amd64 libaa1 amd64 1.4p5-51.1 [49.9 kB]
2025-12-05T15:10:41.3090558Z Get:67 http://azure.archive.ubuntu.com/ubuntu noble/main amd64 libraw1394-11 amd64 2.1.2-2build3 [26.2 kB]
2025-12-05T15:10:41.3645191Z Get:68 http://azure.archive.ubuntu.com/ubuntu noble/main amd64 libavc1394-0 amd64 0.5.4-5build3 [15.4 kB]
2025-12-05T15:10:41.4202759Z Get:69 http://azure.archive.ubuntu.com/ubuntu noble/main amd64 libcaca0 amd64 0.99.beta20-4build2 [208 kB]
2025-12-05T15:10:41.4778060Z Get:70 http://azure.archive.ubuntu.com/ubuntu noble/main amd64 libdv4t64 amd64 1.0.0-17.1build1 [63.2 kB]
2025-12-05T15:10:41.5336916Z Get:71 http://azure.archive.ubuntu.com/ubuntu noble-updates/main amd64 libgstreamer-plugins-good1.0-0 amd64 1.24.2-1ubuntu1.2 [33.0 kB]
2025-12-05T15:10:41.5897236Z Get:72 http://azure.archive.ubuntu.com/ubuntu noble/main amd64 libiec61883-0 amd64 1.2.0-6build1 [24.5 kB]
2025-12-05T15:10:41.6456888Z Get:73 http://azure.archive.ubuntu.com/ubuntu noble-updates/main amd64 libspeex1 amd64 1.2.1-2ubuntu2.24.04.1 [59.6 kB]
2025-12-05T15:10:41.7021248Z Get:74 http://azure.archive.ubuntu.com/ubuntu noble/main amd64 libshout3 amd64 2.4.6-1build2 [50.3 kB]
2025-12-05T15:10:41.7599000Z Get:75 http://azure.archive.ubuntu.com/ubuntu noble/main amd64 libtag1v5-vanilla amd64 1.13.1-1build1 [326 kB]
2025-12-05T15:10:41.8182519Z Get:76 http://azure.archive.ubuntu.com/ubuntu noble/main amd64 libtag1v5 amd64 1.13.1-1build1 [11.7 kB]
2025-12-05T15:10:41.8744044Z Get:77 http://azure.archive.ubuntu.com/ubuntu noble/main amd64 libtwolame0 amd64 0.4.0-2build3 [52.3 kB]
2025-12-05T15:10:41.9302057Z Get:78 http://azure.archive.ubuntu.com/ubuntu noble/main amd64 libv4lconvert0t64 amd64 1.26.1-4build3 [87.6 kB]
2025-12-05T15:10:41.9862576Z Get:79 http://azure.archive.ubuntu.com/ubuntu noble/main amd64 libv4l-0t64 amd64 1.26.1-4build3 [46.9 kB]
2025-12-05T15:10:42.0422973Z Get:80 http://azure.archive.ubuntu.com/ubuntu noble-updates/main amd64 libvpx9 amd64 1.14.0-1ubuntu2.2 [1143 kB]
2025-12-05T15:10:42.1079184Z Get:81 http://azure.archive.ubuntu.com/ubuntu noble/main amd64 libwavpack1 amd64 5.6.0-1build1 [84.6 kB]
2025-12-05T15:10:42.1645929Z Get:82 http://azure.archive.ubuntu.com/ubuntu noble-updates/main amd64 gstreamer1.0-plugins-good amd64 1.24.2-1ubuntu1.2 [2238 kB]
2025-12-05T15:10:42.2348594Z Get:83 http://azure.archive.ubuntu.com/ubuntu noble/main amd64 libxv1 amd64 2:1.0.11-1.1build1 [10.7 kB]
2025-12-05T15:10:42.2922104Z Get:84 http://azure.archive.ubuntu.com/ubuntu noble-updates/main amd64 gstreamer1.0-x amd64 1.24.2-1ubuntu0.3 [85.1 kB]
2025-12-05T15:10:42.3490762Z Get:85 http://azure.archive.ubuntu.com/ubuntu noble/universe amd64 libigdgmm12 amd64 22.3.17+ds1-1 [145 kB]
2025-12-05T15:10:42.4056866Z Get:86 http://azure.archive.ubuntu.com/ubuntu noble-updates/universe amd64 intel-media-va-driver amd64 24.1.0+dfsg1-1ubuntu0.1 [3163 kB]
2025-12-05T15:10:42.5152033Z Get:87 http://azure.archive.ubuntu.com/ubuntu noble/main amd64 ipxe-qemu all 1.21.1+git-20220113.fbbdc3926-0ubuntu2 [1565 kB]
2025-12-05T15:10:42.5901205Z Get:88 http://azure.archive.ubuntu.com/ubuntu noble/main amd64 ipxe-qemu-256k-compat-efi-roms all 1.0.0+git-20150424.a25a16d-0ubuntu5 [548 kB]
2025-12-05T15:10:42.6491873Z Get:89 http://azure.archive.ubuntu.com/ubuntu noble-updates/main amd64 libboost-iostreams1.83.0 amd64 1.83.0-2.1ubuntu3.1 [259 kB]
2025-12-05T15:10:42.7064385Z Get:90 http://azure.archive.ubuntu.com/ubuntu noble-updates/main amd64 libboost-thread1.83.0 amd64 1.83.0-2.1ubuntu3.1 [276 kB]
2025-12-05T15:10:42.7642452Z Get:91 http://azure.archive.ubuntu.com/ubuntu noble/main amd64 libbrlapi0.8 amd64 6.6-4ubuntu5 [31.4 kB]
2025-12-05T15:10:42.8201447Z Get:92 http://azure.archive.ubuntu.com/ubuntu noble/main amd64 libburn4t64 amd64 1.5.6-1.1build1 [158 kB]
2025-12-05T15:10:42.8778852Z Get:93 http://azure.archive.ubuntu.com/ubuntu noble/main amd64 libdaxctl1 amd64 77-2ubuntu2 [21.4 kB]
2025-12-05T15:10:42.9332918Z Get:94 http://azure.archive.ubuntu.com/ubuntu noble/main amd64 libdecor-0-0 amd64 0.2.2-1build2 [16.5 kB]
2025-12-05T15:10:42.9888133Z Get:95 http://azure.archive.ubuntu.com/ubuntu noble/main amd64 libdecor-0-plugin-1-gtk amd64 0.2.2-1build2 [22.2 kB]
2025-12-05T15:10:43.0451657Z Get:96 http://azure.archive.ubuntu.com/ubuntu noble-updates/main amd64 librdmacm1t64 amd64 50.0-2ubuntu0.2 [70.7 kB]
2025-12-05T15:10:43.1020616Z Get:97 http://azure.archive.ubuntu.com/ubuntu noble/main amd64 libiscsi7 amd64 1.19.0-3build4 [68.7 kB]
2025-12-05T15:10:43.1581816Z Get:98 http://azure.archive.ubuntu.com/ubuntu noble/main amd64 libisofs6t64 amd64 1.5.6.pl01-1.1ubuntu2 [220 kB]
2025-12-05T15:10:43.2160584Z Get:99 http://azure.archive.ubuntu.com/ubuntu noble/main amd64 libisoburn1t64 amd64 1:1.5.6-1.1ubuntu3 [405 kB]
2025-12-05T15:10:43.2763581Z Get:100 http://azure.archive.ubuntu.com/ubuntu noble/main amd64 libsamplerate0 amd64 0.2.2-4build1 [1344 kB]
2025-12-05T15:10:43.3499008Z Get:101 http://azure.archive.ubuntu.com/ubuntu noble/main amd64 libjack-jackd2-0 amd64 1.9.21~dfsg-3ubuntu3 [289 kB]
2025-12-05T15:10:43.4085461Z Get:102 http://azure.archive.ubuntu.com/ubuntu noble/main amd64 libndctl6 amd64 77-2ubuntu2 [62.8 kB]
2025-12-05T15:10:43.4622637Z Get:103 http://azure.archive.ubuntu.com/ubuntu noble/main amd64 libnfs14 amd64 5.0.2-1build1 [109 kB]
2025-12-05T15:10:43.5169391Z Get:104 http://azure.archive.ubuntu.com/ubuntu noble/main amd64 libwebrtc-audio-processing1 amd64 0.3.1-0ubuntu6 [290 kB]
2025-12-05T15:10:43.5711955Z Get:105 http://azure.archive.ubuntu.com/ubuntu noble-updates/main amd64 libspa-0.2-modules amd64 1.0.5-1ubuntu3.1 [626 kB]
2025-12-05T15:10:43.6298542Z Get:106 http://azure.archive.ubuntu.com/ubuntu noble-updates/main amd64 libpipewire-0.3-0t64 amd64 1.0.5-1ubuntu3.1 [252 kB]
2025-12-05T15:10:43.6837040Z Get:107 http://azure.archive.ubuntu.com/ubuntu noble-updates/main amd64 libpipewire-0.3-common all 1.0.5-1ubuntu3.1 [18.9 kB]
2025-12-05T15:10:43.7350704Z Get:108 http://azure.archive.ubuntu.com/ubuntu noble/main amd64 libpmem1 amd64 1.13.1-1.1ubuntu2 [84.8 kB]
2025-12-05T15:10:43.7875207Z Get:109 http://azure.archive.ubuntu.com/ubuntu noble/main amd64 libpmemobj1 amd64 1.13.1-1.1ubuntu2 [116 kB]
2025-12-05T15:10:43.8395981Z Get:110 http://azure.archive.ubuntu.com/ubuntu noble-updates/main amd64 librados2 amd64 19.2.1-0ubuntu0.24.04.2 [4042 kB]
2025-12-05T15:10:43.9537476Z Get:111 http://azure.archive.ubuntu.com/ubuntu noble-updates/main amd64 librbd1 amd64 19.2.1-0ubuntu0.24.04.2 [3511 kB]
2025-12-05T15:10:44.0630259Z Get:112 http://azure.archive.ubuntu.com/ubuntu noble-updates/main amd64 libsdl2-2.0-0 amd64 2.30.0+dfsg-1ubuntu3.1 [686 kB]
2025-12-05T15:10:44.1197678Z Get:113 http://azure.archive.ubuntu.com/ubuntu noble/main amd64 libspice-server1 amd64 0.15.1-1build2 [349 kB]
2025-12-05T15:10:44.1702634Z Get:114 http://azure.archive.ubuntu.com/ubuntu noble-updates/main amd64 libtpms0 amd64 0.9.3-0ubuntu4.24.04.1 [373 kB]
2025-12-05T15:10:44.3303070Z Get:115 http://azure.archive.ubuntu.com/ubuntu noble/main amd64 liburing2 amd64 2.5-1build1 [21.1 kB]
2025-12-05T15:10:44.3782623Z Get:116 http://azure.archive.ubuntu.com/ubuntu noble/main amd64 libvirglrenderer1 amd64 1.0.0-1ubuntu2 [226 kB]
2025-12-05T15:10:44.4404215Z Get:117 http://azure.archive.ubuntu.com/ubuntu noble-updates/main amd64 libvirt0 amd64 10.0.0-2ubuntu8.9 [1829 kB]
2025-12-05T15:10:44.5890621Z Get:118 http://azure.archive.ubuntu.com/ubuntu noble-updates/main amd64 libvirt-clients amd64 10.0.0-2ubuntu8.9 [438 kB]
2025-12-05T15:10:44.6410165Z Get:119 http://azure.archive.ubuntu.com/ubuntu noble-updates/main amd64 libvirt-daemon-driver-qemu amd64 10.0.0-2ubuntu8.9 [740 kB]
2025-12-05T15:10:44.6998061Z Get:120 http://azure.archive.ubuntu.com/ubuntu noble-updates/main amd64 libvirt-daemon amd64 10.0.0-2ubuntu8.9 [431 kB]
2025-12-05T15:10:44.7533032Z Get:121 http://azure.archive.ubuntu.com/ubuntu noble-updates/main amd64 libvirt-daemon-config-network all 10.0.0-2ubuntu8.9 [3120 B]
2025-12-05T15:10:44.8001975Z Get:122 http://azure.archive.ubuntu.com/ubuntu noble-updates/main amd64 libvirt-daemon-config-nwfilter all 10.0.0-2ubuntu8.9 [6038 B]
2025-12-05T15:10:44.8467589Z Get:123 http://azure.archive.ubuntu.com/ubuntu noble-updates/main amd64 systemd-container amd64 255.4-1ubuntu8.11 [417 kB]
2025-12-05T15:10:44.8989327Z Get:124 http://azure.archive.ubuntu.com/ubuntu noble-updates/main amd64 libvirt-daemon-system-systemd all 10.0.0-2ubuntu8.9 [1372 B]
2025-12-05T15:10:44.9459843Z Get:125 http://azure.archive.ubuntu.com/ubuntu noble-updates/main amd64 libvirt-daemon-system amd64 10.0.0-2ubuntu8.9 [49.5 kB]
2025-12-05T15:10:44.9933740Z Get:126 http://azure.archive.ubuntu.com/ubuntu noble/universe amd64 libvirt-glib-1.0-data all 5.0.0-2build3 [17.3 kB]
2025-12-05T15:10:45.0409487Z Get:127 http://azure.archive.ubuntu.com/ubuntu noble-updates/main amd64 libvirt-l10n all 10.0.0-2ubuntu8.9 [1148 B]
2025-12-05T15:10:45.0883891Z Get:128 http://azure.archive.ubuntu.com/ubuntu noble-updates/main amd64 libxml2-utils amd64 2.9.14+dfsg-1.3ubuntu3.6 [39.4 kB]
2025-12-05T15:10:45.1360057Z Get:129 http://azure.archive.ubuntu.com/ubuntu noble-updates/main amd64 mdevctl amd64 1.3.0-1ubuntu2.1 [959 kB]
2025-12-05T15:10:45.1992234Z Get:130 http://azure.archive.ubuntu.com/ubuntu noble-updates/universe amd64 mesa-va-drivers amd64 25.0.7-0ubuntu0.24.04.2 [5934 B]
2025-12-05T15:10:45.2462905Z Get:131 http://azure.archive.ubuntu.com/ubuntu noble-updates/universe amd64 osinfo-db all 0.20250606-0ubuntu0.24.04.1 [178 kB]
2025-12-05T15:10:45.2942895Z Get:132 http://azure.archive.ubuntu.com/ubuntu noble/main amd64 python3-cairo amd64 1.25.1-2build2 [119 kB]
2025-12-05T15:10:45.3420316Z Get:133 http://azure.archive.ubuntu.com/ubuntu noble/main amd64 python3-gi-cairo amd64 3.48.2-1 [8132 B]
2025-12-05T15:10:45.3891042Z Get:134 http://azure.archive.ubuntu.com/ubuntu noble/main amd64 python3-libvirt amd64 10.0.0-1build1 [164 kB]
2025-12-05T15:10:45.4376116Z Get:135 http://azure.archive.ubuntu.com/ubuntu noble-updates/universe amd64 python3-libxml2 amd64 2.9.14+dfsg-1.3ubuntu3.6 [140 kB]
2025-12-05T15:10:45.4854632Z Get:136 http://azure.archive.ubuntu.com/ubuntu noble/main amd64 libfdt1 amd64 1.7.0-2build1 [20.1 kB]
2025-12-05T15:10:45.5330680Z Get:137 http://azure.archive.ubuntu.com/ubuntu noble-updates/main amd64 qemu-system-common amd64 1:8.2.2+ds-0ubuntu1.10 [1254 kB]
2025-12-05T15:10:45.6051153Z Get:138 http://azure.archive.ubuntu.com/ubuntu noble-updates/main amd64 qemu-system-data all 1:8.2.2+ds-0ubuntu1.10 [1794 kB]
2025-12-05T15:10:45.6796194Z Get:139 http://azure.archive.ubuntu.com/ubuntu noble/main amd64 seabios all 1.16.3-2 [175 kB]
2025-12-05T15:10:45.7280001Z Get:140 http://azure.archive.ubuntu.com/ubuntu noble-updates/main amd64 qemu-system-x86 amd64 1:8.2.2+ds-0ubuntu1.10 [11.2 MB]
2025-12-05T15:10:45.9348342Z Get:141 http://azure.archive.ubuntu.com/ubuntu noble-updates/main amd64 qemu-system-arm amd64 1:8.2.2+ds-0ubuntu1.10 [10.9 MB]
2025-12-05T15:10:46.1419815Z Get:142 http://azure.archive.ubuntu.com/ubuntu noble-updates/main amd64 qemu-utils amd64 1:8.2.2+ds-0ubuntu1.10 [2219 kB]
2025-12-05T15:10:46.2199394Z Get:143 http://azure.archive.ubuntu.com/ubuntu noble-updates/main amd64 qemu-block-extra amd64 1:8.2.2+ds-0ubuntu1.10 [112 kB]
2025-12-05T15:10:46.2718162Z Get:144 http://azure.archive.ubuntu.com/ubuntu noble-updates/main amd64 qemu-system-modules-opengl amd64 1:8.2.2+ds-0ubuntu1.10 [185 kB]
2025-12-05T15:10:46.3374355Z Get:145 http://azure.archive.ubuntu.com/ubuntu noble-updates/main amd64 qemu-system-gui amd64 1:8.2.2+ds-0ubuntu1.10 [312 kB]
2025-12-05T15:10:46.4129993Z Get:146 http://azure.archive.ubuntu.com/ubuntu noble-updates/main amd64 qemu-system-modules-spice amd64 1:8.2.2+ds-0ubuntu1.10 [70.2 kB]
2025-12-05T15:10:46.4680365Z Get:147 http://azure.archive.ubuntu.com/ubuntu noble-updates/main amd64 swtpm amd64 0.7.3-0ubuntu5.24.04.1 [53.1 kB]
2025-12-05T15:10:46.5212028Z Get:148 http://azure.archive.ubuntu.com/ubuntu noble-updates/main amd64 swtpm-tools amd64 0.7.3-0ubuntu5.24.04.1 [92.9 kB]
2025-12-05T15:10:46.5777331Z Get:149 http://azure.archive.ubuntu.com/ubuntu noble/universe amd64 i965-va-driver amd64 2.4.1+dfsg1-1build2 [332 kB]
2025-12-05T15:10:46.6534571Z Get:150 http://azure.archive.ubuntu.com/ubuntu noble/universe amd64 va-driver-all amd64 2.20.0-2build1 [4844 B]
2025-12-05T15:10:46.7050276Z Get:151 http://azure.archive.ubuntu.com/ubuntu noble/universe amd64 libosinfo-l10n all 1.11.0-2build3 [50.6 kB]
2025-12-05T15:10:46.7589647Z Get:152 http://azure.archive.ubuntu.com/ubuntu noble/universe amd64 libosinfo-1.0-0 amd64 1.11.0-2build3 [91.5 kB]
2025-12-05T15:10:46.8151313Z Get:153 http://azure.archive.ubuntu.com/ubuntu noble/universe amd64 gir1.2-libosinfo-1.0 amd64 1.11.0-2build3 [18.6 kB]
2025-12-05T15:10:46.8667932Z Get:154 http://azure.archive.ubuntu.com/ubuntu noble/universe amd64 libvirt-glib-1.0-0 amd64 5.0.0-2build3 [121 kB]
2025-12-05T15:10:46.9258652Z Get:155 http://azure.archive.ubuntu.com/ubuntu noble/universe amd64 gir1.2-libvirt-glib-1.0 amd64 5.0.0-2build3 [32.6 kB]
2025-12-05T15:10:46.9776149Z Get:156 http://azure.archive.ubuntu.com/ubuntu noble/main amd64 xorriso amd64 1:1.5.6-1.1ubuntu3 [297 kB]
2025-12-05T15:10:47.0510319Z Get:157 http://azure.archive.ubuntu.com/ubuntu noble-updates/universe amd64 virtinst all 1:4.1.0-3ubuntu0.1 [891 kB]
2025-12-05T15:10:47.1693492Z Get:158 http://azure.archive.ubuntu.com/ubuntu noble-updates/universe amd64 virt-manager all 1:4.1.0-3ubuntu0.1 [263 kB]
2025-12-05T15:10:47.2290543Z Get:159 http://azure.archive.ubuntu.com/ubuntu noble/universe amd64 virt-viewer amd64 11.0-3build2 [285 kB]
2025-12-05T15:10:47.2869295Z Get:160 http://azure.archive.ubuntu.com/ubuntu noble-updates/main amd64 libnss-mymachines amd64 255.4-1ubuntu8.11 [153 kB]
2025-12-05T15:10:47.3408217Z Get:161 http://azure.archive.ubuntu.com/ubuntu noble/universe amd64 libosinfo-bin amd64 1.11.0-2build3 [21.8 kB]
2025-12-05T15:10:47.3925087Z Get:162 http://azure.archive.ubuntu.com/ubuntu noble-updates/main amd64 ovmf all 2024.02-2ubuntu0.7 [5176 kB]
2025-12-05T15:10:47.5570493Z Get:163 http://azure.archive.ubuntu.com/ubuntu noble-updates/main amd64 qemu-efi-aarch64 all 2024.02-2ubuntu0.7 [4096 kB]
2025-12-05T15:10:47.6680735Z Get:164 http://azure.archive.ubuntu.com/ubuntu noble-updates/main amd64 qemu-efi-arm all 2024.02-2ubuntu0.7 [776 kB]
2025-12-05T15:10:48.0565959Z Preconfiguring packages ...
2025-12-05T15:10:48.1279213Z Fetched 77.7 MB in 10s (7584 kB/s)
2025-12-05T15:10:48.1513010Z Selecting previously unselected package axel.
2025-12-05T15:10:48.1795228Z (Reading database ... 
2025-12-05T15:10:48.1795665Z (Reading database ... 5%
2025-12-05T15:10:48.1795895Z (Reading database ... 10%
2025-12-05T15:10:48.1796112Z (Reading database ... 15%
2025-12-05T15:10:48.1796318Z (Reading database ... 20%
2025-12-05T15:10:48.1796528Z (Reading database ... 25%
2025-12-05T15:10:48.1796727Z (Reading database ... 30%
2025-12-05T15:10:48.1797055Z (Reading database ... 35%
2025-12-05T15:10:48.1797378Z (Reading database ... 40%
2025-12-05T15:10:48.1797690Z (Reading database ... 45%
2025-12-05T15:10:48.1798017Z (Reading database ... 50%
2025-12-05T15:10:48.1895021Z (Reading database ... 55%
2025-12-05T15:10:48.3248482Z (Reading database ... 60%
2025-12-05T15:10:48.4421160Z (Reading database ... 65%
2025-12-05T15:10:48.5099864Z (Reading database ... 70%
2025-12-05T15:10:48.5912905Z (Reading database ... 75%
2025-12-05T15:10:48.8093698Z (Reading database ... 80%
2025-12-05T15:10:48.9752332Z (Reading database ... 85%
2025-12-05T15:10:49.1608139Z (Reading database ... 90%
2025-12-05T15:10:49.3703891Z (Reading database ... 95%
2025-12-05T15:10:49.3704408Z (Reading database ... 100%
2025-12-05T15:10:49.3704992Z (Reading database ... 217049 files and directories currently installed.)
2025-12-05T15:10:49.3750404Z Preparing to unpack .../000-axel_2.17.13-1build2_amd64.deb ...
2025-12-05T15:10:49.3779223Z Unpacking axel (2.17.13-1build2) ...
2025-12-05T15:10:49.4341662Z Selecting previously unselected package msr-tools.
2025-12-05T15:10:49.4477035Z Preparing to unpack .../001-msr-tools_1.3-5build1_amd64.deb ...
2025-12-05T15:10:49.4492961Z Unpacking msr-tools (1.3-5build1) ...
2025-12-05T15:10:49.4744730Z Selecting previously unselected package cpu-checker.
2025-12-05T15:10:49.4881317Z Preparing to unpack .../002-cpu-checker_0.7-1.3build2_amd64.deb ...
2025-12-05T15:10:49.4892897Z Unpacking cpu-checker (0.7-1.3build2) ...
2025-12-05T15:10:49.5143522Z Selecting previously unselected package dns-root-data.
2025-12-05T15:10:49.5279979Z Preparing to unpack .../003-dns-root-data_2024071801~ubuntu0.24.04.1_all.deb ...
2025-12-05T15:10:49.5290596Z Unpacking dns-root-data (2024071801~ubuntu0.24.04.1) ...
2025-12-05T15:10:49.5534947Z Selecting previously unselected package dnsmasq-base.
2025-12-05T15:10:49.5671960Z Preparing to unpack .../004-dnsmasq-base_2.90-2ubuntu0.1_amd64.deb ...
2025-12-05T15:10:49.5784642Z Unpacking dnsmasq-base (2.90-2ubuntu0.1) ...
2025-12-05T15:10:49.6170397Z Selecting previously unselected package tcl-expect:amd64.
2025-12-05T15:10:49.6305501Z Preparing to unpack .../005-tcl-expect_5.45.4-3_amd64.deb ...
2025-12-05T15:10:49.6328066Z Unpacking tcl-expect:amd64 (5.45.4-3) ...
2025-12-05T15:10:49.6641380Z Selecting previously unselected package expect.
2025-12-05T15:10:49.6778152Z Preparing to unpack .../006-expect_5.45.4-3_amd64.deb ...
2025-12-05T15:10:49.6793357Z Unpacking expect (5.45.4-3) ...
2025-12-05T15:10:49.7368953Z Selecting previously unselected package gir1.2-atk-1.0:amd64.
2025-12-05T15:10:49.7505876Z Preparing to unpack .../007-gir1.2-atk-1.0_2.52.0-1build1_amd64.deb ...
2025-12-05T15:10:49.7517780Z Unpacking gir1.2-atk-1.0:amd64 (2.52.0-1build1) ...
2025-12-05T15:10:49.7746552Z Selecting previously unselected package gir1.2-freedesktop:amd64.
2025-12-05T15:10:49.7881585Z Preparing to unpack .../008-gir1.2-freedesktop_1.80.1-1_amd64.deb ...
2025-12-05T15:10:49.7891641Z Unpacking gir1.2-freedesktop:amd64 (1.80.1-1) ...
2025-12-05T15:10:49.8131793Z Selecting previously unselected package gir1.2-gdkpixbuf-2.0:amd64.
2025-12-05T15:10:49.8265815Z Preparing to unpack .../009-gir1.2-gdkpixbuf-2.0_2.42.10+dfsg-3ubuntu3.2_amd64.deb ...
2025-12-05T15:10:49.8276084Z Unpacking gir1.2-gdkpixbuf-2.0:amd64 (2.42.10+dfsg-3ubuntu3.2) ...
2025-12-05T15:10:49.8519111Z Selecting previously unselected package libharfbuzz-gobject0:amd64.
2025-12-05T15:10:49.8654017Z Preparing to unpack .../010-libharfbuzz-gobject0_8.3.0-2build2_amd64.deb ...
2025-12-05T15:10:49.8669320Z Unpacking libharfbuzz-gobject0:amd64 (8.3.0-2build2) ...
2025-12-05T15:10:49.8928597Z Selecting previously unselected package gir1.2-harfbuzz-0.0:amd64.
2025-12-05T15:10:49.9063431Z Preparing to unpack .../011-gir1.2-harfbuzz-0.0_8.3.0-2build2_amd64.deb ...
2025-12-05T15:10:49.9076024Z Unpacking gir1.2-harfbuzz-0.0:amd64 (8.3.0-2build2) ...
2025-12-05T15:10:49.9318693Z Selecting previously unselected package libpangoxft-1.0-0:amd64.
2025-12-05T15:10:49.9453939Z Preparing to unpack .../012-libpangoxft-1.0-0_1.52.1+ds-1build1_amd64.deb ...
2025-12-05T15:10:49.9464987Z Unpacking libpangoxft-1.0-0:amd64 (1.52.1+ds-1build1) ...
2025-12-05T15:10:49.9690319Z Selecting previously unselected package gir1.2-pango-1.0:amd64.
2025-12-05T15:10:49.9824393Z Preparing to unpack .../013-gir1.2-pango-1.0_1.52.1+ds-1build1_amd64.deb ...
2025-12-05T15:10:49.9836097Z Unpacking gir1.2-pango-1.0:amd64 (1.52.1+ds-1build1) ...
2025-12-05T15:10:50.0065371Z Selecting previously unselected package gir1.2-gtk-3.0:amd64.
2025-12-05T15:10:50.0199635Z Preparing to unpack .../014-gir1.2-gtk-3.0_3.24.41-4ubuntu1.3_amd64.deb ...
2025-12-05T15:10:50.0209980Z Unpacking gir1.2-gtk-3.0:amd64 (3.24.41-4ubuntu1.3) ...
2025-12-05T15:10:50.0496776Z Selecting previously unselected package libayatana-ido3-0.4-0:amd64.
2025-12-05T15:10:50.0633032Z Preparing to unpack .../015-libayatana-ido3-0.4-0_0.10.1-1build2_amd64.deb ...
2025-12-05T15:10:50.0643924Z Unpacking libayatana-ido3-0.4-0:amd64 (0.10.1-1build2) ...
2025-12-05T15:10:50.0908870Z Selecting previously unselected package libayatana-indicator3-7:amd64.
2025-12-05T15:10:50.1047176Z Preparing to unpack .../016-libayatana-indicator3-7_0.9.4-1build1_amd64.deb ...
2025-12-05T15:10:50.1063064Z Unpacking libayatana-indicator3-7:amd64 (0.9.4-1build1) ...
2025-12-05T15:10:50.1312533Z Selecting previously unselected package libayatana-appindicator3-1.
2025-12-05T15:10:50.1449962Z Preparing to unpack .../017-libayatana-appindicator3-1_0.5.93-1build3_amd64.deb ...
2025-12-05T15:10:50.1461723Z Unpacking libayatana-appindicator3-1 (0.5.93-1build3) ...
2025-12-05T15:10:50.1696955Z Selecting previously unselected package gir1.2-ayatanaappindicator3-0.1.
2025-12-05T15:10:50.1831549Z Preparing to unpack .../018-gir1.2-ayatanaappindicator3-0.1_0.5.93-1build3_amd64.deb ...
2025-12-05T15:10:50.1848260Z Unpacking gir1.2-ayatanaappindicator3-0.1 (0.5.93-1build3) ...
2025-12-05T15:10:50.2069806Z Selecting previously unselected package gir1.2-gstreamer-1.0:amd64.
2025-12-05T15:10:50.2209093Z Preparing to unpack .../019-gir1.2-gstreamer-1.0_1.24.2-1ubuntu0.1_amd64.deb ...
2025-12-05T15:10:50.2222314Z Unpacking gir1.2-gstreamer-1.0:amd64 (1.24.2-1ubuntu0.1) ...
2025-12-05T15:10:50.2497537Z Selecting previously unselected package libasyncns0:amd64.
2025-12-05T15:10:50.2634646Z Preparing to unpack .../020-libasyncns0_0.8-6build4_amd64.deb ...
2025-12-05T15:10:50.2660599Z Unpacking libasyncns0:amd64 (0.8-6build4) ...
2025-12-05T15:10:50.2912927Z Selecting previously unselected package libflac12t64:amd64.
2025-12-05T15:10:50.3047551Z Preparing to unpack .../021-libflac12t64_1.4.3+ds-2.1ubuntu2_amd64.deb ...
2025-12-05T15:10:50.3058691Z Unpacking libflac12t64:amd64 (1.4.3+ds-2.1ubuntu2) ...
2025-12-05T15:10:50.3339205Z Selecting previously unselected package libmp3lame0:amd64.
2025-12-05T15:10:50.3476657Z Preparing to unpack .../022-libmp3lame0_3.100-6build1_amd64.deb ...
2025-12-05T15:10:50.3486854Z Unpacking libmp3lame0:amd64 (3.100-6build1) ...
2025-12-05T15:10:50.3747356Z Selecting previously unselected package libmpg123-0t64:amd64.
2025-12-05T15:10:50.3882692Z Preparing to unpack .../023-libmpg123-0t64_1.32.5-1ubuntu1.1_amd64.deb ...
2025-12-05T15:10:50.3893253Z Unpacking libmpg123-0t64:amd64 (1.32.5-1ubuntu1.1) ...
2025-12-05T15:10:50.4158752Z Selecting previously unselected package libopus0:amd64.
2025-12-05T15:10:50.4298575Z Preparing to unpack .../024-libopus0_1.4-1build1_amd64.deb ...
2025-12-05T15:10:50.4310114Z Unpacking libopus0:amd64 (1.4-1build1) ...
2025-12-05T15:10:50.4590015Z Selecting previously unselected package libvorbisenc2:amd64.
2025-12-05T15:10:50.4728595Z Preparing to unpack .../025-libvorbisenc2_1.3.7-1build3_amd64.deb ...
2025-12-05T15:10:50.4746992Z Unpacking libvorbisenc2:amd64 (1.3.7-1build3) ...
2025-12-05T15:10:50.5027055Z Selecting previously unselected package libsndfile1:amd64.
2025-12-05T15:10:50.5162122Z Preparing to unpack .../026-libsndfile1_1.2.2-1ubuntu5.24.04.1_amd64.deb ...
2025-12-05T15:10:50.5173749Z Unpacking libsndfile1:amd64 (1.2.2-1ubuntu5.24.04.1) ...
2025-12-05T15:10:50.5473864Z Selecting previously unselected package libpulse0:amd64.
2025-12-05T15:10:50.5614751Z Preparing to unpack .../027-libpulse0_1%3a16.1+dfsg1-2ubuntu10.1_amd64.deb ...
2025-12-05T15:10:50.5690417Z Unpacking libpulse0:amd64 (1:16.1+dfsg1-2ubuntu10.1) ...
2025-12-05T15:10:50.5993752Z Selecting previously unselected package libgvnc-1.0-0:amd64.
2025-12-05T15:10:50.6130724Z Preparing to unpack .../028-libgvnc-1.0-0_1.3.1-1build2_amd64.deb ...
2025-12-05T15:10:50.6143143Z Unpacking libgvnc-1.0-0:amd64 (1.3.1-1build2) ...
2025-12-05T15:10:50.6400506Z Selecting previously unselected package libgtk-vnc-2.0-0:amd64.
2025-12-05T15:10:50.6539174Z Preparing to unpack .../029-libgtk-vnc-2.0-0_1.3.1-1build2_amd64.deb ...
2025-12-05T15:10:50.6549318Z Unpacking libgtk-vnc-2.0-0:amd64 (1.3.1-1build2) ...
2025-12-05T15:10:50.6820425Z Selecting previously unselected package gir1.2-gtk-vnc-2.0:amd64.
2025-12-05T15:10:50.6959318Z Preparing to unpack .../030-gir1.2-gtk-vnc-2.0_1.3.1-1build2_amd64.deb ...
2025-12-05T15:10:50.6971479Z Unpacking gir1.2-gtk-vnc-2.0:amd64 (1.3.1-1build2) ...
2025-12-05T15:10:50.7198859Z Selecting previously unselected package libgtksourceview-4-common.
2025-12-05T15:10:50.7337711Z Preparing to unpack .../031-libgtksourceview-4-common_4.8.4-5build4_all.deb ...
2025-12-05T15:10:50.7348494Z Unpacking libgtksourceview-4-common (4.8.4-5build4) ...
2025-12-05T15:10:50.9421172Z Selecting previously unselected package libgtksourceview-4-0:amd64.
2025-12-05T15:10:50.9556997Z Preparing to unpack .../032-libgtksourceview-4-0_4.8.4-5build4_amd64.deb ...
2025-12-05T15:10:50.9567278Z Unpacking libgtksourceview-4-0:amd64 (4.8.4-5build4) ...
2025-12-05T15:10:50.9822094Z Selecting previously unselected package gir1.2-gtksource-4:amd64.
2025-12-05T15:10:50.9955978Z Preparing to unpack .../033-gir1.2-gtksource-4_4.8.4-5build4_amd64.deb ...
2025-12-05T15:10:50.9966958Z Unpacking gir1.2-gtksource-4:amd64 (4.8.4-5build4) ...
2025-12-05T15:10:51.0209232Z Selecting previously unselected package spice-client-glib-usb-acl-helper.
2025-12-05T15:10:51.0346612Z Preparing to unpack .../034-spice-client-glib-usb-acl-helper_0.42-2ubuntu2_amd64.deb ...
2025-12-05T15:10:51.0358617Z Unpacking spice-client-glib-usb-acl-helper (0.42-2ubuntu2) ...
2025-12-05T15:10:51.0607622Z Selecting previously unselected package libpcsclite1:amd64.
2025-12-05T15:10:51.0743099Z Preparing to unpack .../035-libpcsclite1_2.0.3-1build1_amd64.deb ...
2025-12-05T15:10:51.0754077Z Unpacking libpcsclite1:amd64 (2.0.3-1build1) ...
2025-12-05T15:10:51.0997823Z Selecting previously unselected package libcacard0:amd64.
2025-12-05T15:10:51.1133104Z Preparing to unpack .../036-libcacard0_1%3a2.8.0-3build4_amd64.deb ...
2025-12-05T15:10:51.1171262Z Unpacking libcacard0:amd64 (1:2.8.0-3build4) ...
2025-12-05T15:10:51.1401195Z Selecting previously unselected package liborc-0.4-0t64:amd64.
2025-12-05T15:10:51.1537401Z Preparing to unpack .../037-liborc-0.4-0t64_1%3a0.4.38-1ubuntu0.1_amd64.deb ...
2025-12-05T15:10:51.1547651Z Unpacking liborc-0.4-0t64:amd64 (1:0.4.38-1ubuntu0.1) ...
2025-12-05T15:10:51.1823067Z Selecting previously unselected package libgstreamer-plugins-base1.0-0:amd64.
2025-12-05T15:10:51.1957130Z Preparing to unpack .../038-libgstreamer-plugins-base1.0-0_1.24.2-1ubuntu0.3_amd64.deb ...
2025-12-05T15:10:51.1967500Z Unpacking libgstreamer-plugins-base1.0-0:amd64 (1.24.2-1ubuntu0.3) ...
2025-12-05T15:10:51.2384376Z Selecting previously unselected package libphodav-3.0-common.
2025-12-05T15:10:51.2519031Z Preparing to unpack .../039-libphodav-3.0-common_3.0-8build3_all.deb ...
2025-12-05T15:10:51.2527751Z Unpacking libphodav-3.0-common (3.0-8build3) ...
2025-12-05T15:10:51.2785039Z Selecting previously unselected package libproxy1v5:amd64.
2025-12-05T15:10:51.2918966Z Preparing to unpack .../040-libproxy1v5_0.5.4-4build1_amd64.deb ...
2025-12-05T15:10:51.2926776Z Unpacking libproxy1v5:amd64 (0.5.4-4build1) ...
2025-12-05T15:10:51.3133161Z Selecting previously unselected package glib-networking-common.
2025-12-05T15:10:51.3267879Z Preparing to unpack .../041-glib-networking-common_2.80.0-1build1_all.deb ...
2025-12-05T15:10:51.3277268Z Unpacking glib-networking-common (2.80.0-1build1) ...
2025-12-05T15:10:51.3498848Z Selecting previously unselected package glib-networking-services.
2025-12-05T15:10:51.3632327Z Preparing to unpack .../042-glib-networking-services_2.80.0-1build1_amd64.deb ...
2025-12-05T15:10:51.3642015Z Unpacking glib-networking-services (2.80.0-1build1) ...
2025-12-05T15:10:51.3873226Z Selecting previously unselected package session-migration.
2025-12-05T15:10:51.4009262Z Preparing to unpack .../043-session-migration_0.3.9build1_amd64.deb ...
2025-12-05T15:10:51.4018430Z Unpacking session-migration (0.3.9build1) ...
2025-12-05T15:10:51.4241042Z Selecting previously unselected package gsettings-desktop-schemas.
2025-12-05T15:10:51.4375478Z Preparing to unpack .../044-gsettings-desktop-schemas_46.1-0ubuntu1_all.deb ...
2025-12-05T15:10:51.4385375Z Unpacking gsettings-desktop-schemas (46.1-0ubuntu1) ...
2025-12-05T15:10:51.4684848Z Selecting previously unselected package glib-networking:amd64.
2025-12-05T15:10:51.4822385Z Preparing to unpack .../045-glib-networking_2.80.0-1build1_amd64.deb ...
2025-12-05T15:10:51.4832086Z Unpacking glib-networking:amd64 (2.80.0-1build1) ...
2025-12-05T15:10:51.5064525Z Selecting previously unselected package libsoup-3.0-common.
2025-12-05T15:10:51.5197882Z Preparing to unpack .../046-libsoup-3.0-common_3.4.4-5ubuntu0.5_all.deb ...
2025-12-05T15:10:51.5207251Z Unpacking libsoup-3.0-common (3.4.4-5ubuntu0.5) ...
2025-12-05T15:10:51.5421634Z Selecting previously unselected package libsoup-3.0-0:amd64.
2025-12-05T15:10:51.5556616Z Preparing to unpack .../047-libsoup-3.0-0_3.4.4-5ubuntu0.5_amd64.deb ...
2025-12-05T15:10:51.5566292Z Unpacking libsoup-3.0-0:amd64 (3.4.4-5ubuntu0.5) ...
2025-12-05T15:10:51.5824494Z Selecting previously unselected package libphodav-3.0-0:amd64.
2025-12-05T15:10:51.5960081Z Preparing to unpack .../048-libphodav-3.0-0_3.0-8build3_amd64.deb ...
2025-12-05T15:10:51.5971529Z Unpacking libphodav-3.0-0:amd64 (3.0-8build3) ...
2025-12-05T15:10:51.6205847Z Selecting previously unselected package libusbredirparser1t64:amd64.
2025-12-05T15:10:51.6341459Z Preparing to unpack .../049-libusbredirparser1t64_0.13.0-2.1build1_amd64.deb ...
2025-12-05T15:10:51.6350372Z Unpacking libusbredirparser1t64:amd64 (0.13.0-2.1build1) ...
2025-12-05T15:10:51.6603957Z Selecting previously unselected package libusbredirhost1t64:amd64.
2025-12-05T15:10:51.6738799Z Preparing to unpack .../050-libusbredirhost1t64_0.13.0-2.1build1_amd64.deb ...
2025-12-05T15:10:51.6747490Z Unpacking libusbredirhost1t64:amd64 (0.13.0-2.1build1) ...
2025-12-05T15:10:51.6983379Z Selecting previously unselected package libspice-client-glib-2.0-8:amd64.
2025-12-05T15:10:51.7117352Z Preparing to unpack .../051-libspice-client-glib-2.0-8_0.42-2ubuntu2_amd64.deb ...
2025-12-05T15:10:51.7126994Z Unpacking libspice-client-glib-2.0-8:amd64 (0.42-2ubuntu2) ...
2025-12-05T15:10:51.7388684Z Selecting previously unselected package gir1.2-spiceclientglib-2.0:amd64.
2025-12-05T15:10:51.7523466Z Preparing to unpack .../052-gir1.2-spiceclientglib-2.0_0.42-2ubuntu2_amd64.deb ...
2025-12-05T15:10:51.7533236Z Unpacking gir1.2-spiceclientglib-2.0:amd64 (0.42-2ubuntu2) ...
2025-12-05T15:10:51.7760334Z Selecting previously unselected package libva2:amd64.
2025-12-05T15:10:51.7894240Z Preparing to unpack .../053-libva2_2.20.0-2build1_amd64.deb ...
2025-12-05T15:10:51.7902598Z Unpacking libva2:amd64 (2.20.0-2build1) ...
2025-12-05T15:10:51.8129795Z Selecting previously unselected package libva-x11-2:amd64.
2025-12-05T15:10:51.8263617Z Preparing to unpack .../054-libva-x11-2_2.20.0-2build1_amd64.deb ...
2025-12-05T15:10:51.8274285Z Unpacking libva-x11-2:amd64 (2.20.0-2build1) ...
2025-12-05T15:10:51.8491600Z Selecting previously unselected package libspice-client-gtk-3.0-5:amd64.
2025-12-05T15:10:51.8623691Z Preparing to unpack .../055-libspice-client-gtk-3.0-5_0.42-2ubuntu2_amd64.deb ...
2025-12-05T15:10:51.8635636Z Unpacking libspice-client-gtk-3.0-5:amd64 (0.42-2ubuntu2) ...
2025-12-05T15:10:51.8850231Z Selecting previously unselected package gir1.2-spiceclientgtk-3.0:amd64.
2025-12-05T15:10:51.8983862Z Preparing to unpack .../056-gir1.2-spiceclientgtk-3.0_0.42-2ubuntu2_amd64.deb ...
2025-12-05T15:10:51.8994596Z Unpacking gir1.2-spiceclientgtk-3.0:amd64 (0.42-2ubuntu2) ...
2025-12-05T15:10:51.9197623Z Selecting previously unselected package libvte-2.91-common.
2025-12-05T15:10:51.9329753Z Preparing to unpack .../057-libvte-2.91-common_0.76.0-1ubuntu0.1_amd64.deb ...
2025-12-05T15:10:51.9338764Z Unpacking libvte-2.91-common (0.76.0-1ubuntu0.1) ...
2025-12-05T15:10:51.9576580Z Selecting previously unselected package libvte-2.91-0:amd64.
2025-12-05T15:10:51.9709032Z Preparing to unpack .../058-libvte-2.91-0_0.76.0-1ubuntu0.1_amd64.deb ...
2025-12-05T15:10:51.9717095Z Unpacking libvte-2.91-0:amd64 (0.76.0-1ubuntu0.1) ...
2025-12-05T15:10:51.9953971Z Selecting previously unselected package gir1.2-vte-2.91:amd64.
2025-12-05T15:10:52.0087461Z Preparing to unpack .../059-gir1.2-vte-2.91_0.76.0-1ubuntu0.1_amd64.deb ...
2025-12-05T15:10:52.0099851Z Unpacking gir1.2-vte-2.91:amd64 (0.76.0-1ubuntu0.1) ...
2025-12-05T15:10:52.0317043Z Selecting previously unselected package libcdparanoia0:amd64.
2025-12-05T15:10:52.0450078Z Preparing to unpack .../060-libcdparanoia0_3.10.2+debian-14build3_amd64.deb ...
2025-12-05T15:10:52.0461659Z Unpacking libcdparanoia0:amd64 (3.10.2+debian-14build3) ...
2025-12-05T15:10:52.0702663Z Selecting previously unselected package libtheora0:amd64.
2025-12-05T15:10:52.0835878Z Preparing to unpack .../061-libtheora0_1.1.1+dfsg.1-16.1build3_amd64.deb ...
2025-12-05T15:10:52.0845299Z Unpacking libtheora0:amd64 (1.1.1+dfsg.1-16.1build3) ...
2025-12-05T15:10:52.1102890Z Selecting previously unselected package libvisual-0.4-0:amd64.
2025-12-05T15:10:52.1236837Z Preparing to unpack .../062-libvisual-0.4-0_0.4.2-2build1_amd64.deb ...
2025-12-05T15:10:52.1246554Z Unpacking libvisual-0.4-0:amd64 (0.4.2-2build1) ...
2025-12-05T15:10:52.1486961Z Selecting previously unselected package gstreamer1.0-plugins-base:amd64.
2025-12-05T15:10:52.1624284Z Preparing to unpack .../063-gstreamer1.0-plugins-base_1.24.2-1ubuntu0.3_amd64.deb ...
2025-12-05T15:10:52.1633761Z Unpacking gstreamer1.0-plugins-base:amd64 (1.24.2-1ubuntu0.3) ...
2025-12-05T15:10:52.2004167Z Selecting previously unselected package libaa1:amd64.
2025-12-05T15:10:52.2139335Z Preparing to unpack .../064-libaa1_1.4p5-51.1_amd64.deb ...
2025-12-05T15:10:52.2148132Z Unpacking libaa1:amd64 (1.4p5-51.1) ...
2025-12-05T15:10:52.2368783Z Selecting previously unselected package libraw1394-11:amd64.
2025-12-05T15:10:52.2504301Z Preparing to unpack .../065-libraw1394-11_2.1.2-2build3_amd64.deb ...
2025-12-05T15:10:52.2516189Z Unpacking libraw1394-11:amd64 (2.1.2-2build3) ...
2025-12-05T15:10:52.2740297Z Selecting previously unselected package libavc1394-0:amd64.
2025-12-05T15:10:52.2874993Z Preparing to unpack .../066-libavc1394-0_0.5.4-5build3_amd64.deb ...
2025-12-05T15:10:52.2885621Z Unpacking libavc1394-0:amd64 (0.5.4-5build3) ...
2025-12-05T15:10:52.3095862Z Selecting previously unselected package libcaca0:amd64.
2025-12-05T15:10:52.3228867Z Preparing to unpack .../067-libcaca0_0.99.beta20-4build2_amd64.deb ...
2025-12-05T15:10:52.3239074Z Unpacking libcaca0:amd64 (0.99.beta20-4build2) ...
2025-12-05T15:10:52.3497862Z Selecting previously unselected package libdv4t64:amd64.
2025-12-05T15:10:52.3630293Z Preparing to unpack .../068-libdv4t64_1.0.0-17.1build1_amd64.deb ...
2025-12-05T15:10:52.3639983Z Unpacking libdv4t64:amd64 (1.0.0-17.1build1) ...
2025-12-05T15:10:52.3865444Z Selecting previously unselected package libgstreamer-plugins-good1.0-0:amd64.
2025-12-05T15:10:52.3998027Z Preparing to unpack .../069-libgstreamer-plugins-good1.0-0_1.24.2-1ubuntu1.2_amd64.deb ...
2025-12-05T15:10:52.4010145Z Unpacking libgstreamer-plugins-good1.0-0:amd64 (1.24.2-1ubuntu1.2) ...
2025-12-05T15:10:52.4237909Z Selecting previously unselected package libiec61883-0:amd64.
2025-12-05T15:10:52.4370089Z Preparing to unpack .../070-libiec61883-0_1.2.0-6build1_amd64.deb ...
2025-12-05T15:10:52.4378648Z Unpacking libiec61883-0:amd64 (1.2.0-6build1) ...
2025-12-05T15:10:52.4614413Z Selecting previously unselected package libspeex1:amd64.
2025-12-05T15:10:52.4748029Z Preparing to unpack .../071-libspeex1_1.2.1-2ubuntu2.24.04.1_amd64.deb ...
2025-12-05T15:10:52.4757486Z Unpacking libspeex1:amd64 (1.2.1-2ubuntu2.24.04.1) ...
2025-12-05T15:10:52.4983648Z Selecting previously unselected package libshout3:amd64.
2025-12-05T15:10:52.5116908Z Preparing to unpack .../072-libshout3_2.4.6-1build2_amd64.deb ...
2025-12-05T15:10:52.5146531Z Unpacking libshout3:amd64 (2.4.6-1build2) ...
2025-12-05T15:10:52.5370266Z Selecting previously unselected package libtag1v5-vanilla:amd64.
2025-12-05T15:10:52.5503621Z Preparing to unpack .../073-libtag1v5-vanilla_1.13.1-1build1_amd64.deb ...
2025-12-05T15:10:52.5512070Z Unpacking libtag1v5-vanilla:amd64 (1.13.1-1build1) ...
2025-12-05T15:10:52.5793532Z Selecting previously unselected package libtag1v5:amd64.
2025-12-05T15:10:52.5927767Z Preparing to unpack .../074-libtag1v5_1.13.1-1build1_amd64.deb ...
2025-12-05T15:10:52.5937125Z Unpacking libtag1v5:amd64 (1.13.1-1build1) ...
2025-12-05T15:10:52.6146625Z Selecting previously unselected package libtwolame0:amd64.
2025-12-05T15:10:52.6282787Z Preparing to unpack .../075-libtwolame0_0.4.0-2build3_amd64.deb ...
2025-12-05T15:10:52.6292105Z Unpacking libtwolame0:amd64 (0.4.0-2build3) ...
2025-12-05T15:10:52.6521521Z Selecting previously unselected package libv4lconvert0t64:amd64.
2025-12-05T15:10:52.6657484Z Preparing to unpack .../076-libv4lconvert0t64_1.26.1-4build3_amd64.deb ...
2025-12-05T15:10:52.6693862Z Unpacking libv4lconvert0t64:amd64 (1.26.1-4build3) ...
2025-12-05T15:10:52.6948003Z Selecting previously unselected package libv4l-0t64:amd64.
2025-12-05T15:10:52.7083891Z Preparing to unpack .../077-libv4l-0t64_1.26.1-4build3_amd64.deb ...
2025-12-05T15:10:52.7096104Z Unpacking libv4l-0t64:amd64 (1.26.1-4build3) ...
2025-12-05T15:10:52.7346326Z Selecting previously unselected package libvpx9:amd64.
2025-12-05T15:10:52.7481866Z Preparing to unpack .../078-libvpx9_1.14.0-1ubuntu2.2_amd64.deb ...
2025-12-05T15:10:52.7497069Z Unpacking libvpx9:amd64 (1.14.0-1ubuntu2.2) ...
2025-12-05T15:10:52.7880400Z Selecting previously unselected package libwavpack1:amd64.
2025-12-05T15:10:52.8016834Z Preparing to unpack .../079-libwavpack1_5.6.0-1build1_amd64.deb ...
2025-12-05T15:10:52.8026403Z Unpacking libwavpack1:amd64 (5.6.0-1build1) ...
2025-12-05T15:10:52.8257050Z Selecting previously unselected package gstreamer1.0-plugins-good:amd64.
2025-12-05T15:10:52.8391155Z Preparing to unpack .../080-gstreamer1.0-plugins-good_1.24.2-1ubuntu1.2_amd64.deb ...
2025-12-05T15:10:52.8401351Z Unpacking gstreamer1.0-plugins-good:amd64 (1.24.2-1ubuntu1.2) ...
2025-12-05T15:10:52.9054781Z Selecting previously unselected package libxv1:amd64.
2025-12-05T15:10:52.9189479Z Preparing to unpack .../081-libxv1_2%3a1.0.11-1.1build1_amd64.deb ...
2025-12-05T15:10:52.9204544Z Unpacking libxv1:amd64 (2:1.0.11-1.1build1) ...
2025-12-05T15:10:52.9547913Z Selecting previously unselected package gstreamer1.0-x:amd64.
2025-12-05T15:10:52.9691514Z Preparing to unpack .../082-gstreamer1.0-x_1.24.2-1ubuntu0.3_amd64.deb ...
2025-12-05T15:10:52.9700204Z Unpacking gstreamer1.0-x:amd64 (1.24.2-1ubuntu0.3) ...
2025-12-05T15:10:52.9949297Z Selecting previously unselected package libigdgmm12:amd64.
2025-12-05T15:10:53.0084929Z Preparing to unpack .../083-libigdgmm12_22.3.17+ds1-1_amd64.deb ...
2025-12-05T15:10:53.0095133Z Unpacking libigdgmm12:amd64 (22.3.17+ds1-1) ...
2025-12-05T15:10:53.0333580Z Selecting previously unselected package intel-media-va-driver:amd64.
2025-12-05T15:10:53.0467883Z Preparing to unpack .../084-intel-media-va-driver_24.1.0+dfsg1-1ubuntu0.1_amd64.deb ...
2025-12-05T15:10:53.0478516Z Unpacking intel-media-va-driver:amd64 (24.1.0+dfsg1-1ubuntu0.1) ...
2025-12-05T15:10:53.1306938Z Selecting previously unselected package ipxe-qemu.
2025-12-05T15:10:53.1442931Z Preparing to unpack .../085-ipxe-qemu_1.21.1+git-20220113.fbbdc3926-0ubuntu2_all.deb ...
2025-12-05T15:10:53.1455479Z Unpacking ipxe-qemu (1.21.1+git-20220113.fbbdc3926-0ubuntu2) ...
2025-12-05T15:10:53.1888084Z Selecting previously unselected package ipxe-qemu-256k-compat-efi-roms.
2025-12-05T15:10:53.2022718Z Preparing to unpack .../086-ipxe-qemu-256k-compat-efi-roms_1.0.0+git-20150424.a25a16d-0ubuntu5_all.deb ...
2025-12-05T15:10:53.2031539Z Unpacking ipxe-qemu-256k-compat-efi-roms (1.0.0+git-20150424.a25a16d-0ubuntu5) ...
2025-12-05T15:10:53.2295572Z Selecting previously unselected package libboost-iostreams1.83.0:amd64.
2025-12-05T15:10:53.2431959Z Preparing to unpack .../087-libboost-iostreams1.83.0_1.83.0-2.1ubuntu3.1_amd64.deb ...
2025-12-05T15:10:53.2442056Z Unpacking libboost-iostreams1.83.0:amd64 (1.83.0-2.1ubuntu3.1) ...
2025-12-05T15:10:53.2757069Z Selecting previously unselected package libboost-thread1.83.0:amd64.
2025-12-05T15:10:53.2892443Z Preparing to unpack .../088-libboost-thread1.83.0_1.83.0-2.1ubuntu3.1_amd64.deb ...
2025-12-05T15:10:53.2901891Z Unpacking libboost-thread1.83.0:amd64 (1.83.0-2.1ubuntu3.1) ...
2025-12-05T15:10:53.3201525Z Selecting previously unselected package libbrlapi0.8:amd64.
2025-12-05T15:10:53.3335043Z Preparing to unpack .../089-libbrlapi0.8_6.6-4ubuntu5_amd64.deb ...
2025-12-05T15:10:53.3344393Z Unpacking libbrlapi0.8:amd64 (6.6-4ubuntu5) ...
2025-12-05T15:10:53.3581387Z Selecting previously unselected package libburn4t64:amd64.
2025-12-05T15:10:53.3715272Z Preparing to unpack .../090-libburn4t64_1.5.6-1.1build1_amd64.deb ...
2025-12-05T15:10:53.3724496Z Unpacking libburn4t64:amd64 (1.5.6-1.1build1) ...
2025-12-05T15:10:53.3970381Z Selecting previously unselected package libdaxctl1:amd64.
2025-12-05T15:10:53.4104439Z Preparing to unpack .../091-libdaxctl1_77-2ubuntu2_amd64.deb ...
2025-12-05T15:10:53.4114821Z Unpacking libdaxctl1:amd64 (77-2ubuntu2) ...
2025-12-05T15:10:53.4356175Z Selecting previously unselected package libdecor-0-0:amd64.
2025-12-05T15:10:53.4491113Z Preparing to unpack .../092-libdecor-0-0_0.2.2-1build2_amd64.deb ...
2025-12-05T15:10:53.4515731Z Unpacking libdecor-0-0:amd64 (0.2.2-1build2) ...
2025-12-05T15:10:53.4729114Z Selecting previously unselected package libdecor-0-plugin-1-gtk:amd64.
2025-12-05T15:10:53.4863296Z Preparing to unpack .../093-libdecor-0-plugin-1-gtk_0.2.2-1build2_amd64.deb ...
2025-12-05T15:10:53.4872213Z Unpacking libdecor-0-plugin-1-gtk:amd64 (0.2.2-1build2) ...
2025-12-05T15:10:53.5091539Z Selecting previously unselected package librdmacm1t64:amd64.
2025-12-05T15:10:53.5226627Z Preparing to unpack .../094-librdmacm1t64_50.0-2ubuntu0.2_amd64.deb ...
2025-12-05T15:10:53.5240544Z Unpacking librdmacm1t64:amd64 (50.0-2ubuntu0.2) ...
2025-12-05T15:10:53.5482013Z Selecting previously unselected package libiscsi7:amd64.
2025-12-05T15:10:53.5617414Z Preparing to unpack .../095-libiscsi7_1.19.0-3build4_amd64.deb ...
2025-12-05T15:10:53.5642743Z Unpacking libiscsi7:amd64 (1.19.0-3build4) ...
2025-12-05T15:10:53.5878408Z Selecting previously unselected package libisofs6t64:amd64.
2025-12-05T15:10:53.6013459Z Preparing to unpack .../096-libisofs6t64_1.5.6.pl01-1.1ubuntu2_amd64.deb ...
2025-12-05T15:10:53.6023149Z Unpacking libisofs6t64:amd64 (1.5.6.pl01-1.1ubuntu2) ...
2025-12-05T15:10:53.6291831Z Selecting previously unselected package libisoburn1t64:amd64.
2025-12-05T15:10:53.6428854Z Preparing to unpack .../097-libisoburn1t64_1%3a1.5.6-1.1ubuntu3_amd64.deb ...
2025-12-05T15:10:53.6439792Z Unpacking libisoburn1t64:amd64 (1:1.5.6-1.1ubuntu3) ...
2025-12-05T15:10:53.6734326Z Selecting previously unselected package libsamplerate0:amd64.
2025-12-05T15:10:53.6879462Z Preparing to unpack .../098-libsamplerate0_0.2.2-4build1_amd64.deb ...
2025-12-05T15:10:53.6891515Z Unpacking libsamplerate0:amd64 (0.2.2-4build1) ...
2025-12-05T15:10:53.7197787Z Selecting previously unselected package libjack-jackd2-0:amd64.
2025-12-05T15:10:53.7333868Z Preparing to unpack .../099-libjack-jackd2-0_1.9.21~dfsg-3ubuntu3_amd64.deb ...
2025-12-05T15:10:53.7345313Z Unpacking libjack-jackd2-0:amd64 (1.9.21~dfsg-3ubuntu3) ...
2025-12-05T15:10:53.7631832Z Selecting previously unselected package libndctl6:amd64.
2025-12-05T15:10:53.7769517Z Preparing to unpack .../100-libndctl6_77-2ubuntu2_amd64.deb ...
2025-12-05T15:10:53.7779586Z Unpacking libndctl6:amd64 (77-2ubuntu2) ...
2025-12-05T15:10:53.8038434Z Selecting previously unselected package libnfs14:amd64.
2025-12-05T15:10:53.8176238Z Preparing to unpack .../101-libnfs14_5.0.2-1build1_amd64.deb ...
2025-12-05T15:10:53.8189695Z Unpacking libnfs14:amd64 (5.0.2-1build1) ...
2025-12-05T15:10:53.8437212Z Selecting previously unselected package libwebrtc-audio-processing1:amd64.
2025-12-05T15:10:53.8573136Z Preparing to unpack .../102-libwebrtc-audio-processing1_0.3.1-0ubuntu6_amd64.deb ...
2025-12-05T15:10:53.8585026Z Unpacking libwebrtc-audio-processing1:amd64 (0.3.1-0ubuntu6) ...
2025-12-05T15:10:53.8840215Z Selecting previously unselected package libspa-0.2-modules:amd64.
2025-12-05T15:10:53.8976436Z Preparing to unpack .../103-libspa-0.2-modules_1.0.5-1ubuntu3.1_amd64.deb ...
2025-12-05T15:10:53.9006539Z Unpacking libspa-0.2-modules:amd64 (1.0.5-1ubuntu3.1) ...
2025-12-05T15:10:53.9358271Z Selecting previously unselected package libpipewire-0.3-0t64:amd64.
2025-12-05T15:10:53.9494870Z Preparing to unpack .../104-libpipewire-0.3-0t64_1.0.5-1ubuntu3.1_amd64.deb ...
2025-12-05T15:10:53.9504630Z Unpacking libpipewire-0.3-0t64:amd64 (1.0.5-1ubuntu3.1) ...
2025-12-05T15:10:53.9766521Z Selecting previously unselected package libpipewire-0.3-common.
2025-12-05T15:10:53.9903096Z Preparing to unpack .../105-libpipewire-0.3-common_1.0.5-1ubuntu3.1_all.deb ...
2025-12-05T15:10:53.9913065Z Unpacking libpipewire-0.3-common (1.0.5-1ubuntu3.1) ...
2025-12-05T15:10:54.0151067Z Selecting previously unselected package libpmem1:amd64.
2025-12-05T15:10:54.0287326Z Preparing to unpack .../106-libpmem1_1.13.1-1.1ubuntu2_amd64.deb ...
2025-12-05T15:10:54.0296386Z Unpacking libpmem1:amd64 (1.13.1-1.1ubuntu2) ...
2025-12-05T15:10:54.0607417Z Selecting previously unselected package libpmemobj1:amd64.
2025-12-05T15:10:54.0743343Z Preparing to unpack .../107-libpmemobj1_1.13.1-1.1ubuntu2_amd64.deb ...
2025-12-05T15:10:54.0754418Z Unpacking libpmemobj1:amd64 (1.13.1-1.1ubuntu2) ...
2025-12-05T15:10:54.1047768Z Selecting previously unselected package librados2.
2025-12-05T15:10:54.1189400Z Preparing to unpack .../108-librados2_19.2.1-0ubuntu0.24.04.2_amd64.deb ...
2025-12-05T15:10:54.1200655Z Unpacking librados2 (19.2.1-0ubuntu0.24.04.2) ...
2025-12-05T15:10:54.2027091Z Selecting previously unselected package librbd1.
2025-12-05T15:10:54.2194752Z Preparing to unpack .../109-librbd1_19.2.1-0ubuntu0.24.04.2_amd64.deb ...
2025-12-05T15:10:54.3164820Z Unpacking librbd1 (19.2.1-0ubuntu0.24.04.2) ...
2025-12-05T15:10:54.4326394Z Selecting previously unselected package libsdl2-2.0-0:amd64.
2025-12-05T15:10:54.4461631Z Preparing to unpack .../110-libsdl2-2.0-0_2.30.0+dfsg-1ubuntu3.1_amd64.deb ...
2025-12-05T15:10:54.4470472Z Unpacking libsdl2-2.0-0:amd64 (2.30.0+dfsg-1ubuntu3.1) ...
2025-12-05T15:10:54.4804473Z Selecting previously unselected package libspice-server1:amd64.
2025-12-05T15:10:54.4944344Z Preparing to unpack .../111-libspice-server1_0.15.1-1build2_amd64.deb ...
2025-12-05T15:10:54.4953336Z Unpacking libspice-server1:amd64 (0.15.1-1build2) ...
2025-12-05T15:10:54.5234097Z Selecting previously unselected package libtpms0:amd64.
2025-12-05T15:10:54.5371863Z Preparing to unpack .../112-libtpms0_0.9.3-0ubuntu4.24.04.1_amd64.deb ...
2025-12-05T15:10:54.5381266Z Unpacking libtpms0:amd64 (0.9.3-0ubuntu4.24.04.1) ...
2025-12-05T15:10:54.5659362Z Selecting previously unselected package liburing2:amd64.
2025-12-05T15:10:54.5799799Z Preparing to unpack .../113-liburing2_2.5-1build1_amd64.deb ...
2025-12-05T15:10:54.5810254Z Unpacking liburing2:amd64 (2.5-1build1) ...
2025-12-05T15:10:54.6058505Z Selecting previously unselected package libvirglrenderer1:amd64.
2025-12-05T15:10:54.6196288Z Preparing to unpack .../114-libvirglrenderer1_1.0.0-1ubuntu2_amd64.deb ...
2025-12-05T15:10:54.6204538Z Unpacking libvirglrenderer1:amd64 (1.0.0-1ubuntu2) ...
2025-12-05T15:10:54.6465628Z Selecting previously unselected package libvirt0:amd64.
2025-12-05T15:10:54.6604243Z Preparing to unpack .../115-libvirt0_10.0.0-2ubuntu8.9_amd64.deb ...
2025-12-05T15:10:54.6613611Z Unpacking libvirt0:amd64 (10.0.0-2ubuntu8.9) ...
2025-12-05T15:10:54.7253244Z Selecting previously unselected package libvirt-clients.
2025-12-05T15:10:54.7390341Z Preparing to unpack .../116-libvirt-clients_10.0.0-2ubuntu8.9_amd64.deb ...
2025-12-05T15:10:54.7565433Z Unpacking libvirt-clients (10.0.0-2ubuntu8.9) ...
2025-12-05T15:10:54.7986776Z Selecting previously unselected package libvirt-daemon-driver-qemu.
2025-12-05T15:10:54.8123852Z Preparing to unpack .../117-libvirt-daemon-driver-qemu_10.0.0-2ubuntu8.9_amd64.deb ...
2025-12-05T15:10:54.8193690Z Unpacking libvirt-daemon-driver-qemu (10.0.0-2ubuntu8.9) ...
2025-12-05T15:10:54.8534246Z Selecting previously unselected package libvirt-daemon.
2025-12-05T15:10:54.8671933Z Preparing to unpack .../118-libvirt-daemon_10.0.0-2ubuntu8.9_amd64.deb ...
2025-12-05T15:10:54.8740566Z Unpacking libvirt-daemon (10.0.0-2ubuntu8.9) ...
2025-12-05T15:10:54.9167855Z Selecting previously unselected package libvirt-daemon-config-network.
2025-12-05T15:10:54.9305712Z Preparing to unpack .../119-libvirt-daemon-config-network_10.0.0-2ubuntu8.9_all.deb ...
2025-12-05T15:10:54.9373349Z Unpacking libvirt-daemon-config-network (10.0.0-2ubuntu8.9) ...
2025-12-05T15:10:54.9598505Z Selecting previously unselected package libvirt-daemon-config-nwfilter.
2025-12-05T15:10:54.9734747Z Preparing to unpack .../120-libvirt-daemon-config-nwfilter_10.0.0-2ubuntu8.9_all.deb ...
2025-12-05T15:10:54.9801751Z Unpacking libvirt-daemon-config-nwfilter (10.0.0-2ubuntu8.9) ...
2025-12-05T15:10:55.0056693Z Selecting previously unselected package systemd-container.
2025-12-05T15:10:55.0196314Z Preparing to unpack .../121-systemd-container_255.4-1ubuntu8.11_amd64.deb ...
2025-12-05T15:10:55.0206895Z Unpacking systemd-container (255.4-1ubuntu8.11) ...
2025-12-05T15:10:55.0689413Z Selecting previously unselected package libvirt-daemon-system-systemd.
2025-12-05T15:10:55.0828513Z Preparing to unpack .../122-libvirt-daemon-system-systemd_10.0.0-2ubuntu8.9_all.deb ...
2025-12-05T15:10:55.0894169Z Unpacking libvirt-daemon-system-systemd (10.0.0-2ubuntu8.9) ...
2025-12-05T15:10:55.1126581Z Selecting previously unselected package libvirt-daemon-system.
2025-12-05T15:10:55.1262186Z Preparing to unpack .../123-libvirt-daemon-system_10.0.0-2ubuntu8.9_amd64.deb ...
2025-12-05T15:10:55.1497329Z Unpacking libvirt-daemon-system (10.0.0-2ubuntu8.9) ...
2025-12-05T15:10:55.1918170Z Selecting previously unselected package libvirt-glib-1.0-data.
2025-12-05T15:10:55.2055803Z Preparing to unpack .../124-libvirt-glib-1.0-data_5.0.0-2build3_all.deb ...
2025-12-05T15:10:55.2064658Z Unpacking libvirt-glib-1.0-data (5.0.0-2build3) ...
2025-12-05T15:10:55.2344035Z Selecting previously unselected package libvirt-l10n.
2025-12-05T15:10:55.2482029Z Preparing to unpack .../125-libvirt-l10n_10.0.0-2ubuntu8.9_all.deb ...
2025-12-05T15:10:55.2549080Z Unpacking libvirt-l10n (10.0.0-2ubuntu8.9) ...
2025-12-05T15:10:55.2759989Z Selecting previously unselected package libxml2-utils.
2025-12-05T15:10:55.2898305Z Preparing to unpack .../126-libxml2-utils_2.9.14+dfsg-1.3ubuntu3.6_amd64.deb ...
2025-12-05T15:10:55.2909777Z Unpacking libxml2-utils (2.9.14+dfsg-1.3ubuntu3.6) ...
2025-12-05T15:10:55.3145797Z Selecting previously unselected package mdevctl.
2025-12-05T15:10:55.3283144Z Preparing to unpack .../127-mdevctl_1.3.0-1ubuntu2.1_amd64.deb ...
2025-12-05T15:10:55.3293165Z Unpacking mdevctl (1.3.0-1ubuntu2.1) ...
2025-12-05T15:10:55.3676334Z Selecting previously unselected package mesa-va-drivers:amd64.
2025-12-05T15:10:55.3813558Z Preparing to unpack .../128-mesa-va-drivers_25.0.7-0ubuntu0.24.04.2_amd64.deb ...
2025-12-05T15:10:55.3823293Z Unpacking mesa-va-drivers:amd64 (25.0.7-0ubuntu0.24.04.2) ...
2025-12-05T15:10:55.4047261Z Selecting previously unselected package osinfo-db.
2025-12-05T15:10:55.4182893Z Preparing to unpack .../129-osinfo-db_0.20250606-0ubuntu0.24.04.1_all.deb ...
2025-12-05T15:10:55.4193147Z Unpacking osinfo-db (0.20250606-0ubuntu0.24.04.1) ...
2025-12-05T15:10:55.6270546Z Selecting previously unselected package python3-cairo.
2025-12-05T15:10:55.6417016Z Preparing to unpack .../130-python3-cairo_1.25.1-2build2_amd64.deb ...
2025-12-05T15:10:55.6425502Z Unpacking python3-cairo (1.25.1-2build2) ...
2025-12-05T15:10:55.6679470Z Selecting previously unselected package python3-gi-cairo.
2025-12-05T15:10:55.6821790Z Preparing to unpack .../131-python3-gi-cairo_3.48.2-1_amd64.deb ...
2025-12-05T15:10:55.6831492Z Unpacking python3-gi-cairo (3.48.2-1) ...
2025-12-05T15:10:55.7089199Z Selecting previously unselected package python3-libvirt.
2025-12-05T15:10:55.7235156Z Preparing to unpack .../132-python3-libvirt_10.0.0-1build1_amd64.deb ...
2025-12-05T15:10:55.7244244Z Unpacking python3-libvirt (10.0.0-1build1) ...
2025-12-05T15:10:55.7553266Z Selecting previously unselected package python3-libxml2:amd64.
2025-12-05T15:10:55.7691852Z Preparing to unpack .../133-python3-libxml2_2.9.14+dfsg-1.3ubuntu3.6_amd64.deb ...
2025-12-05T15:10:55.7701428Z Unpacking python3-libxml2:amd64 (2.9.14+dfsg-1.3ubuntu3.6) ...
2025-12-05T15:10:55.7966031Z Selecting previously unselected package libfdt1:amd64.
2025-12-05T15:10:55.8108051Z Preparing to unpack .../134-libfdt1_1.7.0-2build1_amd64.deb ...
2025-12-05T15:10:55.8116492Z Unpacking libfdt1:amd64 (1.7.0-2build1) ...
2025-12-05T15:10:55.8356918Z Selecting previously unselected package qemu-system-common.
2025-12-05T15:10:55.8495244Z Preparing to unpack .../135-qemu-system-common_1%3a8.2.2+ds-0ubuntu1.10_amd64.deb ...
2025-12-05T15:10:55.8506221Z Unpacking qemu-system-common (1:8.2.2+ds-0ubuntu1.10) ...
2025-12-05T15:10:55.9268438Z Selecting previously unselected package qemu-system-data.
2025-12-05T15:10:55.9407492Z Preparing to unpack .../136-qemu-system-data_1%3a8.2.2+ds-0ubuntu1.10_all.deb ...
2025-12-05T15:10:55.9416126Z Unpacking qemu-system-data (1:8.2.2+ds-0ubuntu1.10) ...
2025-12-05T15:10:56.0138134Z Selecting previously unselected package seabios.
2025-12-05T15:10:56.0276920Z Preparing to unpack .../137-seabios_1.16.3-2_all.deb ...
2025-12-05T15:10:56.0290051Z Unpacking seabios (1.16.3-2) ...
2025-12-05T15:10:56.0572944Z Selecting previously unselected package qemu-system-x86.
2025-12-05T15:10:56.0710277Z Preparing to unpack .../138-qemu-system-x86_1%3a8.2.2+ds-0ubuntu1.10_amd64.deb ...
2025-12-05T15:10:56.0779043Z Unpacking qemu-system-x86 (1:8.2.2+ds-0ubuntu1.10) ...
2025-12-05T15:10:56.3046959Z Selecting previously unselected package qemu-system-arm.
2025-12-05T15:10:56.3185840Z Preparing to unpack .../139-qemu-system-arm_1%3a8.2.2+ds-0ubuntu1.10_amd64.deb ...
2025-12-05T15:10:56.3251784Z Unpacking qemu-system-arm (1:8.2.2+ds-0ubuntu1.10) ...
2025-12-05T15:10:56.5427626Z Selecting previously unselected package qemu-utils.
2025-12-05T15:10:56.5566543Z Preparing to unpack .../140-qemu-utils_1%3a8.2.2+ds-0ubuntu1.10_amd64.deb ...
2025-12-05T15:10:56.5576255Z Unpacking qemu-utils (1:8.2.2+ds-0ubuntu1.10) ...
2025-12-05T15:10:56.6217798Z Selecting previously unselected package qemu-block-extra.
2025-12-05T15:10:56.6355156Z Preparing to unpack .../141-qemu-block-extra_1%3a8.2.2+ds-0ubuntu1.10_amd64.deb ...
2025-12-05T15:10:56.6364336Z Unpacking qemu-block-extra (1:8.2.2+ds-0ubuntu1.10) ...
2025-12-05T15:10:56.6603661Z Selecting previously unselected package qemu-system-modules-opengl.
2025-12-05T15:10:56.6740539Z Preparing to unpack .../142-qemu-system-modules-opengl_1%3a8.2.2+ds-0ubuntu1.10_amd64.deb ...
2025-12-05T15:10:56.6749762Z Unpacking qemu-system-modules-opengl (1:8.2.2+ds-0ubuntu1.10) ...
2025-12-05T15:10:56.7022066Z Selecting previously unselected package qemu-system-gui.
2025-12-05T15:10:56.7158877Z Preparing to unpack .../143-qemu-system-gui_1%3a8.2.2+ds-0ubuntu1.10_amd64.deb ...
2025-12-05T15:10:56.7168712Z Unpacking qemu-system-gui (1:8.2.2+ds-0ubuntu1.10) ...
2025-12-05T15:10:56.7434582Z Selecting previously unselected package qemu-system-modules-spice.
2025-12-05T15:10:56.7572476Z Preparing to unpack .../144-qemu-system-modules-spice_1%3a8.2.2+ds-0ubuntu1.10_amd64.deb ...
2025-12-05T15:10:56.7583051Z Unpacking qemu-system-modules-spice (1:8.2.2+ds-0ubuntu1.10) ...
2025-12-05T15:10:56.7833944Z Selecting previously unselected package swtpm.
2025-12-05T15:10:56.7969621Z Preparing to unpack .../145-swtpm_0.7.3-0ubuntu5.24.04.1_amd64.deb ...
2025-12-05T15:10:56.7978348Z Unpacking swtpm (0.7.3-0ubuntu5.24.04.1) ...
2025-12-05T15:10:56.8205974Z Selecting previously unselected package swtpm-tools.
2025-12-05T15:10:56.8342577Z Preparing to unpack .../146-swtpm-tools_0.7.3-0ubuntu5.24.04.1_amd64.deb ...
2025-12-05T15:10:56.8354413Z Unpacking swtpm-tools (0.7.3-0ubuntu5.24.04.1) ...
2025-12-05T15:10:56.8607524Z Selecting previously unselected package i965-va-driver:amd64.
2025-12-05T15:10:56.8742911Z Preparing to unpack .../147-i965-va-driver_2.4.1+dfsg1-1build2_amd64.deb ...
2025-12-05T15:10:56.8755219Z Unpacking i965-va-driver:amd64 (2.4.1+dfsg1-1build2) ...
2025-12-05T15:10:56.9028752Z Selecting previously unselected package va-driver-all:amd64.
2025-12-05T15:10:56.9167914Z Preparing to unpack .../148-va-driver-all_2.20.0-2build1_amd64.deb ...
2025-12-05T15:10:56.9176622Z Unpacking va-driver-all:amd64 (2.20.0-2build1) ...
2025-12-05T15:10:56.9403461Z Selecting previously unselected package libosinfo-l10n.
2025-12-05T15:10:56.9547768Z Preparing to unpack .../149-libosinfo-l10n_1.11.0-2build3_all.deb ...
2025-12-05T15:10:56.9557599Z Unpacking libosinfo-l10n (1.11.0-2build3) ...
2025-12-05T15:10:56.9852602Z Selecting previously unselected package libosinfo-1.0-0:amd64.
2025-12-05T15:10:56.9991016Z Preparing to unpack .../150-libosinfo-1.0-0_1.11.0-2build3_amd64.deb ...
2025-12-05T15:10:56.9999080Z Unpacking libosinfo-1.0-0:amd64 (1.11.0-2build3) ...
2025-12-05T15:10:57.0236892Z Selecting previously unselected package gir1.2-libosinfo-1.0:amd64.
2025-12-05T15:10:57.0373962Z Preparing to unpack .../151-gir1.2-libosinfo-1.0_1.11.0-2build3_amd64.deb ...
2025-12-05T15:10:57.0383696Z Unpacking gir1.2-libosinfo-1.0:amd64 (1.11.0-2build3) ...
2025-12-05T15:10:57.0610145Z Selecting previously unselected package libvirt-glib-1.0-0:amd64.
2025-12-05T15:10:57.0749541Z Preparing to unpack .../152-libvirt-glib-1.0-0_5.0.0-2build3_amd64.deb ...
2025-12-05T15:10:57.0759959Z Unpacking libvirt-glib-1.0-0:amd64 (5.0.0-2build3) ...
2025-12-05T15:10:57.1011101Z Selecting previously unselected package gir1.2-libvirt-glib-1.0:amd64.
2025-12-05T15:10:57.1147697Z Preparing to unpack .../153-gir1.2-libvirt-glib-1.0_5.0.0-2build3_amd64.deb ...
2025-12-05T15:10:57.1156963Z Unpacking gir1.2-libvirt-glib-1.0:amd64 (5.0.0-2build3) ...
2025-12-05T15:10:57.1378954Z Selecting previously unselected package xorriso.
2025-12-05T15:10:57.1517110Z Preparing to unpack .../154-xorriso_1%3a1.5.6-1.1ubuntu3_amd64.deb ...
2025-12-05T15:10:57.1525753Z Unpacking xorriso (1:1.5.6-1.1ubuntu3) ...
2025-12-05T15:10:57.1812727Z Selecting previously unselected package virtinst.
2025-12-05T15:10:57.1948974Z Preparing to unpack .../155-virtinst_1%3a4.1.0-3ubuntu0.1_all.deb ...
2025-12-05T15:10:57.1959873Z Unpacking virtinst (1:4.1.0-3ubuntu0.1) ...
2025-12-05T15:10:57.2653847Z Selecting previously unselected package virt-manager.
2025-12-05T15:10:57.2795422Z Preparing to unpack .../156-virt-manager_1%3a4.1.0-3ubuntu0.1_all.deb ...
2025-12-05T15:10:57.2803764Z Unpacking virt-manager (1:4.1.0-3ubuntu0.1) ...
2025-12-05T15:10:57.3636252Z Selecting previously unselected package virt-viewer.
2025-12-05T15:10:57.3777268Z Preparing to unpack .../157-virt-viewer_11.0-3build2_amd64.deb ...
2025-12-05T15:10:57.3786176Z Unpacking virt-viewer (11.0-3build2) ...
2025-12-05T15:10:57.4231454Z Selecting previously unselected package libnss-mymachines:amd64.
2025-12-05T15:10:57.4374058Z Preparing to unpack .../158-libnss-mymachines_255.4-1ubuntu8.11_amd64.deb ...
2025-12-05T15:10:57.4420264Z Unpacking libnss-mymachines:amd64 (255.4-1ubuntu8.11) ...
2025-12-05T15:10:57.4671787Z Selecting previously unselected package libosinfo-bin.
2025-12-05T15:10:57.4809937Z Preparing to unpack .../159-libosinfo-bin_1.11.0-2build3_amd64.deb ...
2025-12-05T15:10:57.4820246Z Unpacking libosinfo-bin (1.11.0-2build3) ...
2025-12-05T15:10:57.5085063Z Selecting previously unselected package ovmf.
2025-12-05T15:10:57.5225521Z Preparing to unpack .../160-ovmf_2024.02-2ubuntu0.7_all.deb ...
2025-12-05T15:10:57.5235242Z Unpacking ovmf (2024.02-2ubuntu0.7) ...
2025-12-05T15:10:57.5991559Z Selecting previously unselected package qemu-efi-aarch64.
2025-12-05T15:10:57.6131162Z Preparing to unpack .../161-qemu-efi-aarch64_2024.02-2ubuntu0.7_all.deb ...
2025-12-05T15:10:57.6144096Z Unpacking qemu-efi-aarch64 (2024.02-2ubuntu0.7) ...
2025-12-05T15:10:58.5328616Z Selecting previously unselected package qemu-efi-arm.
2025-12-05T15:10:58.5463773Z Preparing to unpack .../162-qemu-efi-arm_2024.02-2ubuntu0.7_all.deb ...
2025-12-05T15:10:58.5476088Z Unpacking qemu-efi-arm (2024.02-2ubuntu0.7) ...
2025-12-05T15:10:58.9610377Z Setting up libpipewire-0.3-common (1.0.5-1ubuntu3.1) ...
2025-12-05T15:10:58.9636225Z Setting up libcdparanoia0:amd64 (3.10.2+debian-14build3) ...
2025-12-05T15:10:58.9666549Z Setting up gir1.2-gstreamer-1.0:amd64 (1.24.2-1ubuntu0.1) ...
2025-12-05T15:10:58.9693693Z Setting up session-migration (0.3.9build1) ...
2025-12-05T15:10:59.1042130Z Created symlink /etc/systemd/user/graphical-session-pre.target.wants/session-migration.service → /usr/lib/systemd/user/session-migration.service.
2025-12-05T15:10:59.1042794Z 
2025-12-05T15:10:59.1071641Z Setting up libraw1394-11:amd64 (2.1.2-2build3) ...
2025-12-05T15:10:59.1102222Z Setting up libproxy1v5:amd64 (0.5.4-4build1) ...
2025-12-05T15:10:59.1126119Z Setting up axel (2.17.13-1build2) ...
2025-12-05T15:10:59.1156189Z Setting up gir1.2-freedesktop:amd64 (1.80.1-1) ...
2025-12-05T15:10:59.1185578Z Setting up libtag1v5-vanilla:amd64 (1.13.1-1build1) ...
2025-12-05T15:10:59.1211755Z Setting up python3-cairo (1.25.1-2build2) ...
2025-12-05T15:10:59.2673257Z Setting up libphodav-3.0-common (3.0-8build3) ...
2025-12-05T15:10:59.2699361Z Setting up libspeex1:amd64 (1.2.1-2ubuntu2.24.04.1) ...
2025-12-05T15:10:59.2727494Z Setting up libcaca0:amd64 (0.99.beta20-4build2) ...
2025-12-05T15:10:59.2755222Z Setting up libv4lconvert0t64:amd64 (1.26.1-4build3) ...
2025-12-05T15:10:59.2780184Z Setting up libpangoxft-1.0-0:amd64 (1.52.1+ds-1build1) ...
2025-12-05T15:10:59.2803111Z Setting up libtwolame0:amd64 (0.4.0-2build3) ...
2025-12-05T15:10:59.2829648Z Setting up libvte-2.91-common (0.76.0-1ubuntu0.1) ...
2025-12-05T15:10:59.2871768Z Setting up gir1.2-gdkpixbuf-2.0:amd64 (2.42.10+dfsg-3ubuntu3.2) ...
2025-12-05T15:10:59.2901799Z Setting up libvisual-0.4-0:amd64 (0.4.2-2build1) ...
2025-12-05T15:10:59.2926588Z Setting up gir1.2-atk-1.0:amd64 (2.52.0-1build1) ...
2025-12-05T15:10:59.2957342Z Setting up spice-client-glib-usb-acl-helper (0.42-2ubuntu2) ...
2025-12-05T15:10:59.2987872Z Setting up msr-tools (1.3-5build1) ...
2025-12-05T15:10:59.3016425Z Setting up tcl-expect:amd64 (5.45.4-3) ...
2025-12-05T15:10:59.3046828Z Setting up libwebrtc-audio-processing1:amd64 (0.3.1-0ubuntu6) ...
2025-12-05T15:10:59.3077205Z Setting up libboost-thread1.83.0:amd64 (1.83.0-2.1ubuntu3.1) ...
2025-12-05T15:10:59.3103278Z Setting up libharfbuzz-gobject0:amd64 (8.3.0-2build2) ...
2025-12-05T15:10:59.3131476Z Setting up libigdgmm12:amd64 (22.3.17+ds1-1) ...
2025-12-05T15:10:59.3159979Z Setting up libsoup-3.0-common (3.4.4-5ubuntu0.5) ...
2025-12-05T15:10:59.3184092Z Setting up dnsmasq-base (2.90-2ubuntu0.1) ...
2025-12-05T15:10:59.3502484Z Setting up libmpg123-0t64:amd64 (1.32.5-1ubuntu1.1) ...
2025-12-05T15:10:59.3531732Z Setting up libfdt1:amd64 (1.7.0-2build1) ...
2025-12-05T15:10:59.3560021Z Setting up qemu-efi-aarch64 (2024.02-2ubuntu0.7) ...
2025-12-05T15:10:59.3589210Z Setting up libvte-2.91-0:amd64 (0.76.0-1ubuntu0.1) ...
2025-12-05T15:10:59.3615722Z Setting up libayatana-ido3-0.4-0:amd64 (0.10.1-1build2) ...
2025-12-05T15:10:59.3643925Z Setting up gir1.2-harfbuzz-0.0:amd64 (8.3.0-2build2) ...
2025-12-05T15:10:59.3668182Z Setting up libnfs14:amd64 (5.0.2-1build1) ...
2025-12-05T15:10:59.3704099Z Setting up liborc-0.4-0t64:amd64 (1:0.4.38-1ubuntu0.1) ...
2025-12-05T15:10:59.3765456Z Setting up ovmf (2024.02-2ubuntu0.7) ...
2025-12-05T15:10:59.3792398Z Setting up dns-root-data (2024071801~ubuntu0.24.04.1) ...
2025-12-05T15:10:59.3816865Z Setting up python3-libxml2:amd64 (2.9.14+dfsg-1.3ubuntu3.6) ...
2025-12-05T15:10:59.5403805Z Setting up gir1.2-pango-1.0:amd64 (1.52.1+ds-1build1) ...
2025-12-05T15:10:59.5429899Z Setting up libvirt-glib-1.0-data (5.0.0-2build3) ...
2025-12-05T15:10:59.5464270Z Setting up libvirglrenderer1:amd64 (1.0.0-1ubuntu2) ...
2025-12-05T15:10:59.5492465Z Setting up libva2:amd64 (2.20.0-2build1) ...
2025-12-05T15:10:59.5522191Z Setting up libspa-0.2-modules:amd64 (1.0.5-1ubuntu3.1) ...
2025-12-05T15:10:59.5556018Z Setting up libboost-iostreams1.83.0:amd64 (1.83.0-2.1ubuntu3.1) ...
2025-12-05T15:10:59.5585956Z Setting up libopus0:amd64 (1.4-1build1) ...
2025-12-05T15:10:59.5613481Z Setting up intel-media-va-driver:amd64 (24.1.0+dfsg1-1ubuntu0.1) ...
2025-12-05T15:10:59.5644574Z Setting up libxv1:amd64 (2:1.0.11-1.1build1) ...
2025-12-05T15:10:59.5671963Z Setting up libdv4t64:amd64 (1.0.0-17.1build1) ...
2025-12-05T15:10:59.5703428Z Setting up osinfo-db (0.20250606-0ubuntu0.24.04.1) ...
2025-12-05T15:10:59.5736207Z Setting up libpcsclite1:amd64 (2.0.3-1build1) ...
2025-12-05T15:10:59.5761509Z Setting up libdaxctl1:amd64 (77-2ubuntu2) ...
2025-12-05T15:10:59.5788918Z Setting up qemu-system-data (1:8.2.2+ds-0ubuntu1.10) ...
2025-12-05T15:10:59.5825047Z Setting up seabios (1.16.3-2) ...
2025-12-05T15:10:59.5851027Z Setting up libv4l-0t64:amd64 (1.26.1-4build3) ...
2025-12-05T15:10:59.5876766Z Setting up libvirt0:amd64 (10.0.0-2ubuntu8.9) ...
2025-12-05T15:10:59.5904448Z Setting up systemd-container (255.4-1ubuntu8.11) ...
2025-12-05T15:10:59.7013473Z Created symlink /etc/systemd/system/multi-user.target.wants/machines.target → /usr/lib/systemd/system/machines.target.
2025-12-05T15:10:59.7013987Z 
2025-12-05T15:11:00.0036800Z Setting up libvpx9:amd64 (1.14.0-1ubuntu2.2) ...
2025-12-05T15:11:00.0065384Z Setting up libtag1v5:amd64 (1.13.1-1build1) ...
2025-12-05T15:11:00.0092689Z Setting up libvirt-glib-1.0-0:amd64 (5.0.0-2build3) ...
2025-12-05T15:11:00.0128439Z Setting up cpu-checker (0.7-1.3build2) ...
2025-12-05T15:11:00.0157089Z Setting up libisofs6t64:amd64 (1.5.6.pl01-1.1ubuntu2) ...
2025-12-05T15:11:00.0181581Z Setting up libasyncns0:amd64 (0.8-6build4) ...
2025-12-05T15:11:00.0207471Z Setting up libwavpack1:amd64 (5.6.0-1build1) ...
2025-12-05T15:11:00.0235385Z Setting up libusbredirparser1t64:amd64 (0.13.0-2.1build1) ...
2025-12-05T15:11:00.0267324Z Setting up ipxe-qemu (1.21.1+git-20220113.fbbdc3926-0ubuntu2) ...
2025-12-05T15:11:00.0299016Z Setting up libtheora0:amd64 (1.1.1+dfsg.1-16.1build3) ...
2025-12-05T15:11:00.0325321Z Setting up libburn4t64:amd64 (1.5.6-1.1build1) ...
2025-12-05T15:11:00.0362971Z Setting up libdecor-0-0:amd64 (0.2.2-1build2) ...
2025-12-05T15:11:00.0389673Z Setting up qemu-efi-arm (2024.02-2ubuntu0.7) ...
2025-12-05T15:11:00.0420713Z Setting up libndctl6:amd64 (77-2ubuntu2) ...
2025-12-05T15:11:00.0454632Z Setting up librdmacm1t64:amd64 (50.0-2ubuntu0.2) ...
2025-12-05T15:11:00.0512556Z Setting up ipxe-qemu-256k-compat-efi-roms (1.0.0+git-20150424.a25a16d-0ubuntu5) ...
2025-12-05T15:11:00.0539666Z Setting up libflac12t64:amd64 (1.4.3+ds-2.1ubuntu2) ...
2025-12-05T15:11:00.0572648Z Setting up libbrlapi0.8:amd64 (6.6-4ubuntu5) ...
2025-12-05T15:11:00.0596918Z Setting up libtpms0:amd64 (0.9.3-0ubuntu4.24.04.1) ...
2025-12-05T15:11:00.0646174Z Setting up mesa-va-drivers:amd64 (25.0.7-0ubuntu0.24.04.2) ...
2025-12-05T15:11:00.0673409Z Setting up glib-networking-common (2.80.0-1build1) ...
2025-12-05T15:11:00.0701518Z Setting up liburing2:amd64 (2.5-1build1) ...
2025-12-05T15:11:00.0732806Z Setting up libiscsi7:amd64 (1.19.0-3build4) ...
2025-12-05T15:11:00.0764243Z Setting up libisoburn1t64:amd64 (1:1.5.6-1.1ubuntu3) ...
2025-12-05T15:11:00.0790177Z Setting up libxml2-utils (2.9.14+dfsg-1.3ubuntu3.6) ...
2025-12-05T15:11:00.0956352Z Setting up libvirt-daemon-config-nwfilter (10.0.0-2ubuntu8.9) ...
2025-12-05T15:11:00.4733363Z Setting up xorriso (1:1.5.6-1.1ubuntu3) ...
2025-12-05T15:11:00.4758303Z Setting up libsamplerate0:amd64 (0.2.2-4build1) ...
2025-12-05T15:11:00.4788957Z Setting up libpmem1:amd64 (1.13.1-1.1ubuntu2) ...
2025-12-05T15:11:00.4814589Z Setting up libva-x11-2:amd64 (2.20.0-2build1) ...
2025-12-05T15:11:00.4838780Z Setting up libayatana-indicator3-7:amd64 (0.9.4-1build1) ...
2025-12-05T15:11:00.4865603Z Setting up python3-gi-cairo (3.48.2-1) ...
2025-12-05T15:11:00.4892546Z Setting up libgtksourceview-4-common (4.8.4-5build4) ...
2025-12-05T15:11:00.4915923Z Setting up libpipewire-0.3-0t64:amd64 (1.0.5-1ubuntu3.1) ...
2025-12-05T15:11:00.4967223Z Setting up libdecor-0-plugin-1-gtk:amd64 (0.2.2-1build2) ...
2025-12-05T15:11:00.4995344Z Setting up libmp3lame0:amd64 (3.100-6build1) ...
2025-12-05T15:11:00.5026093Z Setting up i965-va-driver:amd64 (2.4.1+dfsg1-1build2) ...
2025-12-05T15:11:00.5051929Z Setting up libosinfo-l10n (1.11.0-2build3) ...
2025-12-05T15:11:00.5082587Z Setting up libvorbisenc2:amd64 (1.3.7-1build3) ...
2025-12-05T15:11:00.5112299Z Setting up libaa1:amd64 (1.4p5-51.1) ...
2025-12-05T15:11:00.5144465Z Setting up libiec61883-0:amd64 (1.2.0-6build1) ...
2025-12-05T15:11:00.5169179Z Setting up mdevctl (1.3.0-1ubuntu2.1) ...
2025-12-05T15:11:00.5199676Z Setting up libavc1394-0:amd64 (0.5.4-5build3) ...
2025-12-05T15:11:00.5226136Z Setting up gsettings-desktop-schemas (46.1-0ubuntu1) ...
2025-12-05T15:11:00.5251364Z Setting up glib-networking-services (2.80.0-1build1) ...
2025-12-05T15:11:00.5275193Z Setting up libvirt-daemon-config-network (10.0.0-2ubuntu8.9) ...
2025-12-05T15:11:00.8206787Z Setting up librados2 (19.2.1-0ubuntu0.24.04.2) ...
2025-12-05T15:11:00.8231600Z Setting up python3-libvirt (10.0.0-1build1) ...
2025-12-05T15:11:00.9649211Z Setting up libvirt-clients (10.0.0-2ubuntu8.9) ...
2025-12-05T15:11:00.9743845Z Setting up expect (5.45.4-3) ...
2025-12-05T15:11:00.9773555Z Setting up gir1.2-libvirt-glib-1.0:amd64 (5.0.0-2build3) ...
2025-12-05T15:11:00.9803813Z Setting up gir1.2-gtk-3.0:amd64 (3.24.41-4ubuntu1.3) ...
2025-12-05T15:11:00.9828667Z Setting up libgstreamer-plugins-base1.0-0:amd64 (1.24.2-1ubuntu0.3) ...
2025-12-05T15:11:00.9858975Z Setting up libcacard0:amd64 (1:2.8.0-3build4) ...
2025-12-05T15:11:00.9886012Z Setting up libusbredirhost1t64:amd64 (0.13.0-2.1build1) ...
2025-12-05T15:11:00.9914514Z Setting up libgtksourceview-4-0:amd64 (4.8.4-5build4) ...
2025-12-05T15:11:00.9946498Z Setting up libgstreamer-plugins-good1.0-0:amd64 (1.24.2-1ubuntu1.2) ...
2025-12-05T15:11:00.9974227Z Setting up gstreamer1.0-plugins-base:amd64 (1.24.2-1ubuntu0.3) ...
2025-12-05T15:11:00.9995467Z Setting up libvirt-l10n (10.0.0-2ubuntu8.9) ...
2025-12-05T15:11:01.0073088Z Setting up libnss-mymachines:amd64 (255.4-1ubuntu8.11) ...
2025-12-05T15:11:01.0141251Z Setting up va-driver-all:amd64 (2.20.0-2build1) ...
2025-12-05T15:11:01.0170209Z Setting up libayatana-appindicator3-1 (0.5.93-1build3) ...
2025-12-05T15:11:01.0197002Z Setting up swtpm (0.7.3-0ubuntu5.24.04.1) ...
2025-12-05T15:11:01.0605764Z Setting up libshout3:amd64 (2.4.6-1build2) ...
2025-12-05T15:11:01.0631637Z Setting up libpmemobj1:amd64 (1.13.1-1.1ubuntu2) ...
2025-12-05T15:11:01.0664120Z Setting up libvirt-daemon-driver-qemu (10.0.0-2ubuntu8.9) ...
2025-12-05T15:11:01.0741282Z Setting up librbd1 (19.2.1-0ubuntu0.24.04.2) ...
2025-12-05T15:11:01.0766479Z Setting up libvirt-daemon-system-systemd (10.0.0-2ubuntu8.9) ...
2025-12-05T15:11:01.0841388Z Setting up libjack-jackd2-0:amd64 (1.9.21~dfsg-3ubuntu3) ...
2025-12-05T15:11:01.0866481Z Setting up gir1.2-vte-2.91:amd64 (0.76.0-1ubuntu0.1) ...
2025-12-05T15:11:01.0893869Z Setting up libsndfile1:amd64 (1.2.2-1ubuntu5.24.04.1) ...
2025-12-05T15:11:01.0919345Z Setting up qemu-utils (1:8.2.2+ds-0ubuntu1.10) ...
2025-12-05T15:11:01.0950240Z Setting up libvirt-daemon (10.0.0-2ubuntu8.9) ...
2025-12-05T15:11:01.1017398Z Setting up gir1.2-ayatanaappindicator3-0.1 (0.5.93-1build3) ...
2025-12-05T15:11:01.1044084Z Setting up qemu-block-extra (1:8.2.2+ds-0ubuntu1.10) ...
2025-12-05T15:11:01.2103048Z Created symlink /etc/systemd/system/multi-user.target.wants/run-qemu.mount → /usr/lib/systemd/system/run-qemu.mount.
2025-12-05T15:11:01.2103657Z 
2025-12-05T15:11:02.0941879Z Setting up gir1.2-gtksource-4:amd64 (4.8.4-5build4) ...
2025-12-05T15:11:02.0967942Z Setting up gstreamer1.0-x:amd64 (1.24.2-1ubuntu0.3) ...
2025-12-05T15:11:02.0994903Z Setting up qemu-system-common (1:8.2.2+ds-0ubuntu1.10) ...
2025-12-05T15:11:02.2082272Z Created symlink /etc/systemd/system/multi-user.target.wants/qemu-kvm.service → /usr/lib/systemd/system/qemu-kvm.service.
2025-12-05T15:11:02.2083087Z 
2025-12-05T15:11:02.5354116Z Setting up libpulse0:amd64 (1:16.1+dfsg1-2ubuntu10.1) ...
2025-12-05T15:11:02.5445549Z Setting up libspice-server1:amd64 (0.15.1-1build2) ...
2025-12-05T15:11:02.5487922Z Setting up qemu-system-x86 (1:8.2.2+ds-0ubuntu1.10) ...
2025-12-05T15:11:02.5566376Z Setting up libgvnc-1.0-0:amd64 (1.3.1-1build2) ...
2025-12-05T15:11:02.5600212Z Setting up swtpm-tools (0.7.3-0ubuntu5.24.04.1) ...
2025-12-05T15:11:02.6109353Z info: Selecting GID from range 100 to 999 ...
2025-12-05T15:11:02.6136572Z info: Adding group `swtpm' (GID 119) ...
2025-12-05T15:11:02.6608807Z info: The home dir /var/lib/swtpm you specified can't be accessed: No such file or directory
2025-12-05T15:11:02.6609405Z 
2025-12-05T15:11:02.6645551Z info: Selecting UID from range 100 to 999 ...
2025-12-05T15:11:02.6645896Z 
2025-12-05T15:11:02.6669324Z info: Adding system user `swtpm' (UID 113) ...
2025-12-05T15:11:02.6688753Z info: Adding new user `swtpm' (UID 113) with group `swtpm' ...
2025-12-05T15:11:02.6958784Z info: Not creating home directory `/var/lib/swtpm'.
2025-12-05T15:11:02.7047246Z Setting up qemu-system-arm (1:8.2.2+ds-0ubuntu1.10) ...
2025-12-05T15:11:02.7122466Z Setting up libvirt-daemon-system (10.0.0-2ubuntu8.9) ...
2025-12-05T15:11:02.9132842Z useradd warning: libvirt-qemu's uid 64055 is greater than SYS_UID_MAX 999
2025-12-05T15:11:03.2614198Z Enabling libvirt default network
2025-12-05T15:11:03.4665386Z Created symlink /etc/systemd/system/multi-user.target.wants/libvirtd.service → /usr/lib/systemd/system/libvirtd.service.
2025-12-05T15:11:03.4666036Z 
2025-12-05T15:11:03.4666830Z Created symlink /etc/systemd/system/sockets.target.wants/virtlockd.socket → /usr/lib/systemd/system/virtlockd.socket.
2025-12-05T15:11:03.4667984Z 
2025-12-05T15:11:03.4669021Z Created symlink /etc/systemd/system/sockets.target.wants/virtlogd.socket → /usr/lib/systemd/system/virtlogd.socket.
2025-12-05T15:11:03.4669853Z 
2025-12-05T15:11:03.4670703Z Created symlink /etc/systemd/system/sockets.target.wants/libvirtd.socket → /usr/lib/systemd/system/libvirtd.socket.
2025-12-05T15:11:03.4671884Z 
2025-12-05T15:11:03.4673077Z Created symlink /etc/systemd/system/sockets.target.wants/libvirtd-ro.socket → /usr/lib/systemd/system/libvirtd-ro.socket.
2025-12-05T15:11:03.4674005Z 
2025-12-05T15:11:03.4675006Z Created symlink /etc/systemd/system/sockets.target.wants/libvirtd-admin.socket → /usr/lib/systemd/system/libvirtd-admin.socket.
2025-12-05T15:11:03.4675947Z 
2025-12-05T15:11:03.4676948Z Created symlink /etc/systemd/system/sockets.target.wants/virtlockd-admin.socket → /usr/lib/systemd/system/virtlockd-admin.socket.
2025-12-05T15:11:03.4677802Z 
2025-12-05T15:11:03.4678659Z Created symlink /etc/systemd/system/sockets.target.wants/virtlogd-admin.socket → /usr/lib/systemd/system/virtlogd-admin.socket.
2025-12-05T15:11:03.4679518Z 
2025-12-05T15:11:03.9595896Z Created symlink /etc/systemd/system/multi-user.target.wants/libvirt-guests.service → /usr/lib/systemd/system/libvirt-guests.service.
2025-12-05T15:11:03.9596828Z 
2025-12-05T15:11:04.5086586Z Created symlink /etc/systemd/system/multi-user.target.wants/virtlockd.service → /usr/lib/systemd/system/virtlockd.service.
2025-12-05T15:11:04.5087157Z 
2025-12-05T15:11:04.8210280Z Created symlink /etc/systemd/system/multi-user.target.wants/virtlogd.service → /usr/lib/systemd/system/virtlogd.service.
2025-12-05T15:11:04.8211101Z 
2025-12-05T15:11:05.3851665Z Setting up libvirt-daemon dnsmasq configuration.
2025-12-05T15:11:05.4197621Z Setting up libsdl2-2.0-0:amd64 (2.30.0+dfsg-1ubuntu3.1) ...
2025-12-05T15:11:05.4223721Z Setting up libgtk-vnc-2.0-0:amd64 (1.3.1-1build2) ...
2025-12-05T15:11:05.4250314Z Setting up qemu-system-modules-opengl (1:8.2.2+ds-0ubuntu1.10) ...
2025-12-05T15:11:05.4277378Z Setting up qemu-system-gui (1:8.2.2+ds-0ubuntu1.10) ...
2025-12-05T15:11:05.4303140Z Setting up gir1.2-gtk-vnc-2.0:amd64 (1.3.1-1build2) ...
2025-12-05T15:11:05.4331933Z Setting up qemu-system-modules-spice (1:8.2.2+ds-0ubuntu1.10) ...
2025-12-05T15:11:05.4649792Z Processing triggers for dbus (1.14.10-4ubuntu4.1) ...
2025-12-05T15:11:05.4766755Z Processing triggers for shared-mime-info (2.4-4) ...
2025-12-05T15:11:06.4276444Z Processing triggers for install-info (7.1-3build2) ...
2025-12-05T15:11:06.6746045Z Processing triggers for hicolor-icon-theme (0.17-2) ...
2025-12-05T15:11:07.1213818Z Processing triggers for libc-bin (2.39-0ubuntu8.6) ...
2025-12-05T15:11:08.6867361Z Processing triggers for man-db (2.12.0-4build2) ...
2025-12-05T15:11:08.6891260Z Not building database; man-db/auto-update is not 'true'.
2025-12-05T15:11:08.6911695Z Processing triggers for libglib2.0-0t64:amd64 (2.80.0-6ubuntu3.4) ...
2025-12-05T15:11:08.7296034Z Setting up glib-networking:amd64 (2.80.0-1build1) ...
2025-12-05T15:11:08.7483520Z Setting up libsoup-3.0-0:amd64 (3.4.4-5ubuntu0.5) ...
2025-12-05T15:11:08.7528368Z Setting up libphodav-3.0-0:amd64 (3.0-8build3) ...
2025-12-05T15:11:08.7577933Z Setting up libosinfo-1.0-0:amd64 (1.11.0-2build3) ...
2025-12-05T15:11:08.7664698Z Setting up gir1.2-libosinfo-1.0:amd64 (1.11.0-2build3) ...
2025-12-05T15:11:08.7698926Z Setting up libspice-client-glib-2.0-8:amd64 (0.42-2ubuntu2) ...
2025-12-05T15:11:08.7733319Z Setting up virtinst (1:4.1.0-3ubuntu0.1) ...
2025-12-05T15:11:09.0042424Z Setting up gir1.2-spiceclientglib-2.0:amd64 (0.42-2ubuntu2) ...
2025-12-05T15:11:09.0078293Z Setting up gstreamer1.0-plugins-good:amd64 (1.24.2-1ubuntu1.2) ...
2025-12-05T15:11:09.0111406Z Setting up libosinfo-bin (1.11.0-2build3) ...
2025-12-05T15:11:09.0156646Z Setting up virt-manager (1:4.1.0-3ubuntu0.1) ...
2025-12-05T15:11:09.2836059Z Setting up libspice-client-gtk-3.0-5:amd64 (0.42-2ubuntu2) ...
2025-12-05T15:11:09.2873665Z Setting up gir1.2-spiceclientgtk-3.0:amd64 (0.42-2ubuntu2) ...
2025-12-05T15:11:09.2910604Z Setting up virt-viewer (11.0-3build2) ...
2025-12-05T15:11:09.2939967Z Processing triggers for libc-bin (2.39-0ubuntu8.6) ...
2025-12-05T15:11:09.9697397Z 
2025-12-05T15:11:09.9697906Z Running kernel seems to be up-to-date.
2025-12-05T15:11:09.9698366Z 
2025-12-05T15:11:09.9698540Z No services need to be restarted.
2025-12-05T15:11:09.9698846Z 
2025-12-05T15:11:09.9699328Z No containers need to be restarted.
2025-12-05T15:11:09.9699597Z 
2025-12-05T15:11:09.9699779Z No user sessions are running outdated binaries.
2025-12-05T15:11:09.9700121Z 
2025-12-05T15:11:09.9700401Z No VM guests are running outdated hypervisor (qemu) binaries on this host.
2025-12-05T15:11:10.9785878Z Downloading https://github.com/vmactions/openbsd-builder/releases/download/v1.1.2/openbsd-7.4.qcow2.zst
2025-12-05T15:11:15.6974384Z Checking https://github.com/vmactions/openbsd-builder/releases/download/v1.1.2/openbsd-7.4.qcow2.zst.1
2025-12-05T15:11:15.9584359Z break
2025-12-05T15:11:15.9600294Z total 1.3G
2025-12-05T15:11:15.9600717Z drwxr-xr-x 6 runner runner 4.0K Dec  5 15:11 .
2025-12-05T15:11:15.9601490Z drwxr-xr-x 3 runner runner 4.0K Dec  5 15:10 ..
2025-12-05T15:11:15.9601997Z drwxr-xr-x 5 runner runner 4.0K Dec  5 15:10 .github
2025-12-05T15:11:15.9602509Z -rw-r--r-- 1 runner runner 1.1K Nov 30 07:44 LICENSE
2025-12-05T15:11:15.9603037Z -rw-r--r-- 1 runner runner 5.8K Nov 30 07:44 README.md
2025-12-05T15:11:15.9603565Z -rw-r--r-- 1 runner runner 1.2K Nov 30 07:44 action.yml
2025-12-05T15:11:15.9604052Z drwxr-xr-x 2 runner runner 4.0K Dec  5 15:10 conf
2025-12-05T15:11:15.9604551Z drwxr-xr-x 2 runner runner 4.0K Dec  5 15:10 hooks
2025-12-05T15:11:15.9604978Z -rw-r--r-- 1 runner runner 5.4K Nov 30 07:44 index.js
2025-12-05T15:11:15.9605314Z drwxr-xr-x 6 runner runner 4.0K Dec  5 15:10 node_modules
2025-12-05T15:11:15.9605657Z -rw-r--r-- 1 runner runner  521 Dec  5 15:10 openbsd-7.4.conf
2025-12-05T15:11:15.9606022Z -rw-r--r-- 1 runner runner 1.3G Dec  5 15:11 openbsd-7.4.qcow2.zst
2025-12-05T15:11:15.9606503Z -rw-r--r-- 1 runner runner 3.9K Nov 30 07:44 package-lock.json
2025-12-05T15:11:15.9606845Z -rw-r--r-- 1 runner runner  543 Nov 30 07:44 package.json
2025-12-05T15:11:15.9607164Z -rw-r--r-- 1 runner runner 9.4K Nov 30 07:44 run.sh
2025-12-05T15:11:15.9607453Z -rw-r--r-- 1 runner runner  21K Dec  5 15:10 vbox.sh
2025-12-05T15:11:15.9607734Z Download finished, extracting
2025-12-05T15:11:21.1788453Z openbsd-7.4.qcow2.zst: 3074686976 bytes 
2025-12-05T15:11:21.4732529Z Extract finished
2025-12-05T15:11:21.4748113Z total 2.9G
2025-12-05T15:11:21.4748784Z drwxr-xr-x 6 runner runner 4.0K Dec  5 15:11 .
2025-12-05T15:11:21.4749309Z drwxr-xr-x 3 runner runner 4.0K Dec  5 15:10 ..
2025-12-05T15:11:21.4749833Z drwxr-xr-x 5 runner runner 4.0K Dec  5 15:10 .github
2025-12-05T15:11:21.4750370Z -rw-r--r-- 1 runner runner 1.1K Nov 30 07:44 LICENSE
2025-12-05T15:11:21.4751090Z -rw-r--r-- 1 runner runner 5.8K Nov 30 07:44 README.md
2025-12-05T15:11:21.4751606Z -rw-r--r-- 1 runner runner 1.2K Nov 30 07:44 action.yml
2025-12-05T15:11:21.4752122Z drwxr-xr-x 2 runner runner 4.0K Dec  5 15:10 conf
2025-12-05T15:11:21.4752656Z drwxr-xr-x 2 runner runner 4.0K Dec  5 15:10 hooks
2025-12-05T15:11:21.4753149Z -rw-r--r-- 1 runner runner 5.4K Nov 30 07:44 index.js
2025-12-05T15:11:21.4753674Z drwxr-xr-x 6 runner runner 4.0K Dec  5 15:10 node_modules
2025-12-05T15:11:21.4754233Z -rw-r--r-- 1 runner runner  521 Dec  5 15:10 openbsd-7.4.conf
2025-12-05T15:11:21.4754719Z -rw-r--r-- 1 runner runner 2.9G Dec  5 15:11 openbsd-7.4.qcow2
2025-12-05T15:11:21.4755288Z -rw-r--r-- 1 runner runner 3.9K Nov 30 07:44 package-lock.json
2025-12-05T15:11:21.4755851Z -rw-r--r-- 1 runner runner  543 Nov 30 07:44 package.json
2025-12-05T15:11:21.4756364Z -rw-r--r-- 1 runner runner 9.4K Nov 30 07:44 run.sh
2025-12-05T15:11:21.4756876Z -rw-r--r-- 1 runner runner  21K Dec  5 15:10 vbox.sh
2025-12-05T15:11:21.4757857Z Downloading https://github.com/vmactions/openbsd-builder/releases/download/v1.1.2/openbsd-7.4-id_rsa.pub
2025-12-05T15:11:21.9888668Z Downloading https://github.com/vmactions/openbsd-builder/releases/download/v1.1.2/openbsd-7.4-host.id_rsa
2025-12-05T15:11:22.4476008Z total 2.9G
2025-12-05T15:11:22.4476503Z drwxr-xr-x 6 runner runner 4.0K Dec  5 15:11 .
2025-12-05T15:11:22.4477102Z drwxr-xr-x 3 runner runner 4.0K Dec  5 15:10 ..
2025-12-05T15:11:22.4477623Z drwxr-xr-x 5 runner runner 4.0K Dec  5 15:10 .github
2025-12-05T15:11:22.4478257Z -rw-r--r-- 1 runner runner 1.1K Nov 30 07:44 LICENSE
2025-12-05T15:11:22.4478646Z -rw-r--r-- 1 runner runner 5.8K Nov 30 07:44 README.md
2025-12-05T15:11:22.4479024Z -rw-r--r-- 1 runner runner 1.2K Nov 30 07:44 action.yml
2025-12-05T15:11:22.4479403Z drwxr-xr-x 2 runner runner 4.0K Dec  5 15:10 conf
2025-12-05T15:11:22.4479768Z drwxr-xr-x 2 runner runner 4.0K Dec  5 15:10 hooks
2025-12-05T15:11:22.4480152Z -rw-r--r-- 1 runner runner  411 Apr  6  2025 host.id_rsa
2025-12-05T15:11:22.4480537Z -rw-r--r-- 1 runner runner  576 Apr  6  2025 id_rsa.pub
2025-12-05T15:11:22.4481119Z -rw-r--r-- 1 runner runner 5.4K Nov 30 07:44 index.js
2025-12-05T15:11:22.4481515Z drwxr-xr-x 6 runner runner 4.0K Dec  5 15:10 node_modules
2025-12-05T15:11:22.4481948Z -rw-r--r-- 1 runner runner  521 Dec  5 15:10 openbsd-7.4.conf
2025-12-05T15:11:22.4482384Z -rw-r--r-- 1 runner runner 2.9G Dec  5 15:11 openbsd-7.4.qcow2
2025-12-05T15:11:22.4482815Z -rw-r--r-- 1 runner runner 3.9K Nov 30 07:44 package-lock.json
2025-12-05T15:11:22.4483237Z -rw-r--r-- 1 runner runner  543 Nov 30 07:44 package.json
2025-12-05T15:11:22.4483614Z -rw-r--r-- 1 runner runner 9.4K Nov 30 07:44 run.sh
2025-12-05T15:11:22.4483973Z -rw-r--r-- 1 runner runner  21K Dec  5 15:10 vbox.sh
2025-12-05T15:11:26.0142951Z 
2025-12-05T15:11:26.0143401Z Starting install...
2025-12-05T15:11:26.0143669Z 
2025-12-05T15:11:26.0143944Z Creating domain...                                          |    0 B  00:00     
2025-12-05T15:11:26.0149582Z Domain creation completed.
2025-12-05T15:11:26.0765336Z Domain 'openbsd' is being shutdown
2025-12-05T15:11:26.0766011Z 
2025-12-05T15:11:26.3914397Z Domain 'openbsd' destroyed
2025-12-05T15:11:26.3914743Z 
2025-12-05T15:11:26.3961731Z ##[endgroup]
2025-12-05T15:11:26.3962372Z ##[group]Run onBeforeStartVM
2025-12-05T15:11:26.3962798Z exec shell: bash run.sh onBeforeStartVM 
2025-12-05T15:11:26.3973282Z [command]/usr/bin/bash
2025-12-05T15:11:26.4024127Z VM_RELEASE=7.4
2025-12-05T15:11:26.4024562Z VM_ARCH=
2025-12-05T15:11:26.4024978Z VM conf=7.4
2025-12-05T15:11:26.4026139Z CONF_LINK=https://raw.githubusercontent.com/vmactions/openbsd-builder/v1.1.2/conf/openbsd-7.4.conf
2025-12-05T15:11:26.4048373Z Builder conf: openbsd-7.4.conf
2025-12-05T15:11:26.4101757Z Skip hooks/onBeforeStartVM.sh
2025-12-05T15:11:26.4108380Z ##[endgroup]
2025-12-05T15:11:26.4108926Z ##[group]Run startVM
2025-12-05T15:11:26.4109258Z exec shell: bash run.sh startVM 
2025-12-05T15:11:26.4124951Z [command]/usr/bin/bash
2025-12-05T15:11:26.4172041Z VM_RELEASE=7.4
2025-12-05T15:11:26.4172504Z VM_ARCH=
2025-12-05T15:11:26.4172925Z VM conf=7.4
2025-12-05T15:11:26.4174041Z CONF_LINK=https://raw.githubusercontent.com/vmactions/openbsd-builder/v1.1.2/conf/openbsd-7.4.conf
2025-12-05T15:11:26.4196055Z Builder conf: openbsd-7.4.conf
2025-12-05T15:11:27.3458956Z Domain 'openbsd' started
2025-12-05T15:11:27.3459294Z 
2025-12-05T15:11:27.3506006Z First boot
2025-12-05T15:11:27.3506486Z exec shell: bash run.sh waitForVMReady
2025-12-05T15:11:27.3523375Z [command]/usr/bin/bash
2025-12-05T15:11:27.3580676Z VM_RELEASE=7.4
2025-12-05T15:11:27.3581593Z VM_ARCH=
2025-12-05T15:11:27.3581999Z VM conf=7.4
2025-12-05T15:11:27.3583561Z CONF_LINK=https://raw.githubusercontent.com/vmactions/openbsd-builder/v1.1.2/conf/openbsd-7.4.conf
2025-12-05T15:11:27.3612646Z Builder conf: openbsd-7.4.conf
2025-12-05T15:11:27.3741646Z VM is booting
2025-12-05T15:11:29.4017446Z 
2025-12-05T15:11:29.4049494Z VM is booting
2025-12-05T15:11:31.4266198Z 
2025-12-05T15:11:31.4290645Z VM is booting
2025-12-05T15:11:33.4485433Z 
2025-12-05T15:11:33.4514035Z VM is booting
2025-12-05T15:11:35.4812857Z 
2025-12-05T15:11:35.4836119Z VM is booting
2025-12-05T15:11:37.5156334Z 
2025-12-05T15:11:37.5217852Z VM is booting
2025-12-05T15:11:39.5610375Z 
2025-12-05T15:11:39.5648388Z VM is booting
2025-12-05T15:11:41.6018341Z 
2025-12-05T15:11:41.6072298Z VM is booting
2025-12-05T15:11:43.6401064Z 
2025-12-05T15:11:43.6458651Z VM is booting
2025-12-05T15:11:45.6864614Z 
2025-12-05T15:11:45.6911956Z VM is booting
2025-12-05T15:11:47.7264330Z 
2025-12-05T15:11:47.7339910Z VM is booting
2025-12-05T15:11:49.7694412Z 
2025-12-05T15:11:49.7736587Z VM is booting
2025-12-05T15:11:51.8127184Z 
2025-12-05T15:11:51.8179220Z VM is booting
2025-12-05T15:11:53.8531903Z 
2025-12-05T15:11:53.8562505Z VM is booting
2025-12-05T15:11:55.8785835Z 
2025-12-05T15:11:55.8808780Z VM is booting
2025-12-05T15:11:57.9086046Z 
2025-12-05T15:11:57.9123223Z VM is booting
2025-12-05T15:11:59.9349422Z 
2025-12-05T15:11:59.9385325Z VM is booting
2025-12-05T15:12:01.9661506Z 
2025-12-05T15:12:01.9699524Z VM is booting
2025-12-05T15:12:03.9969529Z 
2025-12-05T15:12:03.9999180Z VM is booting
2025-12-05T15:12:06.0277964Z 
2025-12-05T15:12:06.0340682Z VM is booting
2025-12-05T15:12:08.0619904Z 
2025-12-05T15:12:08.0671906Z VM is booting
2025-12-05T15:12:10.0967183Z 
2025-12-05T15:12:10.1003934Z VM is ready!
2025-12-05T15:12:10.1032216Z 192.168.122.157
2025-12-05T15:12:10.1052011Z ##[endgroup]
2025-12-05T15:12:10.1059076Z ##[group]Run onStarted in VM
2025-12-05T15:12:10.1060235Z exec shell: bash run.sh onStarted
2025-12-05T15:12:10.1120393Z [command]/usr/bin/bash
2025-12-05T15:12:10.1214050Z VM_RELEASE=7.4
2025-12-05T15:12:10.1214701Z VM_ARCH=
2025-12-05T15:12:10.1252545Z VM conf=7.4
2025-12-05T15:12:10.1253618Z CONF_LINK=https://raw.githubusercontent.com/vmactions/openbsd-builder/v1.1.2/conf/openbsd-7.4.conf
2025-12-05T15:12:10.1298537Z Builder conf: openbsd-7.4.conf
2025-12-05T15:12:10.1961004Z read ip from rebooted: 192.168.122.157::endgroup::
2025-12-05T15:12:10.1964438Z ##[group]Initialize files in VM
2025-12-05T15:12:10.1964807Z Setting up VM
2025-12-05T15:12:10.1965250Z exec ssh: mkdir -p /home/runner/work && ln -s /home/runner/work/  work
2025-12-05T15:12:10.2007327Z [command]/usr/bin/bash /home/runner/work/_actions/vmactions/openbsd-vm/v1/run.sh execSSH
2025-12-05T15:12:10.2108516Z VM_RELEASE=7.4
2025-12-05T15:12:10.2109158Z VM_ARCH=
2025-12-05T15:12:10.2109448Z VM conf=7.4
2025-12-05T15:12:10.2120261Z CONF_LINK=https://raw.githubusercontent.com/vmactions/openbsd-builder/v1.1.2/conf/openbsd-7.4.conf
2025-12-05T15:12:10.2151342Z Builder conf: openbsd-7.4.conf
2025-12-05T15:12:10.2635359Z Pseudo-terminal will not be allocated because stdin is not a terminal.
2025-12-05T15:12:10.5043981Z Warning: Permanently added '192.168.122.157' (ED25519) to the list of known hosts.
2025-12-05T15:12:10.8531804Z exec shell: bash run.sh installRsyncInVM
2025-12-05T15:12:10.8548916Z [command]/usr/bin/bash
2025-12-05T15:12:10.8663414Z VM_RELEASE=7.4
2025-12-05T15:12:10.8667988Z VM_ARCH=
2025-12-05T15:12:10.8671480Z VM conf=7.4
2025-12-05T15:12:10.8674193Z CONF_LINK=https://raw.githubusercontent.com/vmactions/openbsd-builder/v1.1.2/conf/openbsd-7.4.conf
2025-12-05T15:12:10.8706940Z Builder conf: openbsd-7.4.conf
2025-12-05T15:12:12.7523429Z /usr/local/bin/rsync
2025-12-05T15:12:12.7563337Z exec shell: bash run.sh rsyncToVM
2025-12-05T15:12:12.7582305Z [command]/usr/bin/bash
2025-12-05T15:12:12.7646954Z VM_RELEASE=7.4
2025-12-05T15:12:12.7647663Z VM_ARCH=
2025-12-05T15:12:12.7647952Z VM conf=7.4
2025-12-05T15:12:12.7650526Z CONF_LINK=https://raw.githubusercontent.com/vmactions/openbsd-builder/v1.1.2/conf/openbsd-7.4.conf
2025-12-05T15:12:12.7674310Z Builder conf: openbsd-7.4.conf
2025-12-05T15:12:13.2290353Z sending incremental file list
2025-12-05T15:12:13.2356113Z ./
2025-12-05T15:12:13.2995048Z _temp/
2025-12-05T15:12:13.3003327Z _temp/_github_workflow/
2025-12-05T15:12:13.3003839Z _temp/_github_workflow/event.json
2025-12-05T15:12:13.3004263Z _temp/_runner_file_commands/
2025-12-05T15:12:13.3004813Z _temp/_runner_file_commands/add_path_780938d0-bec6-4bd9-b802-f48caefb72ae
2025-12-05T15:12:13.3006031Z _temp/_runner_file_commands/add_path_97221b93-e227-4357-b765-dc5146c193b5
2025-12-05T15:12:13.3008518Z _temp/_runner_file_commands/save_state_780938d0-bec6-4bd9-b802-f48caefb72ae
2025-12-05T15:12:13.3009325Z _temp/_runner_file_commands/save_state_97221b93-e227-4357-b765-dc5146c193b5
2025-12-05T15:12:13.3010104Z _temp/_runner_file_commands/set_env_780938d0-bec6-4bd9-b802-f48caefb72ae
2025-12-05T15:12:13.3011335Z _temp/_runner_file_commands/set_env_97221b93-e227-4357-b765-dc5146c193b5
2025-12-05T15:12:13.3012195Z _temp/_runner_file_commands/set_output_780938d0-bec6-4bd9-b802-f48caefb72ae
2025-12-05T15:12:13.3012977Z _temp/_runner_file_commands/set_output_97221b93-e227-4357-b765-dc5146c193b5
2025-12-05T15:12:13.3013729Z _temp/_runner_file_commands/step_summary_780938d0-bec6-4bd9-b802-f48caefb72ae
2025-12-05T15:12:13.3014507Z _temp/_runner_file_commands/step_summary_97221b93-e227-4357-b765-dc5146c193b5
2025-12-05T15:12:13.3015110Z tidesdb/
2025-12-05T15:12:13.3015404Z tidesdb/tidesdb/
2025-12-05T15:12:13.3015736Z tidesdb/tidesdb/.clang-format
2025-12-05T15:12:13.3016147Z tidesdb/tidesdb/.gitignore
2025-12-05T15:12:13.3016578Z tidesdb/tidesdb/CMakeLists.txt
2025-12-05T15:12:13.3016817Z tidesdb/tidesdb/CODE_OF_CONDUCT.md
2025-12-05T15:12:13.3017059Z tidesdb/tidesdb/CONTRIBUTING.md
2025-12-05T15:12:13.3017268Z tidesdb/tidesdb/LICENSE
2025-12-05T15:12:13.3017464Z tidesdb/tidesdb/README.md
2025-12-05T15:12:13.3017678Z tidesdb/tidesdb/SECURITY.md
2025-12-05T15:12:13.3017899Z tidesdb/tidesdb/code_formatter.ps1
2025-12-05T15:12:13.3018134Z tidesdb/tidesdb/code_formatter.sh
2025-12-05T15:12:13.3018476Z tidesdb/tidesdb/vcpkg.json
2025-12-05T15:12:13.3018854Z tidesdb/tidesdb/.git/
2025-12-05T15:12:13.3019218Z tidesdb/tidesdb/.git/FETCH_HEAD
2025-12-05T15:12:13.3019603Z tidesdb/tidesdb/.git/HEAD
2025-12-05T15:12:13.3019955Z tidesdb/tidesdb/.git/config
2025-12-05T15:12:13.3020354Z tidesdb/tidesdb/.git/config.worktree
2025-12-05T15:12:13.3020792Z tidesdb/tidesdb/.git/description
2025-12-05T15:12:13.3021428Z tidesdb/tidesdb/.git/index
2025-12-05T15:12:13.3021790Z tidesdb/tidesdb/.git/shallow
2025-12-05T15:12:13.3022173Z tidesdb/tidesdb/.git/hooks/
2025-12-05T15:12:13.3022611Z tidesdb/tidesdb/.git/hooks/applypatch-msg.sample
2025-12-05T15:12:13.3023160Z tidesdb/tidesdb/.git/hooks/commit-msg.sample
2025-12-05T15:12:13.3023718Z tidesdb/tidesdb/.git/hooks/fsmonitor-watchman.sample
2025-12-05T15:12:13.3024271Z tidesdb/tidesdb/.git/hooks/post-update.sample
2025-12-05T15:12:13.3024776Z tidesdb/tidesdb/.git/hooks/pre-applypatch.sample
2025-12-05T15:12:13.3025262Z tidesdb/tidesdb/.git/hooks/pre-commit.sample
2025-12-05T15:12:13.3025759Z tidesdb/tidesdb/.git/hooks/pre-merge-commit.sample
2025-12-05T15:12:13.3026268Z tidesdb/tidesdb/.git/hooks/pre-push.sample
2025-12-05T15:12:13.3026738Z tidesdb/tidesdb/.git/hooks/pre-rebase.sample
2025-12-05T15:12:13.3027203Z tidesdb/tidesdb/.git/hooks/pre-receive.sample
2025-12-05T15:12:13.3027724Z tidesdb/tidesdb/.git/hooks/prepare-commit-msg.sample
2025-12-05T15:12:13.3028267Z tidesdb/tidesdb/.git/hooks/push-to-checkout.sample
2025-12-05T15:12:13.3028581Z tidesdb/tidesdb/.git/hooks/sendemail-validate.sample
2025-12-05T15:12:13.3028877Z tidesdb/tidesdb/.git/hooks/update.sample
2025-12-05T15:12:13.3029115Z tidesdb/tidesdb/.git/info/
2025-12-05T15:12:13.3029324Z tidesdb/tidesdb/.git/info/exclude
2025-12-05T15:12:13.3029542Z tidesdb/tidesdb/.git/logs/
2025-12-05T15:12:13.3029788Z tidesdb/tidesdb/.git/logs/HEAD
2025-12-05T15:12:13.3030003Z tidesdb/tidesdb/.git/logs/refs/
2025-12-05T15:12:13.3030397Z tidesdb/tidesdb/.git/logs/refs/remotes/
2025-12-05T15:12:13.3030716Z tidesdb/tidesdb/.git/logs/refs/remotes/pull/
2025-12-05T15:12:13.3031330Z tidesdb/tidesdb/.git/logs/refs/remotes/pull/469/
2025-12-05T15:12:13.3031863Z tidesdb/tidesdb/.git/logs/refs/remotes/pull/469/merge
2025-12-05T15:12:13.3032350Z tidesdb/tidesdb/.git/objects/
2025-12-05T15:12:13.3032724Z tidesdb/tidesdb/.git/objects/01/
2025-12-05T15:12:13.3033260Z tidesdb/tidesdb/.git/objects/01/c6a8779517e6a086b23d4a16aa8a213ea483e2
2025-12-05T15:12:13.3033881Z tidesdb/tidesdb/.git/objects/04/
2025-12-05T15:12:13.3034683Z tidesdb/tidesdb/.git/objects/04/16cd68029bce3c086fafc17981fb19ffaebff6
2025-12-05T15:12:13.3035023Z tidesdb/tidesdb/.git/objects/07/
2025-12-05T15:12:13.3035339Z tidesdb/tidesdb/.git/objects/07/aa7f48f0cdd1afc1d267fbd0c4fb0b1f3577c8
2025-12-05T15:12:13.3035914Z tidesdb/tidesdb/.git/objects/08/
2025-12-05T15:12:13.3036708Z tidesdb/tidesdb/.git/objects/08/333cf0e1dcb2f81629b6d1b4c3773bbf3f3e6c
2025-12-05T15:12:13.3037359Z tidesdb/tidesdb/.git/objects/0c/
2025-12-05T15:12:13.3037944Z tidesdb/tidesdb/.git/objects/0c/e43d6b20c419bffe61089c429345d52b87ca65
2025-12-05T15:12:13.3038557Z tidesdb/tidesdb/.git/objects/17/
2025-12-05T15:12:13.3039152Z tidesdb/tidesdb/.git/objects/17/0b48fd6106fc87c6df15a1a61686aad312a622
2025-12-05T15:12:13.3039573Z tidesdb/tidesdb/.git/objects/18/
2025-12-05T15:12:13.3039887Z tidesdb/tidesdb/.git/objects/18/b6b1a3d079a8f130b0926ad453c78618776fde
2025-12-05T15:12:13.3040319Z tidesdb/tidesdb/.git/objects/18/e5d4c1e5eefe5b606d623ea7c86adfad1f07a0
2025-12-05T15:12:13.3041129Z tidesdb/tidesdb/.git/objects/1b/
2025-12-05T15:12:13.3041731Z tidesdb/tidesdb/.git/objects/1b/8439b07e328c706bf252c7b0a45a3825ddd321
2025-12-05T15:12:13.3042311Z tidesdb/tidesdb/.git/objects/1d/
2025-12-05T15:12:13.3042801Z tidesdb/tidesdb/.git/objects/1d/a7fe462c077cd859fcf70bd4a7b98901aac5e3
2025-12-05T15:12:13.3043444Z tidesdb/tidesdb/.git/objects/21/
2025-12-05T15:12:13.3044058Z tidesdb/tidesdb/.git/objects/21/3e1ac70da70820e7d2c305bdd6a6050fb98778
2025-12-05T15:12:13.3044706Z tidesdb/tidesdb/.git/objects/26/
2025-12-05T15:12:13.3045281Z tidesdb/tidesdb/.git/objects/26/77993ebf4386e9b59254ed4c958594095373d2
2025-12-05T15:12:13.3046023Z tidesdb/tidesdb/.git/objects/26/a3901460627ff680777917962b6df62b8559d7
2025-12-05T15:12:13.3046714Z tidesdb/tidesdb/.git/objects/26/e622aa5682d5982795310193506038372bcf7f
2025-12-05T15:12:13.3047247Z tidesdb/tidesdb/.git/objects/31/
2025-12-05T15:12:13.3047842Z tidesdb/tidesdb/.git/objects/31/d40e7112add6f843e807314c0c929946401163
2025-12-05T15:12:13.3048365Z tidesdb/tidesdb/.git/objects/32/
2025-12-05T15:12:13.3048884Z tidesdb/tidesdb/.git/objects/32/b9d1f21734768c2340600926da5ff4ddee018a
2025-12-05T15:12:13.3049517Z tidesdb/tidesdb/.git/objects/35/
2025-12-05T15:12:13.3050087Z tidesdb/tidesdb/.git/objects/35/38d6278c8e60b868259115babb87a9bf19e645
2025-12-05T15:12:13.3050700Z tidesdb/tidesdb/.git/objects/39/
2025-12-05T15:12:13.3051432Z tidesdb/tidesdb/.git/objects/39/b97b2fa18caf00fb1b6ceff7fd525d3397ffb6
2025-12-05T15:12:13.3052029Z tidesdb/tidesdb/.git/objects/3b/
2025-12-05T15:12:13.3052600Z tidesdb/tidesdb/.git/objects/3b/24c4f5744bb309086f14a156f0169e2f53c177
2025-12-05T15:12:13.3053338Z tidesdb/tidesdb/.git/objects/3b/f900b5e92fb25345ee453f15fe7659e0f846f8
2025-12-05T15:12:13.3053848Z tidesdb/tidesdb/.git/objects/3e/
2025-12-05T15:12:13.3054384Z tidesdb/tidesdb/.git/objects/3e/38a39184f9cea721c093bcc0f1b5b953ad80b5
2025-12-05T15:12:13.3054893Z tidesdb/tidesdb/.git/objects/42/
2025-12-05T15:12:13.3055465Z tidesdb/tidesdb/.git/objects/42/05fe68e4e37b6b6033925b9462050ca98de64f
2025-12-05T15:12:13.3056101Z tidesdb/tidesdb/.git/objects/4f/
2025-12-05T15:12:13.3056671Z tidesdb/tidesdb/.git/objects/4f/a96cb2da22e3cf136131e162ee4b057c84101c
2025-12-05T15:12:13.3057204Z tidesdb/tidesdb/.git/objects/57/
2025-12-05T15:12:13.3057710Z tidesdb/tidesdb/.git/objects/57/22bd6dc2ef97a07589030cb422a970d5ca36a3
2025-12-05T15:12:13.3058383Z tidesdb/tidesdb/.git/objects/58/
2025-12-05T15:12:13.3058927Z tidesdb/tidesdb/.git/objects/58/e487414f64b51c148fd703f8d57c89f3b6d0ac
2025-12-05T15:12:13.3059546Z tidesdb/tidesdb/.git/objects/63/
2025-12-05T15:12:13.3060124Z tidesdb/tidesdb/.git/objects/63/dcfe3797a10bc50c821ecbf5e439d965916047
2025-12-05T15:12:13.3060701Z tidesdb/tidesdb/.git/objects/64/
2025-12-05T15:12:13.3061443Z tidesdb/tidesdb/.git/objects/64/f65bcf7bb758415b0b618c93d279527b738133
2025-12-05T15:12:13.3062072Z tidesdb/tidesdb/.git/objects/6e/
2025-12-05T15:12:13.3062597Z tidesdb/tidesdb/.git/objects/6e/165951159141c5614a123f3fd0a7fd2f2441a5
2025-12-05T15:12:13.3063599Z tidesdb/tidesdb/.git/objects/72/
2025-12-05T15:12:13.3064342Z tidesdb/tidesdb/.git/objects/72/827e87abbc79de481177308d6b91b254703a45
2025-12-05T15:12:13.3064866Z tidesdb/tidesdb/.git/objects/74/
2025-12-05T15:12:13.3065357Z tidesdb/tidesdb/.git/objects/74/aa1fabd5b755c5d8c7fbb3aa07ac37d63442d6
2025-12-05T15:12:13.3066013Z tidesdb/tidesdb/.git/objects/76/
2025-12-05T15:12:13.3066798Z tidesdb/tidesdb/.git/objects/76/222d4e732c177c3d90ce7e36a742a8668ac6b5
2025-12-05T15:12:13.3067707Z tidesdb/tidesdb/.git/objects/78/
2025-12-05T15:12:13.3068199Z tidesdb/tidesdb/.git/objects/78/fc2e8dbf6db809650fbb59762c5566a71677ca
2025-12-05T15:12:13.3068806Z tidesdb/tidesdb/.git/objects/7c/
2025-12-05T15:12:13.3069334Z tidesdb/tidesdb/.git/objects/7c/dbf898305932fc9d78a7088eb6b821bb7fb955
2025-12-05T15:12:13.3070010Z tidesdb/tidesdb/.git/objects/7c/e3cd2512cd46911bb534a30bfb3fa09f9d6d90
2025-12-05T15:12:13.3070562Z tidesdb/tidesdb/.git/objects/80/
2025-12-05T15:12:13.3071232Z tidesdb/tidesdb/.git/objects/80/8a82472d1df2cfd17d3518f93fc77a7f78a2bb
2025-12-05T15:12:13.3071754Z tidesdb/tidesdb/.git/objects/8d/
2025-12-05T15:12:13.3072336Z tidesdb/tidesdb/.git/objects/8d/2120f121d4237688d3957ca83090bc76f7b3e3
2025-12-05T15:12:13.3072977Z tidesdb/tidesdb/.git/objects/92/
2025-12-05T15:12:13.3073561Z tidesdb/tidesdb/.git/objects/92/91d58aff0dd055c20e1a9ac4c8ea855240bcf3
2025-12-05T15:12:13.3074176Z tidesdb/tidesdb/.git/objects/97/
2025-12-05T15:12:13.3074745Z tidesdb/tidesdb/.git/objects/97/8855243d22e3d18f40d74bd18fdae0014dbf64
2025-12-05T15:12:13.3075380Z tidesdb/tidesdb/.git/objects/99/
2025-12-05T15:12:13.3075968Z tidesdb/tidesdb/.git/objects/99/45c3c6f5d5f06b1b4b0bda0406a52ca5b75e46
2025-12-05T15:12:13.3076549Z tidesdb/tidesdb/.git/objects/9a/
2025-12-05T15:12:13.3077025Z tidesdb/tidesdb/.git/objects/9a/37235fddc4eaf1b5c52e8901f3f005693fe527
2025-12-05T15:12:13.3077646Z tidesdb/tidesdb/.git/objects/9b/
2025-12-05T15:12:13.3078239Z tidesdb/tidesdb/.git/objects/9b/7acc2050f0bd1b6a9995073014fcf98956b2aa
2025-12-05T15:12:13.3078851Z tidesdb/tidesdb/.git/objects/9c/
2025-12-05T15:12:13.3079335Z tidesdb/tidesdb/.git/objects/9c/1974fbd43f528a6de7e6999583524972cfd058
2025-12-05T15:12:13.3079955Z tidesdb/tidesdb/.git/objects/a1/
2025-12-05T15:12:13.3080533Z tidesdb/tidesdb/.git/objects/a1/4cdc00cb48a490a54fcc22ac5936f0efdfa0e5
2025-12-05T15:12:13.3081354Z tidesdb/tidesdb/.git/objects/a7/
2025-12-05T15:12:13.3081925Z tidesdb/tidesdb/.git/objects/a7/565dad6ce187f0d750e18e33235b383bcc3507
2025-12-05T15:12:13.3082459Z tidesdb/tidesdb/.git/objects/bb/
2025-12-05T15:12:13.3083019Z tidesdb/tidesdb/.git/objects/bb/b2821bbca5e8a78da8f5dc9dbba8d453d16c2b
2025-12-05T15:12:13.3083671Z tidesdb/tidesdb/.git/objects/bd/
2025-12-05T15:12:13.3084246Z tidesdb/tidesdb/.git/objects/bd/0572befb1f1eccfc13f706b53939fbd44aff52
2025-12-05T15:12:13.3084849Z tidesdb/tidesdb/.git/objects/c2/
2025-12-05T15:12:13.3085438Z tidesdb/tidesdb/.git/objects/c2/98505d3be006faceab2803df878e3ba48f8982
2025-12-05T15:12:13.3085984Z tidesdb/tidesdb/.git/objects/c8/
2025-12-05T15:12:13.3086459Z tidesdb/tidesdb/.git/objects/c8/07cdefab3cfcb1bdaab6a04cc4618a5cf45fea
2025-12-05T15:12:13.3087006Z tidesdb/tidesdb/.git/objects/cc/
2025-12-05T15:12:13.3087456Z tidesdb/tidesdb/.git/objects/cc/69b3293a6f807017052e82c83be22b76f4c5e3
2025-12-05T15:12:13.3087945Z tidesdb/tidesdb/.git/objects/d2/
2025-12-05T15:12:13.3088428Z tidesdb/tidesdb/.git/objects/d2/1f3e0909a547a02777d540b2c0b7b374702381
2025-12-05T15:12:13.3088997Z tidesdb/tidesdb/.git/objects/d4/
2025-12-05T15:12:13.3089503Z tidesdb/tidesdb/.git/objects/d4/cbd238b29a6e4f375d8f2c6200bae527011aa6
2025-12-05T15:12:13.3090222Z tidesdb/tidesdb/.git/objects/d4/ddf39b891c5c4c3e10f95329817a59b956d469
2025-12-05T15:12:13.3090816Z tidesdb/tidesdb/.git/objects/da/
2025-12-05T15:12:13.3091671Z tidesdb/tidesdb/.git/objects/da/8c83ef665358cbd573943ee6be96f6e9721348
2025-12-05T15:12:13.3092194Z tidesdb/tidesdb/.git/objects/e0/
2025-12-05T15:12:13.3092732Z tidesdb/tidesdb/.git/objects/e0/5e0dbb49954bab9db893f0b1d41c5600a2ad35
2025-12-05T15:12:13.3093360Z tidesdb/tidesdb/.git/objects/e5/
2025-12-05T15:12:13.3094146Z tidesdb/tidesdb/.git/objects/e5/30c0ad0db90763fd0c9de8fe44d1d64303cbe0
2025-12-05T15:12:13.3094722Z tidesdb/tidesdb/.git/objects/e6/
2025-12-05T15:12:13.3095237Z tidesdb/tidesdb/.git/objects/e6/0cc37f13c27ff0668ec2535937df3f4c097ec2
2025-12-05T15:12:13.3095823Z tidesdb/tidesdb/.git/objects/ec/
2025-12-05T15:12:13.3096486Z tidesdb/tidesdb/.git/objects/ec/fa8f8835449b14d09f66c39b433861b84107a1
2025-12-05T15:12:13.3097006Z tidesdb/tidesdb/.git/objects/f4/
2025-12-05T15:12:13.3097517Z tidesdb/tidesdb/.git/objects/f4/0832766362e23918c4660ae34dbeb037beb98f
2025-12-05T15:12:13.3098029Z tidesdb/tidesdb/.git/objects/f8/
2025-12-05T15:12:13.3098545Z tidesdb/tidesdb/.git/objects/f8/e66271d363b3dd69fe66af7b198fe34c4065da
2025-12-05T15:12:13.3099058Z tidesdb/tidesdb/.git/objects/fa/
2025-12-05T15:12:13.3099528Z tidesdb/tidesdb/.git/objects/fa/0086a952236971ab37901954d596efae9f4af6
2025-12-05T15:12:13.3100211Z tidesdb/tidesdb/.git/objects/fa/0d61604c74300ee9b5de01db3f430bbcea4f57
2025-12-05T15:12:13.3100761Z tidesdb/tidesdb/.git/objects/fd/
2025-12-05T15:12:13.3101416Z tidesdb/tidesdb/.git/objects/fd/661eff956f5783825eea7d1de96677f3561800
2025-12-05T15:12:13.3101934Z tidesdb/tidesdb/.git/objects/ff/
2025-12-05T15:12:13.3102472Z tidesdb/tidesdb/.git/objects/ff/99189b76cf12e8db340dbba092b8ec72543bc8
2025-12-05T15:12:13.3102996Z tidesdb/tidesdb/.git/objects/info/
2025-12-05T15:12:13.3103392Z tidesdb/tidesdb/.git/objects/pack/
2025-12-05T15:12:13.3103738Z tidesdb/tidesdb/.git/refs/
2025-12-05T15:12:13.3104057Z tidesdb/tidesdb/.git/refs/heads/
2025-12-05T15:12:13.3104391Z tidesdb/tidesdb/.git/refs/remotes/
2025-12-05T15:12:13.3104752Z tidesdb/tidesdb/.git/refs/remotes/pull/
2025-12-05T15:12:13.3105182Z tidesdb/tidesdb/.git/refs/remotes/pull/469/
2025-12-05T15:12:13.3105611Z tidesdb/tidesdb/.git/refs/remotes/pull/469/merge
2025-12-05T15:12:13.3106032Z tidesdb/tidesdb/.git/refs/tags/
2025-12-05T15:12:13.3106368Z tidesdb/tidesdb/.github/
2025-12-05T15:12:13.3106686Z tidesdb/tidesdb/.github/workflows/
2025-12-05T15:12:13.3107180Z tidesdb/tidesdb/.github/workflows/bsd_illumos_build_test_tidesdb.yml
2025-12-05T15:12:13.3107827Z tidesdb/tidesdb/.github/workflows/build_and_test_tidesdb.yml
2025-12-05T15:12:13.3108373Z tidesdb/tidesdb/.github/workflows/clang_format_check.yml
2025-12-05T15:12:13.3108816Z tidesdb/tidesdb/artwork/
2025-12-05T15:12:13.3109237Z tidesdb/tidesdb/artwork/tidesdb-logo-v0.1.png
2025-12-05T15:12:13.3109705Z tidesdb/tidesdb/artwork/tidesdb-logo-v0.1.svg
2025-12-05T15:12:13.3110094Z tidesdb/tidesdb/bench/
2025-12-05T15:12:13.3110399Z tidesdb/tidesdb/bench/tidesdb__bench.c
2025-12-05T15:12:13.3110789Z tidesdb/tidesdb/cmake/
2025-12-05T15:12:13.3111273Z tidesdb/tidesdb/cmake/TidesDBConfig.cmake.in
2025-12-05T15:12:13.3111673Z tidesdb/tidesdb/external/
2025-12-05T15:12:13.3111987Z tidesdb/tidesdb/external/ini.c
2025-12-05T15:12:13.3112360Z tidesdb/tidesdb/external/ini.h
2025-12-05T15:12:13.3112697Z tidesdb/tidesdb/external/xxhash.c
2025-12-05T15:12:13.3113042Z tidesdb/tidesdb/external/xxhash.h
2025-12-05T15:12:13.3113379Z tidesdb/tidesdb/src/
2025-12-05T15:12:13.3113673Z tidesdb/tidesdb/src/block_manager.c
2025-12-05T15:12:13.3114042Z tidesdb/tidesdb/src/block_manager.h
2025-12-05T15:12:13.3114446Z tidesdb/tidesdb/src/bloom_filter.c
2025-12-05T15:12:13.3114804Z tidesdb/tidesdb/src/bloom_filter.h
2025-12-05T15:12:13.3115151Z tidesdb/tidesdb/src/buffer.c
2025-12-05T15:12:13.3115572Z tidesdb/tidesdb/src/buffer.h
2025-12-05T15:12:13.3115897Z tidesdb/tidesdb/src/compat.h
2025-12-05T15:12:13.3118010Z tidesdb/tidesdb/src/compress.c
2025-12-05T15:12:13.3120139Z tidesdb/tidesdb/src/compress.h
2025-12-05T15:12:13.3120465Z tidesdb/tidesdb/src/lru.c
2025-12-05T15:12:13.3131612Z tidesdb/tidesdb/src/lru.h
2025-12-05T15:12:13.3133026Z tidesdb/tidesdb/src/queue.c
2025-12-05T15:12:13.3133820Z tidesdb/tidesdb/src/queue.h
2025-12-05T15:12:13.3134163Z tidesdb/tidesdb/src/skip_list.c
2025-12-05T15:12:13.3144454Z tidesdb/tidesdb/src/skip_list.h
2025-12-05T15:12:13.3145947Z tidesdb/tidesdb/src/succinct_trie.c
2025-12-05T15:12:13.3171494Z tidesdb/tidesdb/src/succinct_trie.h
2025-12-05T15:12:13.3171951Z tidesdb/tidesdb/src/tidesdb.c
2025-12-05T15:12:13.3277060Z tidesdb/tidesdb/src/tidesdb.h
2025-12-05T15:12:13.3301331Z tidesdb/tidesdb/src/tidesdb_version.h.in
2025-12-05T15:12:13.3301904Z tidesdb/tidesdb/test/
2025-12-05T15:12:13.3302279Z tidesdb/tidesdb/test/block_manager__tests.c
2025-12-05T15:12:13.3315705Z tidesdb/tidesdb/test/bloom_filter__tests.c
2025-12-05T15:12:13.3316147Z tidesdb/tidesdb/test/buffer__tests.c
2025-12-05T15:12:13.3316534Z tidesdb/tidesdb/test/compress__tests.c
2025-12-05T15:12:13.3319466Z tidesdb/tidesdb/test/lru__tests.c
2025-12-05T15:12:13.3319833Z tidesdb/tidesdb/test/queue__tests.c
2025-12-05T15:12:13.3345973Z tidesdb/tidesdb/test/skip_list__tests.c
2025-12-05T15:12:13.3368772Z tidesdb/tidesdb/test/succinct_trie__tests.c
2025-12-05T15:12:13.3371398Z tidesdb/tidesdb/test/test_macros.h
2025-12-05T15:12:13.3371801Z tidesdb/tidesdb/test/test_utils.h
2025-12-05T15:12:13.3382043Z tidesdb/tidesdb/test/tidesdb__tests.c
2025-12-05T15:12:13.6218799Z 
2025-12-05T15:12:13.6219469Z sent 2,313,156 bytes  received 3,347 bytes  1,544,335.33 bytes/sec
2025-12-05T15:12:13.6220082Z total size is 2,297,993  speedup is 0.99
2025-12-05T15:12:13.6231379Z OK, Ready!
2025-12-05T15:12:13.6232823Z ##[endgroup]
2025-12-05T15:12:13.6239257Z envs:
2025-12-05T15:12:13.6242745Z ##[group]Run onInitialized in VM
2025-12-05T15:12:13.6243256Z exec shell: bash run.sh onInitialized
2025-12-05T15:12:13.6263242Z [command]/usr/bin/bash
2025-12-05T15:12:13.6325942Z VM_RELEASE=7.4
2025-12-05T15:12:13.6327686Z VM_ARCH=
2025-12-05T15:12:13.6327968Z VM conf=7.4
2025-12-05T15:12:13.6328632Z CONF_LINK=https://raw.githubusercontent.com/vmactions/openbsd-builder/v1.1.2/conf/openbsd-7.4.conf
2025-12-05T15:12:13.6355188Z Builder conf: openbsd-7.4.conf
2025-12-05T15:12:13.6442505Z ##[endgroup]
2025-12-05T15:12:13.6443141Z ##[group]Run 'prepare' in VM
2025-12-05T15:12:13.6443883Z Running prepare: export PKG_PATH=https://cloudflare.cdn.openbsd.org/pub/OpenBSD/7.4/packages/amd64/
2025-12-05T15:12:13.6444704Z pkg_add cmake gmake lz4 zstd snappy pkgconf
2025-12-05T15:12:13.6445007Z 
2025-12-05T15:12:13.6445411Z exec ssh: export PKG_PATH=https://cloudflare.cdn.openbsd.org/pub/OpenBSD/7.4/packages/amd64/
2025-12-05T15:12:13.6446560Z pkg_add cmake gmake lz4 zstd snappy pkgconf
2025-12-05T15:12:13.6461471Z [command]/usr/bin/bash /home/runner/work/_actions/vmactions/openbsd-vm/v1/run.sh execSSHSH
2025-12-05T15:12:13.6509230Z VM_RELEASE=7.4
2025-12-05T15:12:13.6509742Z VM_ARCH=
2025-12-05T15:12:13.6510012Z VM conf=7.4
2025-12-05T15:12:13.6510663Z CONF_LINK=https://raw.githubusercontent.com/vmactions/openbsd-builder/v1.1.2/conf/openbsd-7.4.conf
2025-12-05T15:12:13.6537455Z Builder conf: openbsd-7.4.conf
2025-12-05T15:12:14.8455017Z https://cloudflare.cdn.openbsd.org/pub/OpenBSD/7.4/packages/amd64/: no such dir
2025-12-05T15:12:14.8491981Z Can't find cmake
2025-12-05T15:12:14.8602507Z Can't find gmake
2025-12-05T15:12:14.8610027Z Can't find lz4
2025-12-05T15:12:14.8615675Z Can't find zstd
2025-12-05T15:12:14.8616429Z Can't find snappy
2025-12-05T15:12:14.8616642Z Can't find pkgconf
2025-12-05T15:12:14.8787758Z ##[endgroup]
2025-12-05T15:12:14.8788316Z ##[group]Run 'run' in VM
2025-12-05T15:12:14.8788835Z run: echo "====================================="
2025-12-05T15:12:14.8789513Z echo "System Information"
2025-12-05T15:12:14.8791006Z echo "====================================="
2025-12-05T15:12:14.8793054Z uname -a
2025-12-05T15:12:14.8793250Z 
2025-12-05T15:12:14.8793378Z echo ""
2025-12-05T15:12:14.8793699Z echo "====================================="
2025-12-05T15:12:14.8794185Z echo "Portability Check"
2025-12-05T15:12:14.8794556Z echo "====================================="
2025-12-05T15:12:14.8794945Z if [ -f /usr/include/sys/sysinfo.h ]; then
2025-12-05T15:12:14.8795672Z   echo "✓ sys/sysinfo.h exists (Linux compatibility)"
2025-12-05T15:12:14.8796092Z else
2025-12-05T15:12:14.8796448Z   echo "✓ Using BSD sysctl() for memory info"
2025-12-05T15:12:14.8796827Z fi
2025-12-05T15:12:14.8797326Z 
2025-12-05T15:12:14.8797443Z echo ""
2025-12-05T15:12:14.8797712Z echo "====================================="
2025-12-05T15:12:14.8798086Z echo "Configure CMake"
2025-12-05T15:12:14.8798399Z echo "====================================="
2025-12-05T15:12:14.8798999Z export PKG_CONFIG_PATH=/usr/local/lib/pkgconfig:/usr/local/libdata/pkgconfig
2025-12-05T15:12:14.8799924Z cmake -S . -B build \
2025-12-05T15:12:14.8800269Z   -DTIDESDB_BUILD_TESTS=ON \
2025-12-05T15:12:14.8800636Z   -DTIDESDB_WITH_SANITIZER=OFF
2025-12-05T15:12:14.8801058Z 
2025-12-05T15:12:14.8801169Z echo ""
2025-12-05T15:12:14.8801442Z echo "====================================="
2025-12-05T15:12:14.8801807Z echo "Build"
2025-12-05T15:12:14.8802089Z echo "====================================="
2025-12-05T15:12:14.8802458Z gmake -C build
2025-12-05T15:12:14.8802628Z 
2025-12-05T15:12:14.8802735Z echo ""
2025-12-05T15:12:14.8803036Z echo "====================================="
2025-12-05T15:12:14.8803439Z echo "Run Tests"
2025-12-05T15:12:14.8803752Z echo "====================================="
2025-12-05T15:12:14.8804116Z cd build
2025-12-05T15:12:14.8804530Z ctest -V --output-on-failure --timeout 1800 --build-config Release
2025-12-05T15:12:14.8804906Z 
2025-12-05T15:12:14.8805041Z exec ssh: cd $GITHUB_WORKSPACE;
2025-12-05T15:12:14.8805403Z echo "====================================="
2025-12-05T15:12:14.8805646Z echo "System Information"
2025-12-05T15:12:14.8805955Z echo "====================================="
2025-12-05T15:12:14.8806208Z uname -a
2025-12-05T15:12:14.8806303Z 
2025-12-05T15:12:14.8806368Z echo ""
2025-12-05T15:12:14.8806525Z echo "====================================="
2025-12-05T15:12:14.8806900Z echo "Portability Check"
2025-12-05T15:12:14.8807142Z echo "====================================="
2025-12-05T15:12:14.8807480Z if [ -f /usr/include/sys/sysinfo.h ]; then
2025-12-05T15:12:14.8808129Z   echo "✓ sys/sysinfo.h exists (Linux compatibility)"
2025-12-05T15:12:14.8808573Z else
2025-12-05T15:12:14.8809001Z   echo "✓ Using BSD sysctl() for memory info"
2025-12-05T15:12:14.8809418Z fi
2025-12-05T15:12:14.8809583Z 
2025-12-05T15:12:14.8809686Z echo ""
2025-12-05T15:12:14.8809971Z echo "====================================="
2025-12-05T15:12:14.8810377Z echo "Configure CMake"
2025-12-05T15:12:14.8810745Z echo "====================================="
2025-12-05T15:12:14.8811564Z export PKG_CONFIG_PATH=/usr/local/lib/pkgconfig:/usr/local/libdata/pkgconfig
2025-12-05T15:12:14.8811934Z cmake -S . -B build \
2025-12-05T15:12:14.8812132Z   -DTIDESDB_BUILD_TESTS=ON \
2025-12-05T15:12:14.8812353Z   -DTIDESDB_WITH_SANITIZER=OFF
2025-12-05T15:12:14.8812493Z 
2025-12-05T15:12:14.8812556Z echo ""
2025-12-05T15:12:14.8812718Z echo "====================================="
2025-12-05T15:12:14.8812939Z echo "Build"
2025-12-05T15:12:14.8813236Z echo "====================================="
2025-12-05T15:12:14.8813470Z gmake -C build
2025-12-05T15:12:14.8813578Z 
2025-12-05T15:12:14.8813640Z echo ""
2025-12-05T15:12:14.8813804Z echo "====================================="
2025-12-05T15:12:14.8814132Z echo "Run Tests"
2025-12-05T15:12:14.8814313Z echo "====================================="
2025-12-05T15:12:14.8814564Z cd build
2025-12-05T15:12:14.8814873Z ctest -V --output-on-failure --timeout 1800 --build-config Release
2025-12-05T15:12:14.8816077Z [command]/usr/bin/bash /home/runner/work/_actions/vmactions/openbsd-vm/v1/run.sh execSSHSH
2025-12-05T15:12:14.8858619Z VM_RELEASE=7.4
2025-12-05T15:12:14.8859217Z VM_ARCH=
2025-12-05T15:12:14.8859504Z VM conf=7.4
2025-12-05T15:12:14.8862592Z CONF_LINK=https://raw.githubusercontent.com/vmactions/openbsd-builder/v1.1.2/conf/openbsd-7.4.conf
2025-12-05T15:12:14.8885316Z Builder conf: openbsd-7.4.conf
2025-12-05T15:12:15.3053499Z =====================================
2025-12-05T15:12:15.3057726Z System Information
2025-12-05T15:12:15.3058289Z =====================================
2025-12-05T15:12:15.3078725Z OpenBSD openbsd.my.domain 7.4 GENERIC.MP#5 amd64
2025-12-05T15:12:15.3084164Z 
2025-12-05T15:12:15.3085025Z =====================================
2025-12-05T15:12:15.3085968Z Portability Check
2025-12-05T15:12:15.3088429Z =====================================
2025-12-05T15:12:15.3112242Z ✓ Using BSD sysctl() for memory info
2025-12-05T15:12:15.3112686Z 
2025-12-05T15:12:15.3112895Z =====================================
2025-12-05T15:12:15.3113699Z Configure CMake
2025-12-05T15:12:15.3114278Z =====================================
2025-12-05T15:12:15.3134115Z sh: <stdin>[24]: cmake: not found
2025-12-05T15:12:15.3167655Z exec shell: bash run.sh showDebugInfo
2025-12-05T15:12:15.3190573Z [command]/usr/bin/bash
2025-12-05T15:12:15.3249896Z VM_RELEASE=7.4
2025-12-05T15:12:15.3252007Z VM_ARCH=
2025-12-05T15:12:15.3252297Z VM conf=7.4
2025-12-05T15:12:15.3254259Z CONF_LINK=https://raw.githubusercontent.com/vmactions/openbsd-builder/v1.1.2/conf/openbsd-7.4.conf
2025-12-05T15:12:15.3278945Z Builder conf: openbsd-7.4.conf
2025-12-05T15:12:15.3343755Z ==================Debug Info====================
2025-12-05T15:12:15.3345740Z /home/runner/work/_actions/vmactions/openbsd-vm/v1
2025-12-05T15:12:15.3357731Z total 2.9G
2025-12-05T15:12:15.3358420Z drwxr-xr-x 6 runner       runner 4.0K Dec  5 15:11 .
2025-12-05T15:12:15.3358985Z drwxr-xr-x 3 runner       runner 4.0K Dec  5 15:10 ..
2025-12-05T15:12:15.3359596Z drwxr-xr-x 5 runner       runner 4.0K Dec  5 15:10 .github
2025-12-05T15:12:15.3360182Z -rw-r--r-- 1 runner       runner 1.1K Nov 30 07:44 LICENSE
2025-12-05T15:12:15.3360675Z -rw-r--r-- 1 runner       runner 5.8K Nov 30 07:44 README.md
2025-12-05T15:12:15.3361319Z -rw-r--r-- 1 runner       runner 1.2K Nov 30 07:44 action.yml
2025-12-05T15:12:15.3361675Z drwxr-xr-x 2 runner       runner 4.0K Dec  5 15:10 conf
2025-12-05T15:12:15.3361995Z drwxr-xr-x 2 runner       runner 4.0K Dec  5 15:10 hooks
2025-12-05T15:12:15.3362317Z -rw-r--r-- 1 runner       runner  411 Apr  6  2025 host.id_rsa
2025-12-05T15:12:15.3362647Z -rw-r--r-- 1 runner       runner  576 Apr  6  2025 id_rsa.pub
2025-12-05T15:12:15.3362960Z -rw-r--r-- 1 runner       runner 5.4K Nov 30 07:44 index.js
2025-12-05T15:12:15.3363302Z drwxr-xr-x 6 runner       runner 4.0K Dec  5 15:10 node_modules
2025-12-05T15:12:15.3363645Z -rw-r--r-- 1 runner       runner  521 Dec  5 15:10 openbsd-7.4.conf
2025-12-05T15:12:15.3364015Z -rw-r--r-- 1 libvirt-qemu kvm    2.9G Dec  5 15:12 openbsd-7.4.qcow2
2025-12-05T15:12:15.3364389Z -rw-r--r-- 1 runner       runner 3.9K Nov 30 07:44 package-lock.json
2025-12-05T15:12:15.3364748Z -rw-r--r-- 1 runner       runner  543 Nov 30 07:44 package.json
2025-12-05T15:12:15.3365098Z -rw-r--r-- 1 runner       runner 9.4K Nov 30 07:44 run.sh
2025-12-05T15:12:15.3365405Z -rw-r--r-- 1 runner       runner  21K Dec  5 15:10 vbox.sh
2025-12-05T15:12:15.3553985Z USER         PID %CPU %MEM    VSZ   RSS TTY      STAT START   TIME COMMAND
2025-12-05T15:12:15.3554780Z root           1  3.5  0.0  23132 13824 ?        Ss   15:09   0:05 /sbin/init
2025-12-05T15:12:15.3560457Z root           2  0.0  0.0      0     0 ?        S    15:09   0:00 [kthreadd]
2025-12-05T15:12:15.3562625Z root           3  0.0  0.0      0     0 ?        S    15:09   0:00 [pool_workqueue_release]
2025-12-05T15:12:15.3563279Z root           4  0.0  0.0      0     0 ?        I<   15:09   0:00 [kworker/R-rcu_gp]
2025-12-05T15:12:15.3563878Z root           5  0.0  0.0      0     0 ?        I<   15:09   0:00 [kworker/R-sync_wq]
2025-12-05T15:12:15.3564520Z root           6  0.0  0.0      0     0 ?        I<   15:09   0:00 [kworker/R-slub_flushwq]
2025-12-05T15:12:15.3565109Z root           7  0.0  0.0      0     0 ?        I<   15:09   0:00 [kworker/R-netns]
2025-12-05T15:12:15.3565651Z root           8  0.0  0.0      0     0 ?        I    15:09   0:00 [kworker/0:0-events]
2025-12-05T15:12:15.3566202Z root           9  0.0  0.0      0     0 ?        I    15:09   0:00 [kworker/0:1-cgroup_bpf_destroy]
2025-12-05T15:12:15.3566610Z root          10  0.0  0.0      0     0 ?        I<   15:09   0:00 [kworker/0:0H-events_highpri]
2025-12-05T15:12:15.3567002Z root          11  1.0  0.0      0     0 ?        I    15:09   0:01 [kworker/u16:0-flush-8:16]
2025-12-05T15:12:15.3567687Z root          12  0.0  0.0      0     0 ?        I<   15:09   0:00 [kworker/R-mm_percpu_wq]
2025-12-05T15:12:15.3568029Z root          13  0.0  0.0      0     0 ?        I    15:09   0:00 [rcu_tasks_rude_kthread]
2025-12-05T15:12:15.3568518Z root          14  0.0  0.0      0     0 ?        I    15:09   0:00 [rcu_tasks_trace_kthread]
2025-12-05T15:12:15.3568848Z root          15  0.0  0.0      0     0 ?        S    15:09   0:00 [ksoftirqd/0]
2025-12-05T15:12:15.3569167Z root          16  0.0  0.0      0     0 ?        I    15:09   0:00 [rcu_sched]
2025-12-05T15:12:15.3569506Z root          17  0.0  0.0      0     0 ?        S    15:09   0:00 [rcu_exp_par_gp_kthread_worker/0]
2025-12-05T15:12:15.3569854Z root          18  0.0  0.0      0     0 ?        S    15:09   0:00 [rcu_exp_gp_kthread_worker]
2025-12-05T15:12:15.3570180Z root          19  0.0  0.0      0     0 ?        S    15:09   0:00 [migration/0]
2025-12-05T15:12:15.3570486Z root          20  0.0  0.0      0     0 ?        S    15:09   0:00 [idle_inject/0]
2025-12-05T15:12:15.3570798Z root          21  0.0  0.0      0     0 ?        S    15:09   0:00 [cpuhp/0]
2025-12-05T15:12:15.3571478Z root          22  0.0  0.0      0     0 ?        S    15:09   0:00 [cpuhp/2]
2025-12-05T15:12:15.3571806Z root          23  0.0  0.0      0     0 ?        S    15:09   0:00 [idle_inject/2]
2025-12-05T15:12:15.3572120Z root          24  0.3  0.0      0     0 ?        S    15:09   0:00 [migration/2]
2025-12-05T15:12:15.3572427Z root          25  0.0  0.0      0     0 ?        S    15:09   0:00 [ksoftirqd/2]
2025-12-05T15:12:15.3572750Z root          26  0.1  0.0      0     0 ?        I    15:09   0:00 [kworker/2:0-mm_percpu_wq]
2025-12-05T15:12:15.3573090Z root          27  0.0  0.0      0     0 ?        I<   15:09   0:00 [kworker/2:0H-events_highpri]
2025-12-05T15:12:15.3573412Z root          28  0.0  0.0      0     0 ?        S    15:09   0:00 [cpuhp/1]
2025-12-05T15:12:15.3573724Z root          29  0.0  0.0      0     0 ?        S    15:09   0:00 [idle_inject/1]
2025-12-05T15:12:15.3574027Z root          30  0.3  0.0      0     0 ?        S    15:09   0:00 [migration/1]
2025-12-05T15:12:15.3574322Z root          31  0.0  0.0      0     0 ?        S    15:09   0:00 [ksoftirqd/1]
2025-12-05T15:12:15.3574640Z root          32  0.0  0.0      0     0 ?        I    15:09   0:00 [kworker/1:0-cgroup_destroy]
2025-12-05T15:12:15.3574981Z root          33  0.0  0.0      0     0 ?        I<   15:09   0:00 [kworker/1:0H-events_highpri]
2025-12-05T15:12:15.3575298Z root          34  0.0  0.0      0     0 ?        S    15:09   0:00 [cpuhp/3]
2025-12-05T15:12:15.3575600Z root          35  0.0  0.0      0     0 ?        S    15:09   0:00 [idle_inject/3]
2025-12-05T15:12:15.3575903Z root          36  0.3  0.0      0     0 ?        S    15:09   0:00 [migration/3]
2025-12-05T15:12:15.3576194Z root          37  0.0  0.0      0     0 ?        S    15:09   0:00 [ksoftirqd/3]
2025-12-05T15:12:15.3576510Z root          38  0.0  0.0      0     0 ?        I    15:09   0:00 [kworker/3:0-cgroup_destroy]
2025-12-05T15:12:15.3576849Z root          39  0.0  0.0      0     0 ?        I<   15:09   0:00 [kworker/3:0H-events_highpri]
2025-12-05T15:12:15.3577174Z root          40  0.0  0.0      0     0 ?        S    15:09   0:00 [kdevtmpfs]
2025-12-05T15:12:15.3577500Z root          41  0.0  0.0      0     0 ?        I<   15:09   0:00 [kworker/R-inet_frag_wq]
2025-12-05T15:12:15.3577813Z root          42  0.0  0.0      0     0 ?        S    15:09   0:00 [kauditd]
2025-12-05T15:12:15.3578115Z root          43  0.0  0.0      0     0 ?        S    15:09   0:00 [khungtaskd]
2025-12-05T15:12:15.3578413Z root          44  0.0  0.0      0     0 ?        S    15:09   0:00 [oom_reaper]
2025-12-05T15:12:15.3578747Z root          45  0.0  0.0      0     0 ?        I    15:09   0:00 [kworker/u16:1-ext4-rsv-conversion]
2025-12-05T15:12:15.3579093Z root          46  0.2  0.0      0     0 ?        I    15:09   0:00 [kworker/u16:2-flush-8:16]
2025-12-05T15:12:15.3579565Z root          47  0.0  0.0      0     0 ?        I<   15:09   0:00 [kworker/R-writeback]
2025-12-05T15:12:15.3579878Z root          48  0.1  0.0      0     0 ?        S    15:09   0:00 [kcompactd0]
2025-12-05T15:12:15.3580177Z root          49  0.0  0.0      0     0 ?        SN   15:09   0:00 [ksmd]
2025-12-05T15:12:15.3580577Z root          50  0.0  0.0      0     0 ?        SN   15:09   0:00 [khugepaged]
2025-12-05T15:12:15.3581161Z root          51  0.0  0.0      0     0 ?        I<   15:09   0:00 [kworker/R-kintegrityd]
2025-12-05T15:12:15.3581718Z root          52  0.0  0.0      0     0 ?        I<   15:09   0:00 [kworker/R-kblockd]
2025-12-05T15:12:15.3582114Z root          53  0.0  0.0      0     0 ?        I<   15:09   0:00 [kworker/R-blkcg_punt_bio]
2025-12-05T15:12:15.3582432Z root          54  0.0  0.0      0     0 ?        S    15:09   0:00 [irq/9-acpi]
2025-12-05T15:12:15.3582756Z root          55  0.0  0.0      0     0 ?        I    15:09   0:00 [kworker/2:1-cgroup_destroy]
2025-12-05T15:12:15.3583100Z root          56  0.2  0.0      0     0 ?        I    15:09   0:00 [kworker/1:1-cgroup_destroy]
2025-12-05T15:12:15.3583460Z root          57  0.0  0.0      0     0 ?        I    15:09   0:00 [kworker/3:1-cgroup_destroy]
2025-12-05T15:12:15.3584047Z root          58  0.0  0.0      0     0 ?        I<   15:09   0:00 [kworker/R-tpm_dev_wq]
2025-12-05T15:12:15.3584610Z root          59  0.0  0.0      0     0 ?        I<   15:09   0:00 [kworker/R-ata_sff]
2025-12-05T15:12:15.3585140Z root          60  0.0  0.0      0     0 ?        I<   15:09   0:00 [kworker/R-md]
2025-12-05T15:12:15.3585616Z root          61  0.0  0.0      0     0 ?        I<   15:09   0:00 [kworker/R-md_bitmap]
2025-12-05T15:12:15.3586212Z root          62  0.0  0.0      0     0 ?        I<   15:09   0:00 [kworker/R-edac-poller]
2025-12-05T15:12:15.3586803Z root          63  0.0  0.0      0     0 ?        I<   15:09   0:00 [kworker/R-hv_vmbus_con]
2025-12-05T15:12:15.3587407Z root          64  0.0  0.0      0     0 ?        I<   15:09   0:00 [kworker/R-hv_vmbus_rescind]
2025-12-05T15:12:15.3588066Z root          65  0.0  0.0      0     0 ?        I<   15:09   0:00 [kworker/R-hv_pri_chan]
2025-12-05T15:12:15.3588676Z root          66  0.0  0.0      0     0 ?        I<   15:09   0:00 [kworker/R-hv_sub_chan]
2025-12-05T15:12:15.3589267Z root          67  0.0  0.0      0     0 ?        I<   15:09   0:00 [kworker/R-devfreq_wq]
2025-12-05T15:12:15.3589829Z root          68  0.0  0.0      0     0 ?        S    15:09   0:00 [watchdogd]
2025-12-05T15:12:15.3590391Z root          69  0.0  0.0      0     0 ?        I<   15:09   0:00 [kworker/2:1H-kblockd]
2025-12-05T15:12:15.3591128Z root          70  0.0  0.0      0     0 ?        S    15:09   0:00 [kswapd0]
2025-12-05T15:12:15.3591680Z root          71  0.0  0.0      0     0 ?        S    15:09   0:00 [ecryptfs-kthread]
2025-12-05T15:12:15.3592239Z root          72  0.0  0.0      0     0 ?        I<   15:09   0:00 [kworker/R-kthrotld]
2025-12-05T15:12:15.3592789Z root          73  0.0  0.0      0     0 ?        I<   15:09   0:00 [kworker/R-nfit]
2025-12-05T15:12:15.3593358Z root          74  0.0  0.0      0     0 ?        S    15:09   0:00 [scsi_eh_0]
2025-12-05T15:12:15.3593937Z root          75  0.3  0.0      0     0 ?        I    15:09   0:00 [kworker/u16:3-flush-8:16]
2025-12-05T15:12:15.3594516Z root          76  0.0  0.0      0     0 ?        S    15:09   0:00 [scsi_eh_1]
2025-12-05T15:12:15.3595125Z root          77  0.6  0.0      0     0 ?        I    15:09   0:00 [kworker/u16:4-events_power_efficient]
2025-12-05T15:12:15.3595743Z root          78  0.0  0.0      0     0 ?        I<   15:09   0:00 [kworker/R-scsi_tmf_0]
2025-12-05T15:12:15.3596308Z root          79  0.0  0.0      0     0 ?        S    15:09   0:00 [scsi_eh_2]
2025-12-05T15:12:15.3596817Z root          80  0.0  0.0      0     0 ?        S    15:09   0:00 [scsi_eh_3]
2025-12-05T15:12:15.3597365Z root          81  0.0  0.0      0     0 ?        I<   15:09   0:00 [kworker/R-scsi_tmf_2]
2025-12-05T15:12:15.3598136Z root          82  0.0  0.0      0     0 ?        I<   15:09   0:00 [kworker/R-scsi_tmf_1]
2025-12-05T15:12:15.3598700Z root          83  0.0  0.0      0     0 ?        I<   15:09   0:00 [kworker/R-scsi_tmf_3]
2025-12-05T15:12:15.3599277Z root          84  0.3  0.0      0     0 ?        I    15:09   0:00 [kworker/u16:5-events_unbound]
2025-12-05T15:12:15.3600016Z root          85  0.0  0.0      0     0 ?        I<   15:09   0:00 [kworker/R-nvme-wq]
2025-12-05T15:12:15.3600616Z root          86  0.0  0.0      0     0 ?        I<   15:09   0:00 [kworker/R-nvme-reset-wq]
2025-12-05T15:12:15.3601397Z root          87  0.0  0.0      0     0 ?        I<   15:09   0:00 [kworker/R-nvme-delete-wq]
2025-12-05T15:12:15.3601996Z root          88  0.0  0.0      0     0 ?        I<   15:09   0:00 [kworker/R-nvme-auth-wq]
2025-12-05T15:12:15.3602545Z root          89  0.0  0.0      0     0 ?        S    15:09   0:00 [scsi_eh_4]
2025-12-05T15:12:15.3603103Z root          90  0.0  0.0      0     0 ?        I<   15:09   0:00 [kworker/R-scsi_tmf_4]
2025-12-05T15:12:15.3603679Z root          91  0.0  0.0      0     0 ?        S    15:09   0:00 [scsi_eh_5]
2025-12-05T15:12:15.3604235Z root          92  0.0  0.0      0     0 ?        I<   15:09   0:00 [kworker/R-scsi_tmf_5]
2025-12-05T15:12:15.3604819Z root          93  0.0  0.0      0     0 ?        I    15:09   0:00 [kworker/u16:6]
2025-12-05T15:12:15.3605408Z root          94  0.0  0.0      0     0 ?        I    15:09   0:00 [kworker/3:2-cgroup_destroy]
2025-12-05T15:12:15.3606094Z root          95  0.0  0.0      0     0 ?        I<   15:09   0:00 [kworker/R-mld]
2025-12-05T15:12:15.3607319Z root          96  0.0  0.0      0     0 ?        I<   15:09   0:00 [kworker/1:1H-kblockd]
2025-12-05T15:12:15.3607967Z root          97  0.0  0.0      0     0 ?        I<   15:09   0:00 [kworker/R-ipv6_addrconf]
2025-12-05T15:12:15.3608577Z root         104  0.0  0.0      0     0 ?        S    15:09   0:00 [hv_balloon]
2025-12-05T15:12:15.3609925Z root         105  0.0  0.0      0     0 ?        I<   15:09   0:00 [kworker/R-kstrp]
2025-12-05T15:12:15.3610533Z root         107  0.0  0.0      0     0 ?        I<   15:09   0:00 [kworker/u17:0]
2025-12-05T15:12:15.3611289Z root         120  0.0  0.0      0     0 ?        I<   15:09   0:00 [kworker/0:1H-kblockd]
2025-12-05T15:12:15.3611895Z root         121  0.1  0.0      0     0 ?        S    15:09   0:00 [jbd2/sdb1-8]
2025-12-05T15:12:15.3612523Z root         122  0.0  0.0      0     0 ?        I<   15:09   0:00 [kworker/R-ext4-rsv-conversion]
2025-12-05T15:12:15.3613157Z root         123  0.0  0.0      0     0 ?        I<   15:09   0:00 [kworker/3:1H-kblockd]
2025-12-05T15:12:15.3613833Z root         172  0.2  0.1  83616 17692 ?        S<s  15:09   0:00 /usr/lib/systemd/systemd-journald
2025-12-05T15:12:15.3615096Z root         188  0.0  0.0      0     0 ?        I    15:09   0:00 [kworker/1:2-events]
2025-12-05T15:12:15.3615737Z root         215  0.0  0.0      0     0 ?        I    15:09   0:00 [kworker/0:2-cgroup_destroy]
2025-12-05T15:12:15.3616972Z root         216  0.0  0.0      0     0 ?        I<   15:09   0:00 [kworker/R-kmpathd]
2025-12-05T15:12:15.3618084Z root         217  0.0  0.0      0     0 ?        I<   15:09   0:00 [kworker/R-kmpath_handlerd]
2025-12-05T15:12:15.3618733Z root         221  0.0  0.0      0     0 ?        I    15:09   0:00 [kworker/0:3-events]
2025-12-05T15:12:15.3619336Z root         222  0.0  0.0      0     0 ?        I    15:09   0:00 [kworker/0:4-events]
2025-12-05T15:12:15.3620264Z root         223  0.0  0.0      0     0 ?        I    15:09   0:00 [kworker/3:3-events]
2025-12-05T15:12:15.3621050Z root         233  0.0  0.0      0     0 ?        I    15:09   0:00 [kworker/2:2-events]
2025-12-05T15:12:15.3621439Z root         234  0.0  0.0      0     0 ?        I    15:09   0:00 [kworker/2:3-cgroup_bpf_destroy]
2025-12-05T15:12:15.3621847Z root         239  0.0  0.2 370908 43576 ?        SLsl 15:09   0:00 /sbin/multipathd -d -s
2025-12-05T15:12:15.3622306Z root         245  0.1  0.0  26016  7828 ?        Ss   15:09   0:00 /usr/lib/systemd/systemd-udevd
2025-12-05T15:12:15.3623158Z root         256  0.0  0.0      0     0 ?        S    15:09   0:00 [psimon]
2025-12-05T15:12:15.3623712Z root         348  0.0  0.0      0     0 ?        I<   15:09   0:00 [kworker/R-cryptd]
2025-12-05T15:12:15.3624550Z root         380  0.1  0.0   3840  2688 ?        Ss   15:09   0:00 /usr/lib/linux-tools/6.11.0-1018-azure/hv_kvp_daemon -n
2025-12-05T15:12:15.3625268Z root         396  0.0  0.0      0     0 ?        I    15:09   0:00 [kworker/2:4-events]
2025-12-05T15:12:15.3625849Z root         402  0.0  0.0      0     0 ?        S    15:09   0:00 [jbd2/sdb16-8]
2025-12-05T15:12:15.3626452Z root         403  0.0  0.0      0     0 ?        I<   15:09   0:00 [kworker/R-ext4-rsv-conversion]
2025-12-05T15:12:15.3627312Z systemd+     523  0.0  0.0  21700 12552 ?        Ss   15:09   0:00 /usr/lib/systemd/systemd-resolved
2025-12-05T15:12:15.3628116Z root         552  0.1  0.0   8484  4864 ?        Ss   15:09   0:00 /usr/sbin/haveged --Foreground --verbose=1
2025-12-05T15:12:15.3628894Z systemd+     689  0.0  0.0  22544  9612 ?        Ss   15:09   0:00 /usr/lib/systemd/systemd-networkd
2025-12-05T15:12:15.3629572Z root         745  0.0  0.0      0     0 ?        S    15:09   0:00 [jbd2/sda1-8]
2025-12-05T15:12:15.3630190Z root         746  0.0  0.0      0     0 ?        I<   15:09   0:00 [kworker/R-ext4-rsv-conversion]
2025-12-05T15:12:15.3631406Z message+     817  0.3  0.0  10176  5344 ?        Ss   15:09   0:00 @dbus-daemon --system --address=systemd: --nofork --nopidfile --systemd-activation --syslog-only
2025-12-05T15:12:15.3632635Z root         822  0.0  0.1  32520 20456 ?        Ss   15:09   0:00 /usr/bin/python3 /usr/bin/networkd-dispatcher --run-startup-triggers
2025-12-05T15:12:15.3633656Z root         825  0.0  0.3 295248 51472 ?        Ss   15:09   0:00 php-fpm: master process (/etc/php/8.3/fpm/php-fpm.conf)
2025-12-05T15:12:15.3634535Z polkitd      829  0.0  0.0 340932  7660 ?        Ssl  15:09   0:00 /usr/lib/polkit-1/polkitd --no-debug
2025-12-05T15:12:15.3635311Z root         848  0.1  0.0  18888  9540 ?        Ss   15:09   0:00 /usr/lib/systemd/systemd-logind
2025-12-05T15:12:15.3636039Z root         850  0.0  0.0 518236 13720 ?        Ssl  15:09   0:00 /usr/libexec/udisks2/udisksd
2025-12-05T15:12:15.3636801Z root         851  0.2  0.2  44272 35128 ?        Ss   15:09   0:00 /usr/bin/python3 -u /usr/sbin/waagent -daemon
2025-12-05T15:12:15.3637504Z root         862  0.0  0.0   7224  2756 ?        Ss   15:09   0:00 /usr/sbin/cron -f -P
2025-12-05T15:12:15.3638162Z root         866  0.0  0.2 1929208 45332 ?       Ssl  15:09   0:00 /usr/bin/containerd
2025-12-05T15:12:15.3638866Z syslog       907  0.0  0.0 230700  5932 ?        Ssl  15:09   0:00 /usr/sbin/rsyslogd -n -iNONE
2025-12-05T15:12:15.3639787Z root         918  0.0  0.0   6148  2140 ttyS0    Ss+  15:09   0:00 /sbin/agetty -o -p -- \u --keep-baud 115200,57600,38400,9600 - vt220
2025-12-05T15:12:15.3640758Z root         924  0.0  0.0   6104  2028 tty1     Ss+  15:09   0:00 /sbin/agetty -o -p -- \u --noclear - linux
2025-12-05T15:12:15.3641892Z _chrony      929  0.0  0.0  11204  3644 ?        S    15:09   0:00 /usr/sbin/chronyd -F 1
2025-12-05T15:12:15.3642629Z runner       933  0.1  0.0  20404 11284 ?        Ss   15:09   0:00 /usr/lib/systemd/systemd --user
2025-12-05T15:12:15.3643363Z _chrony      942  0.0  0.0  11072  1140 ?        S    15:09   0:00 /usr/sbin/chronyd -F 1
2025-12-05T15:12:15.3644076Z root         964  0.0  0.0 432984 12456 ?        Ssl  15:09   0:00 /usr/sbin/ModemManager
2025-12-05T15:12:15.3644725Z runner       969  0.0  0.0  21156  3592 ?        S    15:09   0:00 (sd-pam)
2025-12-05T15:12:15.3645616Z root        1170  0.1  0.4 2045408 72776 ?       Ssl  15:09   0:00 /usr/bin/dockerd -H fd:// --containerd=/run/containerd/containerd.sock
2025-12-05T15:12:15.3646532Z www-data    1201  0.0  0.1 295848 21280 ?        S    15:09   0:00 php-fpm: pool www
2025-12-05T15:12:15.3647238Z www-data    1202  0.0  0.1 295852 21280 ?        S    15:09   0:00 php-fpm: pool www
2025-12-05T15:12:15.3648108Z root        1506  0.0  0.0      0     0 ?        I    15:10   0:00 [kworker/1:3-events]
2025-12-05T15:12:15.3648708Z root        1539  0.0  0.0      0     0 ?        I<   15:10   0:00 [kworker/R-tls-strp]
2025-12-05T15:12:15.3649770Z root        1565  0.5  0.2 453512 36524 ?        Sl   15:10   0:00 /usr/bin/python3 -u bin/WALinuxAgent-2.15.0.1-py3.12.egg -run-exthandlers
2025-12-05T15:12:15.3650778Z runner      1916  0.0  0.1 1235468 16868 ?       Ssl  15:10   0:00 /opt/hca/hosted-compute-agent
2025-12-05T15:12:15.3651445Z root        1929  0.0  0.0  17132  6860 ?        S    15:10   0:00 sudo -E -n /tmp/provjobd3427062014
2025-12-05T15:12:15.3651877Z root        1932  1.0  0.2 1258624 33552 ?       Sl   15:10   0:01 /tmp/provjobd3427062014
2025-12-05T15:12:15.3652777Z runner      1953  1.1  0.6 274344824 99404 ?     Sl   15:10   0:01 /home/runner/actions-runner/cached/bin/Runner.Listener run
2025-12-05T15:12:15.3653447Z runner      1968  3.0  0.7 274657940 130404 ?    Sl   15:10   0:03 /home/runner/actions-runner/cached/bin/Runner.Worker spawnclient 142 145
2025-12-05T15:12:15.3654500Z runner      2109  0.2  0.3 1065496 50872 ?       Sl   15:10   0:00 /home/runner/actions-runner/cached/externals/node20/bin/node /home/runner/work/_actions/vmactions/openbsd-vm/v1/index.js
2025-12-05T15:12:15.3655435Z root        2461  0.0  0.1 405844 20484 ?        Ssl  15:10   0:00 /usr/libexec/packagekitd
2025-12-05T15:12:15.3655868Z root        5072  0.0  0.0  17584  7924 ?        Ss   15:11   0:00 /usr/lib/systemd/systemd-machined
2025-12-05T15:12:15.3656294Z root        5073  0.7  0.1 1817316 32004 ?       Ssl  15:11   0:00 /usr/sbin/libvirtd --timeout 120
2025-12-05T15:12:15.3657045Z libvirt+    5171  0.0  0.0  11484  2348 ?        S    15:11   0:00 /usr/sbin/dnsmasq --conf-file=/var/lib/libvirt/dnsmasq/default.conf --leasefile-ro --dhcp-script=/usr/lib/libvirt/libvirt_leaseshelper
2025-12-05T15:12:15.3658063Z root        5172  0.0  0.0  11484  1672 ?        S    15:11   0:00 /usr/sbin/dnsmasq --conf-file=/var/lib/libvirt/dnsmasq/default.conf --leasefile-ro --dhcp-script=/usr/lib/libvirt/libvirt_leaseshelper
2025-12-05T15:12:15.3658727Z root        5270  0.0  0.0      0     0 ?        S    15:11   0:00 [psimon]
2025-12-05T15:12:15.3659085Z root        5308  0.0  0.0  71712 15328 ?        Ss   15:11   0:00 /usr/sbin/virtlockd
2025-12-05T15:12:15.3659462Z root        5311  0.0  0.0  71716 15600 ?        Ss   15:11   0:00 /usr/sbin/virtlogd
2025-12-05T15:12:15.3666919Z libvirt+    5751  292 16.1 7310216 2644568 ?     Sl   15:11   2:21 /usr/bin/qemu-system-x86_64 -name guest=openbsd,debug-threads=on -S -object {"qom-type":"secret","id":"masterKey0","format":"raw","file":"/var/lib/libvirt/qemu/domain-2-openbsd/master-key.aes"} -machine pc-i440fx-noble,usb=off,dump-guest-core=off,memory-backend=pc.ram,hpet=off,acpi=on -accel kvm -cpu host,migratable=on -m size=6291456k -object {"qom-type":"memory-backend-ram","id":"pc.ram","size":6442450944} -overcommit mem-lock=off -smp 4,sockets=4,cores=1,threads=1 -uuid 9d27feab-ce81-4210-928f-4515492c0e88 -no-user-config -nodefaults -chardev socket,id=charmonitor,fd=32,server=on,wait=off -mon chardev=charmonitor,id=monitor,mode=control -rtc base=utc,driftfix=slew -global kvm-pit.lost_tick_policy=delay -no-shutdown -global PIIX4_PM.disable_s3=1 -global PIIX4_PM.disable_s4=1 -boot strict=on -device {"driver":"ich9-usb-ehci1","id":"usb","bus":"pci.0","addr":"0x4.0x7"} -device {"driver":"ich9-usb-uhci1","masterbus":"usb.0","firstport":0,"bus":"pci.0","multifunction":true,"addr":"0x4"} -device {"driver":"ich9-usb-uhci2","masterbus":"usb.0","firstport":2,"bus":"pci.0","addr":"0x4.0x1"} -device {"driver":"ich9-usb-uhci3","masterbus":"usb.0","firstport":4,"bus":"pci.0","addr":"0x4.0x2"} -blockdev {"driver":"file","filename":"/home/runner/work/_actions/vmactions/openbsd-vm/v1/openbsd-7.4.qcow2","node-name":"libvirt-1-storage","auto-read-only":true,"discard":"unmap"} -blockdev {"node-name":"libvirt-1-format","read-only":false,"driver":"qcow2","file":"libvirt-1-storage","backing":null} -device {"driver":"virtio-blk-pci","bus":"pci.0","addr":"0x5","drive":"libvirt-1-format","id":"virtio-disk0","bootindex":1} -netdev {"type":"tap","fd":"33","id":"hostnet0"} -device {"driver":"e1000","netdev":"hostnet0","id":"net0","mac":"52:54:00:49:6e:0d","bus":"pci.0","addr":"0x3"} -chardev pty,id=charserial0 -device {"driver":"isa-serial","chardev":"charserial0","id":"serial0","index":0} -device {"driver":"usb-tablet","id":"input0","bus":"usb.0","port":"1"} -audiodev {"id":"audio1","driver":"none"} -vnc 0.0.0.0:0,audiodev=audio1 -device {"driver":"VGA","id":"video0","vgamem_mb":16,"bus":"pci.0","addr":"0x2"} -device {"driver":"virtio-balloon-pci","id":"balloon0","bus":"pci.0","addr":"0x6"} -sandbox on,obsolete=deny,elevateprivileges=deny,spawn=deny,resourcecontrol=deny -msg timestamp=on
2025-12-05T15:12:15.3675163Z root        5762  0.0  0.0      0     0 ?        S    15:11   0:00 [kvm-pit/5751]
2025-12-05T15:12:15.3675617Z root        5884  0.0  0.0  12020  7908 ?        Ss   15:12   0:00 sshd: /usr/sbin/sshd -D [listener] 0 of 10-100 startups
2025-12-05T15:12:15.3676066Z runner      6190  0.0  0.0   7748  3404 ?        S    15:12   0:00 /usr/bin/bash
2025-12-05T15:12:15.3676503Z runner      6191  0.0  0.0   8012  3572 ?        S    15:12   0:00 bash run.sh showDebugInfo
2025-12-05T15:12:15.3677242Z root        6210  0.0  0.0  17140  6960 ?        S    15:12   0:00 sudo ps aux
2025-12-05T15:12:15.3677666Z root        6211  0.0  0.0  11452  4520 ?        R    15:12   0:00 ps aux
2025-12-05T15:12:15.3678065Z /home/runner/work/_actions/vmactions/openbsd-vm/v1
2025-12-05T15:12:15.3678335Z total 40K
2025-12-05T15:12:15.3678534Z drwx------  3 runner runner 4.0K Dec  5 15:12 .
2025-12-05T15:12:15.3678812Z drwxr-xr-x 14 runner runner 4.0K Dec  5 15:12 ..
2025-12-05T15:12:15.3679119Z -rw-------  1 runner runner  576 Dec  5 15:11 authorized_keys
2025-12-05T15:12:15.3679439Z -rw-r--r--  1 runner runner   79 Dec  5 15:12 config
2025-12-05T15:12:15.3679947Z drwxr-xr-x  2 runner runner 4.0K Dec  5 15:12 config.d
2025-12-05T15:12:15.3680510Z -rw-------  1 runner runner  411 Dec  5 15:11 host.id_rsa
2025-12-05T15:12:15.3680793Z -rw-------  1 runner runner  411 Dec  5 15:12 id_rsa
2025-12-05T15:12:15.3681532Z -rw-r--r--  1 runner runner  102 Dec  5 15:12 id_rsa.pub
2025-12-05T15:12:15.3681843Z -rw-------  1 runner runner  978 Dec  5 15:12 known_hosts
2025-12-05T15:12:15.3682187Z -rw-r--r--  1 runner runner  142 Dec  5 15:12 known_hosts.old
2025-12-05T15:12:15.3682985Z 
2025-12-05T15:12:15.3683131Z Include config.d/*
2025-12-05T15:12:15.3683380Z StrictHostKeyChecking=accept-new
2025-12-05T15:12:15.3683612Z SendEnv   CI  GITHUB_* 
2025-12-05T15:12:15.3683734Z 
2025-12-05T15:12:15.3683739Z 
2025-12-05T15:12:15.3683743Z 
2025-12-05T15:12:15.3683810Z VM_RELEASE=7.4
2025-12-05T15:12:15.3683911Z 
2025-12-05T15:12:15.3684122Z VM_ISO_LINK="https://cdn.openbsd.org/pub/OpenBSD/7.4/amd64/install74.iso"
2025-12-05T15:12:15.3684459Z VM_OS_NAME="openbsd"
2025-12-05T15:12:15.3684775Z VM_OS_TYPE="openbsd7.2"
2025-12-05T15:12:15.3685119Z VM_SSH_PORT=2224
2025-12-05T15:12:15.3685340Z 
2025-12-05T15:12:15.3685347Z 
2025-12-05T15:12:15.3685499Z VM_ROOT_PASSWORD=openbsd
2025-12-05T15:12:15.3685731Z 
2025-12-05T15:12:15.3685900Z VM_SHUTDOWN_CMD="/sbin/shutdown -p now"
2025-12-05T15:12:15.3686147Z VM_INSTALL_CMD="pkg_add"
2025-12-05T15:12:15.3686271Z 
2025-12-05T15:12:15.3686355Z VM_RSYNC_PKG="rsync-3.2.7p1"
2025-12-05T15:12:15.3686567Z VM_SSHFS_PKG="sshfs-fuse"
2025-12-05T15:12:15.3686697Z 
2025-12-05T15:12:15.3686811Z VM_PRE_INSTALL_PKGS="tree $VM_RSYNC_PKG $VM_SSHFS_PKG"
2025-12-05T15:12:15.3687011Z 
2025-12-05T15:12:15.3687088Z VM_LOGIN_TAG="penBSD/amd64"
2025-12-05T15:12:15.3687225Z 
2025-12-05T15:12:15.3687233Z 
2025-12-05T15:12:15.3687377Z VM_OPTS="conf/openbsd-7.4.resp"
2025-12-05T15:12:15.3687650Z 
2025-12-05T15:12:15.3687796Z VM_VBOX="./vbox.sh"
2025-12-05T15:12:15.3687997Z 
2025-12-05T15:12:15.3688472Z VM_VBOX_LINK="https://raw.githubusercontent.com/vmactions/vbox/v1.0.8/vbox.sh"===================Debug Info in VM=============
2025-12-05T15:12:15.8055594Z /root
2025-12-05T15:12:15.8092560Z total 32
2025-12-05T15:12:15.8093303Z drwx------   3 root  wheel   512B Dec  5 15:12 .
2025-12-05T15:12:15.8094756Z drwxr-xr-x  13 root  wheel   512B Dec  5 15:11 ..
2025-12-05T15:12:15.8095265Z -rw-r--r--   1 root  wheel    87B Oct 10  2023 .Xdefaults
2025-12-05T15:12:15.8096344Z -rw-r--r--   1 root  wheel   578B Oct 10  2023 .cshrc
2025-12-05T15:12:15.8096851Z -rw-r--r--   1 root  wheel    94B Oct 10  2023 .cvsrc
2025-12-05T15:12:15.8097302Z -rw-r--r--   1 root  wheel   328B Oct 10  2023 .login
2025-12-05T15:12:15.8099501Z -rw-r--r--   1 root  wheel   468B Oct 10  2023 .profile
2025-12-05T15:12:15.8100022Z drwx------   2 root  wheel   512B Dec  5 15:12 .ssh
2025-12-05T15:12:15.8100747Z lrwxr-xr-x   1 root  wheel    18B Dec  5 15:12 work -> /home/runner/work/
2025-12-05T15:12:15.8126800Z root
2025-12-05T15:12:15.8160802Z .
2025-12-05T15:12:15.8177573Z `-- work -> /home/runner/work/
2025-12-05T15:12:15.8177942Z 
2025-12-05T15:12:15.8178180Z 0 directory, 1 file
2025-12-05T15:12:15.8204061Z ================================================
2025-12-05T15:12:15.8217715Z ##[endgroup]
2025-12-05T15:12:15.8248905Z ##[error]The process '/usr/bin/bash' failed with exit code 127
2025-12-05T15:12:15.8367091Z Post job cleanup.
2025-12-05T15:12:15.9454852Z [command]/usr/bin/git version
2025-12-05T15:12:15.9501326Z git version 2.52.0
2025-12-05T15:12:15.9560561Z Temporarily overriding HOME='/home/runner/work/_temp/48140844-badb-4051-8efb-bd635e06744f' before making global git config changes
2025-12-05T15:12:15.9563118Z Adding repository directory to the temporary git global config as a safe directory
2025-12-05T15:12:15.9567181Z [command]/usr/bin/git config --global --add safe.directory /home/runner/work/tidesdb/tidesdb
2025-12-05T15:12:15.9607973Z [command]/usr/bin/git config --local --name-only --get-regexp core\.sshCommand
2025-12-05T15:12:15.9646972Z [command]/usr/bin/git submodule foreach --recursive sh -c "git config --local --name-only --get-regexp 'core\.sshCommand' && git config --local --unset-all 'core.sshCommand' || :"
2025-12-05T15:12:15.9915428Z [command]/usr/bin/git config --local --name-only --get-regexp http\.https\:\/\/github\.com\/\.extraheader
2025-12-05T15:12:15.9943665Z http.https://github.com/.extraheader
2025-12-05T15:12:15.9958497Z [command]/usr/bin/git config --local --unset-all http.https://github.com/.extraheader
2025-12-05T15:12:15.9994177Z [command]/usr/bin/git submodule foreach --recursive sh -c "git config --local --name-only --get-regexp 'http\.https\:\/\/github\.com\/\.extraheader' && git config --local --unset-all 'http.https://github.com/.extraheader' || :"
2025-12-05T15:12:16.0251070Z [command]/usr/bin/git config --local --name-only --get-regexp ^includeIf\.gitdir:
2025-12-05T15:12:16.0294002Z [command]/usr/bin/git submodule foreach --recursive git config --local --show-origin --name-only --get-regexp remote.origin.url
2025-12-05T15:12:16.0677870Z Cleaning up orphan processes